<?xml version="1.0" encoding="UTF-8"?>
<testsuites>
  <testsuite name="D:\DO_AN_TOT_NGHIEP\doan_calamity_manager\phpunit.xml" tests="134" assertions="296" errors="1" failures="14" skipped="2" time="10.973460">
    <testsuite name="Unit" tests="1" assertions="1" errors="0" failures="0" skipped="0" time="0.003166">
      <testsuite name="Tests\Unit\ExampleTest" file="D:\DO_AN_TOT_NGHIEP\doan_calamity_manager\tests\Unit\ExampleTest.php" tests="1" assertions="1" errors="0" failures="0" skipped="0" time="0.003166">
        <testcase name="test_that_true_is_true" file="D:\DO_AN_TOT_NGHIEP\doan_calamity_manager\tests\Unit\ExampleTest.php" line="12" class="Tests\Unit\ExampleTest" classname="Tests.Unit.ExampleTest" assertions="1" time="0.003166"/>
      </testsuite>
    </testsuite>
    <testsuite name="Feature" tests="133" assertions="295" errors="1" failures="14" skipped="2" time="10.970294">
      <testsuite name="Tests\Feature\AdministrativeManagementTest" file="D:\DO_AN_TOT_NGHIEP\doan_calamity_manager\tests\Feature\AdministrativeManagementTest.php" tests="18" assertions="42" errors="0" failures="0" skipped="0" time="1.026196">
        <testcase name="test_guest_can_view_school_list" file="D:\DO_AN_TOT_NGHIEP\doan_calamity_manager\tests\Feature\AdministrativeManagementTest.php" line="17" class="Tests\Feature\AdministrativeManagementTest" classname="Tests.Feature.AdministrativeManagementTest" assertions="1" time="0.301074"/>
        <testcase name="test_guest_can_view_medical_list" file="D:\DO_AN_TOT_NGHIEP\doan_calamity_manager\tests\Feature\AdministrativeManagementTest.php" line="23" class="Tests\Feature\AdministrativeManagementTest" classname="Tests.Feature.AdministrativeManagementTest" assertions="1" time="0.044566"/>
        <testcase name="test_guest_can_view_center_list" file="D:\DO_AN_TOT_NGHIEP\doan_calamity_manager\tests\Feature\AdministrativeManagementTest.php" line="29" class="Tests\Feature\AdministrativeManagementTest" classname="Tests.Feature.AdministrativeManagementTest" assertions="1" time="0.042287"/>
        <testcase name="test_authenticated_user_can_view_create_school_form" file="D:\DO_AN_TOT_NGHIEP\doan_calamity_manager\tests\Feature\AdministrativeManagementTest.php" line="35" class="Tests\Feature\AdministrativeManagementTest" classname="Tests.Feature.AdministrativeManagementTest" assertions="1" time="0.058258"/>
        <testcase name="test_authenticated_user_can_view_create_medical_form" file="D:\DO_AN_TOT_NGHIEP\doan_calamity_manager\tests\Feature\AdministrativeManagementTest.php" line="45" class="Tests\Feature\AdministrativeManagementTest" classname="Tests.Feature.AdministrativeManagementTest" assertions="1" time="0.038109"/>
        <testcase name="test_authenticated_user_can_view_create_center_form" file="D:\DO_AN_TOT_NGHIEP\doan_calamity_manager\tests\Feature\AdministrativeManagementTest.php" line="55" class="Tests\Feature\AdministrativeManagementTest" classname="Tests.Feature.AdministrativeManagementTest" assertions="1" time="0.050112"/>
        <testcase name="test_authenticated_user_can_create_new_school" file="D:\DO_AN_TOT_NGHIEP\doan_calamity_manager\tests\Feature\AdministrativeManagementTest.php" line="65" class="Tests\Feature\AdministrativeManagementTest" classname="Tests.Feature.AdministrativeManagementTest" assertions="3" time="0.060425"/>
        <testcase name="test_authenticated_user_can_create_new_medical" file="D:\DO_AN_TOT_NGHIEP\doan_calamity_manager\tests\Feature\AdministrativeManagementTest.php" line="100" class="Tests\Feature\AdministrativeManagementTest" classname="Tests.Feature.AdministrativeManagementTest" assertions="3" time="0.035696"/>
        <testcase name="test_authenticated_user_can_create_new_center" file="D:\DO_AN_TOT_NGHIEP\doan_calamity_manager\tests\Feature\AdministrativeManagementTest.php" line="135" class="Tests\Feature\AdministrativeManagementTest" classname="Tests.Feature.AdministrativeManagementTest" assertions="3" time="0.039288"/>
        <testcase name="test_cannot_create_administrative_with_duplicate_name" file="D:\DO_AN_TOT_NGHIEP\doan_calamity_manager\tests\Feature\AdministrativeManagementTest.php" line="170" class="Tests\Feature\AdministrativeManagementTest" classname="Tests.Feature.AdministrativeManagementTest" assertions="1" time="0.053761"/>
        <testcase name="test_authenticated_user_can_view_edit_school_form" file="D:\DO_AN_TOT_NGHIEP\doan_calamity_manager\tests\Feature\AdministrativeManagementTest.php" line="194" class="Tests\Feature\AdministrativeManagementTest" classname="Tests.Feature.AdministrativeManagementTest" assertions="1" time="0.051975"/>
        <testcase name="test_authenticated_user_can_update_school" file="D:\DO_AN_TOT_NGHIEP\doan_calamity_manager\tests\Feature\AdministrativeManagementTest.php" line="205" class="Tests\Feature\AdministrativeManagementTest" classname="Tests.Feature.AdministrativeManagementTest" assertions="9" time="0.041478"/>
        <testcase name="test_authenticated_user_can_delete_school" file="D:\DO_AN_TOT_NGHIEP\doan_calamity_manager\tests\Feature\AdministrativeManagementTest.php" line="239" class="Tests\Feature\AdministrativeManagementTest" classname="Tests.Feature.AdministrativeManagementTest" assertions="3" time="0.040362"/>
        <testcase name="test_authenticated_user_can_delete_multiple_schools" file="D:\DO_AN_TOT_NGHIEP\doan_calamity_manager\tests\Feature\AdministrativeManagementTest.php" line="252" class="Tests\Feature\AdministrativeManagementTest" classname="Tests.Feature.AdministrativeManagementTest" assertions="4" time="0.034821"/>
        <testcase name="test_school_list_can_be_searched" file="D:\DO_AN_TOT_NGHIEP\doan_calamity_manager\tests\Feature\AdministrativeManagementTest.php" line="270" class="Tests\Feature\AdministrativeManagementTest" classname="Tests.Feature.AdministrativeManagementTest" assertions="3" time="0.049881"/>
        <testcase name="test_guest_cannot_access_create_school_form" file="D:\DO_AN_TOT_NGHIEP\doan_calamity_manager\tests\Feature\AdministrativeManagementTest.php" line="281" class="Tests\Feature\AdministrativeManagementTest" classname="Tests.Feature.AdministrativeManagementTest" assertions="2" time="0.025124"/>
        <testcase name="test_guest_cannot_access_create_medical_form" file="D:\DO_AN_TOT_NGHIEP\doan_calamity_manager\tests\Feature\AdministrativeManagementTest.php" line="287" class="Tests\Feature\AdministrativeManagementTest" classname="Tests.Feature.AdministrativeManagementTest" assertions="2" time="0.025611"/>
        <testcase name="test_guest_cannot_access_create_center_form" file="D:\DO_AN_TOT_NGHIEP\doan_calamity_manager\tests\Feature\AdministrativeManagementTest.php" line="293" class="Tests\Feature\AdministrativeManagementTest" classname="Tests.Feature.AdministrativeManagementTest" assertions="2" time="0.033368"/>
      </testsuite>
      <testsuite name="Tests\Feature\AuthTest" file="D:\DO_AN_TOT_NGHIEP\doan_calamity_manager\tests\Feature\AuthTest.php" tests="7" assertions="18" errors="0" failures="0" skipped="0" time="0.441619">
        <testcase name="test_user_can_view_login_page" file="D:\DO_AN_TOT_NGHIEP\doan_calamity_manager\tests\Feature\AuthTest.php" line="13" class="Tests\Feature\AuthTest" classname="Tests.Feature.AuthTest" assertions="1" time="0.035556"/>
        <testcase name="test_user_can_login_with_valid_credentials" file="D:\DO_AN_TOT_NGHIEP\doan_calamity_manager\tests\Feature\AuthTest.php" line="19" class="Tests\Feature\AuthTest" classname="Tests.Feature.AuthTest" assertions="3" time="0.037257"/>
        <testcase name="test_user_cannot_login_with_invalid_credentials" file="D:\DO_AN_TOT_NGHIEP\doan_calamity_manager\tests\Feature\AuthTest.php" line="35" class="Tests\Feature\AuthTest" classname="Tests.Feature.AuthTest" assertions="3" time="0.233728"/>
        <testcase name="test_user_can_logout" file="D:\DO_AN_TOT_NGHIEP\doan_calamity_manager\tests\Feature\AuthTest.php" line="51" class="Tests\Feature\AuthTest" classname="Tests.Feature.AuthTest" assertions="3" time="0.027862"/>
        <testcase name="test_user_can_view_edit_profile_page" file="D:\DO_AN_TOT_NGHIEP\doan_calamity_manager\tests\Feature\AuthTest.php" line="62" class="Tests\Feature\AuthTest" classname="Tests.Feature.AuthTest" assertions="1" time="0.042710"/>
        <testcase name="test_user_can_update_profile" file="D:\DO_AN_TOT_NGHIEP\doan_calamity_manager\tests\Feature\AuthTest.php" line="72" class="Tests\Feature\AuthTest" classname="Tests.Feature.AuthTest" assertions="5" time="0.036222"/>
        <testcase name="test_user_cannot_update_profile_with_duplicate_username" file="D:\DO_AN_TOT_NGHIEP\doan_calamity_manager\tests\Feature\AuthTest.php" line="97" class="Tests\Feature\AuthTest" classname="Tests.Feature.AuthTest" assertions="2" time="0.028284"/>
      </testsuite>
      <testsuite name="Tests\Feature\Auth\AuthenticationTest" file="D:\DO_AN_TOT_NGHIEP\doan_calamity_manager\tests\Feature\Auth\AuthenticationTest.php" tests="4" assertions="8" errors="0" failures="0" skipped="0" time="0.309041">
        <testcase name="test_login_screen_can_be_rendered" file="D:\DO_AN_TOT_NGHIEP\doan_calamity_manager\tests\Feature\Auth\AuthenticationTest.php" line="13" class="Tests\Feature\Auth\AuthenticationTest" classname="Tests.Feature.Auth.AuthenticationTest" assertions="1" time="0.030586"/>
        <testcase name="test_users_can_authenticate_using_the_login_screen" file="D:\DO_AN_TOT_NGHIEP\doan_calamity_manager\tests\Feature\Auth\AuthenticationTest.php" line="20" class="Tests\Feature\Auth\AuthenticationTest" classname="Tests.Feature.Auth.AuthenticationTest" assertions="3" time="0.028381"/>
        <testcase name="test_users_can_not_authenticate_with_invalid_password" file="D:\DO_AN_TOT_NGHIEP\doan_calamity_manager\tests\Feature\Auth\AuthenticationTest.php" line="36" class="Tests\Feature\Auth\AuthenticationTest" classname="Tests.Feature.Auth.AuthenticationTest" assertions="1" time="0.220701"/>
        <testcase name="test_users_can_logout" file="D:\DO_AN_TOT_NGHIEP\doan_calamity_manager\tests\Feature\Auth\AuthenticationTest.php" line="51" class="Tests\Feature\Auth\AuthenticationTest" classname="Tests.Feature.Auth.AuthenticationTest" assertions="3" time="0.029373"/>
      </testsuite>
      <testsuite name="Tests\Feature\BasicTest" file="D:\DO_AN_TOT_NGHIEP\doan_calamity_manager\tests\Feature\BasicTest.php" tests="11" assertions="34" errors="0" failures="0" skipped="0" time="0.612582">
        <testcase name="test_homepage_works" file="D:\DO_AN_TOT_NGHIEP\doan_calamity_manager\tests\Feature\BasicTest.php" line="21" class="Tests\Feature\BasicTest" classname="Tests.Feature.BasicTest" assertions="1" time="0.066068"/>
        <testcase name="test_login_page_works" file="D:\DO_AN_TOT_NGHIEP\doan_calamity_manager\tests\Feature\BasicTest.php" line="27" class="Tests\Feature\BasicTest" classname="Tests.Feature.BasicTest" assertions="1" time="0.034398"/>
        <testcase name="test_user_can_login" file="D:\DO_AN_TOT_NGHIEP\doan_calamity_manager\tests\Feature\BasicTest.php" line="33" class="Tests\Feature\BasicTest" classname="Tests.Feature.BasicTest" assertions="3" time="0.032723"/>
        <testcase name="test_user_can_logout" file="D:\DO_AN_TOT_NGHIEP\doan_calamity_manager\tests\Feature\BasicTest.php" line="49" class="Tests\Feature\BasicTest" classname="Tests.Feature.BasicTest" assertions="4" time="0.028631"/>
        <testcase name="test_city_management_works" file="D:\DO_AN_TOT_NGHIEP\doan_calamity_manager\tests\Feature\BasicTest.php" line="65" class="Tests\Feature\BasicTest" classname="Tests.Feature.BasicTest" assertions="5" time="0.071964"/>
        <testcase name="test_user_management_works" file="D:\DO_AN_TOT_NGHIEP\doan_calamity_manager\tests\Feature\BasicTest.php" line="91" class="Tests\Feature\BasicTest" classname="Tests.Feature.BasicTest" assertions="5" time="0.059597"/>
        <testcase name="test_incident_report_works" file="D:\DO_AN_TOT_NGHIEP\doan_calamity_manager\tests\Feature\BasicTest.php" line="118" class="Tests\Feature\BasicTest" classname="Tests.Feature.BasicTest" assertions="2" time="0.057400"/>
        <testcase name="test_chat_functionality_works" file="D:\DO_AN_TOT_NGHIEP\doan_calamity_manager\tests\Feature\BasicTest.php" line="129" class="Tests\Feature\BasicTest" classname="Tests.Feature.BasicTest" assertions="1" time="0.035337"/>
        <testcase name="test_guest_can_subscribe_to_disaster_alerts" file="D:\DO_AN_TOT_NGHIEP\doan_calamity_manager\tests\Feature\BasicTest.php" line="135" class="Tests\Feature\BasicTest" classname="Tests.Feature.BasicTest" assertions="2" time="0.027252"/>
        <testcase name="test_basic_factories_work" file="D:\DO_AN_TOT_NGHIEP\doan_calamity_manager\tests\Feature\BasicTest.php" line="149" class="Tests\Feature\BasicTest" classname="Tests.Feature.BasicTest" assertions="2" time="0.024980"/>
        <testcase name="test_public_pages_are_accessible" file="D:\DO_AN_TOT_NGHIEP\doan_calamity_manager\tests\Feature\BasicTest.php" line="159" class="Tests\Feature\BasicTest" classname="Tests.Feature.BasicTest" assertions="8" time="0.174232"/>
      </testsuite>
      <testsuite name="Tests\Feature\CalamityManagementTest" file="D:\DO_AN_TOT_NGHIEP\doan_calamity_manager\tests\Feature\CalamityManagementTest.php" tests="17" assertions="23" errors="0" failures="9" skipped="0" time="4.968127">
        <testcase name="test_guest_can_view_flooding_calamity_list" file="D:\DO_AN_TOT_NGHIEP\doan_calamity_manager\tests\Feature\CalamityManagementTest.php" line="20" class="Tests\Feature\CalamityManagementTest" classname="Tests.Feature.CalamityManagementTest" assertions="1" time="0.706975">
          <failure type="PHPUnit\Framework\ExpectationFailedException">Tests\Feature\CalamityManagementTest::test_guest_can_view_flooding_calamity_list&#13;
Expected response status code [200] but received 500.
Failed asserting that 500 is identical to 200.&#13;
&#13;
The following exception occurred during the last request:

PDOException: SQLSTATE[HY000]: General error: 1 no such function: YEAR in D:\DO_AN_TOT_NGHIEP\doan_calamity_manager\vendor\laravel\framework\src\Illuminate\Database\Connection.php:404
Stack trace:
#0 D:\DO_AN_TOT_NGHIEP\doan_calamity_manager\vendor\laravel\framework\src\Illuminate\Database\Connection.php(404): PDO-&gt;prepare()
#1 D:\DO_AN_TOT_NGHIEP\doan_calamity_manager\vendor\laravel\framework\src\Illuminate\Database\Connection.php(809): Illuminate\Database\Connection-&gt;Illuminate\Database\{closure}()
#2 D:\DO_AN_TOT_NGHIEP\doan_calamity_manager\vendor\laravel\framework\src\Illuminate\Database\Connection.php(776): Illuminate\Database\Connection-&gt;runQueryCallback()
#3 D:\DO_AN_TOT_NGHIEP\doan_calamity_manager\vendor\laravel\framework\src\Illuminate\Database\Connection.php(395): Illuminate\Database\Connection-&gt;run()
#4 D:\DO_AN_TOT_NGHIEP\doan_calamity_manager\vendor\laravel\framework\src\Illuminate\Database\Query\Builder.php(3131): Illuminate\Database\Connection-&gt;select()
#5 D:\DO_AN_TOT_NGHIEP\doan_calamity_manager\vendor\laravel\framework\src\Illuminate\Database\Query\Builder.php(3389): Illuminate\Database\Query\Builder-&gt;runSelect()
#6 D:\DO_AN_TOT_NGHIEP\doan_calamity_manager\vendor\laravel\framework\src\Illuminate\Database\Query\Builder.php(3706): Illuminate\Database\Query\Builder-&gt;Illuminate\Database\Query\{closure}()
#7 D:\DO_AN_TOT_NGHIEP\doan_calamity_manager\vendor\laravel\framework\src\Illuminate\Database\Query\Builder.php(3385): Illuminate\Database\Query\Builder-&gt;onceWithColumns()
#8 D:\DO_AN_TOT_NGHIEP\doan_calamity_manager\vendor\laravel\framework\src\Illuminate\Database\Eloquent\Builder.php(1052): Illuminate\Database\Query\Builder-&gt;pluck()
#9 D:\DO_AN_TOT_NGHIEP\doan_calamity_manager\app\Http\Controllers\Calamities\FloodingCalamityController.php(82): Illuminate\Database\Eloquent\Builder-&gt;pluck()
#10 D:\DO_AN_TOT_NGHIEP\doan_calamity_manager\vendor\laravel\framework\src\Illuminate\Routing\Controller.php(54): App\Http\Controllers\Calamities\FloodingCalamityController-&gt;index()
#11 D:\DO_AN_TOT_NGHIEP\doan_calamity_manager\vendor\laravel\framework\src\Illuminate\Routing\ControllerDispatcher.php(43): Illuminate\Routing\Controller-&gt;callAction()
#12 D:\DO_AN_TOT_NGHIEP\doan_calamity_manager\vendor\laravel\framework\src\Illuminate\Routing\Route.php(265): Illuminate\Routing\ControllerDispatcher-&gt;dispatch()
#13 D:\DO_AN_TOT_NGHIEP\doan_calamity_manager\vendor\laravel\framework\src\Illuminate\Routing\Route.php(211): Illuminate\Routing\Route-&gt;runController()
#14 D:\DO_AN_TOT_NGHIEP\doan_calamity_manager\vendor\laravel\framework\src\Illuminate\Routing\Router.php(808): Illuminate\Routing\Route-&gt;run()
#15 D:\DO_AN_TOT_NGHIEP\doan_calamity_manager\vendor\laravel\framework\src\Illuminate\Pipeline\Pipeline.php(169): Illuminate\Routing\Router-&gt;Illuminate\Routing\{closure}()
#16 D:\DO_AN_TOT_NGHIEP\doan_calamity_manager\vendor\laravel\framework\src\Illuminate\Routing\Middleware\SubstituteBindings.php(50): Illuminate\Pipeline\Pipeline-&gt;Illuminate\Pipeline\{closure}()
#17 D:\DO_AN_TOT_NGHIEP\doan_calamity_manager\vendor\laravel\framework\src\Illuminate\Pipeline\Pipeline.php(208): Illuminate\Routing\Middleware\SubstituteBindings-&gt;handle()
#18 D:\DO_AN_TOT_NGHIEP\doan_calamity_manager\vendor\laravel\framework\src\Illuminate\Foundation\Http\Middleware\VerifyCsrfToken.php(87): Illuminate\Pipeline\Pipeline-&gt;Illuminate\Pipeline\{closure}()
#19 D:\DO_AN_TOT_NGHIEP\doan_calamity_manager\vendor\laravel\framework\src\Illuminate\Pipeline\Pipeline.php(208): Illuminate\Foundation\Http\Middleware\VerifyCsrfToken-&gt;handle()
#20 D:\DO_AN_TOT_NGHIEP\doan_calamity_manager\vendor\laravel\framework\src\Illuminate\View\Middleware\ShareErrorsFromSession.php(48): Illuminate\Pipeline\Pipeline-&gt;Illuminate\Pipeline\{closure}()
#21 D:\DO_AN_TOT_NGHIEP\doan_calamity_manager\vendor\laravel\framework\src\Illuminate\Pipeline\Pipeline.php(208): Illuminate\View\Middleware\ShareErrorsFromSession-&gt;handle()
#22 D:\DO_AN_TOT_NGHIEP\doan_calamity_manager\vendor\laravel\framework\src\Illuminate\Session\Middleware\StartSession.php(120): Illuminate\Pipeline\Pipeline-&gt;Illuminate\Pipeline\{closure}()
#23 D:\DO_AN_TOT_NGHIEP\doan_calamity_manager\vendor\laravel\framework\src\Illuminate\Session\Middleware\StartSession.php(63): Illuminate\Session\Middleware\StartSession-&gt;handleStatefulRequest()
#24 D:\DO_AN_TOT_NGHIEP\doan_calamity_manager\vendor\laravel\framework\src\Illuminate\Pipeline\Pipeline.php(208): Illuminate\Session\Middleware\StartSession-&gt;handle()
#25 D:\DO_AN_TOT_NGHIEP\doan_calamity_manager\vendor\laravel\framework\src\Illuminate\Cookie\Middleware\AddQueuedCookiesToResponse.php(36): Illuminate\Pipeline\Pipeline-&gt;Illuminate\Pipeline\{closure}()
#26 D:\DO_AN_TOT_NGHIEP\doan_calamity_manager\vendor\laravel\framework\src\Illuminate\Pipeline\Pipeline.php(208): Illuminate\Cookie\Middleware\AddQueuedCookiesToResponse-&gt;handle()
#27 D:\DO_AN_TOT_NGHIEP\doan_calamity_manager\vendor\laravel\framework\src\Illuminate\Cookie\Middleware\EncryptCookies.php(74): Illuminate\Pipeline\Pipeline-&gt;Illuminate\Pipeline\{closure}()
#28 D:\DO_AN_TOT_NGHIEP\doan_calamity_manager\vendor\laravel\framework\src\Illuminate\Pipeline\Pipeline.php(208): Illuminate\Cookie\Middleware\EncryptCookies-&gt;handle()
#29 D:\DO_AN_TOT_NGHIEP\doan_calamity_manager\vendor\laravel\framework\src\Illuminate\Pipeline\Pipeline.php(126): Illuminate\Pipeline\Pipeline-&gt;Illuminate\Pipeline\{closure}()
#30 D:\DO_AN_TOT_NGHIEP\doan_calamity_manager\vendor\laravel\framework\src\Illuminate\Routing\Router.php(807): Illuminate\Pipeline\Pipeline-&gt;then()
#31 D:\DO_AN_TOT_NGHIEP\doan_calamity_manager\vendor\laravel\framework\src\Illuminate\Routing\Router.php(786): Illuminate\Routing\Router-&gt;runRouteWithinStack()
#32 D:\DO_AN_TOT_NGHIEP\doan_calamity_manager\vendor\laravel\framework\src\Illuminate\Routing\Router.php(750): Illuminate\Routing\Router-&gt;runRoute()
#33 D:\DO_AN_TOT_NGHIEP\doan_calamity_manager\vendor\laravel\framework\src\Illuminate\Routing\Router.php(739): Illuminate\Routing\Router-&gt;dispatchToRoute()
#34 D:\DO_AN_TOT_NGHIEP\doan_calamity_manager\vendor\laravel\framework\src\Illuminate\Foundation\Http\Kernel.php(200): Illuminate\Routing\Router-&gt;dispatch()
#35 D:\DO_AN_TOT_NGHIEP\doan_calamity_manager\vendor\laravel\framework\src\Illuminate\Pipeline\Pipeline.php(169): Illuminate\Foundation\Http\Kernel-&gt;Illuminate\Foundation\Http\{closure}()
#36 D:\DO_AN_TOT_NGHIEP\doan_calamity_manager\vendor\laravel\framework\src\Illuminate\Foundation\Http\Middleware\TransformsRequest.php(21): Illuminate\Pipeline\Pipeline-&gt;Illuminate\Pipeline\{closure}()
#37 D:\DO_AN_TOT_NGHIEP\doan_calamity_manager\vendor\laravel\framework\src\Illuminate\Foundation\Http\Middleware\ConvertEmptyStringsToNull.php(31): Illuminate\Foundation\Http\Middleware\TransformsRequest-&gt;handle()
#38 D:\DO_AN_TOT_NGHIEP\doan_calamity_manager\vendor\laravel\framework\src\Illuminate\Pipeline\Pipeline.php(208): Illuminate\Foundation\Http\Middleware\ConvertEmptyStringsToNull-&gt;handle()
#39 D:\DO_AN_TOT_NGHIEP\doan_calamity_manager\vendor\laravel\framework\src\Illuminate\Foundation\Http\Middleware\TransformsRequest.php(21): Illuminate\Pipeline\Pipeline-&gt;Illuminate\Pipeline\{closure}()
#40 D:\DO_AN_TOT_NGHIEP\doan_calamity_manager\vendor\laravel\framework\src\Illuminate\Foundation\Http\Middleware\TrimStrings.php(51): Illuminate\Foundation\Http\Middleware\TransformsRequest-&gt;handle()
#41 D:\DO_AN_TOT_NGHIEP\doan_calamity_manager\vendor\laravel\framework\src\Illuminate\Pipeline\Pipeline.php(208): Illuminate\Foundation\Http\Middleware\TrimStrings-&gt;handle()
#42 D:\DO_AN_TOT_NGHIEP\doan_calamity_manager\vendor\laravel\framework\src\Illuminate\Http\Middleware\ValidatePostSize.php(27): Illuminate\Pipeline\Pipeline-&gt;Illuminate\Pipeline\{closure}()
#43 D:\DO_AN_TOT_NGHIEP\doan_calamity_manager\vendor\laravel\framework\src\Illuminate\Pipeline\Pipeline.php(208): Illuminate\Http\Middleware\ValidatePostSize-&gt;handle()
#44 D:\DO_AN_TOT_NGHIEP\doan_calamity_manager\vendor\laravel\framework\src\Illuminate\Foundation\Http\Middleware\PreventRequestsDuringMaintenance.php(109): Illuminate\Pipeline\Pipeline-&gt;Illuminate\Pipeline\{closure}()
#45 D:\DO_AN_TOT_NGHIEP\doan_calamity_manager\vendor\laravel\framework\src\Illuminate\Pipeline\Pipeline.php(208): Illuminate\Foundation\Http\Middleware\PreventRequestsDuringMaintenance-&gt;handle()
#46 D:\DO_AN_TOT_NGHIEP\doan_calamity_manager\vendor\laravel\framework\src\Illuminate\Http\Middleware\HandleCors.php(48): Illuminate\Pipeline\Pipeline-&gt;Illuminate\Pipeline\{closure}()
#47 D:\DO_AN_TOT_NGHIEP\doan_calamity_manager\vendor\laravel\framework\src\Illuminate\Pipeline\Pipeline.php(208): Illuminate\Http\Middleware\HandleCors-&gt;handle()
#48 D:\DO_AN_TOT_NGHIEP\doan_calamity_manager\vendor\laravel\framework\src\Illuminate\Http\Middleware\TrustProxies.php(58): Illuminate\Pipeline\Pipeline-&gt;Illuminate\Pipeline\{closure}()
#49 D:\DO_AN_TOT_NGHIEP\doan_calamity_manager\vendor\laravel\framework\src\Illuminate\Pipeline\Pipeline.php(208): Illuminate\Http\Middleware\TrustProxies-&gt;handle()
#50 D:\DO_AN_TOT_NGHIEP\doan_calamity_manager\vendor\laravel\framework\src\Illuminate\Foundation\Http\Middleware\InvokeDeferredCallbacks.php(22): Illuminate\Pipeline\Pipeline-&gt;Illuminate\Pipeline\{closure}()
#51 D:\DO_AN_TOT_NGHIEP\doan_calamity_manager\vendor\laravel\framework\src\Illuminate\Pipeline\Pipeline.php(208): Illuminate\Foundation\Http\Middleware\InvokeDeferredCallbacks-&gt;handle()
#52 D:\DO_AN_TOT_NGHIEP\doan_calamity_manager\vendor\laravel\framework\src\Illuminate\Http\Middleware\ValidatePathEncoding.php(26): Illuminate\Pipeline\Pipeline-&gt;Illuminate\Pipeline\{closure}()
#53 D:\DO_AN_TOT_NGHIEP\doan_calamity_manager\vendor\laravel\framework\src\Illuminate\Pipeline\Pipeline.php(208): Illuminate\Http\Middleware\ValidatePathEncoding-&gt;handle()
#54 D:\DO_AN_TOT_NGHIEP\doan_calamity_manager\vendor\laravel\framework\src\Illuminate\Pipeline\Pipeline.php(126): Illuminate\Pipeline\Pipeline-&gt;Illuminate\Pipeline\{closure}()
#55 D:\DO_AN_TOT_NGHIEP\doan_calamity_manager\vendor\laravel\framework\src\Illuminate\Foundation\Http\Kernel.php(175): Illuminate\Pipeline\Pipeline-&gt;then()
#56 D:\DO_AN_TOT_NGHIEP\doan_calamity_manager\vendor\laravel\framework\src\Illuminate\Foundation\Http\Kernel.php(144): Illuminate\Foundation\Http\Kernel-&gt;sendRequestThroughRouter()
#57 D:\DO_AN_TOT_NGHIEP\doan_calamity_manager\vendor\laravel\framework\src\Illuminate\Foundation\Testing\Concerns\MakesHttpRequests.php(607): Illuminate\Foundation\Http\Kernel-&gt;handle()
#58 D:\DO_AN_TOT_NGHIEP\doan_calamity_manager\vendor\laravel\framework\src\Illuminate\Foundation\Testing\Concerns\MakesHttpRequests.php(368): Illuminate\Foundation\Testing\TestCase-&gt;call()
#59 D:\DO_AN_TOT_NGHIEP\doan_calamity_manager\tests\Feature\CalamityManagementTest.php(22): Illuminate\Foundation\Testing\TestCase-&gt;get()
#60 D:\DO_AN_TOT_NGHIEP\doan_calamity_manager\vendor\phpunit\phpunit\src\Framework\TestCase.php(1656): Tests\Feature\CalamityManagementTest-&gt;test_guest_can_view_flooding_calamity_list()
#61 D:\DO_AN_TOT_NGHIEP\doan_calamity_manager\vendor\phpunit\phpunit\src\Framework\TestCase.php(514): PHPUnit\Framework\TestCase-&gt;runTest()
#62 D:\DO_AN_TOT_NGHIEP\doan_calamity_manager\vendor\phpunit\phpunit\src\Framework\TestRunner\TestRunner.php(87): PHPUnit\Framework\TestCase-&gt;runBare()
#63 D:\DO_AN_TOT_NGHIEP\doan_calamity_manager\vendor\phpunit\phpunit\src\Framework\TestCase.php(361): PHPUnit\Framework\TestRunner-&gt;run()
#64 D:\DO_AN_TOT_NGHIEP\doan_calamity_manager\vendor\phpunit\phpunit\src\Framework\TestSuite.php(369): PHPUnit\Framework\TestCase-&gt;run()
#65 D:\DO_AN_TOT_NGHIEP\doan_calamity_manager\vendor\phpunit\phpunit\src\Framework\TestSuite.php(369): PHPUnit\Framework\TestSuite-&gt;run()
#66 D:\DO_AN_TOT_NGHIEP\doan_calamity_manager\vendor\phpunit\phpunit\src\Framework\TestSuite.php(369): PHPUnit\Framework\TestSuite-&gt;run()
#67 D:\DO_AN_TOT_NGHIEP\doan_calamity_manager\vendor\phpunit\phpunit\src\TextUI\TestRunner.php(64): PHPUnit\Framework\TestSuite-&gt;run()
#68 D:\DO_AN_TOT_NGHIEP\doan_calamity_manager\vendor\phpunit\phpunit\src\TextUI\Application.php(210): PHPUnit\TextUI\TestRunner-&gt;run()
#69 D:\DO_AN_TOT_NGHIEP\doan_calamity_manager\vendor\phpunit\phpunit\phpunit(104): PHPUnit\TextUI\Application-&gt;run()
#70 {main}

Next Illuminate\Database\QueryException: SQLSTATE[HY000]: General error: 1 no such function: YEAR (Connection: sqlite, SQL: select distinct YEAR(time_start) as year from "calamities" where exists (select * from "risk_levels" where "calamities"."risk_level_id" = "risk_levels"."id" and exists (select * from "type_of_calamities" where "risk_levels"."type_of_calamity_id" = "type_of_calamities"."id" and "slug" = ngap-lut)) order by "year" desc) in D:\DO_AN_TOT_NGHIEP\doan_calamity_manager\vendor\laravel\framework\src\Illuminate\Database\Connection.php:822
Stack trace:
#0 D:\DO_AN_TOT_NGHIEP\doan_calamity_manager\vendor\laravel\framework\src\Illuminate\Database\Connection.php(776): Illuminate\Database\Connection-&gt;runQueryCallback()
#1 D:\DO_AN_TOT_NGHIEP\doan_calamity_manager\vendor\laravel\framework\src\Illuminate\Database\Connection.php(395): Illuminate\Database\Connection-&gt;run()
#2 D:\DO_AN_TOT_NGHIEP\doan_calamity_manager\vendor\laravel\framework\src\Illuminate\Database\Query\Builder.php(3131): Illuminate\Database\Connection-&gt;select()
#3 D:\DO_AN_TOT_NGHIEP\doan_calamity_manager\vendor\laravel\framework\src\Illuminate\Database\Query\Builder.php(3389): Illuminate\Database\Query\Builder-&gt;runSelect()
#4 D:\DO_AN_TOT_NGHIEP\doan_calamity_manager\vendor\laravel\framework\src\Illuminate\Database\Query\Builder.php(3706): Illuminate\Database\Query\Builder-&gt;Illuminate\Database\Query\{closure}()
#5 D:\DO_AN_TOT_NGHIEP\doan_calamity_manager\vendor\laravel\framework\src\Illuminate\Database\Query\Builder.php(3385): Illuminate\Database\Query\Builder-&gt;onceWithColumns()
#6 D:\DO_AN_TOT_NGHIEP\doan_calamity_manager\vendor\laravel\framework\src\Illuminate\Database\Eloquent\Builder.php(1052): Illuminate\Database\Query\Builder-&gt;pluck()
#7 D:\DO_AN_TOT_NGHIEP\doan_calamity_manager\app\Http\Controllers\Calamities\FloodingCalamityController.php(82): Illuminate\Database\Eloquent\Builder-&gt;pluck()
#8 D:\DO_AN_TOT_NGHIEP\doan_calamity_manager\vendor\laravel\framework\src\Illuminate\Routing\Controller.php(54): App\Http\Controllers\Calamities\FloodingCalamityController-&gt;index()
#9 D:\DO_AN_TOT_NGHIEP\doan_calamity_manager\vendor\laravel\framework\src\Illuminate\Routing\ControllerDispatcher.php(43): Illuminate\Routing\Controller-&gt;callAction()
#10 D:\DO_AN_TOT_NGHIEP\doan_calamity_manager\vendor\laravel\framework\src\Illuminate\Routing\Route.php(265): Illuminate\Routing\ControllerDispatcher-&gt;dispatch()
#11 D:\DO_AN_TOT_NGHIEP\doan_calamity_manager\vendor\laravel\framework\src\Illuminate\Routing\Route.php(211): Illuminate\Routing\Route-&gt;runController()
#12 D:\DO_AN_TOT_NGHIEP\doan_calamity_manager\vendor\laravel\framework\src\Illuminate\Routing\Router.php(808): Illuminate\Routing\Route-&gt;run()
#13 D:\DO_AN_TOT_NGHIEP\doan_calamity_manager\vendor\laravel\framework\src\Illuminate\Pipeline\Pipeline.php(169): Illuminate\Routing\Router-&gt;Illuminate\Routing\{closure}()
#14 D:\DO_AN_TOT_NGHIEP\doan_calamity_manager\vendor\laravel\framework\src\Illuminate\Routing\Middleware\SubstituteBindings.php(50): Illuminate\Pipeline\Pipeline-&gt;Illuminate\Pipeline\{closure}()
#15 D:\DO_AN_TOT_NGHIEP\doan_calamity_manager\vendor\laravel\framework\src\Illuminate\Pipeline\Pipeline.php(208): Illuminate\Routing\Middleware\SubstituteBindings-&gt;handle()
#16 D:\DO_AN_TOT_NGHIEP\doan_calamity_manager\vendor\laravel\framework\src\Illuminate\Foundation\Http\Middleware\VerifyCsrfToken.php(87): Illuminate\Pipeline\Pipeline-&gt;Illuminate\Pipeline\{closure}()
#17 D:\DO_AN_TOT_NGHIEP\doan_calamity_manager\vendor\laravel\framework\src\Illuminate\Pipeline\Pipeline.php(208): Illuminate\Foundation\Http\Middleware\VerifyCsrfToken-&gt;handle()
#18 D:\DO_AN_TOT_NGHIEP\doan_calamity_manager\vendor\laravel\framework\src\Illuminate\View\Middleware\ShareErrorsFromSession.php(48): Illuminate\Pipeline\Pipeline-&gt;Illuminate\Pipeline\{closure}()
#19 D:\DO_AN_TOT_NGHIEP\doan_calamity_manager\vendor\laravel\framework\src\Illuminate\Pipeline\Pipeline.php(208): Illuminate\View\Middleware\ShareErrorsFromSession-&gt;handle()
#20 D:\DO_AN_TOT_NGHIEP\doan_calamity_manager\vendor\laravel\framework\src\Illuminate\Session\Middleware\StartSession.php(120): Illuminate\Pipeline\Pipeline-&gt;Illuminate\Pipeline\{closure}()
#21 D:\DO_AN_TOT_NGHIEP\doan_calamity_manager\vendor\laravel\framework\src\Illuminate\Session\Middleware\StartSession.php(63): Illuminate\Session\Middleware\StartSession-&gt;handleStatefulRequest()
#22 D:\DO_AN_TOT_NGHIEP\doan_calamity_manager\vendor\laravel\framework\src\Illuminate\Pipeline\Pipeline.php(208): Illuminate\Session\Middleware\StartSession-&gt;handle()
#23 D:\DO_AN_TOT_NGHIEP\doan_calamity_manager\vendor\laravel\framework\src\Illuminate\Cookie\Middleware\AddQueuedCookiesToResponse.php(36): Illuminate\Pipeline\Pipeline-&gt;Illuminate\Pipeline\{closure}()
#24 D:\DO_AN_TOT_NGHIEP\doan_calamity_manager\vendor\laravel\framework\src\Illuminate\Pipeline\Pipeline.php(208): Illuminate\Cookie\Middleware\AddQueuedCookiesToResponse-&gt;handle()
#25 D:\DO_AN_TOT_NGHIEP\doan_calamity_manager\vendor\laravel\framework\src\Illuminate\Cookie\Middleware\EncryptCookies.php(74): Illuminate\Pipeline\Pipeline-&gt;Illuminate\Pipeline\{closure}()
#26 D:\DO_AN_TOT_NGHIEP\doan_calamity_manager\vendor\laravel\framework\src\Illuminate\Pipeline\Pipeline.php(208): Illuminate\Cookie\Middleware\EncryptCookies-&gt;handle()
#27 D:\DO_AN_TOT_NGHIEP\doan_calamity_manager\vendor\laravel\framework\src\Illuminate\Pipeline\Pipeline.php(126): Illuminate\Pipeline\Pipeline-&gt;Illuminate\Pipeline\{closure}()
#28 D:\DO_AN_TOT_NGHIEP\doan_calamity_manager\vendor\laravel\framework\src\Illuminate\Routing\Router.php(807): Illuminate\Pipeline\Pipeline-&gt;then()
#29 D:\DO_AN_TOT_NGHIEP\doan_calamity_manager\vendor\laravel\framework\src\Illuminate\Routing\Router.php(786): Illuminate\Routing\Router-&gt;runRouteWithinStack()
#30 D:\DO_AN_TOT_NGHIEP\doan_calamity_manager\vendor\laravel\framework\src\Illuminate\Routing\Router.php(750): Illuminate\Routing\Router-&gt;runRoute()
#31 D:\DO_AN_TOT_NGHIEP\doan_calamity_manager\vendor\laravel\framework\src\Illuminate\Routing\Router.php(739): Illuminate\Routing\Router-&gt;dispatchToRoute()
#32 D:\DO_AN_TOT_NGHIEP\doan_calamity_manager\vendor\laravel\framework\src\Illuminate\Foundation\Http\Kernel.php(200): Illuminate\Routing\Router-&gt;dispatch()
#33 D:\DO_AN_TOT_NGHIEP\doan_calamity_manager\vendor\laravel\framework\src\Illuminate\Pipeline\Pipeline.php(169): Illuminate\Foundation\Http\Kernel-&gt;Illuminate\Foundation\Http\{closure}()
#34 D:\DO_AN_TOT_NGHIEP\doan_calamity_manager\vendor\laravel\framework\src\Illuminate\Foundation\Http\Middleware\TransformsRequest.php(21): Illuminate\Pipeline\Pipeline-&gt;Illuminate\Pipeline\{closure}()
#35 D:\DO_AN_TOT_NGHIEP\doan_calamity_manager\vendor\laravel\framework\src\Illuminate\Foundation\Http\Middleware\ConvertEmptyStringsToNull.php(31): Illuminate\Foundation\Http\Middleware\TransformsRequest-&gt;handle()
#36 D:\DO_AN_TOT_NGHIEP\doan_calamity_manager\vendor\laravel\framework\src\Illuminate\Pipeline\Pipeline.php(208): Illuminate\Foundation\Http\Middleware\ConvertEmptyStringsToNull-&gt;handle()
#37 D:\DO_AN_TOT_NGHIEP\doan_calamity_manager\vendor\laravel\framework\src\Illuminate\Foundation\Http\Middleware\TransformsRequest.php(21): Illuminate\Pipeline\Pipeline-&gt;Illuminate\Pipeline\{closure}()
#38 D:\DO_AN_TOT_NGHIEP\doan_calamity_manager\vendor\laravel\framework\src\Illuminate\Foundation\Http\Middleware\TrimStrings.php(51): Illuminate\Foundation\Http\Middleware\TransformsRequest-&gt;handle()
#39 D:\DO_AN_TOT_NGHIEP\doan_calamity_manager\vendor\laravel\framework\src\Illuminate\Pipeline\Pipeline.php(208): Illuminate\Foundation\Http\Middleware\TrimStrings-&gt;handle()
#40 D:\DO_AN_TOT_NGHIEP\doan_calamity_manager\vendor\laravel\framework\src\Illuminate\Http\Middleware\ValidatePostSize.php(27): Illuminate\Pipeline\Pipeline-&gt;Illuminate\Pipeline\{closure}()
#41 D:\DO_AN_TOT_NGHIEP\doan_calamity_manager\vendor\laravel\framework\src\Illuminate\Pipeline\Pipeline.php(208): Illuminate\Http\Middleware\ValidatePostSize-&gt;handle()
#42 D:\DO_AN_TOT_NGHIEP\doan_calamity_manager\vendor\laravel\framework\src\Illuminate\Foundation\Http\Middleware\PreventRequestsDuringMaintenance.php(109): Illuminate\Pipeline\Pipeline-&gt;Illuminate\Pipeline\{closure}()
#43 D:\DO_AN_TOT_NGHIEP\doan_calamity_manager\vendor\laravel\framework\src\Illuminate\Pipeline\Pipeline.php(208): Illuminate\Foundation\Http\Middleware\PreventRequestsDuringMaintenance-&gt;handle()
#44 D:\DO_AN_TOT_NGHIEP\doan_calamity_manager\vendor\laravel\framework\src\Illuminate\Http\Middleware\HandleCors.php(48): Illuminate\Pipeline\Pipeline-&gt;Illuminate\Pipeline\{closure}()
#45 D:\DO_AN_TOT_NGHIEP\doan_calamity_manager\vendor\laravel\framework\src\Illuminate\Pipeline\Pipeline.php(208): Illuminate\Http\Middleware\HandleCors-&gt;handle()
#46 D:\DO_AN_TOT_NGHIEP\doan_calamity_manager\vendor\laravel\framework\src\Illuminate\Http\Middleware\TrustProxies.php(58): Illuminate\Pipeline\Pipeline-&gt;Illuminate\Pipeline\{closure}()
#47 D:\DO_AN_TOT_NGHIEP\doan_calamity_manager\vendor\laravel\framework\src\Illuminate\Pipeline\Pipeline.php(208): Illuminate\Http\Middleware\TrustProxies-&gt;handle()
#48 D:\DO_AN_TOT_NGHIEP\doan_calamity_manager\vendor\laravel\framework\src\Illuminate\Foundation\Http\Middleware\InvokeDeferredCallbacks.php(22): Illuminate\Pipeline\Pipeline-&gt;Illuminate\Pipeline\{closure}()
#49 D:\DO_AN_TOT_NGHIEP\doan_calamity_manager\vendor\laravel\framework\src\Illuminate\Pipeline\Pipeline.php(208): Illuminate\Foundation\Http\Middleware\InvokeDeferredCallbacks-&gt;handle()
#50 D:\DO_AN_TOT_NGHIEP\doan_calamity_manager\vendor\laravel\framework\src\Illuminate\Http\Middleware\ValidatePathEncoding.php(26): Illuminate\Pipeline\Pipeline-&gt;Illuminate\Pipeline\{closure}()
#51 D:\DO_AN_TOT_NGHIEP\doan_calamity_manager\vendor\laravel\framework\src\Illuminate\Pipeline\Pipeline.php(208): Illuminate\Http\Middleware\ValidatePathEncoding-&gt;handle()
#52 D:\DO_AN_TOT_NGHIEP\doan_calamity_manager\vendor\laravel\framework\src\Illuminate\Pipeline\Pipeline.php(126): Illuminate\Pipeline\Pipeline-&gt;Illuminate\Pipeline\{closure}()
#53 D:\DO_AN_TOT_NGHIEP\doan_calamity_manager\vendor\laravel\framework\src\Illuminate\Foundation\Http\Kernel.php(175): Illuminate\Pipeline\Pipeline-&gt;then()
#54 D:\DO_AN_TOT_NGHIEP\doan_calamity_manager\vendor\laravel\framework\src\Illuminate\Foundation\Http\Kernel.php(144): Illuminate\Foundation\Http\Kernel-&gt;sendRequestThroughRouter()
#55 D:\DO_AN_TOT_NGHIEP\doan_calamity_manager\vendor\laravel\framework\src\Illuminate\Foundation\Testing\Concerns\MakesHttpRequests.php(607): Illuminate\Foundation\Http\Kernel-&gt;handle()
#56 D:\DO_AN_TOT_NGHIEP\doan_calamity_manager\vendor\laravel\framework\src\Illuminate\Foundation\Testing\Concerns\MakesHttpRequests.php(368): Illuminate\Foundation\Testing\TestCase-&gt;call()
#57 D:\DO_AN_TOT_NGHIEP\doan_calamity_manager\tests\Feature\CalamityManagementTest.php(22): Illuminate\Foundation\Testing\TestCase-&gt;get()
#58 D:\DO_AN_TOT_NGHIEP\doan_calamity_manager\vendor\phpunit\phpunit\src\Framework\TestCase.php(1656): Tests\Feature\CalamityManagementTest-&gt;test_guest_can_view_flooding_calamity_list()
#59 D:\DO_AN_TOT_NGHIEP\doan_calamity_manager\vendor\phpunit\phpunit\src\Framework\TestCase.php(514): PHPUnit\Framework\TestCase-&gt;runTest()
#60 D:\DO_AN_TOT_NGHIEP\doan_calamity_manager\vendor\phpunit\phpunit\src\Framework\TestRunner\TestRunner.php(87): PHPUnit\Framework\TestCase-&gt;runBare()
#61 D:\DO_AN_TOT_NGHIEP\doan_calamity_manager\vendor\phpunit\phpunit\src\Framework\TestCase.php(361): PHPUnit\Framework\TestRunner-&gt;run()
#62 D:\DO_AN_TOT_NGHIEP\doan_calamity_manager\vendor\phpunit\phpunit\src\Framework\TestSuite.php(369): PHPUnit\Framework\TestCase-&gt;run()
#63 D:\DO_AN_TOT_NGHIEP\doan_calamity_manager\vendor\phpunit\phpunit\src\Framework\TestSuite.php(369): PHPUnit\Framework\TestSuite-&gt;run()
#64 D:\DO_AN_TOT_NGHIEP\doan_calamity_manager\vendor\phpunit\phpunit\src\Framework\TestSuite.php(369): PHPUnit\Framework\TestSuite-&gt;run()
#65 D:\DO_AN_TOT_NGHIEP\doan_calamity_manager\vendor\phpunit\phpunit\src\TextUI\TestRunner.php(64): PHPUnit\Framework\TestSuite-&gt;run()
#66 D:\DO_AN_TOT_NGHIEP\doan_calamity_manager\vendor\phpunit\phpunit\src\TextUI\Application.php(210): PHPUnit\TextUI\TestRunner-&gt;run()
#67 D:\DO_AN_TOT_NGHIEP\doan_calamity_manager\vendor\phpunit\phpunit\phpunit(104): PHPUnit\TextUI\Application-&gt;run()
#68 {main}

----------------------------------------------------------------------------------

SQLSTATE[HY000]: General error: 1 no such function: YEAR (Connection: sqlite, SQL: select distinct YEAR(time_start) as year from "calamities" where exists (select * from "risk_levels" where "calamities"."risk_level_id" = "risk_levels"."id" and exists (select * from "type_of_calamities" where "risk_levels"."type_of_calamity_id" = "type_of_calamities"."id" and "slug" = ngap-lut)) order by "year" desc)
&#13;
D:\DO_AN_TOT_NGHIEP\doan_calamity_manager\vendor\laravel\framework\src\Illuminate\Testing\TestResponseAssert.php:45
D:\DO_AN_TOT_NGHIEP\doan_calamity_manager\vendor\laravel\framework\src\Illuminate\Testing\TestResponse.php:174
D:\DO_AN_TOT_NGHIEP\doan_calamity_manager\tests\Feature\CalamityManagementTest.php:23</failure>
        </testcase>
        <testcase name="test_guest_can_view_storm_calamity_list" file="D:\DO_AN_TOT_NGHIEP\doan_calamity_manager\tests\Feature\CalamityManagementTest.php" line="26" class="Tests\Feature\CalamityManagementTest" classname="Tests.Feature.CalamityManagementTest" assertions="1" time="0.527790">
          <failure type="PHPUnit\Framework\ExpectationFailedException">Tests\Feature\CalamityManagementTest::test_guest_can_view_storm_calamity_list&#13;
Expected response status code [200] but received 500.
Failed asserting that 500 is identical to 200.&#13;
&#13;
The following exception occurred during the last request:

PDOException: SQLSTATE[HY000]: General error: 1 no such function: YEAR in D:\DO_AN_TOT_NGHIEP\doan_calamity_manager\vendor\laravel\framework\src\Illuminate\Database\Connection.php:404
Stack trace:
#0 D:\DO_AN_TOT_NGHIEP\doan_calamity_manager\vendor\laravel\framework\src\Illuminate\Database\Connection.php(404): PDO-&gt;prepare()
#1 D:\DO_AN_TOT_NGHIEP\doan_calamity_manager\vendor\laravel\framework\src\Illuminate\Database\Connection.php(809): Illuminate\Database\Connection-&gt;Illuminate\Database\{closure}()
#2 D:\DO_AN_TOT_NGHIEP\doan_calamity_manager\vendor\laravel\framework\src\Illuminate\Database\Connection.php(776): Illuminate\Database\Connection-&gt;runQueryCallback()
#3 D:\DO_AN_TOT_NGHIEP\doan_calamity_manager\vendor\laravel\framework\src\Illuminate\Database\Connection.php(395): Illuminate\Database\Connection-&gt;run()
#4 D:\DO_AN_TOT_NGHIEP\doan_calamity_manager\vendor\laravel\framework\src\Illuminate\Database\Query\Builder.php(3131): Illuminate\Database\Connection-&gt;select()
#5 D:\DO_AN_TOT_NGHIEP\doan_calamity_manager\vendor\laravel\framework\src\Illuminate\Database\Query\Builder.php(3389): Illuminate\Database\Query\Builder-&gt;runSelect()
#6 D:\DO_AN_TOT_NGHIEP\doan_calamity_manager\vendor\laravel\framework\src\Illuminate\Database\Query\Builder.php(3706): Illuminate\Database\Query\Builder-&gt;Illuminate\Database\Query\{closure}()
#7 D:\DO_AN_TOT_NGHIEP\doan_calamity_manager\vendor\laravel\framework\src\Illuminate\Database\Query\Builder.php(3385): Illuminate\Database\Query\Builder-&gt;onceWithColumns()
#8 D:\DO_AN_TOT_NGHIEP\doan_calamity_manager\vendor\laravel\framework\src\Illuminate\Database\Eloquent\Builder.php(1052): Illuminate\Database\Query\Builder-&gt;pluck()
#9 D:\DO_AN_TOT_NGHIEP\doan_calamity_manager\app\Http\Controllers\Calamities\StormCalamityController.php(83): Illuminate\Database\Eloquent\Builder-&gt;pluck()
#10 D:\DO_AN_TOT_NGHIEP\doan_calamity_manager\vendor\laravel\framework\src\Illuminate\Routing\Controller.php(54): App\Http\Controllers\Calamities\StormCalamityController-&gt;index()
#11 D:\DO_AN_TOT_NGHIEP\doan_calamity_manager\vendor\laravel\framework\src\Illuminate\Routing\ControllerDispatcher.php(43): Illuminate\Routing\Controller-&gt;callAction()
#12 D:\DO_AN_TOT_NGHIEP\doan_calamity_manager\vendor\laravel\framework\src\Illuminate\Routing\Route.php(265): Illuminate\Routing\ControllerDispatcher-&gt;dispatch()
#13 D:\DO_AN_TOT_NGHIEP\doan_calamity_manager\vendor\laravel\framework\src\Illuminate\Routing\Route.php(211): Illuminate\Routing\Route-&gt;runController()
#14 D:\DO_AN_TOT_NGHIEP\doan_calamity_manager\vendor\laravel\framework\src\Illuminate\Routing\Router.php(808): Illuminate\Routing\Route-&gt;run()
#15 D:\DO_AN_TOT_NGHIEP\doan_calamity_manager\vendor\laravel\framework\src\Illuminate\Pipeline\Pipeline.php(169): Illuminate\Routing\Router-&gt;Illuminate\Routing\{closure}()
#16 D:\DO_AN_TOT_NGHIEP\doan_calamity_manager\vendor\laravel\framework\src\Illuminate\Routing\Middleware\SubstituteBindings.php(50): Illuminate\Pipeline\Pipeline-&gt;Illuminate\Pipeline\{closure}()
#17 D:\DO_AN_TOT_NGHIEP\doan_calamity_manager\vendor\laravel\framework\src\Illuminate\Pipeline\Pipeline.php(208): Illuminate\Routing\Middleware\SubstituteBindings-&gt;handle()
#18 D:\DO_AN_TOT_NGHIEP\doan_calamity_manager\vendor\laravel\framework\src\Illuminate\Foundation\Http\Middleware\VerifyCsrfToken.php(87): Illuminate\Pipeline\Pipeline-&gt;Illuminate\Pipeline\{closure}()
#19 D:\DO_AN_TOT_NGHIEP\doan_calamity_manager\vendor\laravel\framework\src\Illuminate\Pipeline\Pipeline.php(208): Illuminate\Foundation\Http\Middleware\VerifyCsrfToken-&gt;handle()
#20 D:\DO_AN_TOT_NGHIEP\doan_calamity_manager\vendor\laravel\framework\src\Illuminate\View\Middleware\ShareErrorsFromSession.php(48): Illuminate\Pipeline\Pipeline-&gt;Illuminate\Pipeline\{closure}()
#21 D:\DO_AN_TOT_NGHIEP\doan_calamity_manager\vendor\laravel\framework\src\Illuminate\Pipeline\Pipeline.php(208): Illuminate\View\Middleware\ShareErrorsFromSession-&gt;handle()
#22 D:\DO_AN_TOT_NGHIEP\doan_calamity_manager\vendor\laravel\framework\src\Illuminate\Session\Middleware\StartSession.php(120): Illuminate\Pipeline\Pipeline-&gt;Illuminate\Pipeline\{closure}()
#23 D:\DO_AN_TOT_NGHIEP\doan_calamity_manager\vendor\laravel\framework\src\Illuminate\Session\Middleware\StartSession.php(63): Illuminate\Session\Middleware\StartSession-&gt;handleStatefulRequest()
#24 D:\DO_AN_TOT_NGHIEP\doan_calamity_manager\vendor\laravel\framework\src\Illuminate\Pipeline\Pipeline.php(208): Illuminate\Session\Middleware\StartSession-&gt;handle()
#25 D:\DO_AN_TOT_NGHIEP\doan_calamity_manager\vendor\laravel\framework\src\Illuminate\Cookie\Middleware\AddQueuedCookiesToResponse.php(36): Illuminate\Pipeline\Pipeline-&gt;Illuminate\Pipeline\{closure}()
#26 D:\DO_AN_TOT_NGHIEP\doan_calamity_manager\vendor\laravel\framework\src\Illuminate\Pipeline\Pipeline.php(208): Illuminate\Cookie\Middleware\AddQueuedCookiesToResponse-&gt;handle()
#27 D:\DO_AN_TOT_NGHIEP\doan_calamity_manager\vendor\laravel\framework\src\Illuminate\Cookie\Middleware\EncryptCookies.php(74): Illuminate\Pipeline\Pipeline-&gt;Illuminate\Pipeline\{closure}()
#28 D:\DO_AN_TOT_NGHIEP\doan_calamity_manager\vendor\laravel\framework\src\Illuminate\Pipeline\Pipeline.php(208): Illuminate\Cookie\Middleware\EncryptCookies-&gt;handle()
#29 D:\DO_AN_TOT_NGHIEP\doan_calamity_manager\vendor\laravel\framework\src\Illuminate\Pipeline\Pipeline.php(126): Illuminate\Pipeline\Pipeline-&gt;Illuminate\Pipeline\{closure}()
#30 D:\DO_AN_TOT_NGHIEP\doan_calamity_manager\vendor\laravel\framework\src\Illuminate\Routing\Router.php(807): Illuminate\Pipeline\Pipeline-&gt;then()
#31 D:\DO_AN_TOT_NGHIEP\doan_calamity_manager\vendor\laravel\framework\src\Illuminate\Routing\Router.php(786): Illuminate\Routing\Router-&gt;runRouteWithinStack()
#32 D:\DO_AN_TOT_NGHIEP\doan_calamity_manager\vendor\laravel\framework\src\Illuminate\Routing\Router.php(750): Illuminate\Routing\Router-&gt;runRoute()
#33 D:\DO_AN_TOT_NGHIEP\doan_calamity_manager\vendor\laravel\framework\src\Illuminate\Routing\Router.php(739): Illuminate\Routing\Router-&gt;dispatchToRoute()
#34 D:\DO_AN_TOT_NGHIEP\doan_calamity_manager\vendor\laravel\framework\src\Illuminate\Foundation\Http\Kernel.php(200): Illuminate\Routing\Router-&gt;dispatch()
#35 D:\DO_AN_TOT_NGHIEP\doan_calamity_manager\vendor\laravel\framework\src\Illuminate\Pipeline\Pipeline.php(169): Illuminate\Foundation\Http\Kernel-&gt;Illuminate\Foundation\Http\{closure}()
#36 D:\DO_AN_TOT_NGHIEP\doan_calamity_manager\vendor\laravel\framework\src\Illuminate\Foundation\Http\Middleware\TransformsRequest.php(21): Illuminate\Pipeline\Pipeline-&gt;Illuminate\Pipeline\{closure}()
#37 D:\DO_AN_TOT_NGHIEP\doan_calamity_manager\vendor\laravel\framework\src\Illuminate\Foundation\Http\Middleware\ConvertEmptyStringsToNull.php(31): Illuminate\Foundation\Http\Middleware\TransformsRequest-&gt;handle()
#38 D:\DO_AN_TOT_NGHIEP\doan_calamity_manager\vendor\laravel\framework\src\Illuminate\Pipeline\Pipeline.php(208): Illuminate\Foundation\Http\Middleware\ConvertEmptyStringsToNull-&gt;handle()
#39 D:\DO_AN_TOT_NGHIEP\doan_calamity_manager\vendor\laravel\framework\src\Illuminate\Foundation\Http\Middleware\TransformsRequest.php(21): Illuminate\Pipeline\Pipeline-&gt;Illuminate\Pipeline\{closure}()
#40 D:\DO_AN_TOT_NGHIEP\doan_calamity_manager\vendor\laravel\framework\src\Illuminate\Foundation\Http\Middleware\TrimStrings.php(51): Illuminate\Foundation\Http\Middleware\TransformsRequest-&gt;handle()
#41 D:\DO_AN_TOT_NGHIEP\doan_calamity_manager\vendor\laravel\framework\src\Illuminate\Pipeline\Pipeline.php(208): Illuminate\Foundation\Http\Middleware\TrimStrings-&gt;handle()
#42 D:\DO_AN_TOT_NGHIEP\doan_calamity_manager\vendor\laravel\framework\src\Illuminate\Http\Middleware\ValidatePostSize.php(27): Illuminate\Pipeline\Pipeline-&gt;Illuminate\Pipeline\{closure}()
#43 D:\DO_AN_TOT_NGHIEP\doan_calamity_manager\vendor\laravel\framework\src\Illuminate\Pipeline\Pipeline.php(208): Illuminate\Http\Middleware\ValidatePostSize-&gt;handle()
#44 D:\DO_AN_TOT_NGHIEP\doan_calamity_manager\vendor\laravel\framework\src\Illuminate\Foundation\Http\Middleware\PreventRequestsDuringMaintenance.php(109): Illuminate\Pipeline\Pipeline-&gt;Illuminate\Pipeline\{closure}()
#45 D:\DO_AN_TOT_NGHIEP\doan_calamity_manager\vendor\laravel\framework\src\Illuminate\Pipeline\Pipeline.php(208): Illuminate\Foundation\Http\Middleware\PreventRequestsDuringMaintenance-&gt;handle()
#46 D:\DO_AN_TOT_NGHIEP\doan_calamity_manager\vendor\laravel\framework\src\Illuminate\Http\Middleware\HandleCors.php(48): Illuminate\Pipeline\Pipeline-&gt;Illuminate\Pipeline\{closure}()
#47 D:\DO_AN_TOT_NGHIEP\doan_calamity_manager\vendor\laravel\framework\src\Illuminate\Pipeline\Pipeline.php(208): Illuminate\Http\Middleware\HandleCors-&gt;handle()
#48 D:\DO_AN_TOT_NGHIEP\doan_calamity_manager\vendor\laravel\framework\src\Illuminate\Http\Middleware\TrustProxies.php(58): Illuminate\Pipeline\Pipeline-&gt;Illuminate\Pipeline\{closure}()
#49 D:\DO_AN_TOT_NGHIEP\doan_calamity_manager\vendor\laravel\framework\src\Illuminate\Pipeline\Pipeline.php(208): Illuminate\Http\Middleware\TrustProxies-&gt;handle()
#50 D:\DO_AN_TOT_NGHIEP\doan_calamity_manager\vendor\laravel\framework\src\Illuminate\Foundation\Http\Middleware\InvokeDeferredCallbacks.php(22): Illuminate\Pipeline\Pipeline-&gt;Illuminate\Pipeline\{closure}()
#51 D:\DO_AN_TOT_NGHIEP\doan_calamity_manager\vendor\laravel\framework\src\Illuminate\Pipeline\Pipeline.php(208): Illuminate\Foundation\Http\Middleware\InvokeDeferredCallbacks-&gt;handle()
#52 D:\DO_AN_TOT_NGHIEP\doan_calamity_manager\vendor\laravel\framework\src\Illuminate\Http\Middleware\ValidatePathEncoding.php(26): Illuminate\Pipeline\Pipeline-&gt;Illuminate\Pipeline\{closure}()
#53 D:\DO_AN_TOT_NGHIEP\doan_calamity_manager\vendor\laravel\framework\src\Illuminate\Pipeline\Pipeline.php(208): Illuminate\Http\Middleware\ValidatePathEncoding-&gt;handle()
#54 D:\DO_AN_TOT_NGHIEP\doan_calamity_manager\vendor\laravel\framework\src\Illuminate\Pipeline\Pipeline.php(126): Illuminate\Pipeline\Pipeline-&gt;Illuminate\Pipeline\{closure}()
#55 D:\DO_AN_TOT_NGHIEP\doan_calamity_manager\vendor\laravel\framework\src\Illuminate\Foundation\Http\Kernel.php(175): Illuminate\Pipeline\Pipeline-&gt;then()
#56 D:\DO_AN_TOT_NGHIEP\doan_calamity_manager\vendor\laravel\framework\src\Illuminate\Foundation\Http\Kernel.php(144): Illuminate\Foundation\Http\Kernel-&gt;sendRequestThroughRouter()
#57 D:\DO_AN_TOT_NGHIEP\doan_calamity_manager\vendor\laravel\framework\src\Illuminate\Foundation\Testing\Concerns\MakesHttpRequests.php(607): Illuminate\Foundation\Http\Kernel-&gt;handle()
#58 D:\DO_AN_TOT_NGHIEP\doan_calamity_manager\vendor\laravel\framework\src\Illuminate\Foundation\Testing\Concerns\MakesHttpRequests.php(368): Illuminate\Foundation\Testing\TestCase-&gt;call()
#59 D:\DO_AN_TOT_NGHIEP\doan_calamity_manager\tests\Feature\CalamityManagementTest.php(28): Illuminate\Foundation\Testing\TestCase-&gt;get()
#60 D:\DO_AN_TOT_NGHIEP\doan_calamity_manager\vendor\phpunit\phpunit\src\Framework\TestCase.php(1656): Tests\Feature\CalamityManagementTest-&gt;test_guest_can_view_storm_calamity_list()
#61 D:\DO_AN_TOT_NGHIEP\doan_calamity_manager\vendor\phpunit\phpunit\src\Framework\TestCase.php(514): PHPUnit\Framework\TestCase-&gt;runTest()
#62 D:\DO_AN_TOT_NGHIEP\doan_calamity_manager\vendor\phpunit\phpunit\src\Framework\TestRunner\TestRunner.php(87): PHPUnit\Framework\TestCase-&gt;runBare()
#63 D:\DO_AN_TOT_NGHIEP\doan_calamity_manager\vendor\phpunit\phpunit\src\Framework\TestCase.php(361): PHPUnit\Framework\TestRunner-&gt;run()
#64 D:\DO_AN_TOT_NGHIEP\doan_calamity_manager\vendor\phpunit\phpunit\src\Framework\TestSuite.php(369): PHPUnit\Framework\TestCase-&gt;run()
#65 D:\DO_AN_TOT_NGHIEP\doan_calamity_manager\vendor\phpunit\phpunit\src\Framework\TestSuite.php(369): PHPUnit\Framework\TestSuite-&gt;run()
#66 D:\DO_AN_TOT_NGHIEP\doan_calamity_manager\vendor\phpunit\phpunit\src\Framework\TestSuite.php(369): PHPUnit\Framework\TestSuite-&gt;run()
#67 D:\DO_AN_TOT_NGHIEP\doan_calamity_manager\vendor\phpunit\phpunit\src\TextUI\TestRunner.php(64): PHPUnit\Framework\TestSuite-&gt;run()
#68 D:\DO_AN_TOT_NGHIEP\doan_calamity_manager\vendor\phpunit\phpunit\src\TextUI\Application.php(210): PHPUnit\TextUI\TestRunner-&gt;run()
#69 D:\DO_AN_TOT_NGHIEP\doan_calamity_manager\vendor\phpunit\phpunit\phpunit(104): PHPUnit\TextUI\Application-&gt;run()
#70 {main}

Next Illuminate\Database\QueryException: SQLSTATE[HY000]: General error: 1 no such function: YEAR (Connection: sqlite, SQL: select distinct YEAR(time_start) as year from "calamities" where exists (select * from "risk_levels" where "calamities"."risk_level_id" = "risk_levels"."id" and exists (select * from "type_of_calamities" where "risk_levels"."type_of_calamity_id" = "type_of_calamities"."id" and "slug" = bao-ap-thap-nhiet-doi)) order by "year" desc) in D:\DO_AN_TOT_NGHIEP\doan_calamity_manager\vendor\laravel\framework\src\Illuminate\Database\Connection.php:822
Stack trace:
#0 D:\DO_AN_TOT_NGHIEP\doan_calamity_manager\vendor\laravel\framework\src\Illuminate\Database\Connection.php(776): Illuminate\Database\Connection-&gt;runQueryCallback()
#1 D:\DO_AN_TOT_NGHIEP\doan_calamity_manager\vendor\laravel\framework\src\Illuminate\Database\Connection.php(395): Illuminate\Database\Connection-&gt;run()
#2 D:\DO_AN_TOT_NGHIEP\doan_calamity_manager\vendor\laravel\framework\src\Illuminate\Database\Query\Builder.php(3131): Illuminate\Database\Connection-&gt;select()
#3 D:\DO_AN_TOT_NGHIEP\doan_calamity_manager\vendor\laravel\framework\src\Illuminate\Database\Query\Builder.php(3389): Illuminate\Database\Query\Builder-&gt;runSelect()
#4 D:\DO_AN_TOT_NGHIEP\doan_calamity_manager\vendor\laravel\framework\src\Illuminate\Database\Query\Builder.php(3706): Illuminate\Database\Query\Builder-&gt;Illuminate\Database\Query\{closure}()
#5 D:\DO_AN_TOT_NGHIEP\doan_calamity_manager\vendor\laravel\framework\src\Illuminate\Database\Query\Builder.php(3385): Illuminate\Database\Query\Builder-&gt;onceWithColumns()
#6 D:\DO_AN_TOT_NGHIEP\doan_calamity_manager\vendor\laravel\framework\src\Illuminate\Database\Eloquent\Builder.php(1052): Illuminate\Database\Query\Builder-&gt;pluck()
#7 D:\DO_AN_TOT_NGHIEP\doan_calamity_manager\app\Http\Controllers\Calamities\StormCalamityController.php(83): Illuminate\Database\Eloquent\Builder-&gt;pluck()
#8 D:\DO_AN_TOT_NGHIEP\doan_calamity_manager\vendor\laravel\framework\src\Illuminate\Routing\Controller.php(54): App\Http\Controllers\Calamities\StormCalamityController-&gt;index()
#9 D:\DO_AN_TOT_NGHIEP\doan_calamity_manager\vendor\laravel\framework\src\Illuminate\Routing\ControllerDispatcher.php(43): Illuminate\Routing\Controller-&gt;callAction()
#10 D:\DO_AN_TOT_NGHIEP\doan_calamity_manager\vendor\laravel\framework\src\Illuminate\Routing\Route.php(265): Illuminate\Routing\ControllerDispatcher-&gt;dispatch()
#11 D:\DO_AN_TOT_NGHIEP\doan_calamity_manager\vendor\laravel\framework\src\Illuminate\Routing\Route.php(211): Illuminate\Routing\Route-&gt;runController()
#12 D:\DO_AN_TOT_NGHIEP\doan_calamity_manager\vendor\laravel\framework\src\Illuminate\Routing\Router.php(808): Illuminate\Routing\Route-&gt;run()
#13 D:\DO_AN_TOT_NGHIEP\doan_calamity_manager\vendor\laravel\framework\src\Illuminate\Pipeline\Pipeline.php(169): Illuminate\Routing\Router-&gt;Illuminate\Routing\{closure}()
#14 D:\DO_AN_TOT_NGHIEP\doan_calamity_manager\vendor\laravel\framework\src\Illuminate\Routing\Middleware\SubstituteBindings.php(50): Illuminate\Pipeline\Pipeline-&gt;Illuminate\Pipeline\{closure}()
#15 D:\DO_AN_TOT_NGHIEP\doan_calamity_manager\vendor\laravel\framework\src\Illuminate\Pipeline\Pipeline.php(208): Illuminate\Routing\Middleware\SubstituteBindings-&gt;handle()
#16 D:\DO_AN_TOT_NGHIEP\doan_calamity_manager\vendor\laravel\framework\src\Illuminate\Foundation\Http\Middleware\VerifyCsrfToken.php(87): Illuminate\Pipeline\Pipeline-&gt;Illuminate\Pipeline\{closure}()
#17 D:\DO_AN_TOT_NGHIEP\doan_calamity_manager\vendor\laravel\framework\src\Illuminate\Pipeline\Pipeline.php(208): Illuminate\Foundation\Http\Middleware\VerifyCsrfToken-&gt;handle()
#18 D:\DO_AN_TOT_NGHIEP\doan_calamity_manager\vendor\laravel\framework\src\Illuminate\View\Middleware\ShareErrorsFromSession.php(48): Illuminate\Pipeline\Pipeline-&gt;Illuminate\Pipeline\{closure}()
#19 D:\DO_AN_TOT_NGHIEP\doan_calamity_manager\vendor\laravel\framework\src\Illuminate\Pipeline\Pipeline.php(208): Illuminate\View\Middleware\ShareErrorsFromSession-&gt;handle()
#20 D:\DO_AN_TOT_NGHIEP\doan_calamity_manager\vendor\laravel\framework\src\Illuminate\Session\Middleware\StartSession.php(120): Illuminate\Pipeline\Pipeline-&gt;Illuminate\Pipeline\{closure}()
#21 D:\DO_AN_TOT_NGHIEP\doan_calamity_manager\vendor\laravel\framework\src\Illuminate\Session\Middleware\StartSession.php(63): Illuminate\Session\Middleware\StartSession-&gt;handleStatefulRequest()
#22 D:\DO_AN_TOT_NGHIEP\doan_calamity_manager\vendor\laravel\framework\src\Illuminate\Pipeline\Pipeline.php(208): Illuminate\Session\Middleware\StartSession-&gt;handle()
#23 D:\DO_AN_TOT_NGHIEP\doan_calamity_manager\vendor\laravel\framework\src\Illuminate\Cookie\Middleware\AddQueuedCookiesToResponse.php(36): Illuminate\Pipeline\Pipeline-&gt;Illuminate\Pipeline\{closure}()
#24 D:\DO_AN_TOT_NGHIEP\doan_calamity_manager\vendor\laravel\framework\src\Illuminate\Pipeline\Pipeline.php(208): Illuminate\Cookie\Middleware\AddQueuedCookiesToResponse-&gt;handle()
#25 D:\DO_AN_TOT_NGHIEP\doan_calamity_manager\vendor\laravel\framework\src\Illuminate\Cookie\Middleware\EncryptCookies.php(74): Illuminate\Pipeline\Pipeline-&gt;Illuminate\Pipeline\{closure}()
#26 D:\DO_AN_TOT_NGHIEP\doan_calamity_manager\vendor\laravel\framework\src\Illuminate\Pipeline\Pipeline.php(208): Illuminate\Cookie\Middleware\EncryptCookies-&gt;handle()
#27 D:\DO_AN_TOT_NGHIEP\doan_calamity_manager\vendor\laravel\framework\src\Illuminate\Pipeline\Pipeline.php(126): Illuminate\Pipeline\Pipeline-&gt;Illuminate\Pipeline\{closure}()
#28 D:\DO_AN_TOT_NGHIEP\doan_calamity_manager\vendor\laravel\framework\src\Illuminate\Routing\Router.php(807): Illuminate\Pipeline\Pipeline-&gt;then()
#29 D:\DO_AN_TOT_NGHIEP\doan_calamity_manager\vendor\laravel\framework\src\Illuminate\Routing\Router.php(786): Illuminate\Routing\Router-&gt;runRouteWithinStack()
#30 D:\DO_AN_TOT_NGHIEP\doan_calamity_manager\vendor\laravel\framework\src\Illuminate\Routing\Router.php(750): Illuminate\Routing\Router-&gt;runRoute()
#31 D:\DO_AN_TOT_NGHIEP\doan_calamity_manager\vendor\laravel\framework\src\Illuminate\Routing\Router.php(739): Illuminate\Routing\Router-&gt;dispatchToRoute()
#32 D:\DO_AN_TOT_NGHIEP\doan_calamity_manager\vendor\laravel\framework\src\Illuminate\Foundation\Http\Kernel.php(200): Illuminate\Routing\Router-&gt;dispatch()
#33 D:\DO_AN_TOT_NGHIEP\doan_calamity_manager\vendor\laravel\framework\src\Illuminate\Pipeline\Pipeline.php(169): Illuminate\Foundation\Http\Kernel-&gt;Illuminate\Foundation\Http\{closure}()
#34 D:\DO_AN_TOT_NGHIEP\doan_calamity_manager\vendor\laravel\framework\src\Illuminate\Foundation\Http\Middleware\TransformsRequest.php(21): Illuminate\Pipeline\Pipeline-&gt;Illuminate\Pipeline\{closure}()
#35 D:\DO_AN_TOT_NGHIEP\doan_calamity_manager\vendor\laravel\framework\src\Illuminate\Foundation\Http\Middleware\ConvertEmptyStringsToNull.php(31): Illuminate\Foundation\Http\Middleware\TransformsRequest-&gt;handle()
#36 D:\DO_AN_TOT_NGHIEP\doan_calamity_manager\vendor\laravel\framework\src\Illuminate\Pipeline\Pipeline.php(208): Illuminate\Foundation\Http\Middleware\ConvertEmptyStringsToNull-&gt;handle()
#37 D:\DO_AN_TOT_NGHIEP\doan_calamity_manager\vendor\laravel\framework\src\Illuminate\Foundation\Http\Middleware\TransformsRequest.php(21): Illuminate\Pipeline\Pipeline-&gt;Illuminate\Pipeline\{closure}()
#38 D:\DO_AN_TOT_NGHIEP\doan_calamity_manager\vendor\laravel\framework\src\Illuminate\Foundation\Http\Middleware\TrimStrings.php(51): Illuminate\Foundation\Http\Middleware\TransformsRequest-&gt;handle()
#39 D:\DO_AN_TOT_NGHIEP\doan_calamity_manager\vendor\laravel\framework\src\Illuminate\Pipeline\Pipeline.php(208): Illuminate\Foundation\Http\Middleware\TrimStrings-&gt;handle()
#40 D:\DO_AN_TOT_NGHIEP\doan_calamity_manager\vendor\laravel\framework\src\Illuminate\Http\Middleware\ValidatePostSize.php(27): Illuminate\Pipeline\Pipeline-&gt;Illuminate\Pipeline\{closure}()
#41 D:\DO_AN_TOT_NGHIEP\doan_calamity_manager\vendor\laravel\framework\src\Illuminate\Pipeline\Pipeline.php(208): Illuminate\Http\Middleware\ValidatePostSize-&gt;handle()
#42 D:\DO_AN_TOT_NGHIEP\doan_calamity_manager\vendor\laravel\framework\src\Illuminate\Foundation\Http\Middleware\PreventRequestsDuringMaintenance.php(109): Illuminate\Pipeline\Pipeline-&gt;Illuminate\Pipeline\{closure}()
#43 D:\DO_AN_TOT_NGHIEP\doan_calamity_manager\vendor\laravel\framework\src\Illuminate\Pipeline\Pipeline.php(208): Illuminate\Foundation\Http\Middleware\PreventRequestsDuringMaintenance-&gt;handle()
#44 D:\DO_AN_TOT_NGHIEP\doan_calamity_manager\vendor\laravel\framework\src\Illuminate\Http\Middleware\HandleCors.php(48): Illuminate\Pipeline\Pipeline-&gt;Illuminate\Pipeline\{closure}()
#45 D:\DO_AN_TOT_NGHIEP\doan_calamity_manager\vendor\laravel\framework\src\Illuminate\Pipeline\Pipeline.php(208): Illuminate\Http\Middleware\HandleCors-&gt;handle()
#46 D:\DO_AN_TOT_NGHIEP\doan_calamity_manager\vendor\laravel\framework\src\Illuminate\Http\Middleware\TrustProxies.php(58): Illuminate\Pipeline\Pipeline-&gt;Illuminate\Pipeline\{closure}()
#47 D:\DO_AN_TOT_NGHIEP\doan_calamity_manager\vendor\laravel\framework\src\Illuminate\Pipeline\Pipeline.php(208): Illuminate\Http\Middleware\TrustProxies-&gt;handle()
#48 D:\DO_AN_TOT_NGHIEP\doan_calamity_manager\vendor\laravel\framework\src\Illuminate\Foundation\Http\Middleware\InvokeDeferredCallbacks.php(22): Illuminate\Pipeline\Pipeline-&gt;Illuminate\Pipeline\{closure}()
#49 D:\DO_AN_TOT_NGHIEP\doan_calamity_manager\vendor\laravel\framework\src\Illuminate\Pipeline\Pipeline.php(208): Illuminate\Foundation\Http\Middleware\InvokeDeferredCallbacks-&gt;handle()
#50 D:\DO_AN_TOT_NGHIEP\doan_calamity_manager\vendor\laravel\framework\src\Illuminate\Http\Middleware\ValidatePathEncoding.php(26): Illuminate\Pipeline\Pipeline-&gt;Illuminate\Pipeline\{closure}()
#51 D:\DO_AN_TOT_NGHIEP\doan_calamity_manager\vendor\laravel\framework\src\Illuminate\Pipeline\Pipeline.php(208): Illuminate\Http\Middleware\ValidatePathEncoding-&gt;handle()
#52 D:\DO_AN_TOT_NGHIEP\doan_calamity_manager\vendor\laravel\framework\src\Illuminate\Pipeline\Pipeline.php(126): Illuminate\Pipeline\Pipeline-&gt;Illuminate\Pipeline\{closure}()
#53 D:\DO_AN_TOT_NGHIEP\doan_calamity_manager\vendor\laravel\framework\src\Illuminate\Foundation\Http\Kernel.php(175): Illuminate\Pipeline\Pipeline-&gt;then()
#54 D:\DO_AN_TOT_NGHIEP\doan_calamity_manager\vendor\laravel\framework\src\Illuminate\Foundation\Http\Kernel.php(144): Illuminate\Foundation\Http\Kernel-&gt;sendRequestThroughRouter()
#55 D:\DO_AN_TOT_NGHIEP\doan_calamity_manager\vendor\laravel\framework\src\Illuminate\Foundation\Testing\Concerns\MakesHttpRequests.php(607): Illuminate\Foundation\Http\Kernel-&gt;handle()
#56 D:\DO_AN_TOT_NGHIEP\doan_calamity_manager\vendor\laravel\framework\src\Illuminate\Foundation\Testing\Concerns\MakesHttpRequests.php(368): Illuminate\Foundation\Testing\TestCase-&gt;call()
#57 D:\DO_AN_TOT_NGHIEP\doan_calamity_manager\tests\Feature\CalamityManagementTest.php(28): Illuminate\Foundation\Testing\TestCase-&gt;get()
#58 D:\DO_AN_TOT_NGHIEP\doan_calamity_manager\vendor\phpunit\phpunit\src\Framework\TestCase.php(1656): Tests\Feature\CalamityManagementTest-&gt;test_guest_can_view_storm_calamity_list()
#59 D:\DO_AN_TOT_NGHIEP\doan_calamity_manager\vendor\phpunit\phpunit\src\Framework\TestCase.php(514): PHPUnit\Framework\TestCase-&gt;runTest()
#60 D:\DO_AN_TOT_NGHIEP\doan_calamity_manager\vendor\phpunit\phpunit\src\Framework\TestRunner\TestRunner.php(87): PHPUnit\Framework\TestCase-&gt;runBare()
#61 D:\DO_AN_TOT_NGHIEP\doan_calamity_manager\vendor\phpunit\phpunit\src\Framework\TestCase.php(361): PHPUnit\Framework\TestRunner-&gt;run()
#62 D:\DO_AN_TOT_NGHIEP\doan_calamity_manager\vendor\phpunit\phpunit\src\Framework\TestSuite.php(369): PHPUnit\Framework\TestCase-&gt;run()
#63 D:\DO_AN_TOT_NGHIEP\doan_calamity_manager\vendor\phpunit\phpunit\src\Framework\TestSuite.php(369): PHPUnit\Framework\TestSuite-&gt;run()
#64 D:\DO_AN_TOT_NGHIEP\doan_calamity_manager\vendor\phpunit\phpunit\src\Framework\TestSuite.php(369): PHPUnit\Framework\TestSuite-&gt;run()
#65 D:\DO_AN_TOT_NGHIEP\doan_calamity_manager\vendor\phpunit\phpunit\src\TextUI\TestRunner.php(64): PHPUnit\Framework\TestSuite-&gt;run()
#66 D:\DO_AN_TOT_NGHIEP\doan_calamity_manager\vendor\phpunit\phpunit\src\TextUI\Application.php(210): PHPUnit\TextUI\TestRunner-&gt;run()
#67 D:\DO_AN_TOT_NGHIEP\doan_calamity_manager\vendor\phpunit\phpunit\phpunit(104): PHPUnit\TextUI\Application-&gt;run()
#68 {main}

----------------------------------------------------------------------------------

SQLSTATE[HY000]: General error: 1 no such function: YEAR (Connection: sqlite, SQL: select distinct YEAR(time_start) as year from "calamities" where exists (select * from "risk_levels" where "calamities"."risk_level_id" = "risk_levels"."id" and exists (select * from "type_of_calamities" where "risk_levels"."type_of_calamity_id" = "type_of_calamities"."id" and "slug" = bao-ap-thap-nhiet-doi)) order by "year" desc)
&#13;
D:\DO_AN_TOT_NGHIEP\doan_calamity_manager\vendor\laravel\framework\src\Illuminate\Testing\TestResponseAssert.php:45
D:\DO_AN_TOT_NGHIEP\doan_calamity_manager\vendor\laravel\framework\src\Illuminate\Testing\TestResponse.php:174
D:\DO_AN_TOT_NGHIEP\doan_calamity_manager\tests\Feature\CalamityManagementTest.php:29</failure>
        </testcase>
        <testcase name="test_guest_can_view_river_bank_calamity_list" file="D:\DO_AN_TOT_NGHIEP\doan_calamity_manager\tests\Feature\CalamityManagementTest.php" line="32" class="Tests\Feature\CalamityManagementTest" classname="Tests.Feature.CalamityManagementTest" assertions="1" time="0.489605">
          <failure type="PHPUnit\Framework\ExpectationFailedException">Tests\Feature\CalamityManagementTest::test_guest_can_view_river_bank_calamity_list&#13;
Expected response status code [200] but received 500.
Failed asserting that 500 is identical to 200.&#13;
&#13;
The following exception occurred during the last request:

PDOException: SQLSTATE[HY000]: General error: 1 no such function: YEAR in D:\DO_AN_TOT_NGHIEP\doan_calamity_manager\vendor\laravel\framework\src\Illuminate\Database\Connection.php:404
Stack trace:
#0 D:\DO_AN_TOT_NGHIEP\doan_calamity_manager\vendor\laravel\framework\src\Illuminate\Database\Connection.php(404): PDO-&gt;prepare()
#1 D:\DO_AN_TOT_NGHIEP\doan_calamity_manager\vendor\laravel\framework\src\Illuminate\Database\Connection.php(809): Illuminate\Database\Connection-&gt;Illuminate\Database\{closure}()
#2 D:\DO_AN_TOT_NGHIEP\doan_calamity_manager\vendor\laravel\framework\src\Illuminate\Database\Connection.php(776): Illuminate\Database\Connection-&gt;runQueryCallback()
#3 D:\DO_AN_TOT_NGHIEP\doan_calamity_manager\vendor\laravel\framework\src\Illuminate\Database\Connection.php(395): Illuminate\Database\Connection-&gt;run()
#4 D:\DO_AN_TOT_NGHIEP\doan_calamity_manager\vendor\laravel\framework\src\Illuminate\Database\Query\Builder.php(3131): Illuminate\Database\Connection-&gt;select()
#5 D:\DO_AN_TOT_NGHIEP\doan_calamity_manager\vendor\laravel\framework\src\Illuminate\Database\Query\Builder.php(3389): Illuminate\Database\Query\Builder-&gt;runSelect()
#6 D:\DO_AN_TOT_NGHIEP\doan_calamity_manager\vendor\laravel\framework\src\Illuminate\Database\Query\Builder.php(3706): Illuminate\Database\Query\Builder-&gt;Illuminate\Database\Query\{closure}()
#7 D:\DO_AN_TOT_NGHIEP\doan_calamity_manager\vendor\laravel\framework\src\Illuminate\Database\Query\Builder.php(3385): Illuminate\Database\Query\Builder-&gt;onceWithColumns()
#8 D:\DO_AN_TOT_NGHIEP\doan_calamity_manager\vendor\laravel\framework\src\Illuminate\Database\Eloquent\Builder.php(1052): Illuminate\Database\Query\Builder-&gt;pluck()
#9 D:\DO_AN_TOT_NGHIEP\doan_calamity_manager\app\Http\Controllers\Calamities\RiverBankCalamityController.php(81): Illuminate\Database\Eloquent\Builder-&gt;pluck()
#10 D:\DO_AN_TOT_NGHIEP\doan_calamity_manager\vendor\laravel\framework\src\Illuminate\Routing\Controller.php(54): App\Http\Controllers\Calamities\RiverBankCalamityController-&gt;index()
#11 D:\DO_AN_TOT_NGHIEP\doan_calamity_manager\vendor\laravel\framework\src\Illuminate\Routing\ControllerDispatcher.php(43): Illuminate\Routing\Controller-&gt;callAction()
#12 D:\DO_AN_TOT_NGHIEP\doan_calamity_manager\vendor\laravel\framework\src\Illuminate\Routing\Route.php(265): Illuminate\Routing\ControllerDispatcher-&gt;dispatch()
#13 D:\DO_AN_TOT_NGHIEP\doan_calamity_manager\vendor\laravel\framework\src\Illuminate\Routing\Route.php(211): Illuminate\Routing\Route-&gt;runController()
#14 D:\DO_AN_TOT_NGHIEP\doan_calamity_manager\vendor\laravel\framework\src\Illuminate\Routing\Router.php(808): Illuminate\Routing\Route-&gt;run()
#15 D:\DO_AN_TOT_NGHIEP\doan_calamity_manager\vendor\laravel\framework\src\Illuminate\Pipeline\Pipeline.php(169): Illuminate\Routing\Router-&gt;Illuminate\Routing\{closure}()
#16 D:\DO_AN_TOT_NGHIEP\doan_calamity_manager\vendor\laravel\framework\src\Illuminate\Routing\Middleware\SubstituteBindings.php(50): Illuminate\Pipeline\Pipeline-&gt;Illuminate\Pipeline\{closure}()
#17 D:\DO_AN_TOT_NGHIEP\doan_calamity_manager\vendor\laravel\framework\src\Illuminate\Pipeline\Pipeline.php(208): Illuminate\Routing\Middleware\SubstituteBindings-&gt;handle()
#18 D:\DO_AN_TOT_NGHIEP\doan_calamity_manager\vendor\laravel\framework\src\Illuminate\Foundation\Http\Middleware\VerifyCsrfToken.php(87): Illuminate\Pipeline\Pipeline-&gt;Illuminate\Pipeline\{closure}()
#19 D:\DO_AN_TOT_NGHIEP\doan_calamity_manager\vendor\laravel\framework\src\Illuminate\Pipeline\Pipeline.php(208): Illuminate\Foundation\Http\Middleware\VerifyCsrfToken-&gt;handle()
#20 D:\DO_AN_TOT_NGHIEP\doan_calamity_manager\vendor\laravel\framework\src\Illuminate\View\Middleware\ShareErrorsFromSession.php(48): Illuminate\Pipeline\Pipeline-&gt;Illuminate\Pipeline\{closure}()
#21 D:\DO_AN_TOT_NGHIEP\doan_calamity_manager\vendor\laravel\framework\src\Illuminate\Pipeline\Pipeline.php(208): Illuminate\View\Middleware\ShareErrorsFromSession-&gt;handle()
#22 D:\DO_AN_TOT_NGHIEP\doan_calamity_manager\vendor\laravel\framework\src\Illuminate\Session\Middleware\StartSession.php(120): Illuminate\Pipeline\Pipeline-&gt;Illuminate\Pipeline\{closure}()
#23 D:\DO_AN_TOT_NGHIEP\doan_calamity_manager\vendor\laravel\framework\src\Illuminate\Session\Middleware\StartSession.php(63): Illuminate\Session\Middleware\StartSession-&gt;handleStatefulRequest()
#24 D:\DO_AN_TOT_NGHIEP\doan_calamity_manager\vendor\laravel\framework\src\Illuminate\Pipeline\Pipeline.php(208): Illuminate\Session\Middleware\StartSession-&gt;handle()
#25 D:\DO_AN_TOT_NGHIEP\doan_calamity_manager\vendor\laravel\framework\src\Illuminate\Cookie\Middleware\AddQueuedCookiesToResponse.php(36): Illuminate\Pipeline\Pipeline-&gt;Illuminate\Pipeline\{closure}()
#26 D:\DO_AN_TOT_NGHIEP\doan_calamity_manager\vendor\laravel\framework\src\Illuminate\Pipeline\Pipeline.php(208): Illuminate\Cookie\Middleware\AddQueuedCookiesToResponse-&gt;handle()
#27 D:\DO_AN_TOT_NGHIEP\doan_calamity_manager\vendor\laravel\framework\src\Illuminate\Cookie\Middleware\EncryptCookies.php(74): Illuminate\Pipeline\Pipeline-&gt;Illuminate\Pipeline\{closure}()
#28 D:\DO_AN_TOT_NGHIEP\doan_calamity_manager\vendor\laravel\framework\src\Illuminate\Pipeline\Pipeline.php(208): Illuminate\Cookie\Middleware\EncryptCookies-&gt;handle()
#29 D:\DO_AN_TOT_NGHIEP\doan_calamity_manager\vendor\laravel\framework\src\Illuminate\Pipeline\Pipeline.php(126): Illuminate\Pipeline\Pipeline-&gt;Illuminate\Pipeline\{closure}()
#30 D:\DO_AN_TOT_NGHIEP\doan_calamity_manager\vendor\laravel\framework\src\Illuminate\Routing\Router.php(807): Illuminate\Pipeline\Pipeline-&gt;then()
#31 D:\DO_AN_TOT_NGHIEP\doan_calamity_manager\vendor\laravel\framework\src\Illuminate\Routing\Router.php(786): Illuminate\Routing\Router-&gt;runRouteWithinStack()
#32 D:\DO_AN_TOT_NGHIEP\doan_calamity_manager\vendor\laravel\framework\src\Illuminate\Routing\Router.php(750): Illuminate\Routing\Router-&gt;runRoute()
#33 D:\DO_AN_TOT_NGHIEP\doan_calamity_manager\vendor\laravel\framework\src\Illuminate\Routing\Router.php(739): Illuminate\Routing\Router-&gt;dispatchToRoute()
#34 D:\DO_AN_TOT_NGHIEP\doan_calamity_manager\vendor\laravel\framework\src\Illuminate\Foundation\Http\Kernel.php(200): Illuminate\Routing\Router-&gt;dispatch()
#35 D:\DO_AN_TOT_NGHIEP\doan_calamity_manager\vendor\laravel\framework\src\Illuminate\Pipeline\Pipeline.php(169): Illuminate\Foundation\Http\Kernel-&gt;Illuminate\Foundation\Http\{closure}()
#36 D:\DO_AN_TOT_NGHIEP\doan_calamity_manager\vendor\laravel\framework\src\Illuminate\Foundation\Http\Middleware\TransformsRequest.php(21): Illuminate\Pipeline\Pipeline-&gt;Illuminate\Pipeline\{closure}()
#37 D:\DO_AN_TOT_NGHIEP\doan_calamity_manager\vendor\laravel\framework\src\Illuminate\Foundation\Http\Middleware\ConvertEmptyStringsToNull.php(31): Illuminate\Foundation\Http\Middleware\TransformsRequest-&gt;handle()
#38 D:\DO_AN_TOT_NGHIEP\doan_calamity_manager\vendor\laravel\framework\src\Illuminate\Pipeline\Pipeline.php(208): Illuminate\Foundation\Http\Middleware\ConvertEmptyStringsToNull-&gt;handle()
#39 D:\DO_AN_TOT_NGHIEP\doan_calamity_manager\vendor\laravel\framework\src\Illuminate\Foundation\Http\Middleware\TransformsRequest.php(21): Illuminate\Pipeline\Pipeline-&gt;Illuminate\Pipeline\{closure}()
#40 D:\DO_AN_TOT_NGHIEP\doan_calamity_manager\vendor\laravel\framework\src\Illuminate\Foundation\Http\Middleware\TrimStrings.php(51): Illuminate\Foundation\Http\Middleware\TransformsRequest-&gt;handle()
#41 D:\DO_AN_TOT_NGHIEP\doan_calamity_manager\vendor\laravel\framework\src\Illuminate\Pipeline\Pipeline.php(208): Illuminate\Foundation\Http\Middleware\TrimStrings-&gt;handle()
#42 D:\DO_AN_TOT_NGHIEP\doan_calamity_manager\vendor\laravel\framework\src\Illuminate\Http\Middleware\ValidatePostSize.php(27): Illuminate\Pipeline\Pipeline-&gt;Illuminate\Pipeline\{closure}()
#43 D:\DO_AN_TOT_NGHIEP\doan_calamity_manager\vendor\laravel\framework\src\Illuminate\Pipeline\Pipeline.php(208): Illuminate\Http\Middleware\ValidatePostSize-&gt;handle()
#44 D:\DO_AN_TOT_NGHIEP\doan_calamity_manager\vendor\laravel\framework\src\Illuminate\Foundation\Http\Middleware\PreventRequestsDuringMaintenance.php(109): Illuminate\Pipeline\Pipeline-&gt;Illuminate\Pipeline\{closure}()
#45 D:\DO_AN_TOT_NGHIEP\doan_calamity_manager\vendor\laravel\framework\src\Illuminate\Pipeline\Pipeline.php(208): Illuminate\Foundation\Http\Middleware\PreventRequestsDuringMaintenance-&gt;handle()
#46 D:\DO_AN_TOT_NGHIEP\doan_calamity_manager\vendor\laravel\framework\src\Illuminate\Http\Middleware\HandleCors.php(48): Illuminate\Pipeline\Pipeline-&gt;Illuminate\Pipeline\{closure}()
#47 D:\DO_AN_TOT_NGHIEP\doan_calamity_manager\vendor\laravel\framework\src\Illuminate\Pipeline\Pipeline.php(208): Illuminate\Http\Middleware\HandleCors-&gt;handle()
#48 D:\DO_AN_TOT_NGHIEP\doan_calamity_manager\vendor\laravel\framework\src\Illuminate\Http\Middleware\TrustProxies.php(58): Illuminate\Pipeline\Pipeline-&gt;Illuminate\Pipeline\{closure}()
#49 D:\DO_AN_TOT_NGHIEP\doan_calamity_manager\vendor\laravel\framework\src\Illuminate\Pipeline\Pipeline.php(208): Illuminate\Http\Middleware\TrustProxies-&gt;handle()
#50 D:\DO_AN_TOT_NGHIEP\doan_calamity_manager\vendor\laravel\framework\src\Illuminate\Foundation\Http\Middleware\InvokeDeferredCallbacks.php(22): Illuminate\Pipeline\Pipeline-&gt;Illuminate\Pipeline\{closure}()
#51 D:\DO_AN_TOT_NGHIEP\doan_calamity_manager\vendor\laravel\framework\src\Illuminate\Pipeline\Pipeline.php(208): Illuminate\Foundation\Http\Middleware\InvokeDeferredCallbacks-&gt;handle()
#52 D:\DO_AN_TOT_NGHIEP\doan_calamity_manager\vendor\laravel\framework\src\Illuminate\Http\Middleware\ValidatePathEncoding.php(26): Illuminate\Pipeline\Pipeline-&gt;Illuminate\Pipeline\{closure}()
#53 D:\DO_AN_TOT_NGHIEP\doan_calamity_manager\vendor\laravel\framework\src\Illuminate\Pipeline\Pipeline.php(208): Illuminate\Http\Middleware\ValidatePathEncoding-&gt;handle()
#54 D:\DO_AN_TOT_NGHIEP\doan_calamity_manager\vendor\laravel\framework\src\Illuminate\Pipeline\Pipeline.php(126): Illuminate\Pipeline\Pipeline-&gt;Illuminate\Pipeline\{closure}()
#55 D:\DO_AN_TOT_NGHIEP\doan_calamity_manager\vendor\laravel\framework\src\Illuminate\Foundation\Http\Kernel.php(175): Illuminate\Pipeline\Pipeline-&gt;then()
#56 D:\DO_AN_TOT_NGHIEP\doan_calamity_manager\vendor\laravel\framework\src\Illuminate\Foundation\Http\Kernel.php(144): Illuminate\Foundation\Http\Kernel-&gt;sendRequestThroughRouter()
#57 D:\DO_AN_TOT_NGHIEP\doan_calamity_manager\vendor\laravel\framework\src\Illuminate\Foundation\Testing\Concerns\MakesHttpRequests.php(607): Illuminate\Foundation\Http\Kernel-&gt;handle()
#58 D:\DO_AN_TOT_NGHIEP\doan_calamity_manager\vendor\laravel\framework\src\Illuminate\Foundation\Testing\Concerns\MakesHttpRequests.php(368): Illuminate\Foundation\Testing\TestCase-&gt;call()
#59 D:\DO_AN_TOT_NGHIEP\doan_calamity_manager\tests\Feature\CalamityManagementTest.php(34): Illuminate\Foundation\Testing\TestCase-&gt;get()
#60 D:\DO_AN_TOT_NGHIEP\doan_calamity_manager\vendor\phpunit\phpunit\src\Framework\TestCase.php(1656): Tests\Feature\CalamityManagementTest-&gt;test_guest_can_view_river_bank_calamity_list()
#61 D:\DO_AN_TOT_NGHIEP\doan_calamity_manager\vendor\phpunit\phpunit\src\Framework\TestCase.php(514): PHPUnit\Framework\TestCase-&gt;runTest()
#62 D:\DO_AN_TOT_NGHIEP\doan_calamity_manager\vendor\phpunit\phpunit\src\Framework\TestRunner\TestRunner.php(87): PHPUnit\Framework\TestCase-&gt;runBare()
#63 D:\DO_AN_TOT_NGHIEP\doan_calamity_manager\vendor\phpunit\phpunit\src\Framework\TestCase.php(361): PHPUnit\Framework\TestRunner-&gt;run()
#64 D:\DO_AN_TOT_NGHIEP\doan_calamity_manager\vendor\phpunit\phpunit\src\Framework\TestSuite.php(369): PHPUnit\Framework\TestCase-&gt;run()
#65 D:\DO_AN_TOT_NGHIEP\doan_calamity_manager\vendor\phpunit\phpunit\src\Framework\TestSuite.php(369): PHPUnit\Framework\TestSuite-&gt;run()
#66 D:\DO_AN_TOT_NGHIEP\doan_calamity_manager\vendor\phpunit\phpunit\src\Framework\TestSuite.php(369): PHPUnit\Framework\TestSuite-&gt;run()
#67 D:\DO_AN_TOT_NGHIEP\doan_calamity_manager\vendor\phpunit\phpunit\src\TextUI\TestRunner.php(64): PHPUnit\Framework\TestSuite-&gt;run()
#68 D:\DO_AN_TOT_NGHIEP\doan_calamity_manager\vendor\phpunit\phpunit\src\TextUI\Application.php(210): PHPUnit\TextUI\TestRunner-&gt;run()
#69 D:\DO_AN_TOT_NGHIEP\doan_calamity_manager\vendor\phpunit\phpunit\phpunit(104): PHPUnit\TextUI\Application-&gt;run()
#70 {main}

Next Illuminate\Database\QueryException: SQLSTATE[HY000]: General error: 1 no such function: YEAR (Connection: sqlite, SQL: select distinct YEAR(time) as year from "calamities" where exists (select * from "risk_levels" where "calamities"."risk_level_id" = "risk_levels"."id" and exists (select * from "type_of_calamities" where "risk_levels"."type_of_calamity_id" = "type_of_calamities"."id" and "slug" = sat-lo-bo-song-bo-bien)) order by "year" desc) in D:\DO_AN_TOT_NGHIEP\doan_calamity_manager\vendor\laravel\framework\src\Illuminate\Database\Connection.php:822
Stack trace:
#0 D:\DO_AN_TOT_NGHIEP\doan_calamity_manager\vendor\laravel\framework\src\Illuminate\Database\Connection.php(776): Illuminate\Database\Connection-&gt;runQueryCallback()
#1 D:\DO_AN_TOT_NGHIEP\doan_calamity_manager\vendor\laravel\framework\src\Illuminate\Database\Connection.php(395): Illuminate\Database\Connection-&gt;run()
#2 D:\DO_AN_TOT_NGHIEP\doan_calamity_manager\vendor\laravel\framework\src\Illuminate\Database\Query\Builder.php(3131): Illuminate\Database\Connection-&gt;select()
#3 D:\DO_AN_TOT_NGHIEP\doan_calamity_manager\vendor\laravel\framework\src\Illuminate\Database\Query\Builder.php(3389): Illuminate\Database\Query\Builder-&gt;runSelect()
#4 D:\DO_AN_TOT_NGHIEP\doan_calamity_manager\vendor\laravel\framework\src\Illuminate\Database\Query\Builder.php(3706): Illuminate\Database\Query\Builder-&gt;Illuminate\Database\Query\{closure}()
#5 D:\DO_AN_TOT_NGHIEP\doan_calamity_manager\vendor\laravel\framework\src\Illuminate\Database\Query\Builder.php(3385): Illuminate\Database\Query\Builder-&gt;onceWithColumns()
#6 D:\DO_AN_TOT_NGHIEP\doan_calamity_manager\vendor\laravel\framework\src\Illuminate\Database\Eloquent\Builder.php(1052): Illuminate\Database\Query\Builder-&gt;pluck()
#7 D:\DO_AN_TOT_NGHIEP\doan_calamity_manager\app\Http\Controllers\Calamities\RiverBankCalamityController.php(81): Illuminate\Database\Eloquent\Builder-&gt;pluck()
#8 D:\DO_AN_TOT_NGHIEP\doan_calamity_manager\vendor\laravel\framework\src\Illuminate\Routing\Controller.php(54): App\Http\Controllers\Calamities\RiverBankCalamityController-&gt;index()
#9 D:\DO_AN_TOT_NGHIEP\doan_calamity_manager\vendor\laravel\framework\src\Illuminate\Routing\ControllerDispatcher.php(43): Illuminate\Routing\Controller-&gt;callAction()
#10 D:\DO_AN_TOT_NGHIEP\doan_calamity_manager\vendor\laravel\framework\src\Illuminate\Routing\Route.php(265): Illuminate\Routing\ControllerDispatcher-&gt;dispatch()
#11 D:\DO_AN_TOT_NGHIEP\doan_calamity_manager\vendor\laravel\framework\src\Illuminate\Routing\Route.php(211): Illuminate\Routing\Route-&gt;runController()
#12 D:\DO_AN_TOT_NGHIEP\doan_calamity_manager\vendor\laravel\framework\src\Illuminate\Routing\Router.php(808): Illuminate\Routing\Route-&gt;run()
#13 D:\DO_AN_TOT_NGHIEP\doan_calamity_manager\vendor\laravel\framework\src\Illuminate\Pipeline\Pipeline.php(169): Illuminate\Routing\Router-&gt;Illuminate\Routing\{closure}()
#14 D:\DO_AN_TOT_NGHIEP\doan_calamity_manager\vendor\laravel\framework\src\Illuminate\Routing\Middleware\SubstituteBindings.php(50): Illuminate\Pipeline\Pipeline-&gt;Illuminate\Pipeline\{closure}()
#15 D:\DO_AN_TOT_NGHIEP\doan_calamity_manager\vendor\laravel\framework\src\Illuminate\Pipeline\Pipeline.php(208): Illuminate\Routing\Middleware\SubstituteBindings-&gt;handle()
#16 D:\DO_AN_TOT_NGHIEP\doan_calamity_manager\vendor\laravel\framework\src\Illuminate\Foundation\Http\Middleware\VerifyCsrfToken.php(87): Illuminate\Pipeline\Pipeline-&gt;Illuminate\Pipeline\{closure}()
#17 D:\DO_AN_TOT_NGHIEP\doan_calamity_manager\vendor\laravel\framework\src\Illuminate\Pipeline\Pipeline.php(208): Illuminate\Foundation\Http\Middleware\VerifyCsrfToken-&gt;handle()
#18 D:\DO_AN_TOT_NGHIEP\doan_calamity_manager\vendor\laravel\framework\src\Illuminate\View\Middleware\ShareErrorsFromSession.php(48): Illuminate\Pipeline\Pipeline-&gt;Illuminate\Pipeline\{closure}()
#19 D:\DO_AN_TOT_NGHIEP\doan_calamity_manager\vendor\laravel\framework\src\Illuminate\Pipeline\Pipeline.php(208): Illuminate\View\Middleware\ShareErrorsFromSession-&gt;handle()
#20 D:\DO_AN_TOT_NGHIEP\doan_calamity_manager\vendor\laravel\framework\src\Illuminate\Session\Middleware\StartSession.php(120): Illuminate\Pipeline\Pipeline-&gt;Illuminate\Pipeline\{closure}()
#21 D:\DO_AN_TOT_NGHIEP\doan_calamity_manager\vendor\laravel\framework\src\Illuminate\Session\Middleware\StartSession.php(63): Illuminate\Session\Middleware\StartSession-&gt;handleStatefulRequest()
#22 D:\DO_AN_TOT_NGHIEP\doan_calamity_manager\vendor\laravel\framework\src\Illuminate\Pipeline\Pipeline.php(208): Illuminate\Session\Middleware\StartSession-&gt;handle()
#23 D:\DO_AN_TOT_NGHIEP\doan_calamity_manager\vendor\laravel\framework\src\Illuminate\Cookie\Middleware\AddQueuedCookiesToResponse.php(36): Illuminate\Pipeline\Pipeline-&gt;Illuminate\Pipeline\{closure}()
#24 D:\DO_AN_TOT_NGHIEP\doan_calamity_manager\vendor\laravel\framework\src\Illuminate\Pipeline\Pipeline.php(208): Illuminate\Cookie\Middleware\AddQueuedCookiesToResponse-&gt;handle()
#25 D:\DO_AN_TOT_NGHIEP\doan_calamity_manager\vendor\laravel\framework\src\Illuminate\Cookie\Middleware\EncryptCookies.php(74): Illuminate\Pipeline\Pipeline-&gt;Illuminate\Pipeline\{closure}()
#26 D:\DO_AN_TOT_NGHIEP\doan_calamity_manager\vendor\laravel\framework\src\Illuminate\Pipeline\Pipeline.php(208): Illuminate\Cookie\Middleware\EncryptCookies-&gt;handle()
#27 D:\DO_AN_TOT_NGHIEP\doan_calamity_manager\vendor\laravel\framework\src\Illuminate\Pipeline\Pipeline.php(126): Illuminate\Pipeline\Pipeline-&gt;Illuminate\Pipeline\{closure}()
#28 D:\DO_AN_TOT_NGHIEP\doan_calamity_manager\vendor\laravel\framework\src\Illuminate\Routing\Router.php(807): Illuminate\Pipeline\Pipeline-&gt;then()
#29 D:\DO_AN_TOT_NGHIEP\doan_calamity_manager\vendor\laravel\framework\src\Illuminate\Routing\Router.php(786): Illuminate\Routing\Router-&gt;runRouteWithinStack()
#30 D:\DO_AN_TOT_NGHIEP\doan_calamity_manager\vendor\laravel\framework\src\Illuminate\Routing\Router.php(750): Illuminate\Routing\Router-&gt;runRoute()
#31 D:\DO_AN_TOT_NGHIEP\doan_calamity_manager\vendor\laravel\framework\src\Illuminate\Routing\Router.php(739): Illuminate\Routing\Router-&gt;dispatchToRoute()
#32 D:\DO_AN_TOT_NGHIEP\doan_calamity_manager\vendor\laravel\framework\src\Illuminate\Foundation\Http\Kernel.php(200): Illuminate\Routing\Router-&gt;dispatch()
#33 D:\DO_AN_TOT_NGHIEP\doan_calamity_manager\vendor\laravel\framework\src\Illuminate\Pipeline\Pipeline.php(169): Illuminate\Foundation\Http\Kernel-&gt;Illuminate\Foundation\Http\{closure}()
#34 D:\DO_AN_TOT_NGHIEP\doan_calamity_manager\vendor\laravel\framework\src\Illuminate\Foundation\Http\Middleware\TransformsRequest.php(21): Illuminate\Pipeline\Pipeline-&gt;Illuminate\Pipeline\{closure}()
#35 D:\DO_AN_TOT_NGHIEP\doan_calamity_manager\vendor\laravel\framework\src\Illuminate\Foundation\Http\Middleware\ConvertEmptyStringsToNull.php(31): Illuminate\Foundation\Http\Middleware\TransformsRequest-&gt;handle()
#36 D:\DO_AN_TOT_NGHIEP\doan_calamity_manager\vendor\laravel\framework\src\Illuminate\Pipeline\Pipeline.php(208): Illuminate\Foundation\Http\Middleware\ConvertEmptyStringsToNull-&gt;handle()
#37 D:\DO_AN_TOT_NGHIEP\doan_calamity_manager\vendor\laravel\framework\src\Illuminate\Foundation\Http\Middleware\TransformsRequest.php(21): Illuminate\Pipeline\Pipeline-&gt;Illuminate\Pipeline\{closure}()
#38 D:\DO_AN_TOT_NGHIEP\doan_calamity_manager\vendor\laravel\framework\src\Illuminate\Foundation\Http\Middleware\TrimStrings.php(51): Illuminate\Foundation\Http\Middleware\TransformsRequest-&gt;handle()
#39 D:\DO_AN_TOT_NGHIEP\doan_calamity_manager\vendor\laravel\framework\src\Illuminate\Pipeline\Pipeline.php(208): Illuminate\Foundation\Http\Middleware\TrimStrings-&gt;handle()
#40 D:\DO_AN_TOT_NGHIEP\doan_calamity_manager\vendor\laravel\framework\src\Illuminate\Http\Middleware\ValidatePostSize.php(27): Illuminate\Pipeline\Pipeline-&gt;Illuminate\Pipeline\{closure}()
#41 D:\DO_AN_TOT_NGHIEP\doan_calamity_manager\vendor\laravel\framework\src\Illuminate\Pipeline\Pipeline.php(208): Illuminate\Http\Middleware\ValidatePostSize-&gt;handle()
#42 D:\DO_AN_TOT_NGHIEP\doan_calamity_manager\vendor\laravel\framework\src\Illuminate\Foundation\Http\Middleware\PreventRequestsDuringMaintenance.php(109): Illuminate\Pipeline\Pipeline-&gt;Illuminate\Pipeline\{closure}()
#43 D:\DO_AN_TOT_NGHIEP\doan_calamity_manager\vendor\laravel\framework\src\Illuminate\Pipeline\Pipeline.php(208): Illuminate\Foundation\Http\Middleware\PreventRequestsDuringMaintenance-&gt;handle()
#44 D:\DO_AN_TOT_NGHIEP\doan_calamity_manager\vendor\laravel\framework\src\Illuminate\Http\Middleware\HandleCors.php(48): Illuminate\Pipeline\Pipeline-&gt;Illuminate\Pipeline\{closure}()
#45 D:\DO_AN_TOT_NGHIEP\doan_calamity_manager\vendor\laravel\framework\src\Illuminate\Pipeline\Pipeline.php(208): Illuminate\Http\Middleware\HandleCors-&gt;handle()
#46 D:\DO_AN_TOT_NGHIEP\doan_calamity_manager\vendor\laravel\framework\src\Illuminate\Http\Middleware\TrustProxies.php(58): Illuminate\Pipeline\Pipeline-&gt;Illuminate\Pipeline\{closure}()
#47 D:\DO_AN_TOT_NGHIEP\doan_calamity_manager\vendor\laravel\framework\src\Illuminate\Pipeline\Pipeline.php(208): Illuminate\Http\Middleware\TrustProxies-&gt;handle()
#48 D:\DO_AN_TOT_NGHIEP\doan_calamity_manager\vendor\laravel\framework\src\Illuminate\Foundation\Http\Middleware\InvokeDeferredCallbacks.php(22): Illuminate\Pipeline\Pipeline-&gt;Illuminate\Pipeline\{closure}()
#49 D:\DO_AN_TOT_NGHIEP\doan_calamity_manager\vendor\laravel\framework\src\Illuminate\Pipeline\Pipeline.php(208): Illuminate\Foundation\Http\Middleware\InvokeDeferredCallbacks-&gt;handle()
#50 D:\DO_AN_TOT_NGHIEP\doan_calamity_manager\vendor\laravel\framework\src\Illuminate\Http\Middleware\ValidatePathEncoding.php(26): Illuminate\Pipeline\Pipeline-&gt;Illuminate\Pipeline\{closure}()
#51 D:\DO_AN_TOT_NGHIEP\doan_calamity_manager\vendor\laravel\framework\src\Illuminate\Pipeline\Pipeline.php(208): Illuminate\Http\Middleware\ValidatePathEncoding-&gt;handle()
#52 D:\DO_AN_TOT_NGHIEP\doan_calamity_manager\vendor\laravel\framework\src\Illuminate\Pipeline\Pipeline.php(126): Illuminate\Pipeline\Pipeline-&gt;Illuminate\Pipeline\{closure}()
#53 D:\DO_AN_TOT_NGHIEP\doan_calamity_manager\vendor\laravel\framework\src\Illuminate\Foundation\Http\Kernel.php(175): Illuminate\Pipeline\Pipeline-&gt;then()
#54 D:\DO_AN_TOT_NGHIEP\doan_calamity_manager\vendor\laravel\framework\src\Illuminate\Foundation\Http\Kernel.php(144): Illuminate\Foundation\Http\Kernel-&gt;sendRequestThroughRouter()
#55 D:\DO_AN_TOT_NGHIEP\doan_calamity_manager\vendor\laravel\framework\src\Illuminate\Foundation\Testing\Concerns\MakesHttpRequests.php(607): Illuminate\Foundation\Http\Kernel-&gt;handle()
#56 D:\DO_AN_TOT_NGHIEP\doan_calamity_manager\vendor\laravel\framework\src\Illuminate\Foundation\Testing\Concerns\MakesHttpRequests.php(368): Illuminate\Foundation\Testing\TestCase-&gt;call()
#57 D:\DO_AN_TOT_NGHIEP\doan_calamity_manager\tests\Feature\CalamityManagementTest.php(34): Illuminate\Foundation\Testing\TestCase-&gt;get()
#58 D:\DO_AN_TOT_NGHIEP\doan_calamity_manager\vendor\phpunit\phpunit\src\Framework\TestCase.php(1656): Tests\Feature\CalamityManagementTest-&gt;test_guest_can_view_river_bank_calamity_list()
#59 D:\DO_AN_TOT_NGHIEP\doan_calamity_manager\vendor\phpunit\phpunit\src\Framework\TestCase.php(514): PHPUnit\Framework\TestCase-&gt;runTest()
#60 D:\DO_AN_TOT_NGHIEP\doan_calamity_manager\vendor\phpunit\phpunit\src\Framework\TestRunner\TestRunner.php(87): PHPUnit\Framework\TestCase-&gt;runBare()
#61 D:\DO_AN_TOT_NGHIEP\doan_calamity_manager\vendor\phpunit\phpunit\src\Framework\TestCase.php(361): PHPUnit\Framework\TestRunner-&gt;run()
#62 D:\DO_AN_TOT_NGHIEP\doan_calamity_manager\vendor\phpunit\phpunit\src\Framework\TestSuite.php(369): PHPUnit\Framework\TestCase-&gt;run()
#63 D:\DO_AN_TOT_NGHIEP\doan_calamity_manager\vendor\phpunit\phpunit\src\Framework\TestSuite.php(369): PHPUnit\Framework\TestSuite-&gt;run()
#64 D:\DO_AN_TOT_NGHIEP\doan_calamity_manager\vendor\phpunit\phpunit\src\Framework\TestSuite.php(369): PHPUnit\Framework\TestSuite-&gt;run()
#65 D:\DO_AN_TOT_NGHIEP\doan_calamity_manager\vendor\phpunit\phpunit\src\TextUI\TestRunner.php(64): PHPUnit\Framework\TestSuite-&gt;run()
#66 D:\DO_AN_TOT_NGHIEP\doan_calamity_manager\vendor\phpunit\phpunit\src\TextUI\Application.php(210): PHPUnit\TextUI\TestRunner-&gt;run()
#67 D:\DO_AN_TOT_NGHIEP\doan_calamity_manager\vendor\phpunit\phpunit\phpunit(104): PHPUnit\TextUI\Application-&gt;run()
#68 {main}

----------------------------------------------------------------------------------

SQLSTATE[HY000]: General error: 1 no such function: YEAR (Connection: sqlite, SQL: select distinct YEAR(time) as year from "calamities" where exists (select * from "risk_levels" where "calamities"."risk_level_id" = "risk_levels"."id" and exists (select * from "type_of_calamities" where "risk_levels"."type_of_calamity_id" = "type_of_calamities"."id" and "slug" = sat-lo-bo-song-bo-bien)) order by "year" desc)
&#13;
D:\DO_AN_TOT_NGHIEP\doan_calamity_manager\vendor\laravel\framework\src\Illuminate\Testing\TestResponseAssert.php:45
D:\DO_AN_TOT_NGHIEP\doan_calamity_manager\vendor\laravel\framework\src\Illuminate\Testing\TestResponse.php:174
D:\DO_AN_TOT_NGHIEP\doan_calamity_manager\tests\Feature\CalamityManagementTest.php:35</failure>
        </testcase>
        <testcase name="test_authenticated_user_can_view_create_flooding_calamity_form" file="D:\DO_AN_TOT_NGHIEP\doan_calamity_manager\tests\Feature\CalamityManagementTest.php" line="38" class="Tests\Feature\CalamityManagementTest" classname="Tests.Feature.CalamityManagementTest" assertions="1" time="0.055372"/>
        <testcase name="test_authenticated_user_can_view_create_storm_calamity_form" file="D:\DO_AN_TOT_NGHIEP\doan_calamity_manager\tests\Feature\CalamityManagementTest.php" line="48" class="Tests\Feature\CalamityManagementTest" classname="Tests.Feature.CalamityManagementTest" assertions="1" time="0.043556"/>
        <testcase name="test_authenticated_user_can_view_create_river_bank_calamity_form" file="D:\DO_AN_TOT_NGHIEP\doan_calamity_manager\tests\Feature\CalamityManagementTest.php" line="58" class="Tests\Feature\CalamityManagementTest" classname="Tests.Feature.CalamityManagementTest" assertions="1" time="0.038502"/>
        <testcase name="test_authenticated_user_can_create_new_flooding_calamity" file="D:\DO_AN_TOT_NGHIEP\doan_calamity_manager\tests\Feature\CalamityManagementTest.php" line="68" class="Tests\Feature\CalamityManagementTest" classname="Tests.Feature.CalamityManagementTest" assertions="1" time="0.538918">
          <failure type="PHPUnit\Framework\ExpectationFailedException">Tests\Feature\CalamityManagementTest::test_authenticated_user_can_create_new_flooding_calamity&#13;
Expected response status code [201, 301, 302, 303, 307, 308] but received 500.
Failed asserting that false is true.&#13;
&#13;
The following exception occurred during the last request:

PDOException: SQLSTATE[HY000]: General error: 1 table calamities has no column named created_by_user_id in D:\DO_AN_TOT_NGHIEP\doan_calamity_manager\vendor\laravel\framework\src\Illuminate\Database\Connection.php:562
Stack trace:
#0 D:\DO_AN_TOT_NGHIEP\doan_calamity_manager\vendor\laravel\framework\src\Illuminate\Database\Connection.php(562): PDO-&gt;prepare()
#1 D:\DO_AN_TOT_NGHIEP\doan_calamity_manager\vendor\laravel\framework\src\Illuminate\Database\Connection.php(809): Illuminate\Database\Connection-&gt;Illuminate\Database\{closure}()
#2 D:\DO_AN_TOT_NGHIEP\doan_calamity_manager\vendor\laravel\framework\src\Illuminate\Database\Connection.php(776): Illuminate\Database\Connection-&gt;runQueryCallback()
#3 D:\DO_AN_TOT_NGHIEP\doan_calamity_manager\vendor\laravel\framework\src\Illuminate\Database\Connection.php(557): Illuminate\Database\Connection-&gt;run()
#4 D:\DO_AN_TOT_NGHIEP\doan_calamity_manager\vendor\laravel\framework\src\Illuminate\Database\Connection.php(521): Illuminate\Database\Connection-&gt;statement()
#5 D:\DO_AN_TOT_NGHIEP\doan_calamity_manager\vendor\laravel\framework\src\Illuminate\Database\Query\Processors\Processor.php(32): Illuminate\Database\Connection-&gt;insert()
#6 D:\DO_AN_TOT_NGHIEP\doan_calamity_manager\vendor\laravel\framework\src\Illuminate\Database\Query\Builder.php(3796): Illuminate\Database\Query\Processors\Processor-&gt;processInsertGetId()
#7 D:\DO_AN_TOT_NGHIEP\doan_calamity_manager\vendor\laravel\framework\src\Illuminate\Database\Eloquent\Builder.php(2205): Illuminate\Database\Query\Builder-&gt;insertGetId()
#8 D:\DO_AN_TOT_NGHIEP\doan_calamity_manager\vendor\laravel\framework\src\Illuminate\Database\Eloquent\Model.php(1410): Illuminate\Database\Eloquent\Builder-&gt;__call()
#9 D:\DO_AN_TOT_NGHIEP\doan_calamity_manager\vendor\laravel\framework\src\Illuminate\Database\Eloquent\Model.php(1375): Illuminate\Database\Eloquent\Model-&gt;insertAndSetId()
#10 D:\DO_AN_TOT_NGHIEP\doan_calamity_manager\vendor\laravel\framework\src\Illuminate\Database\Eloquent\Model.php(1214): Illuminate\Database\Eloquent\Model-&gt;performInsert()
#11 D:\DO_AN_TOT_NGHIEP\doan_calamity_manager\vendor\laravel\framework\src\Illuminate\Database\Eloquent\Builder.php(1189): Illuminate\Database\Eloquent\Model-&gt;save()
#12 D:\DO_AN_TOT_NGHIEP\doan_calamity_manager\vendor\laravel\framework\src\Illuminate\Support\helpers.php(399): Illuminate\Database\Eloquent\Builder-&gt;Illuminate\Database\Eloquent\{closure}()
#13 D:\DO_AN_TOT_NGHIEP\doan_calamity_manager\vendor\laravel\framework\src\Illuminate\Database\Eloquent\Builder.php(1188): tap()
#14 D:\DO_AN_TOT_NGHIEP\doan_calamity_manager\vendor\laravel\framework\src\Illuminate\Support\Traits\ForwardsCalls.php(23): Illuminate\Database\Eloquent\Builder-&gt;create()
#15 D:\DO_AN_TOT_NGHIEP\doan_calamity_manager\vendor\laravel\framework\src\Illuminate\Database\Eloquent\Model.php(2496): Illuminate\Database\Eloquent\Model-&gt;forwardCallTo()
#16 D:\DO_AN_TOT_NGHIEP\doan_calamity_manager\vendor\laravel\framework\src\Illuminate\Database\Eloquent\Model.php(2512): Illuminate\Database\Eloquent\Model-&gt;__call()
#17 D:\DO_AN_TOT_NGHIEP\doan_calamity_manager\app\Http\Controllers\Calamities\FloodingCalamityController.php(179): Illuminate\Database\Eloquent\Model::__callStatic()
#18 D:\DO_AN_TOT_NGHIEP\doan_calamity_manager\vendor\laravel\framework\src\Illuminate\Routing\Controller.php(54): App\Http\Controllers\Calamities\FloodingCalamityController-&gt;store()
#19 D:\DO_AN_TOT_NGHIEP\doan_calamity_manager\vendor\laravel\framework\src\Illuminate\Routing\ControllerDispatcher.php(43): Illuminate\Routing\Controller-&gt;callAction()
#20 D:\DO_AN_TOT_NGHIEP\doan_calamity_manager\vendor\laravel\framework\src\Illuminate\Routing\Route.php(265): Illuminate\Routing\ControllerDispatcher-&gt;dispatch()
#21 D:\DO_AN_TOT_NGHIEP\doan_calamity_manager\vendor\laravel\framework\src\Illuminate\Routing\Route.php(211): Illuminate\Routing\Route-&gt;runController()
#22 D:\DO_AN_TOT_NGHIEP\doan_calamity_manager\vendor\laravel\framework\src\Illuminate\Routing\Router.php(808): Illuminate\Routing\Route-&gt;run()
#23 D:\DO_AN_TOT_NGHIEP\doan_calamity_manager\vendor\laravel\framework\src\Illuminate\Pipeline\Pipeline.php(169): Illuminate\Routing\Router-&gt;Illuminate\Routing\{closure}()
#24 D:\DO_AN_TOT_NGHIEP\doan_calamity_manager\vendor\laravel\framework\src\Illuminate\Routing\Middleware\SubstituteBindings.php(50): Illuminate\Pipeline\Pipeline-&gt;Illuminate\Pipeline\{closure}()
#25 D:\DO_AN_TOT_NGHIEP\doan_calamity_manager\vendor\laravel\framework\src\Illuminate\Pipeline\Pipeline.php(208): Illuminate\Routing\Middleware\SubstituteBindings-&gt;handle()
#26 D:\DO_AN_TOT_NGHIEP\doan_calamity_manager\vendor\laravel\framework\src\Illuminate\Auth\Middleware\Authenticate.php(63): Illuminate\Pipeline\Pipeline-&gt;Illuminate\Pipeline\{closure}()
#27 D:\DO_AN_TOT_NGHIEP\doan_calamity_manager\vendor\laravel\framework\src\Illuminate\Pipeline\Pipeline.php(208): Illuminate\Auth\Middleware\Authenticate-&gt;handle()
#28 D:\DO_AN_TOT_NGHIEP\doan_calamity_manager\vendor\laravel\framework\src\Illuminate\Foundation\Http\Middleware\VerifyCsrfToken.php(87): Illuminate\Pipeline\Pipeline-&gt;Illuminate\Pipeline\{closure}()
#29 D:\DO_AN_TOT_NGHIEP\doan_calamity_manager\vendor\laravel\framework\src\Illuminate\Pipeline\Pipeline.php(208): Illuminate\Foundation\Http\Middleware\VerifyCsrfToken-&gt;handle()
#30 D:\DO_AN_TOT_NGHIEP\doan_calamity_manager\vendor\laravel\framework\src\Illuminate\View\Middleware\ShareErrorsFromSession.php(48): Illuminate\Pipeline\Pipeline-&gt;Illuminate\Pipeline\{closure}()
#31 D:\DO_AN_TOT_NGHIEP\doan_calamity_manager\vendor\laravel\framework\src\Illuminate\Pipeline\Pipeline.php(208): Illuminate\View\Middleware\ShareErrorsFromSession-&gt;handle()
#32 D:\DO_AN_TOT_NGHIEP\doan_calamity_manager\vendor\laravel\framework\src\Illuminate\Session\Middleware\StartSession.php(120): Illuminate\Pipeline\Pipeline-&gt;Illuminate\Pipeline\{closure}()
#33 D:\DO_AN_TOT_NGHIEP\doan_calamity_manager\vendor\laravel\framework\src\Illuminate\Session\Middleware\StartSession.php(63): Illuminate\Session\Middleware\StartSession-&gt;handleStatefulRequest()
#34 D:\DO_AN_TOT_NGHIEP\doan_calamity_manager\vendor\laravel\framework\src\Illuminate\Pipeline\Pipeline.php(208): Illuminate\Session\Middleware\StartSession-&gt;handle()
#35 D:\DO_AN_TOT_NGHIEP\doan_calamity_manager\vendor\laravel\framework\src\Illuminate\Cookie\Middleware\AddQueuedCookiesToResponse.php(36): Illuminate\Pipeline\Pipeline-&gt;Illuminate\Pipeline\{closure}()
#36 D:\DO_AN_TOT_NGHIEP\doan_calamity_manager\vendor\laravel\framework\src\Illuminate\Pipeline\Pipeline.php(208): Illuminate\Cookie\Middleware\AddQueuedCookiesToResponse-&gt;handle()
#37 D:\DO_AN_TOT_NGHIEP\doan_calamity_manager\vendor\laravel\framework\src\Illuminate\Cookie\Middleware\EncryptCookies.php(74): Illuminate\Pipeline\Pipeline-&gt;Illuminate\Pipeline\{closure}()
#38 D:\DO_AN_TOT_NGHIEP\doan_calamity_manager\vendor\laravel\framework\src\Illuminate\Pipeline\Pipeline.php(208): Illuminate\Cookie\Middleware\EncryptCookies-&gt;handle()
#39 D:\DO_AN_TOT_NGHIEP\doan_calamity_manager\vendor\laravel\framework\src\Illuminate\Pipeline\Pipeline.php(126): Illuminate\Pipeline\Pipeline-&gt;Illuminate\Pipeline\{closure}()
#40 D:\DO_AN_TOT_NGHIEP\doan_calamity_manager\vendor\laravel\framework\src\Illuminate\Routing\Router.php(807): Illuminate\Pipeline\Pipeline-&gt;then()
#41 D:\DO_AN_TOT_NGHIEP\doan_calamity_manager\vendor\laravel\framework\src\Illuminate\Routing\Router.php(786): Illuminate\Routing\Router-&gt;runRouteWithinStack()
#42 D:\DO_AN_TOT_NGHIEP\doan_calamity_manager\vendor\laravel\framework\src\Illuminate\Routing\Router.php(750): Illuminate\Routing\Router-&gt;runRoute()
#43 D:\DO_AN_TOT_NGHIEP\doan_calamity_manager\vendor\laravel\framework\src\Illuminate\Routing\Router.php(739): Illuminate\Routing\Router-&gt;dispatchToRoute()
#44 D:\DO_AN_TOT_NGHIEP\doan_calamity_manager\vendor\laravel\framework\src\Illuminate\Foundation\Http\Kernel.php(200): Illuminate\Routing\Router-&gt;dispatch()
#45 D:\DO_AN_TOT_NGHIEP\doan_calamity_manager\vendor\laravel\framework\src\Illuminate\Pipeline\Pipeline.php(169): Illuminate\Foundation\Http\Kernel-&gt;Illuminate\Foundation\Http\{closure}()
#46 D:\DO_AN_TOT_NGHIEP\doan_calamity_manager\vendor\laravel\framework\src\Illuminate\Foundation\Http\Middleware\TransformsRequest.php(21): Illuminate\Pipeline\Pipeline-&gt;Illuminate\Pipeline\{closure}()
#47 D:\DO_AN_TOT_NGHIEP\doan_calamity_manager\vendor\laravel\framework\src\Illuminate\Foundation\Http\Middleware\ConvertEmptyStringsToNull.php(31): Illuminate\Foundation\Http\Middleware\TransformsRequest-&gt;handle()
#48 D:\DO_AN_TOT_NGHIEP\doan_calamity_manager\vendor\laravel\framework\src\Illuminate\Pipeline\Pipeline.php(208): Illuminate\Foundation\Http\Middleware\ConvertEmptyStringsToNull-&gt;handle()
#49 D:\DO_AN_TOT_NGHIEP\doan_calamity_manager\vendor\laravel\framework\src\Illuminate\Foundation\Http\Middleware\TransformsRequest.php(21): Illuminate\Pipeline\Pipeline-&gt;Illuminate\Pipeline\{closure}()
#50 D:\DO_AN_TOT_NGHIEP\doan_calamity_manager\vendor\laravel\framework\src\Illuminate\Foundation\Http\Middleware\TrimStrings.php(51): Illuminate\Foundation\Http\Middleware\TransformsRequest-&gt;handle()
#51 D:\DO_AN_TOT_NGHIEP\doan_calamity_manager\vendor\laravel\framework\src\Illuminate\Pipeline\Pipeline.php(208): Illuminate\Foundation\Http\Middleware\TrimStrings-&gt;handle()
#52 D:\DO_AN_TOT_NGHIEP\doan_calamity_manager\vendor\laravel\framework\src\Illuminate\Http\Middleware\ValidatePostSize.php(27): Illuminate\Pipeline\Pipeline-&gt;Illuminate\Pipeline\{closure}()
#53 D:\DO_AN_TOT_NGHIEP\doan_calamity_manager\vendor\laravel\framework\src\Illuminate\Pipeline\Pipeline.php(208): Illuminate\Http\Middleware\ValidatePostSize-&gt;handle()
#54 D:\DO_AN_TOT_NGHIEP\doan_calamity_manager\vendor\laravel\framework\src\Illuminate\Foundation\Http\Middleware\PreventRequestsDuringMaintenance.php(109): Illuminate\Pipeline\Pipeline-&gt;Illuminate\Pipeline\{closure}()
#55 D:\DO_AN_TOT_NGHIEP\doan_calamity_manager\vendor\laravel\framework\src\Illuminate\Pipeline\Pipeline.php(208): Illuminate\Foundation\Http\Middleware\PreventRequestsDuringMaintenance-&gt;handle()
#56 D:\DO_AN_TOT_NGHIEP\doan_calamity_manager\vendor\laravel\framework\src\Illuminate\Http\Middleware\HandleCors.php(48): Illuminate\Pipeline\Pipeline-&gt;Illuminate\Pipeline\{closure}()
#57 D:\DO_AN_TOT_NGHIEP\doan_calamity_manager\vendor\laravel\framework\src\Illuminate\Pipeline\Pipeline.php(208): Illuminate\Http\Middleware\HandleCors-&gt;handle()
#58 D:\DO_AN_TOT_NGHIEP\doan_calamity_manager\vendor\laravel\framework\src\Illuminate\Http\Middleware\TrustProxies.php(58): Illuminate\Pipeline\Pipeline-&gt;Illuminate\Pipeline\{closure}()
#59 D:\DO_AN_TOT_NGHIEP\doan_calamity_manager\vendor\laravel\framework\src\Illuminate\Pipeline\Pipeline.php(208): Illuminate\Http\Middleware\TrustProxies-&gt;handle()
#60 D:\DO_AN_TOT_NGHIEP\doan_calamity_manager\vendor\laravel\framework\src\Illuminate\Foundation\Http\Middleware\InvokeDeferredCallbacks.php(22): Illuminate\Pipeline\Pipeline-&gt;Illuminate\Pipeline\{closure}()
#61 D:\DO_AN_TOT_NGHIEP\doan_calamity_manager\vendor\laravel\framework\src\Illuminate\Pipeline\Pipeline.php(208): Illuminate\Foundation\Http\Middleware\InvokeDeferredCallbacks-&gt;handle()
#62 D:\DO_AN_TOT_NGHIEP\doan_calamity_manager\vendor\laravel\framework\src\Illuminate\Http\Middleware\ValidatePathEncoding.php(26): Illuminate\Pipeline\Pipeline-&gt;Illuminate\Pipeline\{closure}()
#63 D:\DO_AN_TOT_NGHIEP\doan_calamity_manager\vendor\laravel\framework\src\Illuminate\Pipeline\Pipeline.php(208): Illuminate\Http\Middleware\ValidatePathEncoding-&gt;handle()
#64 D:\DO_AN_TOT_NGHIEP\doan_calamity_manager\vendor\laravel\framework\src\Illuminate\Pipeline\Pipeline.php(126): Illuminate\Pipeline\Pipeline-&gt;Illuminate\Pipeline\{closure}()
#65 D:\DO_AN_TOT_NGHIEP\doan_calamity_manager\vendor\laravel\framework\src\Illuminate\Foundation\Http\Kernel.php(175): Illuminate\Pipeline\Pipeline-&gt;then()
#66 D:\DO_AN_TOT_NGHIEP\doan_calamity_manager\vendor\laravel\framework\src\Illuminate\Foundation\Http\Kernel.php(144): Illuminate\Foundation\Http\Kernel-&gt;sendRequestThroughRouter()
#67 D:\DO_AN_TOT_NGHIEP\doan_calamity_manager\vendor\laravel\framework\src\Illuminate\Foundation\Testing\Concerns\MakesHttpRequests.php(607): Illuminate\Foundation\Http\Kernel-&gt;handle()
#68 D:\DO_AN_TOT_NGHIEP\doan_calamity_manager\vendor\laravel\framework\src\Illuminate\Foundation\Testing\Concerns\MakesHttpRequests.php(397): Illuminate\Foundation\Testing\TestCase-&gt;call()
#69 D:\DO_AN_TOT_NGHIEP\doan_calamity_manager\tests\Feature\CalamityManagementTest.php(79): Illuminate\Foundation\Testing\TestCase-&gt;post()
#70 D:\DO_AN_TOT_NGHIEP\doan_calamity_manager\vendor\phpunit\phpunit\src\Framework\TestCase.php(1656): Tests\Feature\CalamityManagementTest-&gt;test_authenticated_user_can_create_new_flooding_calamity()
#71 D:\DO_AN_TOT_NGHIEP\doan_calamity_manager\vendor\phpunit\phpunit\src\Framework\TestCase.php(514): PHPUnit\Framework\TestCase-&gt;runTest()
#72 D:\DO_AN_TOT_NGHIEP\doan_calamity_manager\vendor\phpunit\phpunit\src\Framework\TestRunner\TestRunner.php(87): PHPUnit\Framework\TestCase-&gt;runBare()
#73 D:\DO_AN_TOT_NGHIEP\doan_calamity_manager\vendor\phpunit\phpunit\src\Framework\TestCase.php(361): PHPUnit\Framework\TestRunner-&gt;run()
#74 D:\DO_AN_TOT_NGHIEP\doan_calamity_manager\vendor\phpunit\phpunit\src\Framework\TestSuite.php(369): PHPUnit\Framework\TestCase-&gt;run()
#75 D:\DO_AN_TOT_NGHIEP\doan_calamity_manager\vendor\phpunit\phpunit\src\Framework\TestSuite.php(369): PHPUnit\Framework\TestSuite-&gt;run()
#76 D:\DO_AN_TOT_NGHIEP\doan_calamity_manager\vendor\phpunit\phpunit\src\Framework\TestSuite.php(369): PHPUnit\Framework\TestSuite-&gt;run()
#77 D:\DO_AN_TOT_NGHIEP\doan_calamity_manager\vendor\phpunit\phpunit\src\TextUI\TestRunner.php(64): PHPUnit\Framework\TestSuite-&gt;run()
#78 D:\DO_AN_TOT_NGHIEP\doan_calamity_manager\vendor\phpunit\phpunit\src\TextUI\Application.php(210): PHPUnit\TextUI\TestRunner-&gt;run()
#79 D:\DO_AN_TOT_NGHIEP\doan_calamity_manager\vendor\phpunit\phpunit\phpunit(104): PHPUnit\TextUI\Application-&gt;run()
#80 {main}

Next Illuminate\Database\QueryException: SQLSTATE[HY000]: General error: 1 table calamities has no column named created_by_user_id (Connection: sqlite, SQL: insert into "calamities" ("risk_level_id", "name", "coordinates", "flood_level", "flood_range", "flooded_area", "time_start", "time_end", "sprint_time", "reason", "number_of_people_affected", "human_damage", "property_damage", "damaged_infrastructure", "mitigation_measures", "data_source", "created_by_user_id", "slug", "updated_at", "created_at") values (1, Test Flooding Calamity, 10.123,20.456, 2.5, 100m, 50, 2025-07-15, 2025-07-16, 24, Heavy rain, 100, None, Minor, Roads, Pumping, Local reports, 1, test-flooding-calamity, 2025-07-14 06:37:22, 2025-07-14 06:37:22)) in D:\DO_AN_TOT_NGHIEP\doan_calamity_manager\vendor\laravel\framework\src\Illuminate\Database\Connection.php:822
Stack trace:
#0 D:\DO_AN_TOT_NGHIEP\doan_calamity_manager\vendor\laravel\framework\src\Illuminate\Database\Connection.php(776): Illuminate\Database\Connection-&gt;runQueryCallback()
#1 D:\DO_AN_TOT_NGHIEP\doan_calamity_manager\vendor\laravel\framework\src\Illuminate\Database\Connection.php(557): Illuminate\Database\Connection-&gt;run()
#2 D:\DO_AN_TOT_NGHIEP\doan_calamity_manager\vendor\laravel\framework\src\Illuminate\Database\Connection.php(521): Illuminate\Database\Connection-&gt;statement()
#3 D:\DO_AN_TOT_NGHIEP\doan_calamity_manager\vendor\laravel\framework\src\Illuminate\Database\Query\Processors\Processor.php(32): Illuminate\Database\Connection-&gt;insert()
#4 D:\DO_AN_TOT_NGHIEP\doan_calamity_manager\vendor\laravel\framework\src\Illuminate\Database\Query\Builder.php(3796): Illuminate\Database\Query\Processors\Processor-&gt;processInsertGetId()
#5 D:\DO_AN_TOT_NGHIEP\doan_calamity_manager\vendor\laravel\framework\src\Illuminate\Database\Eloquent\Builder.php(2205): Illuminate\Database\Query\Builder-&gt;insertGetId()
#6 D:\DO_AN_TOT_NGHIEP\doan_calamity_manager\vendor\laravel\framework\src\Illuminate\Database\Eloquent\Model.php(1410): Illuminate\Database\Eloquent\Builder-&gt;__call()
#7 D:\DO_AN_TOT_NGHIEP\doan_calamity_manager\vendor\laravel\framework\src\Illuminate\Database\Eloquent\Model.php(1375): Illuminate\Database\Eloquent\Model-&gt;insertAndSetId()
#8 D:\DO_AN_TOT_NGHIEP\doan_calamity_manager\vendor\laravel\framework\src\Illuminate\Database\Eloquent\Model.php(1214): Illuminate\Database\Eloquent\Model-&gt;performInsert()
#9 D:\DO_AN_TOT_NGHIEP\doan_calamity_manager\vendor\laravel\framework\src\Illuminate\Database\Eloquent\Builder.php(1189): Illuminate\Database\Eloquent\Model-&gt;save()
#10 D:\DO_AN_TOT_NGHIEP\doan_calamity_manager\vendor\laravel\framework\src\Illuminate\Support\helpers.php(399): Illuminate\Database\Eloquent\Builder-&gt;Illuminate\Database\Eloquent\{closure}()
#11 D:\DO_AN_TOT_NGHIEP\doan_calamity_manager\vendor\laravel\framework\src\Illuminate\Database\Eloquent\Builder.php(1188): tap()
#12 D:\DO_AN_TOT_NGHIEP\doan_calamity_manager\vendor\laravel\framework\src\Illuminate\Support\Traits\ForwardsCalls.php(23): Illuminate\Database\Eloquent\Builder-&gt;create()
#13 D:\DO_AN_TOT_NGHIEP\doan_calamity_manager\vendor\laravel\framework\src\Illuminate\Database\Eloquent\Model.php(2496): Illuminate\Database\Eloquent\Model-&gt;forwardCallTo()
#14 D:\DO_AN_TOT_NGHIEP\doan_calamity_manager\vendor\laravel\framework\src\Illuminate\Database\Eloquent\Model.php(2512): Illuminate\Database\Eloquent\Model-&gt;__call()
#15 D:\DO_AN_TOT_NGHIEP\doan_calamity_manager\app\Http\Controllers\Calamities\FloodingCalamityController.php(179): Illuminate\Database\Eloquent\Model::__callStatic()
#16 D:\DO_AN_TOT_NGHIEP\doan_calamity_manager\vendor\laravel\framework\src\Illuminate\Routing\Controller.php(54): App\Http\Controllers\Calamities\FloodingCalamityController-&gt;store()
#17 D:\DO_AN_TOT_NGHIEP\doan_calamity_manager\vendor\laravel\framework\src\Illuminate\Routing\ControllerDispatcher.php(43): Illuminate\Routing\Controller-&gt;callAction()
#18 D:\DO_AN_TOT_NGHIEP\doan_calamity_manager\vendor\laravel\framework\src\Illuminate\Routing\Route.php(265): Illuminate\Routing\ControllerDispatcher-&gt;dispatch()
#19 D:\DO_AN_TOT_NGHIEP\doan_calamity_manager\vendor\laravel\framework\src\Illuminate\Routing\Route.php(211): Illuminate\Routing\Route-&gt;runController()
#20 D:\DO_AN_TOT_NGHIEP\doan_calamity_manager\vendor\laravel\framework\src\Illuminate\Routing\Router.php(808): Illuminate\Routing\Route-&gt;run()
#21 D:\DO_AN_TOT_NGHIEP\doan_calamity_manager\vendor\laravel\framework\src\Illuminate\Pipeline\Pipeline.php(169): Illuminate\Routing\Router-&gt;Illuminate\Routing\{closure}()
#22 D:\DO_AN_TOT_NGHIEP\doan_calamity_manager\vendor\laravel\framework\src\Illuminate\Routing\Middleware\SubstituteBindings.php(50): Illuminate\Pipeline\Pipeline-&gt;Illuminate\Pipeline\{closure}()
#23 D:\DO_AN_TOT_NGHIEP\doan_calamity_manager\vendor\laravel\framework\src\Illuminate\Pipeline\Pipeline.php(208): Illuminate\Routing\Middleware\SubstituteBindings-&gt;handle()
#24 D:\DO_AN_TOT_NGHIEP\doan_calamity_manager\vendor\laravel\framework\src\Illuminate\Auth\Middleware\Authenticate.php(63): Illuminate\Pipeline\Pipeline-&gt;Illuminate\Pipeline\{closure}()
#25 D:\DO_AN_TOT_NGHIEP\doan_calamity_manager\vendor\laravel\framework\src\Illuminate\Pipeline\Pipeline.php(208): Illuminate\Auth\Middleware\Authenticate-&gt;handle()
#26 D:\DO_AN_TOT_NGHIEP\doan_calamity_manager\vendor\laravel\framework\src\Illuminate\Foundation\Http\Middleware\VerifyCsrfToken.php(87): Illuminate\Pipeline\Pipeline-&gt;Illuminate\Pipeline\{closure}()
#27 D:\DO_AN_TOT_NGHIEP\doan_calamity_manager\vendor\laravel\framework\src\Illuminate\Pipeline\Pipeline.php(208): Illuminate\Foundation\Http\Middleware\VerifyCsrfToken-&gt;handle()
#28 D:\DO_AN_TOT_NGHIEP\doan_calamity_manager\vendor\laravel\framework\src\Illuminate\View\Middleware\ShareErrorsFromSession.php(48): Illuminate\Pipeline\Pipeline-&gt;Illuminate\Pipeline\{closure}()
#29 D:\DO_AN_TOT_NGHIEP\doan_calamity_manager\vendor\laravel\framework\src\Illuminate\Pipeline\Pipeline.php(208): Illuminate\View\Middleware\ShareErrorsFromSession-&gt;handle()
#30 D:\DO_AN_TOT_NGHIEP\doan_calamity_manager\vendor\laravel\framework\src\Illuminate\Session\Middleware\StartSession.php(120): Illuminate\Pipeline\Pipeline-&gt;Illuminate\Pipeline\{closure}()
#31 D:\DO_AN_TOT_NGHIEP\doan_calamity_manager\vendor\laravel\framework\src\Illuminate\Session\Middleware\StartSession.php(63): Illuminate\Session\Middleware\StartSession-&gt;handleStatefulRequest()
#32 D:\DO_AN_TOT_NGHIEP\doan_calamity_manager\vendor\laravel\framework\src\Illuminate\Pipeline\Pipeline.php(208): Illuminate\Session\Middleware\StartSession-&gt;handle()
#33 D:\DO_AN_TOT_NGHIEP\doan_calamity_manager\vendor\laravel\framework\src\Illuminate\Cookie\Middleware\AddQueuedCookiesToResponse.php(36): Illuminate\Pipeline\Pipeline-&gt;Illuminate\Pipeline\{closure}()
#34 D:\DO_AN_TOT_NGHIEP\doan_calamity_manager\vendor\laravel\framework\src\Illuminate\Pipeline\Pipeline.php(208): Illuminate\Cookie\Middleware\AddQueuedCookiesToResponse-&gt;handle()
#35 D:\DO_AN_TOT_NGHIEP\doan_calamity_manager\vendor\laravel\framework\src\Illuminate\Cookie\Middleware\EncryptCookies.php(74): Illuminate\Pipeline\Pipeline-&gt;Illuminate\Pipeline\{closure}()
#36 D:\DO_AN_TOT_NGHIEP\doan_calamity_manager\vendor\laravel\framework\src\Illuminate\Pipeline\Pipeline.php(208): Illuminate\Cookie\Middleware\EncryptCookies-&gt;handle()
#37 D:\DO_AN_TOT_NGHIEP\doan_calamity_manager\vendor\laravel\framework\src\Illuminate\Pipeline\Pipeline.php(126): Illuminate\Pipeline\Pipeline-&gt;Illuminate\Pipeline\{closure}()
#38 D:\DO_AN_TOT_NGHIEP\doan_calamity_manager\vendor\laravel\framework\src\Illuminate\Routing\Router.php(807): Illuminate\Pipeline\Pipeline-&gt;then()
#39 D:\DO_AN_TOT_NGHIEP\doan_calamity_manager\vendor\laravel\framework\src\Illuminate\Routing\Router.php(786): Illuminate\Routing\Router-&gt;runRouteWithinStack()
#40 D:\DO_AN_TOT_NGHIEP\doan_calamity_manager\vendor\laravel\framework\src\Illuminate\Routing\Router.php(750): Illuminate\Routing\Router-&gt;runRoute()
#41 D:\DO_AN_TOT_NGHIEP\doan_calamity_manager\vendor\laravel\framework\src\Illuminate\Routing\Router.php(739): Illuminate\Routing\Router-&gt;dispatchToRoute()
#42 D:\DO_AN_TOT_NGHIEP\doan_calamity_manager\vendor\laravel\framework\src\Illuminate\Foundation\Http\Kernel.php(200): Illuminate\Routing\Router-&gt;dispatch()
#43 D:\DO_AN_TOT_NGHIEP\doan_calamity_manager\vendor\laravel\framework\src\Illuminate\Pipeline\Pipeline.php(169): Illuminate\Foundation\Http\Kernel-&gt;Illuminate\Foundation\Http\{closure}()
#44 D:\DO_AN_TOT_NGHIEP\doan_calamity_manager\vendor\laravel\framework\src\Illuminate\Foundation\Http\Middleware\TransformsRequest.php(21): Illuminate\Pipeline\Pipeline-&gt;Illuminate\Pipeline\{closure}()
#45 D:\DO_AN_TOT_NGHIEP\doan_calamity_manager\vendor\laravel\framework\src\Illuminate\Foundation\Http\Middleware\ConvertEmptyStringsToNull.php(31): Illuminate\Foundation\Http\Middleware\TransformsRequest-&gt;handle()
#46 D:\DO_AN_TOT_NGHIEP\doan_calamity_manager\vendor\laravel\framework\src\Illuminate\Pipeline\Pipeline.php(208): Illuminate\Foundation\Http\Middleware\ConvertEmptyStringsToNull-&gt;handle()
#47 D:\DO_AN_TOT_NGHIEP\doan_calamity_manager\vendor\laravel\framework\src\Illuminate\Foundation\Http\Middleware\TransformsRequest.php(21): Illuminate\Pipeline\Pipeline-&gt;Illuminate\Pipeline\{closure}()
#48 D:\DO_AN_TOT_NGHIEP\doan_calamity_manager\vendor\laravel\framework\src\Illuminate\Foundation\Http\Middleware\TrimStrings.php(51): Illuminate\Foundation\Http\Middleware\TransformsRequest-&gt;handle()
#49 D:\DO_AN_TOT_NGHIEP\doan_calamity_manager\vendor\laravel\framework\src\Illuminate\Pipeline\Pipeline.php(208): Illuminate\Foundation\Http\Middleware\TrimStrings-&gt;handle()
#50 D:\DO_AN_TOT_NGHIEP\doan_calamity_manager\vendor\laravel\framework\src\Illuminate\Http\Middleware\ValidatePostSize.php(27): Illuminate\Pipeline\Pipeline-&gt;Illuminate\Pipeline\{closure}()
#51 D:\DO_AN_TOT_NGHIEP\doan_calamity_manager\vendor\laravel\framework\src\Illuminate\Pipeline\Pipeline.php(208): Illuminate\Http\Middleware\ValidatePostSize-&gt;handle()
#52 D:\DO_AN_TOT_NGHIEP\doan_calamity_manager\vendor\laravel\framework\src\Illuminate\Foundation\Http\Middleware\PreventRequestsDuringMaintenance.php(109): Illuminate\Pipeline\Pipeline-&gt;Illuminate\Pipeline\{closure}()
#53 D:\DO_AN_TOT_NGHIEP\doan_calamity_manager\vendor\laravel\framework\src\Illuminate\Pipeline\Pipeline.php(208): Illuminate\Foundation\Http\Middleware\PreventRequestsDuringMaintenance-&gt;handle()
#54 D:\DO_AN_TOT_NGHIEP\doan_calamity_manager\vendor\laravel\framework\src\Illuminate\Http\Middleware\HandleCors.php(48): Illuminate\Pipeline\Pipeline-&gt;Illuminate\Pipeline\{closure}()
#55 D:\DO_AN_TOT_NGHIEP\doan_calamity_manager\vendor\laravel\framework\src\Illuminate\Pipeline\Pipeline.php(208): Illuminate\Http\Middleware\HandleCors-&gt;handle()
#56 D:\DO_AN_TOT_NGHIEP\doan_calamity_manager\vendor\laravel\framework\src\Illuminate\Http\Middleware\TrustProxies.php(58): Illuminate\Pipeline\Pipeline-&gt;Illuminate\Pipeline\{closure}()
#57 D:\DO_AN_TOT_NGHIEP\doan_calamity_manager\vendor\laravel\framework\src\Illuminate\Pipeline\Pipeline.php(208): Illuminate\Http\Middleware\TrustProxies-&gt;handle()
#58 D:\DO_AN_TOT_NGHIEP\doan_calamity_manager\vendor\laravel\framework\src\Illuminate\Foundation\Http\Middleware\InvokeDeferredCallbacks.php(22): Illuminate\Pipeline\Pipeline-&gt;Illuminate\Pipeline\{closure}()
#59 D:\DO_AN_TOT_NGHIEP\doan_calamity_manager\vendor\laravel\framework\src\Illuminate\Pipeline\Pipeline.php(208): Illuminate\Foundation\Http\Middleware\InvokeDeferredCallbacks-&gt;handle()
#60 D:\DO_AN_TOT_NGHIEP\doan_calamity_manager\vendor\laravel\framework\src\Illuminate\Http\Middleware\ValidatePathEncoding.php(26): Illuminate\Pipeline\Pipeline-&gt;Illuminate\Pipeline\{closure}()
#61 D:\DO_AN_TOT_NGHIEP\doan_calamity_manager\vendor\laravel\framework\src\Illuminate\Pipeline\Pipeline.php(208): Illuminate\Http\Middleware\ValidatePathEncoding-&gt;handle()
#62 D:\DO_AN_TOT_NGHIEP\doan_calamity_manager\vendor\laravel\framework\src\Illuminate\Pipeline\Pipeline.php(126): Illuminate\Pipeline\Pipeline-&gt;Illuminate\Pipeline\{closure}()
#63 D:\DO_AN_TOT_NGHIEP\doan_calamity_manager\vendor\laravel\framework\src\Illuminate\Foundation\Http\Kernel.php(175): Illuminate\Pipeline\Pipeline-&gt;then()
#64 D:\DO_AN_TOT_NGHIEP\doan_calamity_manager\vendor\laravel\framework\src\Illuminate\Foundation\Http\Kernel.php(144): Illuminate\Foundation\Http\Kernel-&gt;sendRequestThroughRouter()
#65 D:\DO_AN_TOT_NGHIEP\doan_calamity_manager\vendor\laravel\framework\src\Illuminate\Foundation\Testing\Concerns\MakesHttpRequests.php(607): Illuminate\Foundation\Http\Kernel-&gt;handle()
#66 D:\DO_AN_TOT_NGHIEP\doan_calamity_manager\vendor\laravel\framework\src\Illuminate\Foundation\Testing\Concerns\MakesHttpRequests.php(397): Illuminate\Foundation\Testing\TestCase-&gt;call()
#67 D:\DO_AN_TOT_NGHIEP\doan_calamity_manager\tests\Feature\CalamityManagementTest.php(79): Illuminate\Foundation\Testing\TestCase-&gt;post()
#68 D:\DO_AN_TOT_NGHIEP\doan_calamity_manager\vendor\phpunit\phpunit\src\Framework\TestCase.php(1656): Tests\Feature\CalamityManagementTest-&gt;test_authenticated_user_can_create_new_flooding_calamity()
#69 D:\DO_AN_TOT_NGHIEP\doan_calamity_manager\vendor\phpunit\phpunit\src\Framework\TestCase.php(514): PHPUnit\Framework\TestCase-&gt;runTest()
#70 D:\DO_AN_TOT_NGHIEP\doan_calamity_manager\vendor\phpunit\phpunit\src\Framework\TestRunner\TestRunner.php(87): PHPUnit\Framework\TestCase-&gt;runBare()
#71 D:\DO_AN_TOT_NGHIEP\doan_calamity_manager\vendor\phpunit\phpunit\src\Framework\TestCase.php(361): PHPUnit\Framework\TestRunner-&gt;run()
#72 D:\DO_AN_TOT_NGHIEP\doan_calamity_manager\vendor\phpunit\phpunit\src\Framework\TestSuite.php(369): PHPUnit\Framework\TestCase-&gt;run()
#73 D:\DO_AN_TOT_NGHIEP\doan_calamity_manager\vendor\phpunit\phpunit\src\Framework\TestSuite.php(369): PHPUnit\Framework\TestSuite-&gt;run()
#74 D:\DO_AN_TOT_NGHIEP\doan_calamity_manager\vendor\phpunit\phpunit\src\Framework\TestSuite.php(369): PHPUnit\Framework\TestSuite-&gt;run()
#75 D:\DO_AN_TOT_NGHIEP\doan_calamity_manager\vendor\phpunit\phpunit\src\TextUI\TestRunner.php(64): PHPUnit\Framework\TestSuite-&gt;run()
#76 D:\DO_AN_TOT_NGHIEP\doan_calamity_manager\vendor\phpunit\phpunit\src\TextUI\Application.php(210): PHPUnit\TextUI\TestRunner-&gt;run()
#77 D:\DO_AN_TOT_NGHIEP\doan_calamity_manager\vendor\phpunit\phpunit\phpunit(104): PHPUnit\TextUI\Application-&gt;run()
#78 {main}

----------------------------------------------------------------------------------

SQLSTATE[HY000]: General error: 1 table calamities has no column named created_by_user_id (Connection: sqlite, SQL: insert into "calamities" ("risk_level_id", "name", "coordinates", "flood_level", "flood_range", "flooded_area", "time_start", "time_end", "sprint_time", "reason", "number_of_people_affected", "human_damage", "property_damage", "damaged_infrastructure", "mitigation_measures", "data_source", "created_by_user_id", "slug", "updated_at", "created_at") values (1, Test Flooding Calamity, 10.123,20.456, 2.5, 100m, 50, 2025-07-15, 2025-07-16, 24, Heavy rain, 100, None, Minor, Roads, Pumping, Local reports, 1, test-flooding-calamity, 2025-07-14 06:37:22, 2025-07-14 06:37:22))
&#13;
D:\DO_AN_TOT_NGHIEP\doan_calamity_manager\vendor\laravel\framework\src\Illuminate\Testing\TestResponseAssert.php:45
D:\DO_AN_TOT_NGHIEP\doan_calamity_manager\vendor\laravel\framework\src\Illuminate\Testing\TestResponse.php:199
D:\DO_AN_TOT_NGHIEP\doan_calamity_manager\tests\Feature\CalamityManagementTest.php:101</failure>
        </testcase>
        <testcase name="test_authenticated_user_can_create_new_storm_calamity" file="D:\DO_AN_TOT_NGHIEP\doan_calamity_manager\tests\Feature\CalamityManagementTest.php" line="122" class="Tests\Feature\CalamityManagementTest" classname="Tests.Feature.CalamityManagementTest" assertions="1" time="0.661997">
          <failure type="PHPUnit\Framework\ExpectationFailedException">Tests\Feature\CalamityManagementTest::test_authenticated_user_can_create_new_storm_calamity&#13;
Expected response status code [201, 301, 302, 303, 307, 308] but received 500.
Failed asserting that false is true.&#13;
&#13;
The following exception occurred during the last request:

PDOException: SQLSTATE[HY000]: General error: 1 table calamities has no column named created_by_user_id in D:\DO_AN_TOT_NGHIEP\doan_calamity_manager\vendor\laravel\framework\src\Illuminate\Database\Connection.php:562
Stack trace:
#0 D:\DO_AN_TOT_NGHIEP\doan_calamity_manager\vendor\laravel\framework\src\Illuminate\Database\Connection.php(562): PDO-&gt;prepare()
#1 D:\DO_AN_TOT_NGHIEP\doan_calamity_manager\vendor\laravel\framework\src\Illuminate\Database\Connection.php(809): Illuminate\Database\Connection-&gt;Illuminate\Database\{closure}()
#2 D:\DO_AN_TOT_NGHIEP\doan_calamity_manager\vendor\laravel\framework\src\Illuminate\Database\Connection.php(776): Illuminate\Database\Connection-&gt;runQueryCallback()
#3 D:\DO_AN_TOT_NGHIEP\doan_calamity_manager\vendor\laravel\framework\src\Illuminate\Database\Connection.php(557): Illuminate\Database\Connection-&gt;run()
#4 D:\DO_AN_TOT_NGHIEP\doan_calamity_manager\vendor\laravel\framework\src\Illuminate\Database\Connection.php(521): Illuminate\Database\Connection-&gt;statement()
#5 D:\DO_AN_TOT_NGHIEP\doan_calamity_manager\vendor\laravel\framework\src\Illuminate\Database\Query\Processors\Processor.php(32): Illuminate\Database\Connection-&gt;insert()
#6 D:\DO_AN_TOT_NGHIEP\doan_calamity_manager\vendor\laravel\framework\src\Illuminate\Database\Query\Builder.php(3796): Illuminate\Database\Query\Processors\Processor-&gt;processInsertGetId()
#7 D:\DO_AN_TOT_NGHIEP\doan_calamity_manager\vendor\laravel\framework\src\Illuminate\Database\Eloquent\Builder.php(2205): Illuminate\Database\Query\Builder-&gt;insertGetId()
#8 D:\DO_AN_TOT_NGHIEP\doan_calamity_manager\vendor\laravel\framework\src\Illuminate\Database\Eloquent\Model.php(1410): Illuminate\Database\Eloquent\Builder-&gt;__call()
#9 D:\DO_AN_TOT_NGHIEP\doan_calamity_manager\vendor\laravel\framework\src\Illuminate\Database\Eloquent\Model.php(1375): Illuminate\Database\Eloquent\Model-&gt;insertAndSetId()
#10 D:\DO_AN_TOT_NGHIEP\doan_calamity_manager\vendor\laravel\framework\src\Illuminate\Database\Eloquent\Model.php(1214): Illuminate\Database\Eloquent\Model-&gt;performInsert()
#11 D:\DO_AN_TOT_NGHIEP\doan_calamity_manager\vendor\laravel\framework\src\Illuminate\Database\Eloquent\Builder.php(1189): Illuminate\Database\Eloquent\Model-&gt;save()
#12 D:\DO_AN_TOT_NGHIEP\doan_calamity_manager\vendor\laravel\framework\src\Illuminate\Support\helpers.php(399): Illuminate\Database\Eloquent\Builder-&gt;Illuminate\Database\Eloquent\{closure}()
#13 D:\DO_AN_TOT_NGHIEP\doan_calamity_manager\vendor\laravel\framework\src\Illuminate\Database\Eloquent\Builder.php(1188): tap()
#14 D:\DO_AN_TOT_NGHIEP\doan_calamity_manager\vendor\laravel\framework\src\Illuminate\Support\Traits\ForwardsCalls.php(23): Illuminate\Database\Eloquent\Builder-&gt;create()
#15 D:\DO_AN_TOT_NGHIEP\doan_calamity_manager\vendor\laravel\framework\src\Illuminate\Database\Eloquent\Model.php(2496): Illuminate\Database\Eloquent\Model-&gt;forwardCallTo()
#16 D:\DO_AN_TOT_NGHIEP\doan_calamity_manager\vendor\laravel\framework\src\Illuminate\Database\Eloquent\Model.php(2512): Illuminate\Database\Eloquent\Model-&gt;__call()
#17 D:\DO_AN_TOT_NGHIEP\doan_calamity_manager\app\Http\Controllers\Calamities\StormCalamityController.php(173): Illuminate\Database\Eloquent\Model::__callStatic()
#18 D:\DO_AN_TOT_NGHIEP\doan_calamity_manager\vendor\laravel\framework\src\Illuminate\Routing\Controller.php(54): App\Http\Controllers\Calamities\StormCalamityController-&gt;store()
#19 D:\DO_AN_TOT_NGHIEP\doan_calamity_manager\vendor\laravel\framework\src\Illuminate\Routing\ControllerDispatcher.php(43): Illuminate\Routing\Controller-&gt;callAction()
#20 D:\DO_AN_TOT_NGHIEP\doan_calamity_manager\vendor\laravel\framework\src\Illuminate\Routing\Route.php(265): Illuminate\Routing\ControllerDispatcher-&gt;dispatch()
#21 D:\DO_AN_TOT_NGHIEP\doan_calamity_manager\vendor\laravel\framework\src\Illuminate\Routing\Route.php(211): Illuminate\Routing\Route-&gt;runController()
#22 D:\DO_AN_TOT_NGHIEP\doan_calamity_manager\vendor\laravel\framework\src\Illuminate\Routing\Router.php(808): Illuminate\Routing\Route-&gt;run()
#23 D:\DO_AN_TOT_NGHIEP\doan_calamity_manager\vendor\laravel\framework\src\Illuminate\Pipeline\Pipeline.php(169): Illuminate\Routing\Router-&gt;Illuminate\Routing\{closure}()
#24 D:\DO_AN_TOT_NGHIEP\doan_calamity_manager\vendor\laravel\framework\src\Illuminate\Routing\Middleware\SubstituteBindings.php(50): Illuminate\Pipeline\Pipeline-&gt;Illuminate\Pipeline\{closure}()
#25 D:\DO_AN_TOT_NGHIEP\doan_calamity_manager\vendor\laravel\framework\src\Illuminate\Pipeline\Pipeline.php(208): Illuminate\Routing\Middleware\SubstituteBindings-&gt;handle()
#26 D:\DO_AN_TOT_NGHIEP\doan_calamity_manager\vendor\laravel\framework\src\Illuminate\Auth\Middleware\Authenticate.php(63): Illuminate\Pipeline\Pipeline-&gt;Illuminate\Pipeline\{closure}()
#27 D:\DO_AN_TOT_NGHIEP\doan_calamity_manager\vendor\laravel\framework\src\Illuminate\Pipeline\Pipeline.php(208): Illuminate\Auth\Middleware\Authenticate-&gt;handle()
#28 D:\DO_AN_TOT_NGHIEP\doan_calamity_manager\vendor\laravel\framework\src\Illuminate\Foundation\Http\Middleware\VerifyCsrfToken.php(87): Illuminate\Pipeline\Pipeline-&gt;Illuminate\Pipeline\{closure}()
#29 D:\DO_AN_TOT_NGHIEP\doan_calamity_manager\vendor\laravel\framework\src\Illuminate\Pipeline\Pipeline.php(208): Illuminate\Foundation\Http\Middleware\VerifyCsrfToken-&gt;handle()
#30 D:\DO_AN_TOT_NGHIEP\doan_calamity_manager\vendor\laravel\framework\src\Illuminate\View\Middleware\ShareErrorsFromSession.php(48): Illuminate\Pipeline\Pipeline-&gt;Illuminate\Pipeline\{closure}()
#31 D:\DO_AN_TOT_NGHIEP\doan_calamity_manager\vendor\laravel\framework\src\Illuminate\Pipeline\Pipeline.php(208): Illuminate\View\Middleware\ShareErrorsFromSession-&gt;handle()
#32 D:\DO_AN_TOT_NGHIEP\doan_calamity_manager\vendor\laravel\framework\src\Illuminate\Session\Middleware\StartSession.php(120): Illuminate\Pipeline\Pipeline-&gt;Illuminate\Pipeline\{closure}()
#33 D:\DO_AN_TOT_NGHIEP\doan_calamity_manager\vendor\laravel\framework\src\Illuminate\Session\Middleware\StartSession.php(63): Illuminate\Session\Middleware\StartSession-&gt;handleStatefulRequest()
#34 D:\DO_AN_TOT_NGHIEP\doan_calamity_manager\vendor\laravel\framework\src\Illuminate\Pipeline\Pipeline.php(208): Illuminate\Session\Middleware\StartSession-&gt;handle()
#35 D:\DO_AN_TOT_NGHIEP\doan_calamity_manager\vendor\laravel\framework\src\Illuminate\Cookie\Middleware\AddQueuedCookiesToResponse.php(36): Illuminate\Pipeline\Pipeline-&gt;Illuminate\Pipeline\{closure}()
#36 D:\DO_AN_TOT_NGHIEP\doan_calamity_manager\vendor\laravel\framework\src\Illuminate\Pipeline\Pipeline.php(208): Illuminate\Cookie\Middleware\AddQueuedCookiesToResponse-&gt;handle()
#37 D:\DO_AN_TOT_NGHIEP\doan_calamity_manager\vendor\laravel\framework\src\Illuminate\Cookie\Middleware\EncryptCookies.php(74): Illuminate\Pipeline\Pipeline-&gt;Illuminate\Pipeline\{closure}()
#38 D:\DO_AN_TOT_NGHIEP\doan_calamity_manager\vendor\laravel\framework\src\Illuminate\Pipeline\Pipeline.php(208): Illuminate\Cookie\Middleware\EncryptCookies-&gt;handle()
#39 D:\DO_AN_TOT_NGHIEP\doan_calamity_manager\vendor\laravel\framework\src\Illuminate\Pipeline\Pipeline.php(126): Illuminate\Pipeline\Pipeline-&gt;Illuminate\Pipeline\{closure}()
#40 D:\DO_AN_TOT_NGHIEP\doan_calamity_manager\vendor\laravel\framework\src\Illuminate\Routing\Router.php(807): Illuminate\Pipeline\Pipeline-&gt;then()
#41 D:\DO_AN_TOT_NGHIEP\doan_calamity_manager\vendor\laravel\framework\src\Illuminate\Routing\Router.php(786): Illuminate\Routing\Router-&gt;runRouteWithinStack()
#42 D:\DO_AN_TOT_NGHIEP\doan_calamity_manager\vendor\laravel\framework\src\Illuminate\Routing\Router.php(750): Illuminate\Routing\Router-&gt;runRoute()
#43 D:\DO_AN_TOT_NGHIEP\doan_calamity_manager\vendor\laravel\framework\src\Illuminate\Routing\Router.php(739): Illuminate\Routing\Router-&gt;dispatchToRoute()
#44 D:\DO_AN_TOT_NGHIEP\doan_calamity_manager\vendor\laravel\framework\src\Illuminate\Foundation\Http\Kernel.php(200): Illuminate\Routing\Router-&gt;dispatch()
#45 D:\DO_AN_TOT_NGHIEP\doan_calamity_manager\vendor\laravel\framework\src\Illuminate\Pipeline\Pipeline.php(169): Illuminate\Foundation\Http\Kernel-&gt;Illuminate\Foundation\Http\{closure}()
#46 D:\DO_AN_TOT_NGHIEP\doan_calamity_manager\vendor\laravel\framework\src\Illuminate\Foundation\Http\Middleware\TransformsRequest.php(21): Illuminate\Pipeline\Pipeline-&gt;Illuminate\Pipeline\{closure}()
#47 D:\DO_AN_TOT_NGHIEP\doan_calamity_manager\vendor\laravel\framework\src\Illuminate\Foundation\Http\Middleware\ConvertEmptyStringsToNull.php(31): Illuminate\Foundation\Http\Middleware\TransformsRequest-&gt;handle()
#48 D:\DO_AN_TOT_NGHIEP\doan_calamity_manager\vendor\laravel\framework\src\Illuminate\Pipeline\Pipeline.php(208): Illuminate\Foundation\Http\Middleware\ConvertEmptyStringsToNull-&gt;handle()
#49 D:\DO_AN_TOT_NGHIEP\doan_calamity_manager\vendor\laravel\framework\src\Illuminate\Foundation\Http\Middleware\TransformsRequest.php(21): Illuminate\Pipeline\Pipeline-&gt;Illuminate\Pipeline\{closure}()
#50 D:\DO_AN_TOT_NGHIEP\doan_calamity_manager\vendor\laravel\framework\src\Illuminate\Foundation\Http\Middleware\TrimStrings.php(51): Illuminate\Foundation\Http\Middleware\TransformsRequest-&gt;handle()
#51 D:\DO_AN_TOT_NGHIEP\doan_calamity_manager\vendor\laravel\framework\src\Illuminate\Pipeline\Pipeline.php(208): Illuminate\Foundation\Http\Middleware\TrimStrings-&gt;handle()
#52 D:\DO_AN_TOT_NGHIEP\doan_calamity_manager\vendor\laravel\framework\src\Illuminate\Http\Middleware\ValidatePostSize.php(27): Illuminate\Pipeline\Pipeline-&gt;Illuminate\Pipeline\{closure}()
#53 D:\DO_AN_TOT_NGHIEP\doan_calamity_manager\vendor\laravel\framework\src\Illuminate\Pipeline\Pipeline.php(208): Illuminate\Http\Middleware\ValidatePostSize-&gt;handle()
#54 D:\DO_AN_TOT_NGHIEP\doan_calamity_manager\vendor\laravel\framework\src\Illuminate\Foundation\Http\Middleware\PreventRequestsDuringMaintenance.php(109): Illuminate\Pipeline\Pipeline-&gt;Illuminate\Pipeline\{closure}()
#55 D:\DO_AN_TOT_NGHIEP\doan_calamity_manager\vendor\laravel\framework\src\Illuminate\Pipeline\Pipeline.php(208): Illuminate\Foundation\Http\Middleware\PreventRequestsDuringMaintenance-&gt;handle()
#56 D:\DO_AN_TOT_NGHIEP\doan_calamity_manager\vendor\laravel\framework\src\Illuminate\Http\Middleware\HandleCors.php(48): Illuminate\Pipeline\Pipeline-&gt;Illuminate\Pipeline\{closure}()
#57 D:\DO_AN_TOT_NGHIEP\doan_calamity_manager\vendor\laravel\framework\src\Illuminate\Pipeline\Pipeline.php(208): Illuminate\Http\Middleware\HandleCors-&gt;handle()
#58 D:\DO_AN_TOT_NGHIEP\doan_calamity_manager\vendor\laravel\framework\src\Illuminate\Http\Middleware\TrustProxies.php(58): Illuminate\Pipeline\Pipeline-&gt;Illuminate\Pipeline\{closure}()
#59 D:\DO_AN_TOT_NGHIEP\doan_calamity_manager\vendor\laravel\framework\src\Illuminate\Pipeline\Pipeline.php(208): Illuminate\Http\Middleware\TrustProxies-&gt;handle()
#60 D:\DO_AN_TOT_NGHIEP\doan_calamity_manager\vendor\laravel\framework\src\Illuminate\Foundation\Http\Middleware\InvokeDeferredCallbacks.php(22): Illuminate\Pipeline\Pipeline-&gt;Illuminate\Pipeline\{closure}()
#61 D:\DO_AN_TOT_NGHIEP\doan_calamity_manager\vendor\laravel\framework\src\Illuminate\Pipeline\Pipeline.php(208): Illuminate\Foundation\Http\Middleware\InvokeDeferredCallbacks-&gt;handle()
#62 D:\DO_AN_TOT_NGHIEP\doan_calamity_manager\vendor\laravel\framework\src\Illuminate\Http\Middleware\ValidatePathEncoding.php(26): Illuminate\Pipeline\Pipeline-&gt;Illuminate\Pipeline\{closure}()
#63 D:\DO_AN_TOT_NGHIEP\doan_calamity_manager\vendor\laravel\framework\src\Illuminate\Pipeline\Pipeline.php(208): Illuminate\Http\Middleware\ValidatePathEncoding-&gt;handle()
#64 D:\DO_AN_TOT_NGHIEP\doan_calamity_manager\vendor\laravel\framework\src\Illuminate\Pipeline\Pipeline.php(126): Illuminate\Pipeline\Pipeline-&gt;Illuminate\Pipeline\{closure}()
#65 D:\DO_AN_TOT_NGHIEP\doan_calamity_manager\vendor\laravel\framework\src\Illuminate\Foundation\Http\Kernel.php(175): Illuminate\Pipeline\Pipeline-&gt;then()
#66 D:\DO_AN_TOT_NGHIEP\doan_calamity_manager\vendor\laravel\framework\src\Illuminate\Foundation\Http\Kernel.php(144): Illuminate\Foundation\Http\Kernel-&gt;sendRequestThroughRouter()
#67 D:\DO_AN_TOT_NGHIEP\doan_calamity_manager\vendor\laravel\framework\src\Illuminate\Foundation\Testing\Concerns\MakesHttpRequests.php(607): Illuminate\Foundation\Http\Kernel-&gt;handle()
#68 D:\DO_AN_TOT_NGHIEP\doan_calamity_manager\vendor\laravel\framework\src\Illuminate\Foundation\Testing\Concerns\MakesHttpRequests.php(397): Illuminate\Foundation\Testing\TestCase-&gt;call()
#69 D:\DO_AN_TOT_NGHIEP\doan_calamity_manager\tests\Feature\CalamityManagementTest.php(133): Illuminate\Foundation\Testing\TestCase-&gt;post()
#70 D:\DO_AN_TOT_NGHIEP\doan_calamity_manager\vendor\phpunit\phpunit\src\Framework\TestCase.php(1656): Tests\Feature\CalamityManagementTest-&gt;test_authenticated_user_can_create_new_storm_calamity()
#71 D:\DO_AN_TOT_NGHIEP\doan_calamity_manager\vendor\phpunit\phpunit\src\Framework\TestCase.php(514): PHPUnit\Framework\TestCase-&gt;runTest()
#72 D:\DO_AN_TOT_NGHIEP\doan_calamity_manager\vendor\phpunit\phpunit\src\Framework\TestRunner\TestRunner.php(87): PHPUnit\Framework\TestCase-&gt;runBare()
#73 D:\DO_AN_TOT_NGHIEP\doan_calamity_manager\vendor\phpunit\phpunit\src\Framework\TestCase.php(361): PHPUnit\Framework\TestRunner-&gt;run()
#74 D:\DO_AN_TOT_NGHIEP\doan_calamity_manager\vendor\phpunit\phpunit\src\Framework\TestSuite.php(369): PHPUnit\Framework\TestCase-&gt;run()
#75 D:\DO_AN_TOT_NGHIEP\doan_calamity_manager\vendor\phpunit\phpunit\src\Framework\TestSuite.php(369): PHPUnit\Framework\TestSuite-&gt;run()
#76 D:\DO_AN_TOT_NGHIEP\doan_calamity_manager\vendor\phpunit\phpunit\src\Framework\TestSuite.php(369): PHPUnit\Framework\TestSuite-&gt;run()
#77 D:\DO_AN_TOT_NGHIEP\doan_calamity_manager\vendor\phpunit\phpunit\src\TextUI\TestRunner.php(64): PHPUnit\Framework\TestSuite-&gt;run()
#78 D:\DO_AN_TOT_NGHIEP\doan_calamity_manager\vendor\phpunit\phpunit\src\TextUI\Application.php(210): PHPUnit\TextUI\TestRunner-&gt;run()
#79 D:\DO_AN_TOT_NGHIEP\doan_calamity_manager\vendor\phpunit\phpunit\phpunit(104): PHPUnit\TextUI\Application-&gt;run()
#80 {main}

Next Illuminate\Database\QueryException: SQLSTATE[HY000]: General error: 1 table calamities has no column named created_by_user_id (Connection: sqlite, SQL: insert into "calamities" ("risk_level_id", "name", "coordinates", "investment_level", "time_start", "time_end", "human_damage", "property_damage", "mitigation_measures", "created_by_user_id", "slug", "updated_at", "created_at") values (1, Test Storm Calamity, 10.123,20.456, High, 2025-07-15, 2025-07-16, None, Minor, Evacuation, 1, test-storm-calamity, 2025-07-14 06:37:22, 2025-07-14 06:37:22)) in D:\DO_AN_TOT_NGHIEP\doan_calamity_manager\vendor\laravel\framework\src\Illuminate\Database\Connection.php:822
Stack trace:
#0 D:\DO_AN_TOT_NGHIEP\doan_calamity_manager\vendor\laravel\framework\src\Illuminate\Database\Connection.php(776): Illuminate\Database\Connection-&gt;runQueryCallback()
#1 D:\DO_AN_TOT_NGHIEP\doan_calamity_manager\vendor\laravel\framework\src\Illuminate\Database\Connection.php(557): Illuminate\Database\Connection-&gt;run()
#2 D:\DO_AN_TOT_NGHIEP\doan_calamity_manager\vendor\laravel\framework\src\Illuminate\Database\Connection.php(521): Illuminate\Database\Connection-&gt;statement()
#3 D:\DO_AN_TOT_NGHIEP\doan_calamity_manager\vendor\laravel\framework\src\Illuminate\Database\Query\Processors\Processor.php(32): Illuminate\Database\Connection-&gt;insert()
#4 D:\DO_AN_TOT_NGHIEP\doan_calamity_manager\vendor\laravel\framework\src\Illuminate\Database\Query\Builder.php(3796): Illuminate\Database\Query\Processors\Processor-&gt;processInsertGetId()
#5 D:\DO_AN_TOT_NGHIEP\doan_calamity_manager\vendor\laravel\framework\src\Illuminate\Database\Eloquent\Builder.php(2205): Illuminate\Database\Query\Builder-&gt;insertGetId()
#6 D:\DO_AN_TOT_NGHIEP\doan_calamity_manager\vendor\laravel\framework\src\Illuminate\Database\Eloquent\Model.php(1410): Illuminate\Database\Eloquent\Builder-&gt;__call()
#7 D:\DO_AN_TOT_NGHIEP\doan_calamity_manager\vendor\laravel\framework\src\Illuminate\Database\Eloquent\Model.php(1375): Illuminate\Database\Eloquent\Model-&gt;insertAndSetId()
#8 D:\DO_AN_TOT_NGHIEP\doan_calamity_manager\vendor\laravel\framework\src\Illuminate\Database\Eloquent\Model.php(1214): Illuminate\Database\Eloquent\Model-&gt;performInsert()
#9 D:\DO_AN_TOT_NGHIEP\doan_calamity_manager\vendor\laravel\framework\src\Illuminate\Database\Eloquent\Builder.php(1189): Illuminate\Database\Eloquent\Model-&gt;save()
#10 D:\DO_AN_TOT_NGHIEP\doan_calamity_manager\vendor\laravel\framework\src\Illuminate\Support\helpers.php(399): Illuminate\Database\Eloquent\Builder-&gt;Illuminate\Database\Eloquent\{closure}()
#11 D:\DO_AN_TOT_NGHIEP\doan_calamity_manager\vendor\laravel\framework\src\Illuminate\Database\Eloquent\Builder.php(1188): tap()
#12 D:\DO_AN_TOT_NGHIEP\doan_calamity_manager\vendor\laravel\framework\src\Illuminate\Support\Traits\ForwardsCalls.php(23): Illuminate\Database\Eloquent\Builder-&gt;create()
#13 D:\DO_AN_TOT_NGHIEP\doan_calamity_manager\vendor\laravel\framework\src\Illuminate\Database\Eloquent\Model.php(2496): Illuminate\Database\Eloquent\Model-&gt;forwardCallTo()
#14 D:\DO_AN_TOT_NGHIEP\doan_calamity_manager\vendor\laravel\framework\src\Illuminate\Database\Eloquent\Model.php(2512): Illuminate\Database\Eloquent\Model-&gt;__call()
#15 D:\DO_AN_TOT_NGHIEP\doan_calamity_manager\app\Http\Controllers\Calamities\StormCalamityController.php(173): Illuminate\Database\Eloquent\Model::__callStatic()
#16 D:\DO_AN_TOT_NGHIEP\doan_calamity_manager\vendor\laravel\framework\src\Illuminate\Routing\Controller.php(54): App\Http\Controllers\Calamities\StormCalamityController-&gt;store()
#17 D:\DO_AN_TOT_NGHIEP\doan_calamity_manager\vendor\laravel\framework\src\Illuminate\Routing\ControllerDispatcher.php(43): Illuminate\Routing\Controller-&gt;callAction()
#18 D:\DO_AN_TOT_NGHIEP\doan_calamity_manager\vendor\laravel\framework\src\Illuminate\Routing\Route.php(265): Illuminate\Routing\ControllerDispatcher-&gt;dispatch()
#19 D:\DO_AN_TOT_NGHIEP\doan_calamity_manager\vendor\laravel\framework\src\Illuminate\Routing\Route.php(211): Illuminate\Routing\Route-&gt;runController()
#20 D:\DO_AN_TOT_NGHIEP\doan_calamity_manager\vendor\laravel\framework\src\Illuminate\Routing\Router.php(808): Illuminate\Routing\Route-&gt;run()
#21 D:\DO_AN_TOT_NGHIEP\doan_calamity_manager\vendor\laravel\framework\src\Illuminate\Pipeline\Pipeline.php(169): Illuminate\Routing\Router-&gt;Illuminate\Routing\{closure}()
#22 D:\DO_AN_TOT_NGHIEP\doan_calamity_manager\vendor\laravel\framework\src\Illuminate\Routing\Middleware\SubstituteBindings.php(50): Illuminate\Pipeline\Pipeline-&gt;Illuminate\Pipeline\{closure}()
#23 D:\DO_AN_TOT_NGHIEP\doan_calamity_manager\vendor\laravel\framework\src\Illuminate\Pipeline\Pipeline.php(208): Illuminate\Routing\Middleware\SubstituteBindings-&gt;handle()
#24 D:\DO_AN_TOT_NGHIEP\doan_calamity_manager\vendor\laravel\framework\src\Illuminate\Auth\Middleware\Authenticate.php(63): Illuminate\Pipeline\Pipeline-&gt;Illuminate\Pipeline\{closure}()
#25 D:\DO_AN_TOT_NGHIEP\doan_calamity_manager\vendor\laravel\framework\src\Illuminate\Pipeline\Pipeline.php(208): Illuminate\Auth\Middleware\Authenticate-&gt;handle()
#26 D:\DO_AN_TOT_NGHIEP\doan_calamity_manager\vendor\laravel\framework\src\Illuminate\Foundation\Http\Middleware\VerifyCsrfToken.php(87): Illuminate\Pipeline\Pipeline-&gt;Illuminate\Pipeline\{closure}()
#27 D:\DO_AN_TOT_NGHIEP\doan_calamity_manager\vendor\laravel\framework\src\Illuminate\Pipeline\Pipeline.php(208): Illuminate\Foundation\Http\Middleware\VerifyCsrfToken-&gt;handle()
#28 D:\DO_AN_TOT_NGHIEP\doan_calamity_manager\vendor\laravel\framework\src\Illuminate\View\Middleware\ShareErrorsFromSession.php(48): Illuminate\Pipeline\Pipeline-&gt;Illuminate\Pipeline\{closure}()
#29 D:\DO_AN_TOT_NGHIEP\doan_calamity_manager\vendor\laravel\framework\src\Illuminate\Pipeline\Pipeline.php(208): Illuminate\View\Middleware\ShareErrorsFromSession-&gt;handle()
#30 D:\DO_AN_TOT_NGHIEP\doan_calamity_manager\vendor\laravel\framework\src\Illuminate\Session\Middleware\StartSession.php(120): Illuminate\Pipeline\Pipeline-&gt;Illuminate\Pipeline\{closure}()
#31 D:\DO_AN_TOT_NGHIEP\doan_calamity_manager\vendor\laravel\framework\src\Illuminate\Session\Middleware\StartSession.php(63): Illuminate\Session\Middleware\StartSession-&gt;handleStatefulRequest()
#32 D:\DO_AN_TOT_NGHIEP\doan_calamity_manager\vendor\laravel\framework\src\Illuminate\Pipeline\Pipeline.php(208): Illuminate\Session\Middleware\StartSession-&gt;handle()
#33 D:\DO_AN_TOT_NGHIEP\doan_calamity_manager\vendor\laravel\framework\src\Illuminate\Cookie\Middleware\AddQueuedCookiesToResponse.php(36): Illuminate\Pipeline\Pipeline-&gt;Illuminate\Pipeline\{closure}()
#34 D:\DO_AN_TOT_NGHIEP\doan_calamity_manager\vendor\laravel\framework\src\Illuminate\Pipeline\Pipeline.php(208): Illuminate\Cookie\Middleware\AddQueuedCookiesToResponse-&gt;handle()
#35 D:\DO_AN_TOT_NGHIEP\doan_calamity_manager\vendor\laravel\framework\src\Illuminate\Cookie\Middleware\EncryptCookies.php(74): Illuminate\Pipeline\Pipeline-&gt;Illuminate\Pipeline\{closure}()
#36 D:\DO_AN_TOT_NGHIEP\doan_calamity_manager\vendor\laravel\framework\src\Illuminate\Pipeline\Pipeline.php(208): Illuminate\Cookie\Middleware\EncryptCookies-&gt;handle()
#37 D:\DO_AN_TOT_NGHIEP\doan_calamity_manager\vendor\laravel\framework\src\Illuminate\Pipeline\Pipeline.php(126): Illuminate\Pipeline\Pipeline-&gt;Illuminate\Pipeline\{closure}()
#38 D:\DO_AN_TOT_NGHIEP\doan_calamity_manager\vendor\laravel\framework\src\Illuminate\Routing\Router.php(807): Illuminate\Pipeline\Pipeline-&gt;then()
#39 D:\DO_AN_TOT_NGHIEP\doan_calamity_manager\vendor\laravel\framework\src\Illuminate\Routing\Router.php(786): Illuminate\Routing\Router-&gt;runRouteWithinStack()
#40 D:\DO_AN_TOT_NGHIEP\doan_calamity_manager\vendor\laravel\framework\src\Illuminate\Routing\Router.php(750): Illuminate\Routing\Router-&gt;runRoute()
#41 D:\DO_AN_TOT_NGHIEP\doan_calamity_manager\vendor\laravel\framework\src\Illuminate\Routing\Router.php(739): Illuminate\Routing\Router-&gt;dispatchToRoute()
#42 D:\DO_AN_TOT_NGHIEP\doan_calamity_manager\vendor\laravel\framework\src\Illuminate\Foundation\Http\Kernel.php(200): Illuminate\Routing\Router-&gt;dispatch()
#43 D:\DO_AN_TOT_NGHIEP\doan_calamity_manager\vendor\laravel\framework\src\Illuminate\Pipeline\Pipeline.php(169): Illuminate\Foundation\Http\Kernel-&gt;Illuminate\Foundation\Http\{closure}()
#44 D:\DO_AN_TOT_NGHIEP\doan_calamity_manager\vendor\laravel\framework\src\Illuminate\Foundation\Http\Middleware\TransformsRequest.php(21): Illuminate\Pipeline\Pipeline-&gt;Illuminate\Pipeline\{closure}()
#45 D:\DO_AN_TOT_NGHIEP\doan_calamity_manager\vendor\laravel\framework\src\Illuminate\Foundation\Http\Middleware\ConvertEmptyStringsToNull.php(31): Illuminate\Foundation\Http\Middleware\TransformsRequest-&gt;handle()
#46 D:\DO_AN_TOT_NGHIEP\doan_calamity_manager\vendor\laravel\framework\src\Illuminate\Pipeline\Pipeline.php(208): Illuminate\Foundation\Http\Middleware\ConvertEmptyStringsToNull-&gt;handle()
#47 D:\DO_AN_TOT_NGHIEP\doan_calamity_manager\vendor\laravel\framework\src\Illuminate\Foundation\Http\Middleware\TransformsRequest.php(21): Illuminate\Pipeline\Pipeline-&gt;Illuminate\Pipeline\{closure}()
#48 D:\DO_AN_TOT_NGHIEP\doan_calamity_manager\vendor\laravel\framework\src\Illuminate\Foundation\Http\Middleware\TrimStrings.php(51): Illuminate\Foundation\Http\Middleware\TransformsRequest-&gt;handle()
#49 D:\DO_AN_TOT_NGHIEP\doan_calamity_manager\vendor\laravel\framework\src\Illuminate\Pipeline\Pipeline.php(208): Illuminate\Foundation\Http\Middleware\TrimStrings-&gt;handle()
#50 D:\DO_AN_TOT_NGHIEP\doan_calamity_manager\vendor\laravel\framework\src\Illuminate\Http\Middleware\ValidatePostSize.php(27): Illuminate\Pipeline\Pipeline-&gt;Illuminate\Pipeline\{closure}()
#51 D:\DO_AN_TOT_NGHIEP\doan_calamity_manager\vendor\laravel\framework\src\Illuminate\Pipeline\Pipeline.php(208): Illuminate\Http\Middleware\ValidatePostSize-&gt;handle()
#52 D:\DO_AN_TOT_NGHIEP\doan_calamity_manager\vendor\laravel\framework\src\Illuminate\Foundation\Http\Middleware\PreventRequestsDuringMaintenance.php(109): Illuminate\Pipeline\Pipeline-&gt;Illuminate\Pipeline\{closure}()
#53 D:\DO_AN_TOT_NGHIEP\doan_calamity_manager\vendor\laravel\framework\src\Illuminate\Pipeline\Pipeline.php(208): Illuminate\Foundation\Http\Middleware\PreventRequestsDuringMaintenance-&gt;handle()
#54 D:\DO_AN_TOT_NGHIEP\doan_calamity_manager\vendor\laravel\framework\src\Illuminate\Http\Middleware\HandleCors.php(48): Illuminate\Pipeline\Pipeline-&gt;Illuminate\Pipeline\{closure}()
#55 D:\DO_AN_TOT_NGHIEP\doan_calamity_manager\vendor\laravel\framework\src\Illuminate\Pipeline\Pipeline.php(208): Illuminate\Http\Middleware\HandleCors-&gt;handle()
#56 D:\DO_AN_TOT_NGHIEP\doan_calamity_manager\vendor\laravel\framework\src\Illuminate\Http\Middleware\TrustProxies.php(58): Illuminate\Pipeline\Pipeline-&gt;Illuminate\Pipeline\{closure}()
#57 D:\DO_AN_TOT_NGHIEP\doan_calamity_manager\vendor\laravel\framework\src\Illuminate\Pipeline\Pipeline.php(208): Illuminate\Http\Middleware\TrustProxies-&gt;handle()
#58 D:\DO_AN_TOT_NGHIEP\doan_calamity_manager\vendor\laravel\framework\src\Illuminate\Foundation\Http\Middleware\InvokeDeferredCallbacks.php(22): Illuminate\Pipeline\Pipeline-&gt;Illuminate\Pipeline\{closure}()
#59 D:\DO_AN_TOT_NGHIEP\doan_calamity_manager\vendor\laravel\framework\src\Illuminate\Pipeline\Pipeline.php(208): Illuminate\Foundation\Http\Middleware\InvokeDeferredCallbacks-&gt;handle()
#60 D:\DO_AN_TOT_NGHIEP\doan_calamity_manager\vendor\laravel\framework\src\Illuminate\Http\Middleware\ValidatePathEncoding.php(26): Illuminate\Pipeline\Pipeline-&gt;Illuminate\Pipeline\{closure}()
#61 D:\DO_AN_TOT_NGHIEP\doan_calamity_manager\vendor\laravel\framework\src\Illuminate\Pipeline\Pipeline.php(208): Illuminate\Http\Middleware\ValidatePathEncoding-&gt;handle()
#62 D:\DO_AN_TOT_NGHIEP\doan_calamity_manager\vendor\laravel\framework\src\Illuminate\Pipeline\Pipeline.php(126): Illuminate\Pipeline\Pipeline-&gt;Illuminate\Pipeline\{closure}()
#63 D:\DO_AN_TOT_NGHIEP\doan_calamity_manager\vendor\laravel\framework\src\Illuminate\Foundation\Http\Kernel.php(175): Illuminate\Pipeline\Pipeline-&gt;then()
#64 D:\DO_AN_TOT_NGHIEP\doan_calamity_manager\vendor\laravel\framework\src\Illuminate\Foundation\Http\Kernel.php(144): Illuminate\Foundation\Http\Kernel-&gt;sendRequestThroughRouter()
#65 D:\DO_AN_TOT_NGHIEP\doan_calamity_manager\vendor\laravel\framework\src\Illuminate\Foundation\Testing\Concerns\MakesHttpRequests.php(607): Illuminate\Foundation\Http\Kernel-&gt;handle()
#66 D:\DO_AN_TOT_NGHIEP\doan_calamity_manager\vendor\laravel\framework\src\Illuminate\Foundation\Testing\Concerns\MakesHttpRequests.php(397): Illuminate\Foundation\Testing\TestCase-&gt;call()
#67 D:\DO_AN_TOT_NGHIEP\doan_calamity_manager\tests\Feature\CalamityManagementTest.php(133): Illuminate\Foundation\Testing\TestCase-&gt;post()
#68 D:\DO_AN_TOT_NGHIEP\doan_calamity_manager\vendor\phpunit\phpunit\src\Framework\TestCase.php(1656): Tests\Feature\CalamityManagementTest-&gt;test_authenticated_user_can_create_new_storm_calamity()
#69 D:\DO_AN_TOT_NGHIEP\doan_calamity_manager\vendor\phpunit\phpunit\src\Framework\TestCase.php(514): PHPUnit\Framework\TestCase-&gt;runTest()
#70 D:\DO_AN_TOT_NGHIEP\doan_calamity_manager\vendor\phpunit\phpunit\src\Framework\TestRunner\TestRunner.php(87): PHPUnit\Framework\TestCase-&gt;runBare()
#71 D:\DO_AN_TOT_NGHIEP\doan_calamity_manager\vendor\phpunit\phpunit\src\Framework\TestCase.php(361): PHPUnit\Framework\TestRunner-&gt;run()
#72 D:\DO_AN_TOT_NGHIEP\doan_calamity_manager\vendor\phpunit\phpunit\src\Framework\TestSuite.php(369): PHPUnit\Framework\TestCase-&gt;run()
#73 D:\DO_AN_TOT_NGHIEP\doan_calamity_manager\vendor\phpunit\phpunit\src\Framework\TestSuite.php(369): PHPUnit\Framework\TestSuite-&gt;run()
#74 D:\DO_AN_TOT_NGHIEP\doan_calamity_manager\vendor\phpunit\phpunit\src\Framework\TestSuite.php(369): PHPUnit\Framework\TestSuite-&gt;run()
#75 D:\DO_AN_TOT_NGHIEP\doan_calamity_manager\vendor\phpunit\phpunit\src\TextUI\TestRunner.php(64): PHPUnit\Framework\TestSuite-&gt;run()
#76 D:\DO_AN_TOT_NGHIEP\doan_calamity_manager\vendor\phpunit\phpunit\src\TextUI\Application.php(210): PHPUnit\TextUI\TestRunner-&gt;run()
#77 D:\DO_AN_TOT_NGHIEP\doan_calamity_manager\vendor\phpunit\phpunit\phpunit(104): PHPUnit\TextUI\Application-&gt;run()
#78 {main}

----------------------------------------------------------------------------------

SQLSTATE[HY000]: General error: 1 table calamities has no column named created_by_user_id (Connection: sqlite, SQL: insert into "calamities" ("risk_level_id", "name", "coordinates", "investment_level", "time_start", "time_end", "human_damage", "property_damage", "mitigation_measures", "created_by_user_id", "slug", "updated_at", "created_at") values (1, Test Storm Calamity, 10.123,20.456, High, 2025-07-15, 2025-07-16, None, Minor, Evacuation, 1, test-storm-calamity, 2025-07-14 06:37:22, 2025-07-14 06:37:22))
&#13;
D:\DO_AN_TOT_NGHIEP\doan_calamity_manager\vendor\laravel\framework\src\Illuminate\Testing\TestResponseAssert.php:45
D:\DO_AN_TOT_NGHIEP\doan_calamity_manager\vendor\laravel\framework\src\Illuminate\Testing\TestResponse.php:199
D:\DO_AN_TOT_NGHIEP\doan_calamity_manager\tests\Feature\CalamityManagementTest.php:148</failure>
        </testcase>
        <testcase name="test_authenticated_user_can_create_new_river_bank_calamity" file="D:\DO_AN_TOT_NGHIEP\doan_calamity_manager\tests\Feature\CalamityManagementTest.php" line="162" class="Tests\Feature\CalamityManagementTest" classname="Tests.Feature.CalamityManagementTest" assertions="1" time="0.608835">
          <failure type="PHPUnit\Framework\ExpectationFailedException">Tests\Feature\CalamityManagementTest::test_authenticated_user_can_create_new_river_bank_calamity&#13;
Expected response status code [201, 301, 302, 303, 307, 308] but received 500.
Failed asserting that false is true.&#13;
&#13;
The following exception occurred during the last request:

PDOException: SQLSTATE[HY000]: General error: 1 table calamities has no column named created_by_user_id in D:\DO_AN_TOT_NGHIEP\doan_calamity_manager\vendor\laravel\framework\src\Illuminate\Database\Connection.php:562
Stack trace:
#0 D:\DO_AN_TOT_NGHIEP\doan_calamity_manager\vendor\laravel\framework\src\Illuminate\Database\Connection.php(562): PDO-&gt;prepare()
#1 D:\DO_AN_TOT_NGHIEP\doan_calamity_manager\vendor\laravel\framework\src\Illuminate\Database\Connection.php(809): Illuminate\Database\Connection-&gt;Illuminate\Database\{closure}()
#2 D:\DO_AN_TOT_NGHIEP\doan_calamity_manager\vendor\laravel\framework\src\Illuminate\Database\Connection.php(776): Illuminate\Database\Connection-&gt;runQueryCallback()
#3 D:\DO_AN_TOT_NGHIEP\doan_calamity_manager\vendor\laravel\framework\src\Illuminate\Database\Connection.php(557): Illuminate\Database\Connection-&gt;run()
#4 D:\DO_AN_TOT_NGHIEP\doan_calamity_manager\vendor\laravel\framework\src\Illuminate\Database\Connection.php(521): Illuminate\Database\Connection-&gt;statement()
#5 D:\DO_AN_TOT_NGHIEP\doan_calamity_manager\vendor\laravel\framework\src\Illuminate\Database\Query\Processors\Processor.php(32): Illuminate\Database\Connection-&gt;insert()
#6 D:\DO_AN_TOT_NGHIEP\doan_calamity_manager\vendor\laravel\framework\src\Illuminate\Database\Query\Builder.php(3796): Illuminate\Database\Query\Processors\Processor-&gt;processInsertGetId()
#7 D:\DO_AN_TOT_NGHIEP\doan_calamity_manager\vendor\laravel\framework\src\Illuminate\Database\Eloquent\Builder.php(2205): Illuminate\Database\Query\Builder-&gt;insertGetId()
#8 D:\DO_AN_TOT_NGHIEP\doan_calamity_manager\vendor\laravel\framework\src\Illuminate\Database\Eloquent\Model.php(1410): Illuminate\Database\Eloquent\Builder-&gt;__call()
#9 D:\DO_AN_TOT_NGHIEP\doan_calamity_manager\vendor\laravel\framework\src\Illuminate\Database\Eloquent\Model.php(1375): Illuminate\Database\Eloquent\Model-&gt;insertAndSetId()
#10 D:\DO_AN_TOT_NGHIEP\doan_calamity_manager\vendor\laravel\framework\src\Illuminate\Database\Eloquent\Model.php(1214): Illuminate\Database\Eloquent\Model-&gt;performInsert()
#11 D:\DO_AN_TOT_NGHIEP\doan_calamity_manager\vendor\laravel\framework\src\Illuminate\Database\Eloquent\Builder.php(1189): Illuminate\Database\Eloquent\Model-&gt;save()
#12 D:\DO_AN_TOT_NGHIEP\doan_calamity_manager\vendor\laravel\framework\src\Illuminate\Support\helpers.php(399): Illuminate\Database\Eloquent\Builder-&gt;Illuminate\Database\Eloquent\{closure}()
#13 D:\DO_AN_TOT_NGHIEP\doan_calamity_manager\vendor\laravel\framework\src\Illuminate\Database\Eloquent\Builder.php(1188): tap()
#14 D:\DO_AN_TOT_NGHIEP\doan_calamity_manager\vendor\laravel\framework\src\Illuminate\Support\Traits\ForwardsCalls.php(23): Illuminate\Database\Eloquent\Builder-&gt;create()
#15 D:\DO_AN_TOT_NGHIEP\doan_calamity_manager\vendor\laravel\framework\src\Illuminate\Database\Eloquent\Model.php(2496): Illuminate\Database\Eloquent\Model-&gt;forwardCallTo()
#16 D:\DO_AN_TOT_NGHIEP\doan_calamity_manager\vendor\laravel\framework\src\Illuminate\Database\Eloquent\Model.php(2512): Illuminate\Database\Eloquent\Model-&gt;__call()
#17 D:\DO_AN_TOT_NGHIEP\doan_calamity_manager\app\Http\Controllers\Calamities\RiverBankCalamityController.php(175): Illuminate\Database\Eloquent\Model::__callStatic()
#18 D:\DO_AN_TOT_NGHIEP\doan_calamity_manager\vendor\laravel\framework\src\Illuminate\Routing\Controller.php(54): App\Http\Controllers\Calamities\RiverBankCalamityController-&gt;store()
#19 D:\DO_AN_TOT_NGHIEP\doan_calamity_manager\vendor\laravel\framework\src\Illuminate\Routing\ControllerDispatcher.php(43): Illuminate\Routing\Controller-&gt;callAction()
#20 D:\DO_AN_TOT_NGHIEP\doan_calamity_manager\vendor\laravel\framework\src\Illuminate\Routing\Route.php(265): Illuminate\Routing\ControllerDispatcher-&gt;dispatch()
#21 D:\DO_AN_TOT_NGHIEP\doan_calamity_manager\vendor\laravel\framework\src\Illuminate\Routing\Route.php(211): Illuminate\Routing\Route-&gt;runController()
#22 D:\DO_AN_TOT_NGHIEP\doan_calamity_manager\vendor\laravel\framework\src\Illuminate\Routing\Router.php(808): Illuminate\Routing\Route-&gt;run()
#23 D:\DO_AN_TOT_NGHIEP\doan_calamity_manager\vendor\laravel\framework\src\Illuminate\Pipeline\Pipeline.php(169): Illuminate\Routing\Router-&gt;Illuminate\Routing\{closure}()
#24 D:\DO_AN_TOT_NGHIEP\doan_calamity_manager\vendor\laravel\framework\src\Illuminate\Routing\Middleware\SubstituteBindings.php(50): Illuminate\Pipeline\Pipeline-&gt;Illuminate\Pipeline\{closure}()
#25 D:\DO_AN_TOT_NGHIEP\doan_calamity_manager\vendor\laravel\framework\src\Illuminate\Pipeline\Pipeline.php(208): Illuminate\Routing\Middleware\SubstituteBindings-&gt;handle()
#26 D:\DO_AN_TOT_NGHIEP\doan_calamity_manager\vendor\laravel\framework\src\Illuminate\Auth\Middleware\Authenticate.php(63): Illuminate\Pipeline\Pipeline-&gt;Illuminate\Pipeline\{closure}()
#27 D:\DO_AN_TOT_NGHIEP\doan_calamity_manager\vendor\laravel\framework\src\Illuminate\Pipeline\Pipeline.php(208): Illuminate\Auth\Middleware\Authenticate-&gt;handle()
#28 D:\DO_AN_TOT_NGHIEP\doan_calamity_manager\vendor\laravel\framework\src\Illuminate\Foundation\Http\Middleware\VerifyCsrfToken.php(87): Illuminate\Pipeline\Pipeline-&gt;Illuminate\Pipeline\{closure}()
#29 D:\DO_AN_TOT_NGHIEP\doan_calamity_manager\vendor\laravel\framework\src\Illuminate\Pipeline\Pipeline.php(208): Illuminate\Foundation\Http\Middleware\VerifyCsrfToken-&gt;handle()
#30 D:\DO_AN_TOT_NGHIEP\doan_calamity_manager\vendor\laravel\framework\src\Illuminate\View\Middleware\ShareErrorsFromSession.php(48): Illuminate\Pipeline\Pipeline-&gt;Illuminate\Pipeline\{closure}()
#31 D:\DO_AN_TOT_NGHIEP\doan_calamity_manager\vendor\laravel\framework\src\Illuminate\Pipeline\Pipeline.php(208): Illuminate\View\Middleware\ShareErrorsFromSession-&gt;handle()
#32 D:\DO_AN_TOT_NGHIEP\doan_calamity_manager\vendor\laravel\framework\src\Illuminate\Session\Middleware\StartSession.php(120): Illuminate\Pipeline\Pipeline-&gt;Illuminate\Pipeline\{closure}()
#33 D:\DO_AN_TOT_NGHIEP\doan_calamity_manager\vendor\laravel\framework\src\Illuminate\Session\Middleware\StartSession.php(63): Illuminate\Session\Middleware\StartSession-&gt;handleStatefulRequest()
#34 D:\DO_AN_TOT_NGHIEP\doan_calamity_manager\vendor\laravel\framework\src\Illuminate\Pipeline\Pipeline.php(208): Illuminate\Session\Middleware\StartSession-&gt;handle()
#35 D:\DO_AN_TOT_NGHIEP\doan_calamity_manager\vendor\laravel\framework\src\Illuminate\Cookie\Middleware\AddQueuedCookiesToResponse.php(36): Illuminate\Pipeline\Pipeline-&gt;Illuminate\Pipeline\{closure}()
#36 D:\DO_AN_TOT_NGHIEP\doan_calamity_manager\vendor\laravel\framework\src\Illuminate\Pipeline\Pipeline.php(208): Illuminate\Cookie\Middleware\AddQueuedCookiesToResponse-&gt;handle()
#37 D:\DO_AN_TOT_NGHIEP\doan_calamity_manager\vendor\laravel\framework\src\Illuminate\Cookie\Middleware\EncryptCookies.php(74): Illuminate\Pipeline\Pipeline-&gt;Illuminate\Pipeline\{closure}()
#38 D:\DO_AN_TOT_NGHIEP\doan_calamity_manager\vendor\laravel\framework\src\Illuminate\Pipeline\Pipeline.php(208): Illuminate\Cookie\Middleware\EncryptCookies-&gt;handle()
#39 D:\DO_AN_TOT_NGHIEP\doan_calamity_manager\vendor\laravel\framework\src\Illuminate\Pipeline\Pipeline.php(126): Illuminate\Pipeline\Pipeline-&gt;Illuminate\Pipeline\{closure}()
#40 D:\DO_AN_TOT_NGHIEP\doan_calamity_manager\vendor\laravel\framework\src\Illuminate\Routing\Router.php(807): Illuminate\Pipeline\Pipeline-&gt;then()
#41 D:\DO_AN_TOT_NGHIEP\doan_calamity_manager\vendor\laravel\framework\src\Illuminate\Routing\Router.php(786): Illuminate\Routing\Router-&gt;runRouteWithinStack()
#42 D:\DO_AN_TOT_NGHIEP\doan_calamity_manager\vendor\laravel\framework\src\Illuminate\Routing\Router.php(750): Illuminate\Routing\Router-&gt;runRoute()
#43 D:\DO_AN_TOT_NGHIEP\doan_calamity_manager\vendor\laravel\framework\src\Illuminate\Routing\Router.php(739): Illuminate\Routing\Router-&gt;dispatchToRoute()
#44 D:\DO_AN_TOT_NGHIEP\doan_calamity_manager\vendor\laravel\framework\src\Illuminate\Foundation\Http\Kernel.php(200): Illuminate\Routing\Router-&gt;dispatch()
#45 D:\DO_AN_TOT_NGHIEP\doan_calamity_manager\vendor\laravel\framework\src\Illuminate\Pipeline\Pipeline.php(169): Illuminate\Foundation\Http\Kernel-&gt;Illuminate\Foundation\Http\{closure}()
#46 D:\DO_AN_TOT_NGHIEP\doan_calamity_manager\vendor\laravel\framework\src\Illuminate\Foundation\Http\Middleware\TransformsRequest.php(21): Illuminate\Pipeline\Pipeline-&gt;Illuminate\Pipeline\{closure}()
#47 D:\DO_AN_TOT_NGHIEP\doan_calamity_manager\vendor\laravel\framework\src\Illuminate\Foundation\Http\Middleware\ConvertEmptyStringsToNull.php(31): Illuminate\Foundation\Http\Middleware\TransformsRequest-&gt;handle()
#48 D:\DO_AN_TOT_NGHIEP\doan_calamity_manager\vendor\laravel\framework\src\Illuminate\Pipeline\Pipeline.php(208): Illuminate\Foundation\Http\Middleware\ConvertEmptyStringsToNull-&gt;handle()
#49 D:\DO_AN_TOT_NGHIEP\doan_calamity_manager\vendor\laravel\framework\src\Illuminate\Foundation\Http\Middleware\TransformsRequest.php(21): Illuminate\Pipeline\Pipeline-&gt;Illuminate\Pipeline\{closure}()
#50 D:\DO_AN_TOT_NGHIEP\doan_calamity_manager\vendor\laravel\framework\src\Illuminate\Foundation\Http\Middleware\TrimStrings.php(51): Illuminate\Foundation\Http\Middleware\TransformsRequest-&gt;handle()
#51 D:\DO_AN_TOT_NGHIEP\doan_calamity_manager\vendor\laravel\framework\src\Illuminate\Pipeline\Pipeline.php(208): Illuminate\Foundation\Http\Middleware\TrimStrings-&gt;handle()
#52 D:\DO_AN_TOT_NGHIEP\doan_calamity_manager\vendor\laravel\framework\src\Illuminate\Http\Middleware\ValidatePostSize.php(27): Illuminate\Pipeline\Pipeline-&gt;Illuminate\Pipeline\{closure}()
#53 D:\DO_AN_TOT_NGHIEP\doan_calamity_manager\vendor\laravel\framework\src\Illuminate\Pipeline\Pipeline.php(208): Illuminate\Http\Middleware\ValidatePostSize-&gt;handle()
#54 D:\DO_AN_TOT_NGHIEP\doan_calamity_manager\vendor\laravel\framework\src\Illuminate\Foundation\Http\Middleware\PreventRequestsDuringMaintenance.php(109): Illuminate\Pipeline\Pipeline-&gt;Illuminate\Pipeline\{closure}()
#55 D:\DO_AN_TOT_NGHIEP\doan_calamity_manager\vendor\laravel\framework\src\Illuminate\Pipeline\Pipeline.php(208): Illuminate\Foundation\Http\Middleware\PreventRequestsDuringMaintenance-&gt;handle()
#56 D:\DO_AN_TOT_NGHIEP\doan_calamity_manager\vendor\laravel\framework\src\Illuminate\Http\Middleware\HandleCors.php(48): Illuminate\Pipeline\Pipeline-&gt;Illuminate\Pipeline\{closure}()
#57 D:\DO_AN_TOT_NGHIEP\doan_calamity_manager\vendor\laravel\framework\src\Illuminate\Pipeline\Pipeline.php(208): Illuminate\Http\Middleware\HandleCors-&gt;handle()
#58 D:\DO_AN_TOT_NGHIEP\doan_calamity_manager\vendor\laravel\framework\src\Illuminate\Http\Middleware\TrustProxies.php(58): Illuminate\Pipeline\Pipeline-&gt;Illuminate\Pipeline\{closure}()
#59 D:\DO_AN_TOT_NGHIEP\doan_calamity_manager\vendor\laravel\framework\src\Illuminate\Pipeline\Pipeline.php(208): Illuminate\Http\Middleware\TrustProxies-&gt;handle()
#60 D:\DO_AN_TOT_NGHIEP\doan_calamity_manager\vendor\laravel\framework\src\Illuminate\Foundation\Http\Middleware\InvokeDeferredCallbacks.php(22): Illuminate\Pipeline\Pipeline-&gt;Illuminate\Pipeline\{closure}()
#61 D:\DO_AN_TOT_NGHIEP\doan_calamity_manager\vendor\laravel\framework\src\Illuminate\Pipeline\Pipeline.php(208): Illuminate\Foundation\Http\Middleware\InvokeDeferredCallbacks-&gt;handle()
#62 D:\DO_AN_TOT_NGHIEP\doan_calamity_manager\vendor\laravel\framework\src\Illuminate\Http\Middleware\ValidatePathEncoding.php(26): Illuminate\Pipeline\Pipeline-&gt;Illuminate\Pipeline\{closure}()
#63 D:\DO_AN_TOT_NGHIEP\doan_calamity_manager\vendor\laravel\framework\src\Illuminate\Pipeline\Pipeline.php(208): Illuminate\Http\Middleware\ValidatePathEncoding-&gt;handle()
#64 D:\DO_AN_TOT_NGHIEP\doan_calamity_manager\vendor\laravel\framework\src\Illuminate\Pipeline\Pipeline.php(126): Illuminate\Pipeline\Pipeline-&gt;Illuminate\Pipeline\{closure}()
#65 D:\DO_AN_TOT_NGHIEP\doan_calamity_manager\vendor\laravel\framework\src\Illuminate\Foundation\Http\Kernel.php(175): Illuminate\Pipeline\Pipeline-&gt;then()
#66 D:\DO_AN_TOT_NGHIEP\doan_calamity_manager\vendor\laravel\framework\src\Illuminate\Foundation\Http\Kernel.php(144): Illuminate\Foundation\Http\Kernel-&gt;sendRequestThroughRouter()
#67 D:\DO_AN_TOT_NGHIEP\doan_calamity_manager\vendor\laravel\framework\src\Illuminate\Foundation\Testing\Concerns\MakesHttpRequests.php(607): Illuminate\Foundation\Http\Kernel-&gt;handle()
#68 D:\DO_AN_TOT_NGHIEP\doan_calamity_manager\vendor\laravel\framework\src\Illuminate\Foundation\Testing\Concerns\MakesHttpRequests.php(397): Illuminate\Foundation\Testing\TestCase-&gt;call()
#69 D:\DO_AN_TOT_NGHIEP\doan_calamity_manager\tests\Feature\CalamityManagementTest.php(173): Illuminate\Foundation\Testing\TestCase-&gt;post()
#70 D:\DO_AN_TOT_NGHIEP\doan_calamity_manager\vendor\phpunit\phpunit\src\Framework\TestCase.php(1656): Tests\Feature\CalamityManagementTest-&gt;test_authenticated_user_can_create_new_river_bank_calamity()
#71 D:\DO_AN_TOT_NGHIEP\doan_calamity_manager\vendor\phpunit\phpunit\src\Framework\TestCase.php(514): PHPUnit\Framework\TestCase-&gt;runTest()
#72 D:\DO_AN_TOT_NGHIEP\doan_calamity_manager\vendor\phpunit\phpunit\src\Framework\TestRunner\TestRunner.php(87): PHPUnit\Framework\TestCase-&gt;runBare()
#73 D:\DO_AN_TOT_NGHIEP\doan_calamity_manager\vendor\phpunit\phpunit\src\Framework\TestCase.php(361): PHPUnit\Framework\TestRunner-&gt;run()
#74 D:\DO_AN_TOT_NGHIEP\doan_calamity_manager\vendor\phpunit\phpunit\src\Framework\TestSuite.php(369): PHPUnit\Framework\TestCase-&gt;run()
#75 D:\DO_AN_TOT_NGHIEP\doan_calamity_manager\vendor\phpunit\phpunit\src\Framework\TestSuite.php(369): PHPUnit\Framework\TestSuite-&gt;run()
#76 D:\DO_AN_TOT_NGHIEP\doan_calamity_manager\vendor\phpunit\phpunit\src\Framework\TestSuite.php(369): PHPUnit\Framework\TestSuite-&gt;run()
#77 D:\DO_AN_TOT_NGHIEP\doan_calamity_manager\vendor\phpunit\phpunit\src\TextUI\TestRunner.php(64): PHPUnit\Framework\TestSuite-&gt;run()
#78 D:\DO_AN_TOT_NGHIEP\doan_calamity_manager\vendor\phpunit\phpunit\src\TextUI\Application.php(210): PHPUnit\TextUI\TestRunner-&gt;run()
#79 D:\DO_AN_TOT_NGHIEP\doan_calamity_manager\vendor\phpunit\phpunit\phpunit(104): PHPUnit\TextUI\Application-&gt;run()
#80 {main}

Next Illuminate\Database\QueryException: SQLSTATE[HY000]: General error: 1 table calamities has no column named created_by_user_id (Connection: sqlite, SQL: insert into "calamities" ("risk_level_id", "name", "address", "length", "width", "acreage", "coordinates", "time", "reason", "geology", "watermark_points", "human_damage", "property_damage", "investment_level", "mitigation_measures", "support_policy", "created_by_user_id", "slug", "updated_at", "created_at") values (1, Test River Bank Calamity, Test Address, 150, 75, 50, 10.123,20.456, 2025-07-15, Soil erosion, Clay soil, High water level, None, Minor, Medium, Reinforcement, Government support, 1, test-river-bank-calamity, 2025-07-14 06:37:23, 2025-07-14 06:37:23)) in D:\DO_AN_TOT_NGHIEP\doan_calamity_manager\vendor\laravel\framework\src\Illuminate\Database\Connection.php:822
Stack trace:
#0 D:\DO_AN_TOT_NGHIEP\doan_calamity_manager\vendor\laravel\framework\src\Illuminate\Database\Connection.php(776): Illuminate\Database\Connection-&gt;runQueryCallback()
#1 D:\DO_AN_TOT_NGHIEP\doan_calamity_manager\vendor\laravel\framework\src\Illuminate\Database\Connection.php(557): Illuminate\Database\Connection-&gt;run()
#2 D:\DO_AN_TOT_NGHIEP\doan_calamity_manager\vendor\laravel\framework\src\Illuminate\Database\Connection.php(521): Illuminate\Database\Connection-&gt;statement()
#3 D:\DO_AN_TOT_NGHIEP\doan_calamity_manager\vendor\laravel\framework\src\Illuminate\Database\Query\Processors\Processor.php(32): Illuminate\Database\Connection-&gt;insert()
#4 D:\DO_AN_TOT_NGHIEP\doan_calamity_manager\vendor\laravel\framework\src\Illuminate\Database\Query\Builder.php(3796): Illuminate\Database\Query\Processors\Processor-&gt;processInsertGetId()
#5 D:\DO_AN_TOT_NGHIEP\doan_calamity_manager\vendor\laravel\framework\src\Illuminate\Database\Eloquent\Builder.php(2205): Illuminate\Database\Query\Builder-&gt;insertGetId()
#6 D:\DO_AN_TOT_NGHIEP\doan_calamity_manager\vendor\laravel\framework\src\Illuminate\Database\Eloquent\Model.php(1410): Illuminate\Database\Eloquent\Builder-&gt;__call()
#7 D:\DO_AN_TOT_NGHIEP\doan_calamity_manager\vendor\laravel\framework\src\Illuminate\Database\Eloquent\Model.php(1375): Illuminate\Database\Eloquent\Model-&gt;insertAndSetId()
#8 D:\DO_AN_TOT_NGHIEP\doan_calamity_manager\vendor\laravel\framework\src\Illuminate\Database\Eloquent\Model.php(1214): Illuminate\Database\Eloquent\Model-&gt;performInsert()
#9 D:\DO_AN_TOT_NGHIEP\doan_calamity_manager\vendor\laravel\framework\src\Illuminate\Database\Eloquent\Builder.php(1189): Illuminate\Database\Eloquent\Model-&gt;save()
#10 D:\DO_AN_TOT_NGHIEP\doan_calamity_manager\vendor\laravel\framework\src\Illuminate\Support\helpers.php(399): Illuminate\Database\Eloquent\Builder-&gt;Illuminate\Database\Eloquent\{closure}()
#11 D:\DO_AN_TOT_NGHIEP\doan_calamity_manager\vendor\laravel\framework\src\Illuminate\Database\Eloquent\Builder.php(1188): tap()
#12 D:\DO_AN_TOT_NGHIEP\doan_calamity_manager\vendor\laravel\framework\src\Illuminate\Support\Traits\ForwardsCalls.php(23): Illuminate\Database\Eloquent\Builder-&gt;create()
#13 D:\DO_AN_TOT_NGHIEP\doan_calamity_manager\vendor\laravel\framework\src\Illuminate\Database\Eloquent\Model.php(2496): Illuminate\Database\Eloquent\Model-&gt;forwardCallTo()
#14 D:\DO_AN_TOT_NGHIEP\doan_calamity_manager\vendor\laravel\framework\src\Illuminate\Database\Eloquent\Model.php(2512): Illuminate\Database\Eloquent\Model-&gt;__call()
#15 D:\DO_AN_TOT_NGHIEP\doan_calamity_manager\app\Http\Controllers\Calamities\RiverBankCalamityController.php(175): Illuminate\Database\Eloquent\Model::__callStatic()
#16 D:\DO_AN_TOT_NGHIEP\doan_calamity_manager\vendor\laravel\framework\src\Illuminate\Routing\Controller.php(54): App\Http\Controllers\Calamities\RiverBankCalamityController-&gt;store()
#17 D:\DO_AN_TOT_NGHIEP\doan_calamity_manager\vendor\laravel\framework\src\Illuminate\Routing\ControllerDispatcher.php(43): Illuminate\Routing\Controller-&gt;callAction()
#18 D:\DO_AN_TOT_NGHIEP\doan_calamity_manager\vendor\laravel\framework\src\Illuminate\Routing\Route.php(265): Illuminate\Routing\ControllerDispatcher-&gt;dispatch()
#19 D:\DO_AN_TOT_NGHIEP\doan_calamity_manager\vendor\laravel\framework\src\Illuminate\Routing\Route.php(211): Illuminate\Routing\Route-&gt;runController()
#20 D:\DO_AN_TOT_NGHIEP\doan_calamity_manager\vendor\laravel\framework\src\Illuminate\Routing\Router.php(808): Illuminate\Routing\Route-&gt;run()
#21 D:\DO_AN_TOT_NGHIEP\doan_calamity_manager\vendor\laravel\framework\src\Illuminate\Pipeline\Pipeline.php(169): Illuminate\Routing\Router-&gt;Illuminate\Routing\{closure}()
#22 D:\DO_AN_TOT_NGHIEP\doan_calamity_manager\vendor\laravel\framework\src\Illuminate\Routing\Middleware\SubstituteBindings.php(50): Illuminate\Pipeline\Pipeline-&gt;Illuminate\Pipeline\{closure}()
#23 D:\DO_AN_TOT_NGHIEP\doan_calamity_manager\vendor\laravel\framework\src\Illuminate\Pipeline\Pipeline.php(208): Illuminate\Routing\Middleware\SubstituteBindings-&gt;handle()
#24 D:\DO_AN_TOT_NGHIEP\doan_calamity_manager\vendor\laravel\framework\src\Illuminate\Auth\Middleware\Authenticate.php(63): Illuminate\Pipeline\Pipeline-&gt;Illuminate\Pipeline\{closure}()
#25 D:\DO_AN_TOT_NGHIEP\doan_calamity_manager\vendor\laravel\framework\src\Illuminate\Pipeline\Pipeline.php(208): Illuminate\Auth\Middleware\Authenticate-&gt;handle()
#26 D:\DO_AN_TOT_NGHIEP\doan_calamity_manager\vendor\laravel\framework\src\Illuminate\Foundation\Http\Middleware\VerifyCsrfToken.php(87): Illuminate\Pipeline\Pipeline-&gt;Illuminate\Pipeline\{closure}()
#27 D:\DO_AN_TOT_NGHIEP\doan_calamity_manager\vendor\laravel\framework\src\Illuminate\Pipeline\Pipeline.php(208): Illuminate\Foundation\Http\Middleware\VerifyCsrfToken-&gt;handle()
#28 D:\DO_AN_TOT_NGHIEP\doan_calamity_manager\vendor\laravel\framework\src\Illuminate\View\Middleware\ShareErrorsFromSession.php(48): Illuminate\Pipeline\Pipeline-&gt;Illuminate\Pipeline\{closure}()
#29 D:\DO_AN_TOT_NGHIEP\doan_calamity_manager\vendor\laravel\framework\src\Illuminate\Pipeline\Pipeline.php(208): Illuminate\View\Middleware\ShareErrorsFromSession-&gt;handle()
#30 D:\DO_AN_TOT_NGHIEP\doan_calamity_manager\vendor\laravel\framework\src\Illuminate\Session\Middleware\StartSession.php(120): Illuminate\Pipeline\Pipeline-&gt;Illuminate\Pipeline\{closure}()
#31 D:\DO_AN_TOT_NGHIEP\doan_calamity_manager\vendor\laravel\framework\src\Illuminate\Session\Middleware\StartSession.php(63): Illuminate\Session\Middleware\StartSession-&gt;handleStatefulRequest()
#32 D:\DO_AN_TOT_NGHIEP\doan_calamity_manager\vendor\laravel\framework\src\Illuminate\Pipeline\Pipeline.php(208): Illuminate\Session\Middleware\StartSession-&gt;handle()
#33 D:\DO_AN_TOT_NGHIEP\doan_calamity_manager\vendor\laravel\framework\src\Illuminate\Cookie\Middleware\AddQueuedCookiesToResponse.php(36): Illuminate\Pipeline\Pipeline-&gt;Illuminate\Pipeline\{closure}()
#34 D:\DO_AN_TOT_NGHIEP\doan_calamity_manager\vendor\laravel\framework\src\Illuminate\Pipeline\Pipeline.php(208): Illuminate\Cookie\Middleware\AddQueuedCookiesToResponse-&gt;handle()
#35 D:\DO_AN_TOT_NGHIEP\doan_calamity_manager\vendor\laravel\framework\src\Illuminate\Cookie\Middleware\EncryptCookies.php(74): Illuminate\Pipeline\Pipeline-&gt;Illuminate\Pipeline\{closure}()
#36 D:\DO_AN_TOT_NGHIEP\doan_calamity_manager\vendor\laravel\framework\src\Illuminate\Pipeline\Pipeline.php(208): Illuminate\Cookie\Middleware\EncryptCookies-&gt;handle()
#37 D:\DO_AN_TOT_NGHIEP\doan_calamity_manager\vendor\laravel\framework\src\Illuminate\Pipeline\Pipeline.php(126): Illuminate\Pipeline\Pipeline-&gt;Illuminate\Pipeline\{closure}()
#38 D:\DO_AN_TOT_NGHIEP\doan_calamity_manager\vendor\laravel\framework\src\Illuminate\Routing\Router.php(807): Illuminate\Pipeline\Pipeline-&gt;then()
#39 D:\DO_AN_TOT_NGHIEP\doan_calamity_manager\vendor\laravel\framework\src\Illuminate\Routing\Router.php(786): Illuminate\Routing\Router-&gt;runRouteWithinStack()
#40 D:\DO_AN_TOT_NGHIEP\doan_calamity_manager\vendor\laravel\framework\src\Illuminate\Routing\Router.php(750): Illuminate\Routing\Router-&gt;runRoute()
#41 D:\DO_AN_TOT_NGHIEP\doan_calamity_manager\vendor\laravel\framework\src\Illuminate\Routing\Router.php(739): Illuminate\Routing\Router-&gt;dispatchToRoute()
#42 D:\DO_AN_TOT_NGHIEP\doan_calamity_manager\vendor\laravel\framework\src\Illuminate\Foundation\Http\Kernel.php(200): Illuminate\Routing\Router-&gt;dispatch()
#43 D:\DO_AN_TOT_NGHIEP\doan_calamity_manager\vendor\laravel\framework\src\Illuminate\Pipeline\Pipeline.php(169): Illuminate\Foundation\Http\Kernel-&gt;Illuminate\Foundation\Http\{closure}()
#44 D:\DO_AN_TOT_NGHIEP\doan_calamity_manager\vendor\laravel\framework\src\Illuminate\Foundation\Http\Middleware\TransformsRequest.php(21): Illuminate\Pipeline\Pipeline-&gt;Illuminate\Pipeline\{closure}()
#45 D:\DO_AN_TOT_NGHIEP\doan_calamity_manager\vendor\laravel\framework\src\Illuminate\Foundation\Http\Middleware\ConvertEmptyStringsToNull.php(31): Illuminate\Foundation\Http\Middleware\TransformsRequest-&gt;handle()
#46 D:\DO_AN_TOT_NGHIEP\doan_calamity_manager\vendor\laravel\framework\src\Illuminate\Pipeline\Pipeline.php(208): Illuminate\Foundation\Http\Middleware\ConvertEmptyStringsToNull-&gt;handle()
#47 D:\DO_AN_TOT_NGHIEP\doan_calamity_manager\vendor\laravel\framework\src\Illuminate\Foundation\Http\Middleware\TransformsRequest.php(21): Illuminate\Pipeline\Pipeline-&gt;Illuminate\Pipeline\{closure}()
#48 D:\DO_AN_TOT_NGHIEP\doan_calamity_manager\vendor\laravel\framework\src\Illuminate\Foundation\Http\Middleware\TrimStrings.php(51): Illuminate\Foundation\Http\Middleware\TransformsRequest-&gt;handle()
#49 D:\DO_AN_TOT_NGHIEP\doan_calamity_manager\vendor\laravel\framework\src\Illuminate\Pipeline\Pipeline.php(208): Illuminate\Foundation\Http\Middleware\TrimStrings-&gt;handle()
#50 D:\DO_AN_TOT_NGHIEP\doan_calamity_manager\vendor\laravel\framework\src\Illuminate\Http\Middleware\ValidatePostSize.php(27): Illuminate\Pipeline\Pipeline-&gt;Illuminate\Pipeline\{closure}()
#51 D:\DO_AN_TOT_NGHIEP\doan_calamity_manager\vendor\laravel\framework\src\Illuminate\Pipeline\Pipeline.php(208): Illuminate\Http\Middleware\ValidatePostSize-&gt;handle()
#52 D:\DO_AN_TOT_NGHIEP\doan_calamity_manager\vendor\laravel\framework\src\Illuminate\Foundation\Http\Middleware\PreventRequestsDuringMaintenance.php(109): Illuminate\Pipeline\Pipeline-&gt;Illuminate\Pipeline\{closure}()
#53 D:\DO_AN_TOT_NGHIEP\doan_calamity_manager\vendor\laravel\framework\src\Illuminate\Pipeline\Pipeline.php(208): Illuminate\Foundation\Http\Middleware\PreventRequestsDuringMaintenance-&gt;handle()
#54 D:\DO_AN_TOT_NGHIEP\doan_calamity_manager\vendor\laravel\framework\src\Illuminate\Http\Middleware\HandleCors.php(48): Illuminate\Pipeline\Pipeline-&gt;Illuminate\Pipeline\{closure}()
#55 D:\DO_AN_TOT_NGHIEP\doan_calamity_manager\vendor\laravel\framework\src\Illuminate\Pipeline\Pipeline.php(208): Illuminate\Http\Middleware\HandleCors-&gt;handle()
#56 D:\DO_AN_TOT_NGHIEP\doan_calamity_manager\vendor\laravel\framework\src\Illuminate\Http\Middleware\TrustProxies.php(58): Illuminate\Pipeline\Pipeline-&gt;Illuminate\Pipeline\{closure}()
#57 D:\DO_AN_TOT_NGHIEP\doan_calamity_manager\vendor\laravel\framework\src\Illuminate\Pipeline\Pipeline.php(208): Illuminate\Http\Middleware\TrustProxies-&gt;handle()
#58 D:\DO_AN_TOT_NGHIEP\doan_calamity_manager\vendor\laravel\framework\src\Illuminate\Foundation\Http\Middleware\InvokeDeferredCallbacks.php(22): Illuminate\Pipeline\Pipeline-&gt;Illuminate\Pipeline\{closure}()
#59 D:\DO_AN_TOT_NGHIEP\doan_calamity_manager\vendor\laravel\framework\src\Illuminate\Pipeline\Pipeline.php(208): Illuminate\Foundation\Http\Middleware\InvokeDeferredCallbacks-&gt;handle()
#60 D:\DO_AN_TOT_NGHIEP\doan_calamity_manager\vendor\laravel\framework\src\Illuminate\Http\Middleware\ValidatePathEncoding.php(26): Illuminate\Pipeline\Pipeline-&gt;Illuminate\Pipeline\{closure}()
#61 D:\DO_AN_TOT_NGHIEP\doan_calamity_manager\vendor\laravel\framework\src\Illuminate\Pipeline\Pipeline.php(208): Illuminate\Http\Middleware\ValidatePathEncoding-&gt;handle()
#62 D:\DO_AN_TOT_NGHIEP\doan_calamity_manager\vendor\laravel\framework\src\Illuminate\Pipeline\Pipeline.php(126): Illuminate\Pipeline\Pipeline-&gt;Illuminate\Pipeline\{closure}()
#63 D:\DO_AN_TOT_NGHIEP\doan_calamity_manager\vendor\laravel\framework\src\Illuminate\Foundation\Http\Kernel.php(175): Illuminate\Pipeline\Pipeline-&gt;then()
#64 D:\DO_AN_TOT_NGHIEP\doan_calamity_manager\vendor\laravel\framework\src\Illuminate\Foundation\Http\Kernel.php(144): Illuminate\Foundation\Http\Kernel-&gt;sendRequestThroughRouter()
#65 D:\DO_AN_TOT_NGHIEP\doan_calamity_manager\vendor\laravel\framework\src\Illuminate\Foundation\Testing\Concerns\MakesHttpRequests.php(607): Illuminate\Foundation\Http\Kernel-&gt;handle()
#66 D:\DO_AN_TOT_NGHIEP\doan_calamity_manager\vendor\laravel\framework\src\Illuminate\Foundation\Testing\Concerns\MakesHttpRequests.php(397): Illuminate\Foundation\Testing\TestCase-&gt;call()
#67 D:\DO_AN_TOT_NGHIEP\doan_calamity_manager\tests\Feature\CalamityManagementTest.php(173): Illuminate\Foundation\Testing\TestCase-&gt;post()
#68 D:\DO_AN_TOT_NGHIEP\doan_calamity_manager\vendor\phpunit\phpunit\src\Framework\TestCase.php(1656): Tests\Feature\CalamityManagementTest-&gt;test_authenticated_user_can_create_new_river_bank_calamity()
#69 D:\DO_AN_TOT_NGHIEP\doan_calamity_manager\vendor\phpunit\phpunit\src\Framework\TestCase.php(514): PHPUnit\Framework\TestCase-&gt;runTest()
#70 D:\DO_AN_TOT_NGHIEP\doan_calamity_manager\vendor\phpunit\phpunit\src\Framework\TestRunner\TestRunner.php(87): PHPUnit\Framework\TestCase-&gt;runBare()
#71 D:\DO_AN_TOT_NGHIEP\doan_calamity_manager\vendor\phpunit\phpunit\src\Framework\TestCase.php(361): PHPUnit\Framework\TestRunner-&gt;run()
#72 D:\DO_AN_TOT_NGHIEP\doan_calamity_manager\vendor\phpunit\phpunit\src\Framework\TestSuite.php(369): PHPUnit\Framework\TestCase-&gt;run()
#73 D:\DO_AN_TOT_NGHIEP\doan_calamity_manager\vendor\phpunit\phpunit\src\Framework\TestSuite.php(369): PHPUnit\Framework\TestSuite-&gt;run()
#74 D:\DO_AN_TOT_NGHIEP\doan_calamity_manager\vendor\phpunit\phpunit\src\Framework\TestSuite.php(369): PHPUnit\Framework\TestSuite-&gt;run()
#75 D:\DO_AN_TOT_NGHIEP\doan_calamity_manager\vendor\phpunit\phpunit\src\TextUI\TestRunner.php(64): PHPUnit\Framework\TestSuite-&gt;run()
#76 D:\DO_AN_TOT_NGHIEP\doan_calamity_manager\vendor\phpunit\phpunit\src\TextUI\Application.php(210): PHPUnit\TextUI\TestRunner-&gt;run()
#77 D:\DO_AN_TOT_NGHIEP\doan_calamity_manager\vendor\phpunit\phpunit\phpunit(104): PHPUnit\TextUI\Application-&gt;run()
#78 {main}

----------------------------------------------------------------------------------

SQLSTATE[HY000]: General error: 1 table calamities has no column named created_by_user_id (Connection: sqlite, SQL: insert into "calamities" ("risk_level_id", "name", "address", "length", "width", "acreage", "coordinates", "time", "reason", "geology", "watermark_points", "human_damage", "property_damage", "investment_level", "mitigation_measures", "support_policy", "created_by_user_id", "slug", "updated_at", "created_at") values (1, Test River Bank Calamity, Test Address, 150, 75, 50, 10.123,20.456, 2025-07-15, Soil erosion, Clay soil, High water level, None, Minor, Medium, Reinforcement, Government support, 1, test-river-bank-calamity, 2025-07-14 06:37:23, 2025-07-14 06:37:23))
&#13;
D:\DO_AN_TOT_NGHIEP\doan_calamity_manager\vendor\laravel\framework\src\Illuminate\Testing\TestResponseAssert.php:45
D:\DO_AN_TOT_NGHIEP\doan_calamity_manager\vendor\laravel\framework\src\Illuminate\Testing\TestResponse.php:199
D:\DO_AN_TOT_NGHIEP\doan_calamity_manager\tests\Feature\CalamityManagementTest.php:194</failure>
        </testcase>
        <testcase name="test_authenticated_user_can_view_edit_flooding_calamity_form" file="D:\DO_AN_TOT_NGHIEP\doan_calamity_manager\tests\Feature\CalamityManagementTest.php" line="215" class="Tests\Feature\CalamityManagementTest" classname="Tests.Feature.CalamityManagementTest" assertions="1" time="0.052988"/>
        <testcase name="test_authenticated_user_can_update_flooding_calamity" file="D:\DO_AN_TOT_NGHIEP\doan_calamity_manager\tests\Feature\CalamityManagementTest.php" line="226" class="Tests\Feature\CalamityManagementTest" classname="Tests.Feature.CalamityManagementTest" assertions="1" time="0.540419">
          <failure type="PHPUnit\Framework\ExpectationFailedException">Tests\Feature\CalamityManagementTest::test_authenticated_user_can_update_flooding_calamity&#13;
Expected response status code [201, 301, 302, 303, 307, 308] but received 500.
Failed asserting that false is true.&#13;
&#13;
The following exception occurred during the last request:

PDOException: SQLSTATE[HY000]: General error: 1 no such column: updated_by_user_id in D:\DO_AN_TOT_NGHIEP\doan_calamity_manager\vendor\laravel\framework\src\Illuminate\Database\Connection.php:589
Stack trace:
#0 D:\DO_AN_TOT_NGHIEP\doan_calamity_manager\vendor\laravel\framework\src\Illuminate\Database\Connection.php(589): PDO-&gt;prepare()
#1 D:\DO_AN_TOT_NGHIEP\doan_calamity_manager\vendor\laravel\framework\src\Illuminate\Database\Connection.php(809): Illuminate\Database\Connection-&gt;Illuminate\Database\{closure}()
#2 D:\DO_AN_TOT_NGHIEP\doan_calamity_manager\vendor\laravel\framework\src\Illuminate\Database\Connection.php(776): Illuminate\Database\Connection-&gt;runQueryCallback()
#3 D:\DO_AN_TOT_NGHIEP\doan_calamity_manager\vendor\laravel\framework\src\Illuminate\Database\Connection.php(581): Illuminate\Database\Connection-&gt;run()
#4 D:\DO_AN_TOT_NGHIEP\doan_calamity_manager\vendor\laravel\framework\src\Illuminate\Database\Connection.php(533): Illuminate\Database\Connection-&gt;affectingStatement()
#5 D:\DO_AN_TOT_NGHIEP\doan_calamity_manager\vendor\laravel\framework\src\Illuminate\Database\Query\Builder.php(3860): Illuminate\Database\Connection-&gt;update()
#6 D:\DO_AN_TOT_NGHIEP\doan_calamity_manager\vendor\laravel\framework\src\Illuminate\Database\Eloquent\Builder.php(1236): Illuminate\Database\Query\Builder-&gt;update()
#7 D:\DO_AN_TOT_NGHIEP\doan_calamity_manager\vendor\laravel\framework\src\Illuminate\Database\Eloquent\Model.php(1290): Illuminate\Database\Eloquent\Builder-&gt;update()
#8 D:\DO_AN_TOT_NGHIEP\doan_calamity_manager\vendor\laravel\framework\src\Illuminate\Database\Eloquent\Model.php(1207): Illuminate\Database\Eloquent\Model-&gt;performUpdate()
#9 D:\DO_AN_TOT_NGHIEP\doan_calamity_manager\vendor\laravel\framework\src\Illuminate\Database\Eloquent\Model.php(1064): Illuminate\Database\Eloquent\Model-&gt;save()
#10 D:\DO_AN_TOT_NGHIEP\doan_calamity_manager\app\Http\Controllers\Calamities\FloodingCalamityController.php(382): Illuminate\Database\Eloquent\Model-&gt;update()
#11 D:\DO_AN_TOT_NGHIEP\doan_calamity_manager\vendor\laravel\framework\src\Illuminate\Routing\Controller.php(54): App\Http\Controllers\Calamities\FloodingCalamityController-&gt;update()
#12 D:\DO_AN_TOT_NGHIEP\doan_calamity_manager\vendor\laravel\framework\src\Illuminate\Routing\ControllerDispatcher.php(43): Illuminate\Routing\Controller-&gt;callAction()
#13 D:\DO_AN_TOT_NGHIEP\doan_calamity_manager\vendor\laravel\framework\src\Illuminate\Routing\Route.php(265): Illuminate\Routing\ControllerDispatcher-&gt;dispatch()
#14 D:\DO_AN_TOT_NGHIEP\doan_calamity_manager\vendor\laravel\framework\src\Illuminate\Routing\Route.php(211): Illuminate\Routing\Route-&gt;runController()
#15 D:\DO_AN_TOT_NGHIEP\doan_calamity_manager\vendor\laravel\framework\src\Illuminate\Routing\Router.php(808): Illuminate\Routing\Route-&gt;run()
#16 D:\DO_AN_TOT_NGHIEP\doan_calamity_manager\vendor\laravel\framework\src\Illuminate\Pipeline\Pipeline.php(169): Illuminate\Routing\Router-&gt;Illuminate\Routing\{closure}()
#17 D:\DO_AN_TOT_NGHIEP\doan_calamity_manager\vendor\laravel\framework\src\Illuminate\Routing\Middleware\SubstituteBindings.php(50): Illuminate\Pipeline\Pipeline-&gt;Illuminate\Pipeline\{closure}()
#18 D:\DO_AN_TOT_NGHIEP\doan_calamity_manager\vendor\laravel\framework\src\Illuminate\Pipeline\Pipeline.php(208): Illuminate\Routing\Middleware\SubstituteBindings-&gt;handle()
#19 D:\DO_AN_TOT_NGHIEP\doan_calamity_manager\vendor\laravel\framework\src\Illuminate\Auth\Middleware\Authenticate.php(63): Illuminate\Pipeline\Pipeline-&gt;Illuminate\Pipeline\{closure}()
#20 D:\DO_AN_TOT_NGHIEP\doan_calamity_manager\vendor\laravel\framework\src\Illuminate\Pipeline\Pipeline.php(208): Illuminate\Auth\Middleware\Authenticate-&gt;handle()
#21 D:\DO_AN_TOT_NGHIEP\doan_calamity_manager\vendor\laravel\framework\src\Illuminate\Foundation\Http\Middleware\VerifyCsrfToken.php(87): Illuminate\Pipeline\Pipeline-&gt;Illuminate\Pipeline\{closure}()
#22 D:\DO_AN_TOT_NGHIEP\doan_calamity_manager\vendor\laravel\framework\src\Illuminate\Pipeline\Pipeline.php(208): Illuminate\Foundation\Http\Middleware\VerifyCsrfToken-&gt;handle()
#23 D:\DO_AN_TOT_NGHIEP\doan_calamity_manager\vendor\laravel\framework\src\Illuminate\View\Middleware\ShareErrorsFromSession.php(48): Illuminate\Pipeline\Pipeline-&gt;Illuminate\Pipeline\{closure}()
#24 D:\DO_AN_TOT_NGHIEP\doan_calamity_manager\vendor\laravel\framework\src\Illuminate\Pipeline\Pipeline.php(208): Illuminate\View\Middleware\ShareErrorsFromSession-&gt;handle()
#25 D:\DO_AN_TOT_NGHIEP\doan_calamity_manager\vendor\laravel\framework\src\Illuminate\Session\Middleware\StartSession.php(120): Illuminate\Pipeline\Pipeline-&gt;Illuminate\Pipeline\{closure}()
#26 D:\DO_AN_TOT_NGHIEP\doan_calamity_manager\vendor\laravel\framework\src\Illuminate\Session\Middleware\StartSession.php(63): Illuminate\Session\Middleware\StartSession-&gt;handleStatefulRequest()
#27 D:\DO_AN_TOT_NGHIEP\doan_calamity_manager\vendor\laravel\framework\src\Illuminate\Pipeline\Pipeline.php(208): Illuminate\Session\Middleware\StartSession-&gt;handle()
#28 D:\DO_AN_TOT_NGHIEP\doan_calamity_manager\vendor\laravel\framework\src\Illuminate\Cookie\Middleware\AddQueuedCookiesToResponse.php(36): Illuminate\Pipeline\Pipeline-&gt;Illuminate\Pipeline\{closure}()
#29 D:\DO_AN_TOT_NGHIEP\doan_calamity_manager\vendor\laravel\framework\src\Illuminate\Pipeline\Pipeline.php(208): Illuminate\Cookie\Middleware\AddQueuedCookiesToResponse-&gt;handle()
#30 D:\DO_AN_TOT_NGHIEP\doan_calamity_manager\vendor\laravel\framework\src\Illuminate\Cookie\Middleware\EncryptCookies.php(74): Illuminate\Pipeline\Pipeline-&gt;Illuminate\Pipeline\{closure}()
#31 D:\DO_AN_TOT_NGHIEP\doan_calamity_manager\vendor\laravel\framework\src\Illuminate\Pipeline\Pipeline.php(208): Illuminate\Cookie\Middleware\EncryptCookies-&gt;handle()
#32 D:\DO_AN_TOT_NGHIEP\doan_calamity_manager\vendor\laravel\framework\src\Illuminate\Pipeline\Pipeline.php(126): Illuminate\Pipeline\Pipeline-&gt;Illuminate\Pipeline\{closure}()
#33 D:\DO_AN_TOT_NGHIEP\doan_calamity_manager\vendor\laravel\framework\src\Illuminate\Routing\Router.php(807): Illuminate\Pipeline\Pipeline-&gt;then()
#34 D:\DO_AN_TOT_NGHIEP\doan_calamity_manager\vendor\laravel\framework\src\Illuminate\Routing\Router.php(786): Illuminate\Routing\Router-&gt;runRouteWithinStack()
#35 D:\DO_AN_TOT_NGHIEP\doan_calamity_manager\vendor\laravel\framework\src\Illuminate\Routing\Router.php(750): Illuminate\Routing\Router-&gt;runRoute()
#36 D:\DO_AN_TOT_NGHIEP\doan_calamity_manager\vendor\laravel\framework\src\Illuminate\Routing\Router.php(739): Illuminate\Routing\Router-&gt;dispatchToRoute()
#37 D:\DO_AN_TOT_NGHIEP\doan_calamity_manager\vendor\laravel\framework\src\Illuminate\Foundation\Http\Kernel.php(200): Illuminate\Routing\Router-&gt;dispatch()
#38 D:\DO_AN_TOT_NGHIEP\doan_calamity_manager\vendor\laravel\framework\src\Illuminate\Pipeline\Pipeline.php(169): Illuminate\Foundation\Http\Kernel-&gt;Illuminate\Foundation\Http\{closure}()
#39 D:\DO_AN_TOT_NGHIEP\doan_calamity_manager\vendor\laravel\framework\src\Illuminate\Foundation\Http\Middleware\TransformsRequest.php(21): Illuminate\Pipeline\Pipeline-&gt;Illuminate\Pipeline\{closure}()
#40 D:\DO_AN_TOT_NGHIEP\doan_calamity_manager\vendor\laravel\framework\src\Illuminate\Foundation\Http\Middleware\ConvertEmptyStringsToNull.php(31): Illuminate\Foundation\Http\Middleware\TransformsRequest-&gt;handle()
#41 D:\DO_AN_TOT_NGHIEP\doan_calamity_manager\vendor\laravel\framework\src\Illuminate\Pipeline\Pipeline.php(208): Illuminate\Foundation\Http\Middleware\ConvertEmptyStringsToNull-&gt;handle()
#42 D:\DO_AN_TOT_NGHIEP\doan_calamity_manager\vendor\laravel\framework\src\Illuminate\Foundation\Http\Middleware\TransformsRequest.php(21): Illuminate\Pipeline\Pipeline-&gt;Illuminate\Pipeline\{closure}()
#43 D:\DO_AN_TOT_NGHIEP\doan_calamity_manager\vendor\laravel\framework\src\Illuminate\Foundation\Http\Middleware\TrimStrings.php(51): Illuminate\Foundation\Http\Middleware\TransformsRequest-&gt;handle()
#44 D:\DO_AN_TOT_NGHIEP\doan_calamity_manager\vendor\laravel\framework\src\Illuminate\Pipeline\Pipeline.php(208): Illuminate\Foundation\Http\Middleware\TrimStrings-&gt;handle()
#45 D:\DO_AN_TOT_NGHIEP\doan_calamity_manager\vendor\laravel\framework\src\Illuminate\Http\Middleware\ValidatePostSize.php(27): Illuminate\Pipeline\Pipeline-&gt;Illuminate\Pipeline\{closure}()
#46 D:\DO_AN_TOT_NGHIEP\doan_calamity_manager\vendor\laravel\framework\src\Illuminate\Pipeline\Pipeline.php(208): Illuminate\Http\Middleware\ValidatePostSize-&gt;handle()
#47 D:\DO_AN_TOT_NGHIEP\doan_calamity_manager\vendor\laravel\framework\src\Illuminate\Foundation\Http\Middleware\PreventRequestsDuringMaintenance.php(109): Illuminate\Pipeline\Pipeline-&gt;Illuminate\Pipeline\{closure}()
#48 D:\DO_AN_TOT_NGHIEP\doan_calamity_manager\vendor\laravel\framework\src\Illuminate\Pipeline\Pipeline.php(208): Illuminate\Foundation\Http\Middleware\PreventRequestsDuringMaintenance-&gt;handle()
#49 D:\DO_AN_TOT_NGHIEP\doan_calamity_manager\vendor\laravel\framework\src\Illuminate\Http\Middleware\HandleCors.php(48): Illuminate\Pipeline\Pipeline-&gt;Illuminate\Pipeline\{closure}()
#50 D:\DO_AN_TOT_NGHIEP\doan_calamity_manager\vendor\laravel\framework\src\Illuminate\Pipeline\Pipeline.php(208): Illuminate\Http\Middleware\HandleCors-&gt;handle()
#51 D:\DO_AN_TOT_NGHIEP\doan_calamity_manager\vendor\laravel\framework\src\Illuminate\Http\Middleware\TrustProxies.php(58): Illuminate\Pipeline\Pipeline-&gt;Illuminate\Pipeline\{closure}()
#52 D:\DO_AN_TOT_NGHIEP\doan_calamity_manager\vendor\laravel\framework\src\Illuminate\Pipeline\Pipeline.php(208): Illuminate\Http\Middleware\TrustProxies-&gt;handle()
#53 D:\DO_AN_TOT_NGHIEP\doan_calamity_manager\vendor\laravel\framework\src\Illuminate\Foundation\Http\Middleware\InvokeDeferredCallbacks.php(22): Illuminate\Pipeline\Pipeline-&gt;Illuminate\Pipeline\{closure}()
#54 D:\DO_AN_TOT_NGHIEP\doan_calamity_manager\vendor\laravel\framework\src\Illuminate\Pipeline\Pipeline.php(208): Illuminate\Foundation\Http\Middleware\InvokeDeferredCallbacks-&gt;handle()
#55 D:\DO_AN_TOT_NGHIEP\doan_calamity_manager\vendor\laravel\framework\src\Illuminate\Http\Middleware\ValidatePathEncoding.php(26): Illuminate\Pipeline\Pipeline-&gt;Illuminate\Pipeline\{closure}()
#56 D:\DO_AN_TOT_NGHIEP\doan_calamity_manager\vendor\laravel\framework\src\Illuminate\Pipeline\Pipeline.php(208): Illuminate\Http\Middleware\ValidatePathEncoding-&gt;handle()
#57 D:\DO_AN_TOT_NGHIEP\doan_calamity_manager\vendor\laravel\framework\src\Illuminate\Pipeline\Pipeline.php(126): Illuminate\Pipeline\Pipeline-&gt;Illuminate\Pipeline\{closure}()
#58 D:\DO_AN_TOT_NGHIEP\doan_calamity_manager\vendor\laravel\framework\src\Illuminate\Foundation\Http\Kernel.php(175): Illuminate\Pipeline\Pipeline-&gt;then()
#59 D:\DO_AN_TOT_NGHIEP\doan_calamity_manager\vendor\laravel\framework\src\Illuminate\Foundation\Http\Kernel.php(144): Illuminate\Foundation\Http\Kernel-&gt;sendRequestThroughRouter()
#60 D:\DO_AN_TOT_NGHIEP\doan_calamity_manager\vendor\laravel\framework\src\Illuminate\Foundation\Testing\Concerns\MakesHttpRequests.php(607): Illuminate\Foundation\Http\Kernel-&gt;handle()
#61 D:\DO_AN_TOT_NGHIEP\doan_calamity_manager\vendor\laravel\framework\src\Illuminate\Foundation\Testing\Concerns\MakesHttpRequests.php(397): Illuminate\Foundation\Testing\TestCase-&gt;call()
#62 D:\DO_AN_TOT_NGHIEP\doan_calamity_manager\tests\Feature\CalamityManagementTest.php(238): Illuminate\Foundation\Testing\TestCase-&gt;post()
#63 D:\DO_AN_TOT_NGHIEP\doan_calamity_manager\vendor\phpunit\phpunit\src\Framework\TestCase.php(1656): Tests\Feature\CalamityManagementTest-&gt;test_authenticated_user_can_update_flooding_calamity()
#64 D:\DO_AN_TOT_NGHIEP\doan_calamity_manager\vendor\phpunit\phpunit\src\Framework\TestCase.php(514): PHPUnit\Framework\TestCase-&gt;runTest()
#65 D:\DO_AN_TOT_NGHIEP\doan_calamity_manager\vendor\phpunit\phpunit\src\Framework\TestRunner\TestRunner.php(87): PHPUnit\Framework\TestCase-&gt;runBare()
#66 D:\DO_AN_TOT_NGHIEP\doan_calamity_manager\vendor\phpunit\phpunit\src\Framework\TestCase.php(361): PHPUnit\Framework\TestRunner-&gt;run()
#67 D:\DO_AN_TOT_NGHIEP\doan_calamity_manager\vendor\phpunit\phpunit\src\Framework\TestSuite.php(369): PHPUnit\Framework\TestCase-&gt;run()
#68 D:\DO_AN_TOT_NGHIEP\doan_calamity_manager\vendor\phpunit\phpunit\src\Framework\TestSuite.php(369): PHPUnit\Framework\TestSuite-&gt;run()
#69 D:\DO_AN_TOT_NGHIEP\doan_calamity_manager\vendor\phpunit\phpunit\src\Framework\TestSuite.php(369): PHPUnit\Framework\TestSuite-&gt;run()
#70 D:\DO_AN_TOT_NGHIEP\doan_calamity_manager\vendor\phpunit\phpunit\src\TextUI\TestRunner.php(64): PHPUnit\Framework\TestSuite-&gt;run()
#71 D:\DO_AN_TOT_NGHIEP\doan_calamity_manager\vendor\phpunit\phpunit\src\TextUI\Application.php(210): PHPUnit\TextUI\TestRunner-&gt;run()
#72 D:\DO_AN_TOT_NGHIEP\doan_calamity_manager\vendor\phpunit\phpunit\phpunit(104): PHPUnit\TextUI\Application-&gt;run()
#73 {main}

Next Illuminate\Database\QueryException: SQLSTATE[HY000]: General error: 1 no such column: updated_by_user_id (Connection: sqlite, SQL: update "calamities" set "risk_level_id" = 1, "name" = Updated Flooding Calamity, "slug" = updated-flooding-calamity, "coordinates" = 15.789,25.123, "map" = [], "reason" = Updated reason, "human_damage" = None, "property_damage" = Minor, "mitigation_measures" = Pumping, "flood_level" = 3, "flooded_area" = 75, "flood_range" = 150m, "time_start" = 2025-07-15, "time_end" = 2025-07-16, "sprint_time" = 36, "number_of_people_affected" = 150, "damaged_infrastructure" = Roads, "data_source" = Local reports, "updated_by_user_id" = 1, "updated_at" = 2025-07-14 06:37:24 where "id" = 1) in D:\DO_AN_TOT_NGHIEP\doan_calamity_manager\vendor\laravel\framework\src\Illuminate\Database\Connection.php:822
Stack trace:
#0 D:\DO_AN_TOT_NGHIEP\doan_calamity_manager\vendor\laravel\framework\src\Illuminate\Database\Connection.php(776): Illuminate\Database\Connection-&gt;runQueryCallback()
#1 D:\DO_AN_TOT_NGHIEP\doan_calamity_manager\vendor\laravel\framework\src\Illuminate\Database\Connection.php(581): Illuminate\Database\Connection-&gt;run()
#2 D:\DO_AN_TOT_NGHIEP\doan_calamity_manager\vendor\laravel\framework\src\Illuminate\Database\Connection.php(533): Illuminate\Database\Connection-&gt;affectingStatement()
#3 D:\DO_AN_TOT_NGHIEP\doan_calamity_manager\vendor\laravel\framework\src\Illuminate\Database\Query\Builder.php(3860): Illuminate\Database\Connection-&gt;update()
#4 D:\DO_AN_TOT_NGHIEP\doan_calamity_manager\vendor\laravel\framework\src\Illuminate\Database\Eloquent\Builder.php(1236): Illuminate\Database\Query\Builder-&gt;update()
#5 D:\DO_AN_TOT_NGHIEP\doan_calamity_manager\vendor\laravel\framework\src\Illuminate\Database\Eloquent\Model.php(1290): Illuminate\Database\Eloquent\Builder-&gt;update()
#6 D:\DO_AN_TOT_NGHIEP\doan_calamity_manager\vendor\laravel\framework\src\Illuminate\Database\Eloquent\Model.php(1207): Illuminate\Database\Eloquent\Model-&gt;performUpdate()
#7 D:\DO_AN_TOT_NGHIEP\doan_calamity_manager\vendor\laravel\framework\src\Illuminate\Database\Eloquent\Model.php(1064): Illuminate\Database\Eloquent\Model-&gt;save()
#8 D:\DO_AN_TOT_NGHIEP\doan_calamity_manager\app\Http\Controllers\Calamities\FloodingCalamityController.php(382): Illuminate\Database\Eloquent\Model-&gt;update()
#9 D:\DO_AN_TOT_NGHIEP\doan_calamity_manager\vendor\laravel\framework\src\Illuminate\Routing\Controller.php(54): App\Http\Controllers\Calamities\FloodingCalamityController-&gt;update()
#10 D:\DO_AN_TOT_NGHIEP\doan_calamity_manager\vendor\laravel\framework\src\Illuminate\Routing\ControllerDispatcher.php(43): Illuminate\Routing\Controller-&gt;callAction()
#11 D:\DO_AN_TOT_NGHIEP\doan_calamity_manager\vendor\laravel\framework\src\Illuminate\Routing\Route.php(265): Illuminate\Routing\ControllerDispatcher-&gt;dispatch()
#12 D:\DO_AN_TOT_NGHIEP\doan_calamity_manager\vendor\laravel\framework\src\Illuminate\Routing\Route.php(211): Illuminate\Routing\Route-&gt;runController()
#13 D:\DO_AN_TOT_NGHIEP\doan_calamity_manager\vendor\laravel\framework\src\Illuminate\Routing\Router.php(808): Illuminate\Routing\Route-&gt;run()
#14 D:\DO_AN_TOT_NGHIEP\doan_calamity_manager\vendor\laravel\framework\src\Illuminate\Pipeline\Pipeline.php(169): Illuminate\Routing\Router-&gt;Illuminate\Routing\{closure}()
#15 D:\DO_AN_TOT_NGHIEP\doan_calamity_manager\vendor\laravel\framework\src\Illuminate\Routing\Middleware\SubstituteBindings.php(50): Illuminate\Pipeline\Pipeline-&gt;Illuminate\Pipeline\{closure}()
#16 D:\DO_AN_TOT_NGHIEP\doan_calamity_manager\vendor\laravel\framework\src\Illuminate\Pipeline\Pipeline.php(208): Illuminate\Routing\Middleware\SubstituteBindings-&gt;handle()
#17 D:\DO_AN_TOT_NGHIEP\doan_calamity_manager\vendor\laravel\framework\src\Illuminate\Auth\Middleware\Authenticate.php(63): Illuminate\Pipeline\Pipeline-&gt;Illuminate\Pipeline\{closure}()
#18 D:\DO_AN_TOT_NGHIEP\doan_calamity_manager\vendor\laravel\framework\src\Illuminate\Pipeline\Pipeline.php(208): Illuminate\Auth\Middleware\Authenticate-&gt;handle()
#19 D:\DO_AN_TOT_NGHIEP\doan_calamity_manager\vendor\laravel\framework\src\Illuminate\Foundation\Http\Middleware\VerifyCsrfToken.php(87): Illuminate\Pipeline\Pipeline-&gt;Illuminate\Pipeline\{closure}()
#20 D:\DO_AN_TOT_NGHIEP\doan_calamity_manager\vendor\laravel\framework\src\Illuminate\Pipeline\Pipeline.php(208): Illuminate\Foundation\Http\Middleware\VerifyCsrfToken-&gt;handle()
#21 D:\DO_AN_TOT_NGHIEP\doan_calamity_manager\vendor\laravel\framework\src\Illuminate\View\Middleware\ShareErrorsFromSession.php(48): Illuminate\Pipeline\Pipeline-&gt;Illuminate\Pipeline\{closure}()
#22 D:\DO_AN_TOT_NGHIEP\doan_calamity_manager\vendor\laravel\framework\src\Illuminate\Pipeline\Pipeline.php(208): Illuminate\View\Middleware\ShareErrorsFromSession-&gt;handle()
#23 D:\DO_AN_TOT_NGHIEP\doan_calamity_manager\vendor\laravel\framework\src\Illuminate\Session\Middleware\StartSession.php(120): Illuminate\Pipeline\Pipeline-&gt;Illuminate\Pipeline\{closure}()
#24 D:\DO_AN_TOT_NGHIEP\doan_calamity_manager\vendor\laravel\framework\src\Illuminate\Session\Middleware\StartSession.php(63): Illuminate\Session\Middleware\StartSession-&gt;handleStatefulRequest()
#25 D:\DO_AN_TOT_NGHIEP\doan_calamity_manager\vendor\laravel\framework\src\Illuminate\Pipeline\Pipeline.php(208): Illuminate\Session\Middleware\StartSession-&gt;handle()
#26 D:\DO_AN_TOT_NGHIEP\doan_calamity_manager\vendor\laravel\framework\src\Illuminate\Cookie\Middleware\AddQueuedCookiesToResponse.php(36): Illuminate\Pipeline\Pipeline-&gt;Illuminate\Pipeline\{closure}()
#27 D:\DO_AN_TOT_NGHIEP\doan_calamity_manager\vendor\laravel\framework\src\Illuminate\Pipeline\Pipeline.php(208): Illuminate\Cookie\Middleware\AddQueuedCookiesToResponse-&gt;handle()
#28 D:\DO_AN_TOT_NGHIEP\doan_calamity_manager\vendor\laravel\framework\src\Illuminate\Cookie\Middleware\EncryptCookies.php(74): Illuminate\Pipeline\Pipeline-&gt;Illuminate\Pipeline\{closure}()
#29 D:\DO_AN_TOT_NGHIEP\doan_calamity_manager\vendor\laravel\framework\src\Illuminate\Pipeline\Pipeline.php(208): Illuminate\Cookie\Middleware\EncryptCookies-&gt;handle()
#30 D:\DO_AN_TOT_NGHIEP\doan_calamity_manager\vendor\laravel\framework\src\Illuminate\Pipeline\Pipeline.php(126): Illuminate\Pipeline\Pipeline-&gt;Illuminate\Pipeline\{closure}()
#31 D:\DO_AN_TOT_NGHIEP\doan_calamity_manager\vendor\laravel\framework\src\Illuminate\Routing\Router.php(807): Illuminate\Pipeline\Pipeline-&gt;then()
#32 D:\DO_AN_TOT_NGHIEP\doan_calamity_manager\vendor\laravel\framework\src\Illuminate\Routing\Router.php(786): Illuminate\Routing\Router-&gt;runRouteWithinStack()
#33 D:\DO_AN_TOT_NGHIEP\doan_calamity_manager\vendor\laravel\framework\src\Illuminate\Routing\Router.php(750): Illuminate\Routing\Router-&gt;runRoute()
#34 D:\DO_AN_TOT_NGHIEP\doan_calamity_manager\vendor\laravel\framework\src\Illuminate\Routing\Router.php(739): Illuminate\Routing\Router-&gt;dispatchToRoute()
#35 D:\DO_AN_TOT_NGHIEP\doan_calamity_manager\vendor\laravel\framework\src\Illuminate\Foundation\Http\Kernel.php(200): Illuminate\Routing\Router-&gt;dispatch()
#36 D:\DO_AN_TOT_NGHIEP\doan_calamity_manager\vendor\laravel\framework\src\Illuminate\Pipeline\Pipeline.php(169): Illuminate\Foundation\Http\Kernel-&gt;Illuminate\Foundation\Http\{closure}()
#37 D:\DO_AN_TOT_NGHIEP\doan_calamity_manager\vendor\laravel\framework\src\Illuminate\Foundation\Http\Middleware\TransformsRequest.php(21): Illuminate\Pipeline\Pipeline-&gt;Illuminate\Pipeline\{closure}()
#38 D:\DO_AN_TOT_NGHIEP\doan_calamity_manager\vendor\laravel\framework\src\Illuminate\Foundation\Http\Middleware\ConvertEmptyStringsToNull.php(31): Illuminate\Foundation\Http\Middleware\TransformsRequest-&gt;handle()
#39 D:\DO_AN_TOT_NGHIEP\doan_calamity_manager\vendor\laravel\framework\src\Illuminate\Pipeline\Pipeline.php(208): Illuminate\Foundation\Http\Middleware\ConvertEmptyStringsToNull-&gt;handle()
#40 D:\DO_AN_TOT_NGHIEP\doan_calamity_manager\vendor\laravel\framework\src\Illuminate\Foundation\Http\Middleware\TransformsRequest.php(21): Illuminate\Pipeline\Pipeline-&gt;Illuminate\Pipeline\{closure}()
#41 D:\DO_AN_TOT_NGHIEP\doan_calamity_manager\vendor\laravel\framework\src\Illuminate\Foundation\Http\Middleware\TrimStrings.php(51): Illuminate\Foundation\Http\Middleware\TransformsRequest-&gt;handle()
#42 D:\DO_AN_TOT_NGHIEP\doan_calamity_manager\vendor\laravel\framework\src\Illuminate\Pipeline\Pipeline.php(208): Illuminate\Foundation\Http\Middleware\TrimStrings-&gt;handle()
#43 D:\DO_AN_TOT_NGHIEP\doan_calamity_manager\vendor\laravel\framework\src\Illuminate\Http\Middleware\ValidatePostSize.php(27): Illuminate\Pipeline\Pipeline-&gt;Illuminate\Pipeline\{closure}()
#44 D:\DO_AN_TOT_NGHIEP\doan_calamity_manager\vendor\laravel\framework\src\Illuminate\Pipeline\Pipeline.php(208): Illuminate\Http\Middleware\ValidatePostSize-&gt;handle()
#45 D:\DO_AN_TOT_NGHIEP\doan_calamity_manager\vendor\laravel\framework\src\Illuminate\Foundation\Http\Middleware\PreventRequestsDuringMaintenance.php(109): Illuminate\Pipeline\Pipeline-&gt;Illuminate\Pipeline\{closure}()
#46 D:\DO_AN_TOT_NGHIEP\doan_calamity_manager\vendor\laravel\framework\src\Illuminate\Pipeline\Pipeline.php(208): Illuminate\Foundation\Http\Middleware\PreventRequestsDuringMaintenance-&gt;handle()
#47 D:\DO_AN_TOT_NGHIEP\doan_calamity_manager\vendor\laravel\framework\src\Illuminate\Http\Middleware\HandleCors.php(48): Illuminate\Pipeline\Pipeline-&gt;Illuminate\Pipeline\{closure}()
#48 D:\DO_AN_TOT_NGHIEP\doan_calamity_manager\vendor\laravel\framework\src\Illuminate\Pipeline\Pipeline.php(208): Illuminate\Http\Middleware\HandleCors-&gt;handle()
#49 D:\DO_AN_TOT_NGHIEP\doan_calamity_manager\vendor\laravel\framework\src\Illuminate\Http\Middleware\TrustProxies.php(58): Illuminate\Pipeline\Pipeline-&gt;Illuminate\Pipeline\{closure}()
#50 D:\DO_AN_TOT_NGHIEP\doan_calamity_manager\vendor\laravel\framework\src\Illuminate\Pipeline\Pipeline.php(208): Illuminate\Http\Middleware\TrustProxies-&gt;handle()
#51 D:\DO_AN_TOT_NGHIEP\doan_calamity_manager\vendor\laravel\framework\src\Illuminate\Foundation\Http\Middleware\InvokeDeferredCallbacks.php(22): Illuminate\Pipeline\Pipeline-&gt;Illuminate\Pipeline\{closure}()
#52 D:\DO_AN_TOT_NGHIEP\doan_calamity_manager\vendor\laravel\framework\src\Illuminate\Pipeline\Pipeline.php(208): Illuminate\Foundation\Http\Middleware\InvokeDeferredCallbacks-&gt;handle()
#53 D:\DO_AN_TOT_NGHIEP\doan_calamity_manager\vendor\laravel\framework\src\Illuminate\Http\Middleware\ValidatePathEncoding.php(26): Illuminate\Pipeline\Pipeline-&gt;Illuminate\Pipeline\{closure}()
#54 D:\DO_AN_TOT_NGHIEP\doan_calamity_manager\vendor\laravel\framework\src\Illuminate\Pipeline\Pipeline.php(208): Illuminate\Http\Middleware\ValidatePathEncoding-&gt;handle()
#55 D:\DO_AN_TOT_NGHIEP\doan_calamity_manager\vendor\laravel\framework\src\Illuminate\Pipeline\Pipeline.php(126): Illuminate\Pipeline\Pipeline-&gt;Illuminate\Pipeline\{closure}()
#56 D:\DO_AN_TOT_NGHIEP\doan_calamity_manager\vendor\laravel\framework\src\Illuminate\Foundation\Http\Kernel.php(175): Illuminate\Pipeline\Pipeline-&gt;then()
#57 D:\DO_AN_TOT_NGHIEP\doan_calamity_manager\vendor\laravel\framework\src\Illuminate\Foundation\Http\Kernel.php(144): Illuminate\Foundation\Http\Kernel-&gt;sendRequestThroughRouter()
#58 D:\DO_AN_TOT_NGHIEP\doan_calamity_manager\vendor\laravel\framework\src\Illuminate\Foundation\Testing\Concerns\MakesHttpRequests.php(607): Illuminate\Foundation\Http\Kernel-&gt;handle()
#59 D:\DO_AN_TOT_NGHIEP\doan_calamity_manager\vendor\laravel\framework\src\Illuminate\Foundation\Testing\Concerns\MakesHttpRequests.php(397): Illuminate\Foundation\Testing\TestCase-&gt;call()
#60 D:\DO_AN_TOT_NGHIEP\doan_calamity_manager\tests\Feature\CalamityManagementTest.php(238): Illuminate\Foundation\Testing\TestCase-&gt;post()
#61 D:\DO_AN_TOT_NGHIEP\doan_calamity_manager\vendor\phpunit\phpunit\src\Framework\TestCase.php(1656): Tests\Feature\CalamityManagementTest-&gt;test_authenticated_user_can_update_flooding_calamity()
#62 D:\DO_AN_TOT_NGHIEP\doan_calamity_manager\vendor\phpunit\phpunit\src\Framework\TestCase.php(514): PHPUnit\Framework\TestCase-&gt;runTest()
#63 D:\DO_AN_TOT_NGHIEP\doan_calamity_manager\vendor\phpunit\phpunit\src\Framework\TestRunner\TestRunner.php(87): PHPUnit\Framework\TestCase-&gt;runBare()
#64 D:\DO_AN_TOT_NGHIEP\doan_calamity_manager\vendor\phpunit\phpunit\src\Framework\TestCase.php(361): PHPUnit\Framework\TestRunner-&gt;run()
#65 D:\DO_AN_TOT_NGHIEP\doan_calamity_manager\vendor\phpunit\phpunit\src\Framework\TestSuite.php(369): PHPUnit\Framework\TestCase-&gt;run()
#66 D:\DO_AN_TOT_NGHIEP\doan_calamity_manager\vendor\phpunit\phpunit\src\Framework\TestSuite.php(369): PHPUnit\Framework\TestSuite-&gt;run()
#67 D:\DO_AN_TOT_NGHIEP\doan_calamity_manager\vendor\phpunit\phpunit\src\Framework\TestSuite.php(369): PHPUnit\Framework\TestSuite-&gt;run()
#68 D:\DO_AN_TOT_NGHIEP\doan_calamity_manager\vendor\phpunit\phpunit\src\TextUI\TestRunner.php(64): PHPUnit\Framework\TestSuite-&gt;run()
#69 D:\DO_AN_TOT_NGHIEP\doan_calamity_manager\vendor\phpunit\phpunit\src\TextUI\Application.php(210): PHPUnit\TextUI\TestRunner-&gt;run()
#70 D:\DO_AN_TOT_NGHIEP\doan_calamity_manager\vendor\phpunit\phpunit\phpunit(104): PHPUnit\TextUI\Application-&gt;run()
#71 {main}

----------------------------------------------------------------------------------

SQLSTATE[HY000]: General error: 1 no such column: updated_by_user_id (Connection: sqlite, SQL: update "calamities" set "risk_level_id" = 1, "name" = Updated Flooding Calamity, "slug" = updated-flooding-calamity, "coordinates" = 15.789,25.123, "map" = [], "reason" = Updated reason, "human_damage" = None, "property_damage" = Minor, "mitigation_measures" = Pumping, "flood_level" = 3, "flooded_area" = 75, "flood_range" = 150m, "time_start" = 2025-07-15, "time_end" = 2025-07-16, "sprint_time" = 36, "number_of_people_affected" = 150, "damaged_infrastructure" = Roads, "data_source" = Local reports, "updated_by_user_id" = 1, "updated_at" = 2025-07-14 06:37:24 where "id" = 1)
&#13;
D:\DO_AN_TOT_NGHIEP\doan_calamity_manager\vendor\laravel\framework\src\Illuminate\Testing\TestResponseAssert.php:45
D:\DO_AN_TOT_NGHIEP\doan_calamity_manager\vendor\laravel\framework\src\Illuminate\Testing\TestResponse.php:199
D:\DO_AN_TOT_NGHIEP\doan_calamity_manager\tests\Feature\CalamityManagementTest.php:261</failure>
        </testcase>
        <testcase name="test_authenticated_user_can_delete_flooding_calamity" file="D:\DO_AN_TOT_NGHIEP\doan_calamity_manager\tests\Feature\CalamityManagementTest.php" line="274" class="Tests\Feature\CalamityManagementTest" classname="Tests.Feature.CalamityManagementTest" assertions="1" time="0.036738">
          <failure type="PHPUnit\Framework\ExpectationFailedException">Tests\Feature\CalamityManagementTest::test_authenticated_user_can_delete_flooding_calamity&#13;
Expected response status code [201, 301, 302, 303, 307, 308] but received 404.
Failed asserting that false is true.
&#13;
D:\DO_AN_TOT_NGHIEP\doan_calamity_manager\vendor\laravel\framework\src\Illuminate\Testing\TestResponseAssert.php:45
D:\DO_AN_TOT_NGHIEP\doan_calamity_manager\vendor\laravel\framework\src\Illuminate\Testing\TestResponse.php:199
D:\DO_AN_TOT_NGHIEP\doan_calamity_manager\tests\Feature\CalamityManagementTest.php:282</failure>
        </testcase>
        <testcase name="test_authenticated_user_can_delete_multiple_flooding_calamities" file="D:\DO_AN_TOT_NGHIEP\doan_calamity_manager\tests\Feature\CalamityManagementTest.php" line="287" class="Tests\Feature\CalamityManagementTest" classname="Tests.Feature.CalamityManagementTest" assertions="4" time="0.031891"/>
        <testcase name="test_flooding_calamity_list_can_be_searched" file="D:\DO_AN_TOT_NGHIEP\doan_calamity_manager\tests\Feature\CalamityManagementTest.php" line="305" class="Tests\Feature\CalamityManagementTest" classname="Tests.Feature.CalamityManagementTest" assertions="1" time="0.545529">
          <failure type="PHPUnit\Framework\ExpectationFailedException">Tests\Feature\CalamityManagementTest::test_flooding_calamity_list_can_be_searched&#13;
Expected response status code [200] but received 500.
Failed asserting that 500 is identical to 200.&#13;
&#13;
The following exception occurred during the last request:

PDOException: SQLSTATE[HY000]: General error: 1 no such function: YEAR in D:\DO_AN_TOT_NGHIEP\doan_calamity_manager\vendor\laravel\framework\src\Illuminate\Database\Connection.php:404
Stack trace:
#0 D:\DO_AN_TOT_NGHIEP\doan_calamity_manager\vendor\laravel\framework\src\Illuminate\Database\Connection.php(404): PDO-&gt;prepare()
#1 D:\DO_AN_TOT_NGHIEP\doan_calamity_manager\vendor\laravel\framework\src\Illuminate\Database\Connection.php(809): Illuminate\Database\Connection-&gt;Illuminate\Database\{closure}()
#2 D:\DO_AN_TOT_NGHIEP\doan_calamity_manager\vendor\laravel\framework\src\Illuminate\Database\Connection.php(776): Illuminate\Database\Connection-&gt;runQueryCallback()
#3 D:\DO_AN_TOT_NGHIEP\doan_calamity_manager\vendor\laravel\framework\src\Illuminate\Database\Connection.php(395): Illuminate\Database\Connection-&gt;run()
#4 D:\DO_AN_TOT_NGHIEP\doan_calamity_manager\vendor\laravel\framework\src\Illuminate\Database\Query\Builder.php(3131): Illuminate\Database\Connection-&gt;select()
#5 D:\DO_AN_TOT_NGHIEP\doan_calamity_manager\vendor\laravel\framework\src\Illuminate\Database\Query\Builder.php(3389): Illuminate\Database\Query\Builder-&gt;runSelect()
#6 D:\DO_AN_TOT_NGHIEP\doan_calamity_manager\vendor\laravel\framework\src\Illuminate\Database\Query\Builder.php(3706): Illuminate\Database\Query\Builder-&gt;Illuminate\Database\Query\{closure}()
#7 D:\DO_AN_TOT_NGHIEP\doan_calamity_manager\vendor\laravel\framework\src\Illuminate\Database\Query\Builder.php(3385): Illuminate\Database\Query\Builder-&gt;onceWithColumns()
#8 D:\DO_AN_TOT_NGHIEP\doan_calamity_manager\vendor\laravel\framework\src\Illuminate\Database\Eloquent\Builder.php(1052): Illuminate\Database\Query\Builder-&gt;pluck()
#9 D:\DO_AN_TOT_NGHIEP\doan_calamity_manager\app\Http\Controllers\Calamities\FloodingCalamityController.php(82): Illuminate\Database\Eloquent\Builder-&gt;pluck()
#10 D:\DO_AN_TOT_NGHIEP\doan_calamity_manager\vendor\laravel\framework\src\Illuminate\Routing\Controller.php(54): App\Http\Controllers\Calamities\FloodingCalamityController-&gt;index()
#11 D:\DO_AN_TOT_NGHIEP\doan_calamity_manager\vendor\laravel\framework\src\Illuminate\Routing\ControllerDispatcher.php(43): Illuminate\Routing\Controller-&gt;callAction()
#12 D:\DO_AN_TOT_NGHIEP\doan_calamity_manager\vendor\laravel\framework\src\Illuminate\Routing\Route.php(265): Illuminate\Routing\ControllerDispatcher-&gt;dispatch()
#13 D:\DO_AN_TOT_NGHIEP\doan_calamity_manager\vendor\laravel\framework\src\Illuminate\Routing\Route.php(211): Illuminate\Routing\Route-&gt;runController()
#14 D:\DO_AN_TOT_NGHIEP\doan_calamity_manager\vendor\laravel\framework\src\Illuminate\Routing\Router.php(808): Illuminate\Routing\Route-&gt;run()
#15 D:\DO_AN_TOT_NGHIEP\doan_calamity_manager\vendor\laravel\framework\src\Illuminate\Pipeline\Pipeline.php(169): Illuminate\Routing\Router-&gt;Illuminate\Routing\{closure}()
#16 D:\DO_AN_TOT_NGHIEP\doan_calamity_manager\vendor\laravel\framework\src\Illuminate\Routing\Middleware\SubstituteBindings.php(50): Illuminate\Pipeline\Pipeline-&gt;Illuminate\Pipeline\{closure}()
#17 D:\DO_AN_TOT_NGHIEP\doan_calamity_manager\vendor\laravel\framework\src\Illuminate\Pipeline\Pipeline.php(208): Illuminate\Routing\Middleware\SubstituteBindings-&gt;handle()
#18 D:\DO_AN_TOT_NGHIEP\doan_calamity_manager\vendor\laravel\framework\src\Illuminate\Foundation\Http\Middleware\VerifyCsrfToken.php(87): Illuminate\Pipeline\Pipeline-&gt;Illuminate\Pipeline\{closure}()
#19 D:\DO_AN_TOT_NGHIEP\doan_calamity_manager\vendor\laravel\framework\src\Illuminate\Pipeline\Pipeline.php(208): Illuminate\Foundation\Http\Middleware\VerifyCsrfToken-&gt;handle()
#20 D:\DO_AN_TOT_NGHIEP\doan_calamity_manager\vendor\laravel\framework\src\Illuminate\View\Middleware\ShareErrorsFromSession.php(48): Illuminate\Pipeline\Pipeline-&gt;Illuminate\Pipeline\{closure}()
#21 D:\DO_AN_TOT_NGHIEP\doan_calamity_manager\vendor\laravel\framework\src\Illuminate\Pipeline\Pipeline.php(208): Illuminate\View\Middleware\ShareErrorsFromSession-&gt;handle()
#22 D:\DO_AN_TOT_NGHIEP\doan_calamity_manager\vendor\laravel\framework\src\Illuminate\Session\Middleware\StartSession.php(120): Illuminate\Pipeline\Pipeline-&gt;Illuminate\Pipeline\{closure}()
#23 D:\DO_AN_TOT_NGHIEP\doan_calamity_manager\vendor\laravel\framework\src\Illuminate\Session\Middleware\StartSession.php(63): Illuminate\Session\Middleware\StartSession-&gt;handleStatefulRequest()
#24 D:\DO_AN_TOT_NGHIEP\doan_calamity_manager\vendor\laravel\framework\src\Illuminate\Pipeline\Pipeline.php(208): Illuminate\Session\Middleware\StartSession-&gt;handle()
#25 D:\DO_AN_TOT_NGHIEP\doan_calamity_manager\vendor\laravel\framework\src\Illuminate\Cookie\Middleware\AddQueuedCookiesToResponse.php(36): Illuminate\Pipeline\Pipeline-&gt;Illuminate\Pipeline\{closure}()
#26 D:\DO_AN_TOT_NGHIEP\doan_calamity_manager\vendor\laravel\framework\src\Illuminate\Pipeline\Pipeline.php(208): Illuminate\Cookie\Middleware\AddQueuedCookiesToResponse-&gt;handle()
#27 D:\DO_AN_TOT_NGHIEP\doan_calamity_manager\vendor\laravel\framework\src\Illuminate\Cookie\Middleware\EncryptCookies.php(74): Illuminate\Pipeline\Pipeline-&gt;Illuminate\Pipeline\{closure}()
#28 D:\DO_AN_TOT_NGHIEP\doan_calamity_manager\vendor\laravel\framework\src\Illuminate\Pipeline\Pipeline.php(208): Illuminate\Cookie\Middleware\EncryptCookies-&gt;handle()
#29 D:\DO_AN_TOT_NGHIEP\doan_calamity_manager\vendor\laravel\framework\src\Illuminate\Pipeline\Pipeline.php(126): Illuminate\Pipeline\Pipeline-&gt;Illuminate\Pipeline\{closure}()
#30 D:\DO_AN_TOT_NGHIEP\doan_calamity_manager\vendor\laravel\framework\src\Illuminate\Routing\Router.php(807): Illuminate\Pipeline\Pipeline-&gt;then()
#31 D:\DO_AN_TOT_NGHIEP\doan_calamity_manager\vendor\laravel\framework\src\Illuminate\Routing\Router.php(786): Illuminate\Routing\Router-&gt;runRouteWithinStack()
#32 D:\DO_AN_TOT_NGHIEP\doan_calamity_manager\vendor\laravel\framework\src\Illuminate\Routing\Router.php(750): Illuminate\Routing\Router-&gt;runRoute()
#33 D:\DO_AN_TOT_NGHIEP\doan_calamity_manager\vendor\laravel\framework\src\Illuminate\Routing\Router.php(739): Illuminate\Routing\Router-&gt;dispatchToRoute()
#34 D:\DO_AN_TOT_NGHIEP\doan_calamity_manager\vendor\laravel\framework\src\Illuminate\Foundation\Http\Kernel.php(200): Illuminate\Routing\Router-&gt;dispatch()
#35 D:\DO_AN_TOT_NGHIEP\doan_calamity_manager\vendor\laravel\framework\src\Illuminate\Pipeline\Pipeline.php(169): Illuminate\Foundation\Http\Kernel-&gt;Illuminate\Foundation\Http\{closure}()
#36 D:\DO_AN_TOT_NGHIEP\doan_calamity_manager\vendor\laravel\framework\src\Illuminate\Foundation\Http\Middleware\TransformsRequest.php(21): Illuminate\Pipeline\Pipeline-&gt;Illuminate\Pipeline\{closure}()
#37 D:\DO_AN_TOT_NGHIEP\doan_calamity_manager\vendor\laravel\framework\src\Illuminate\Foundation\Http\Middleware\ConvertEmptyStringsToNull.php(31): Illuminate\Foundation\Http\Middleware\TransformsRequest-&gt;handle()
#38 D:\DO_AN_TOT_NGHIEP\doan_calamity_manager\vendor\laravel\framework\src\Illuminate\Pipeline\Pipeline.php(208): Illuminate\Foundation\Http\Middleware\ConvertEmptyStringsToNull-&gt;handle()
#39 D:\DO_AN_TOT_NGHIEP\doan_calamity_manager\vendor\laravel\framework\src\Illuminate\Foundation\Http\Middleware\TransformsRequest.php(21): Illuminate\Pipeline\Pipeline-&gt;Illuminate\Pipeline\{closure}()
#40 D:\DO_AN_TOT_NGHIEP\doan_calamity_manager\vendor\laravel\framework\src\Illuminate\Foundation\Http\Middleware\TrimStrings.php(51): Illuminate\Foundation\Http\Middleware\TransformsRequest-&gt;handle()
#41 D:\DO_AN_TOT_NGHIEP\doan_calamity_manager\vendor\laravel\framework\src\Illuminate\Pipeline\Pipeline.php(208): Illuminate\Foundation\Http\Middleware\TrimStrings-&gt;handle()
#42 D:\DO_AN_TOT_NGHIEP\doan_calamity_manager\vendor\laravel\framework\src\Illuminate\Http\Middleware\ValidatePostSize.php(27): Illuminate\Pipeline\Pipeline-&gt;Illuminate\Pipeline\{closure}()
#43 D:\DO_AN_TOT_NGHIEP\doan_calamity_manager\vendor\laravel\framework\src\Illuminate\Pipeline\Pipeline.php(208): Illuminate\Http\Middleware\ValidatePostSize-&gt;handle()
#44 D:\DO_AN_TOT_NGHIEP\doan_calamity_manager\vendor\laravel\framework\src\Illuminate\Foundation\Http\Middleware\PreventRequestsDuringMaintenance.php(109): Illuminate\Pipeline\Pipeline-&gt;Illuminate\Pipeline\{closure}()
#45 D:\DO_AN_TOT_NGHIEP\doan_calamity_manager\vendor\laravel\framework\src\Illuminate\Pipeline\Pipeline.php(208): Illuminate\Foundation\Http\Middleware\PreventRequestsDuringMaintenance-&gt;handle()
#46 D:\DO_AN_TOT_NGHIEP\doan_calamity_manager\vendor\laravel\framework\src\Illuminate\Http\Middleware\HandleCors.php(48): Illuminate\Pipeline\Pipeline-&gt;Illuminate\Pipeline\{closure}()
#47 D:\DO_AN_TOT_NGHIEP\doan_calamity_manager\vendor\laravel\framework\src\Illuminate\Pipeline\Pipeline.php(208): Illuminate\Http\Middleware\HandleCors-&gt;handle()
#48 D:\DO_AN_TOT_NGHIEP\doan_calamity_manager\vendor\laravel\framework\src\Illuminate\Http\Middleware\TrustProxies.php(58): Illuminate\Pipeline\Pipeline-&gt;Illuminate\Pipeline\{closure}()
#49 D:\DO_AN_TOT_NGHIEP\doan_calamity_manager\vendor\laravel\framework\src\Illuminate\Pipeline\Pipeline.php(208): Illuminate\Http\Middleware\TrustProxies-&gt;handle()
#50 D:\DO_AN_TOT_NGHIEP\doan_calamity_manager\vendor\laravel\framework\src\Illuminate\Foundation\Http\Middleware\InvokeDeferredCallbacks.php(22): Illuminate\Pipeline\Pipeline-&gt;Illuminate\Pipeline\{closure}()
#51 D:\DO_AN_TOT_NGHIEP\doan_calamity_manager\vendor\laravel\framework\src\Illuminate\Pipeline\Pipeline.php(208): Illuminate\Foundation\Http\Middleware\InvokeDeferredCallbacks-&gt;handle()
#52 D:\DO_AN_TOT_NGHIEP\doan_calamity_manager\vendor\laravel\framework\src\Illuminate\Http\Middleware\ValidatePathEncoding.php(26): Illuminate\Pipeline\Pipeline-&gt;Illuminate\Pipeline\{closure}()
#53 D:\DO_AN_TOT_NGHIEP\doan_calamity_manager\vendor\laravel\framework\src\Illuminate\Pipeline\Pipeline.php(208): Illuminate\Http\Middleware\ValidatePathEncoding-&gt;handle()
#54 D:\DO_AN_TOT_NGHIEP\doan_calamity_manager\vendor\laravel\framework\src\Illuminate\Pipeline\Pipeline.php(126): Illuminate\Pipeline\Pipeline-&gt;Illuminate\Pipeline\{closure}()
#55 D:\DO_AN_TOT_NGHIEP\doan_calamity_manager\vendor\laravel\framework\src\Illuminate\Foundation\Http\Kernel.php(175): Illuminate\Pipeline\Pipeline-&gt;then()
#56 D:\DO_AN_TOT_NGHIEP\doan_calamity_manager\vendor\laravel\framework\src\Illuminate\Foundation\Http\Kernel.php(144): Illuminate\Foundation\Http\Kernel-&gt;sendRequestThroughRouter()
#57 D:\DO_AN_TOT_NGHIEP\doan_calamity_manager\vendor\laravel\framework\src\Illuminate\Foundation\Testing\Concerns\MakesHttpRequests.php(607): Illuminate\Foundation\Http\Kernel-&gt;handle()
#58 D:\DO_AN_TOT_NGHIEP\doan_calamity_manager\vendor\laravel\framework\src\Illuminate\Foundation\Testing\Concerns\MakesHttpRequests.php(368): Illuminate\Foundation\Testing\TestCase-&gt;call()
#59 D:\DO_AN_TOT_NGHIEP\doan_calamity_manager\tests\Feature\CalamityManagementTest.php(310): Illuminate\Foundation\Testing\TestCase-&gt;get()
#60 D:\DO_AN_TOT_NGHIEP\doan_calamity_manager\vendor\phpunit\phpunit\src\Framework\TestCase.php(1656): Tests\Feature\CalamityManagementTest-&gt;test_flooding_calamity_list_can_be_searched()
#61 D:\DO_AN_TOT_NGHIEP\doan_calamity_manager\vendor\phpunit\phpunit\src\Framework\TestCase.php(514): PHPUnit\Framework\TestCase-&gt;runTest()
#62 D:\DO_AN_TOT_NGHIEP\doan_calamity_manager\vendor\phpunit\phpunit\src\Framework\TestRunner\TestRunner.php(87): PHPUnit\Framework\TestCase-&gt;runBare()
#63 D:\DO_AN_TOT_NGHIEP\doan_calamity_manager\vendor\phpunit\phpunit\src\Framework\TestCase.php(361): PHPUnit\Framework\TestRunner-&gt;run()
#64 D:\DO_AN_TOT_NGHIEP\doan_calamity_manager\vendor\phpunit\phpunit\src\Framework\TestSuite.php(369): PHPUnit\Framework\TestCase-&gt;run()
#65 D:\DO_AN_TOT_NGHIEP\doan_calamity_manager\vendor\phpunit\phpunit\src\Framework\TestSuite.php(369): PHPUnit\Framework\TestSuite-&gt;run()
#66 D:\DO_AN_TOT_NGHIEP\doan_calamity_manager\vendor\phpunit\phpunit\src\Framework\TestSuite.php(369): PHPUnit\Framework\TestSuite-&gt;run()
#67 D:\DO_AN_TOT_NGHIEP\doan_calamity_manager\vendor\phpunit\phpunit\src\TextUI\TestRunner.php(64): PHPUnit\Framework\TestSuite-&gt;run()
#68 D:\DO_AN_TOT_NGHIEP\doan_calamity_manager\vendor\phpunit\phpunit\src\TextUI\Application.php(210): PHPUnit\TextUI\TestRunner-&gt;run()
#69 D:\DO_AN_TOT_NGHIEP\doan_calamity_manager\vendor\phpunit\phpunit\phpunit(104): PHPUnit\TextUI\Application-&gt;run()
#70 {main}

Next Illuminate\Database\QueryException: SQLSTATE[HY000]: General error: 1 no such function: YEAR (Connection: sqlite, SQL: select distinct YEAR(time_start) as year from "calamities" where exists (select * from "risk_levels" where "calamities"."risk_level_id" = "risk_levels"."id" and exists (select * from "type_of_calamities" where "risk_levels"."type_of_calamity_id" = "type_of_calamities"."id" and "slug" = ngap-lut)) order by "year" desc) in D:\DO_AN_TOT_NGHIEP\doan_calamity_manager\vendor\laravel\framework\src\Illuminate\Database\Connection.php:822
Stack trace:
#0 D:\DO_AN_TOT_NGHIEP\doan_calamity_manager\vendor\laravel\framework\src\Illuminate\Database\Connection.php(776): Illuminate\Database\Connection-&gt;runQueryCallback()
#1 D:\DO_AN_TOT_NGHIEP\doan_calamity_manager\vendor\laravel\framework\src\Illuminate\Database\Connection.php(395): Illuminate\Database\Connection-&gt;run()
#2 D:\DO_AN_TOT_NGHIEP\doan_calamity_manager\vendor\laravel\framework\src\Illuminate\Database\Query\Builder.php(3131): Illuminate\Database\Connection-&gt;select()
#3 D:\DO_AN_TOT_NGHIEP\doan_calamity_manager\vendor\laravel\framework\src\Illuminate\Database\Query\Builder.php(3389): Illuminate\Database\Query\Builder-&gt;runSelect()
#4 D:\DO_AN_TOT_NGHIEP\doan_calamity_manager\vendor\laravel\framework\src\Illuminate\Database\Query\Builder.php(3706): Illuminate\Database\Query\Builder-&gt;Illuminate\Database\Query\{closure}()
#5 D:\DO_AN_TOT_NGHIEP\doan_calamity_manager\vendor\laravel\framework\src\Illuminate\Database\Query\Builder.php(3385): Illuminate\Database\Query\Builder-&gt;onceWithColumns()
#6 D:\DO_AN_TOT_NGHIEP\doan_calamity_manager\vendor\laravel\framework\src\Illuminate\Database\Eloquent\Builder.php(1052): Illuminate\Database\Query\Builder-&gt;pluck()
#7 D:\DO_AN_TOT_NGHIEP\doan_calamity_manager\app\Http\Controllers\Calamities\FloodingCalamityController.php(82): Illuminate\Database\Eloquent\Builder-&gt;pluck()
#8 D:\DO_AN_TOT_NGHIEP\doan_calamity_manager\vendor\laravel\framework\src\Illuminate\Routing\Controller.php(54): App\Http\Controllers\Calamities\FloodingCalamityController-&gt;index()
#9 D:\DO_AN_TOT_NGHIEP\doan_calamity_manager\vendor\laravel\framework\src\Illuminate\Routing\ControllerDispatcher.php(43): Illuminate\Routing\Controller-&gt;callAction()
#10 D:\DO_AN_TOT_NGHIEP\doan_calamity_manager\vendor\laravel\framework\src\Illuminate\Routing\Route.php(265): Illuminate\Routing\ControllerDispatcher-&gt;dispatch()
#11 D:\DO_AN_TOT_NGHIEP\doan_calamity_manager\vendor\laravel\framework\src\Illuminate\Routing\Route.php(211): Illuminate\Routing\Route-&gt;runController()
#12 D:\DO_AN_TOT_NGHIEP\doan_calamity_manager\vendor\laravel\framework\src\Illuminate\Routing\Router.php(808): Illuminate\Routing\Route-&gt;run()
#13 D:\DO_AN_TOT_NGHIEP\doan_calamity_manager\vendor\laravel\framework\src\Illuminate\Pipeline\Pipeline.php(169): Illuminate\Routing\Router-&gt;Illuminate\Routing\{closure}()
#14 D:\DO_AN_TOT_NGHIEP\doan_calamity_manager\vendor\laravel\framework\src\Illuminate\Routing\Middleware\SubstituteBindings.php(50): Illuminate\Pipeline\Pipeline-&gt;Illuminate\Pipeline\{closure}()
#15 D:\DO_AN_TOT_NGHIEP\doan_calamity_manager\vendor\laravel\framework\src\Illuminate\Pipeline\Pipeline.php(208): Illuminate\Routing\Middleware\SubstituteBindings-&gt;handle()
#16 D:\DO_AN_TOT_NGHIEP\doan_calamity_manager\vendor\laravel\framework\src\Illuminate\Foundation\Http\Middleware\VerifyCsrfToken.php(87): Illuminate\Pipeline\Pipeline-&gt;Illuminate\Pipeline\{closure}()
#17 D:\DO_AN_TOT_NGHIEP\doan_calamity_manager\vendor\laravel\framework\src\Illuminate\Pipeline\Pipeline.php(208): Illuminate\Foundation\Http\Middleware\VerifyCsrfToken-&gt;handle()
#18 D:\DO_AN_TOT_NGHIEP\doan_calamity_manager\vendor\laravel\framework\src\Illuminate\View\Middleware\ShareErrorsFromSession.php(48): Illuminate\Pipeline\Pipeline-&gt;Illuminate\Pipeline\{closure}()
#19 D:\DO_AN_TOT_NGHIEP\doan_calamity_manager\vendor\laravel\framework\src\Illuminate\Pipeline\Pipeline.php(208): Illuminate\View\Middleware\ShareErrorsFromSession-&gt;handle()
#20 D:\DO_AN_TOT_NGHIEP\doan_calamity_manager\vendor\laravel\framework\src\Illuminate\Session\Middleware\StartSession.php(120): Illuminate\Pipeline\Pipeline-&gt;Illuminate\Pipeline\{closure}()
#21 D:\DO_AN_TOT_NGHIEP\doan_calamity_manager\vendor\laravel\framework\src\Illuminate\Session\Middleware\StartSession.php(63): Illuminate\Session\Middleware\StartSession-&gt;handleStatefulRequest()
#22 D:\DO_AN_TOT_NGHIEP\doan_calamity_manager\vendor\laravel\framework\src\Illuminate\Pipeline\Pipeline.php(208): Illuminate\Session\Middleware\StartSession-&gt;handle()
#23 D:\DO_AN_TOT_NGHIEP\doan_calamity_manager\vendor\laravel\framework\src\Illuminate\Cookie\Middleware\AddQueuedCookiesToResponse.php(36): Illuminate\Pipeline\Pipeline-&gt;Illuminate\Pipeline\{closure}()
#24 D:\DO_AN_TOT_NGHIEP\doan_calamity_manager\vendor\laravel\framework\src\Illuminate\Pipeline\Pipeline.php(208): Illuminate\Cookie\Middleware\AddQueuedCookiesToResponse-&gt;handle()
#25 D:\DO_AN_TOT_NGHIEP\doan_calamity_manager\vendor\laravel\framework\src\Illuminate\Cookie\Middleware\EncryptCookies.php(74): Illuminate\Pipeline\Pipeline-&gt;Illuminate\Pipeline\{closure}()
#26 D:\DO_AN_TOT_NGHIEP\doan_calamity_manager\vendor\laravel\framework\src\Illuminate\Pipeline\Pipeline.php(208): Illuminate\Cookie\Middleware\EncryptCookies-&gt;handle()
#27 D:\DO_AN_TOT_NGHIEP\doan_calamity_manager\vendor\laravel\framework\src\Illuminate\Pipeline\Pipeline.php(126): Illuminate\Pipeline\Pipeline-&gt;Illuminate\Pipeline\{closure}()
#28 D:\DO_AN_TOT_NGHIEP\doan_calamity_manager\vendor\laravel\framework\src\Illuminate\Routing\Router.php(807): Illuminate\Pipeline\Pipeline-&gt;then()
#29 D:\DO_AN_TOT_NGHIEP\doan_calamity_manager\vendor\laravel\framework\src\Illuminate\Routing\Router.php(786): Illuminate\Routing\Router-&gt;runRouteWithinStack()
#30 D:\DO_AN_TOT_NGHIEP\doan_calamity_manager\vendor\laravel\framework\src\Illuminate\Routing\Router.php(750): Illuminate\Routing\Router-&gt;runRoute()
#31 D:\DO_AN_TOT_NGHIEP\doan_calamity_manager\vendor\laravel\framework\src\Illuminate\Routing\Router.php(739): Illuminate\Routing\Router-&gt;dispatchToRoute()
#32 D:\DO_AN_TOT_NGHIEP\doan_calamity_manager\vendor\laravel\framework\src\Illuminate\Foundation\Http\Kernel.php(200): Illuminate\Routing\Router-&gt;dispatch()
#33 D:\DO_AN_TOT_NGHIEP\doan_calamity_manager\vendor\laravel\framework\src\Illuminate\Pipeline\Pipeline.php(169): Illuminate\Foundation\Http\Kernel-&gt;Illuminate\Foundation\Http\{closure}()
#34 D:\DO_AN_TOT_NGHIEP\doan_calamity_manager\vendor\laravel\framework\src\Illuminate\Foundation\Http\Middleware\TransformsRequest.php(21): Illuminate\Pipeline\Pipeline-&gt;Illuminate\Pipeline\{closure}()
#35 D:\DO_AN_TOT_NGHIEP\doan_calamity_manager\vendor\laravel\framework\src\Illuminate\Foundation\Http\Middleware\ConvertEmptyStringsToNull.php(31): Illuminate\Foundation\Http\Middleware\TransformsRequest-&gt;handle()
#36 D:\DO_AN_TOT_NGHIEP\doan_calamity_manager\vendor\laravel\framework\src\Illuminate\Pipeline\Pipeline.php(208): Illuminate\Foundation\Http\Middleware\ConvertEmptyStringsToNull-&gt;handle()
#37 D:\DO_AN_TOT_NGHIEP\doan_calamity_manager\vendor\laravel\framework\src\Illuminate\Foundation\Http\Middleware\TransformsRequest.php(21): Illuminate\Pipeline\Pipeline-&gt;Illuminate\Pipeline\{closure}()
#38 D:\DO_AN_TOT_NGHIEP\doan_calamity_manager\vendor\laravel\framework\src\Illuminate\Foundation\Http\Middleware\TrimStrings.php(51): Illuminate\Foundation\Http\Middleware\TransformsRequest-&gt;handle()
#39 D:\DO_AN_TOT_NGHIEP\doan_calamity_manager\vendor\laravel\framework\src\Illuminate\Pipeline\Pipeline.php(208): Illuminate\Foundation\Http\Middleware\TrimStrings-&gt;handle()
#40 D:\DO_AN_TOT_NGHIEP\doan_calamity_manager\vendor\laravel\framework\src\Illuminate\Http\Middleware\ValidatePostSize.php(27): Illuminate\Pipeline\Pipeline-&gt;Illuminate\Pipeline\{closure}()
#41 D:\DO_AN_TOT_NGHIEP\doan_calamity_manager\vendor\laravel\framework\src\Illuminate\Pipeline\Pipeline.php(208): Illuminate\Http\Middleware\ValidatePostSize-&gt;handle()
#42 D:\DO_AN_TOT_NGHIEP\doan_calamity_manager\vendor\laravel\framework\src\Illuminate\Foundation\Http\Middleware\PreventRequestsDuringMaintenance.php(109): Illuminate\Pipeline\Pipeline-&gt;Illuminate\Pipeline\{closure}()
#43 D:\DO_AN_TOT_NGHIEP\doan_calamity_manager\vendor\laravel\framework\src\Illuminate\Pipeline\Pipeline.php(208): Illuminate\Foundation\Http\Middleware\PreventRequestsDuringMaintenance-&gt;handle()
#44 D:\DO_AN_TOT_NGHIEP\doan_calamity_manager\vendor\laravel\framework\src\Illuminate\Http\Middleware\HandleCors.php(48): Illuminate\Pipeline\Pipeline-&gt;Illuminate\Pipeline\{closure}()
#45 D:\DO_AN_TOT_NGHIEP\doan_calamity_manager\vendor\laravel\framework\src\Illuminate\Pipeline\Pipeline.php(208): Illuminate\Http\Middleware\HandleCors-&gt;handle()
#46 D:\DO_AN_TOT_NGHIEP\doan_calamity_manager\vendor\laravel\framework\src\Illuminate\Http\Middleware\TrustProxies.php(58): Illuminate\Pipeline\Pipeline-&gt;Illuminate\Pipeline\{closure}()
#47 D:\DO_AN_TOT_NGHIEP\doan_calamity_manager\vendor\laravel\framework\src\Illuminate\Pipeline\Pipeline.php(208): Illuminate\Http\Middleware\TrustProxies-&gt;handle()
#48 D:\DO_AN_TOT_NGHIEP\doan_calamity_manager\vendor\laravel\framework\src\Illuminate\Foundation\Http\Middleware\InvokeDeferredCallbacks.php(22): Illuminate\Pipeline\Pipeline-&gt;Illuminate\Pipeline\{closure}()
#49 D:\DO_AN_TOT_NGHIEP\doan_calamity_manager\vendor\laravel\framework\src\Illuminate\Pipeline\Pipeline.php(208): Illuminate\Foundation\Http\Middleware\InvokeDeferredCallbacks-&gt;handle()
#50 D:\DO_AN_TOT_NGHIEP\doan_calamity_manager\vendor\laravel\framework\src\Illuminate\Http\Middleware\ValidatePathEncoding.php(26): Illuminate\Pipeline\Pipeline-&gt;Illuminate\Pipeline\{closure}()
#51 D:\DO_AN_TOT_NGHIEP\doan_calamity_manager\vendor\laravel\framework\src\Illuminate\Pipeline\Pipeline.php(208): Illuminate\Http\Middleware\ValidatePathEncoding-&gt;handle()
#52 D:\DO_AN_TOT_NGHIEP\doan_calamity_manager\vendor\laravel\framework\src\Illuminate\Pipeline\Pipeline.php(126): Illuminate\Pipeline\Pipeline-&gt;Illuminate\Pipeline\{closure}()
#53 D:\DO_AN_TOT_NGHIEP\doan_calamity_manager\vendor\laravel\framework\src\Illuminate\Foundation\Http\Kernel.php(175): Illuminate\Pipeline\Pipeline-&gt;then()
#54 D:\DO_AN_TOT_NGHIEP\doan_calamity_manager\vendor\laravel\framework\src\Illuminate\Foundation\Http\Kernel.php(144): Illuminate\Foundation\Http\Kernel-&gt;sendRequestThroughRouter()
#55 D:\DO_AN_TOT_NGHIEP\doan_calamity_manager\vendor\laravel\framework\src\Illuminate\Foundation\Testing\Concerns\MakesHttpRequests.php(607): Illuminate\Foundation\Http\Kernel-&gt;handle()
#56 D:\DO_AN_TOT_NGHIEP\doan_calamity_manager\vendor\laravel\framework\src\Illuminate\Foundation\Testing\Concerns\MakesHttpRequests.php(368): Illuminate\Foundation\Testing\TestCase-&gt;call()
#57 D:\DO_AN_TOT_NGHIEP\doan_calamity_manager\tests\Feature\CalamityManagementTest.php(310): Illuminate\Foundation\Testing\TestCase-&gt;get()
#58 D:\DO_AN_TOT_NGHIEP\doan_calamity_manager\vendor\phpunit\phpunit\src\Framework\TestCase.php(1656): Tests\Feature\CalamityManagementTest-&gt;test_flooding_calamity_list_can_be_searched()
#59 D:\DO_AN_TOT_NGHIEP\doan_calamity_manager\vendor\phpunit\phpunit\src\Framework\TestCase.php(514): PHPUnit\Framework\TestCase-&gt;runTest()
#60 D:\DO_AN_TOT_NGHIEP\doan_calamity_manager\vendor\phpunit\phpunit\src\Framework\TestRunner\TestRunner.php(87): PHPUnit\Framework\TestCase-&gt;runBare()
#61 D:\DO_AN_TOT_NGHIEP\doan_calamity_manager\vendor\phpunit\phpunit\src\Framework\TestCase.php(361): PHPUnit\Framework\TestRunner-&gt;run()
#62 D:\DO_AN_TOT_NGHIEP\doan_calamity_manager\vendor\phpunit\phpunit\src\Framework\TestSuite.php(369): PHPUnit\Framework\TestCase-&gt;run()
#63 D:\DO_AN_TOT_NGHIEP\doan_calamity_manager\vendor\phpunit\phpunit\src\Framework\TestSuite.php(369): PHPUnit\Framework\TestSuite-&gt;run()
#64 D:\DO_AN_TOT_NGHIEP\doan_calamity_manager\vendor\phpunit\phpunit\src\Framework\TestSuite.php(369): PHPUnit\Framework\TestSuite-&gt;run()
#65 D:\DO_AN_TOT_NGHIEP\doan_calamity_manager\vendor\phpunit\phpunit\src\TextUI\TestRunner.php(64): PHPUnit\Framework\TestSuite-&gt;run()
#66 D:\DO_AN_TOT_NGHIEP\doan_calamity_manager\vendor\phpunit\phpunit\src\TextUI\Application.php(210): PHPUnit\TextUI\TestRunner-&gt;run()
#67 D:\DO_AN_TOT_NGHIEP\doan_calamity_manager\vendor\phpunit\phpunit\phpunit(104): PHPUnit\TextUI\Application-&gt;run()
#68 {main}

----------------------------------------------------------------------------------

SQLSTATE[HY000]: General error: 1 no such function: YEAR (Connection: sqlite, SQL: select distinct YEAR(time_start) as year from "calamities" where exists (select * from "risk_levels" where "calamities"."risk_level_id" = "risk_levels"."id" and exists (select * from "type_of_calamities" where "risk_levels"."type_of_calamity_id" = "type_of_calamities"."id" and "slug" = ngap-lut)) order by "year" desc)
&#13;
D:\DO_AN_TOT_NGHIEP\doan_calamity_manager\vendor\laravel\framework\src\Illuminate\Testing\TestResponseAssert.php:45
D:\DO_AN_TOT_NGHIEP\doan_calamity_manager\vendor\laravel\framework\src\Illuminate\Testing\TestResponse.php:174
D:\DO_AN_TOT_NGHIEP\doan_calamity_manager\tests\Feature\CalamityManagementTest.php:311</failure>
        </testcase>
        <testcase name="test_guest_cannot_access_create_flooding_calamity_form" file="D:\DO_AN_TOT_NGHIEP\doan_calamity_manager\tests\Feature\CalamityManagementTest.php" line="316" class="Tests\Feature\CalamityManagementTest" classname="Tests.Feature.CalamityManagementTest" assertions="2" time="0.031901"/>
        <testcase name="test_guest_cannot_access_create_storm_calamity_form" file="D:\DO_AN_TOT_NGHIEP\doan_calamity_manager\tests\Feature\CalamityManagementTest.php" line="322" class="Tests\Feature\CalamityManagementTest" classname="Tests.Feature.CalamityManagementTest" assertions="2" time="0.029166"/>
        <testcase name="test_guest_cannot_access_create_river_bank_calamity_form" file="D:\DO_AN_TOT_NGHIEP\doan_calamity_manager\tests\Feature\CalamityManagementTest.php" line="328" class="Tests\Feature\CalamityManagementTest" classname="Tests.Feature.CalamityManagementTest" assertions="2" time="0.027946"/>
      </testsuite>
      <testsuite name="Tests\Feature\CityManagementTest" file="D:\DO_AN_TOT_NGHIEP\doan_calamity_manager\tests\Feature\CityManagementTest.php" tests="11" assertions="25" errors="0" failures="0" skipped="0" time="0.393301">
        <testcase name="test_guest_can_view_city_list" file="D:\DO_AN_TOT_NGHIEP\doan_calamity_manager\tests\Feature\CityManagementTest.php" line="14" class="Tests\Feature\CityManagementTest" classname="Tests.Feature.CityManagementTest" assertions="1" time="0.061380"/>
        <testcase name="test_authenticated_user_can_view_create_city_form" file="D:\DO_AN_TOT_NGHIEP\doan_calamity_manager\tests\Feature\CityManagementTest.php" line="20" class="Tests\Feature\CityManagementTest" classname="Tests.Feature.CityManagementTest" assertions="1" time="0.036999"/>
        <testcase name="test_authenticated_user_can_create_new_city" file="D:\DO_AN_TOT_NGHIEP\doan_calamity_manager\tests\Feature\CityManagementTest.php" line="30" class="Tests\Feature\CityManagementTest" classname="Tests.Feature.CityManagementTest" assertions="3" time="0.027138"/>
        <testcase name="test_cannot_create_city_with_duplicate_name" file="D:\DO_AN_TOT_NGHIEP\doan_calamity_manager\tests\Feature\CityManagementTest.php" line="50" class="Tests\Feature\CityManagementTest" classname="Tests.Feature.CityManagementTest" assertions="1" time="0.026682"/>
        <testcase name="test_cannot_create_city_with_duplicate_code" file="D:\DO_AN_TOT_NGHIEP\doan_calamity_manager\tests\Feature\CityManagementTest.php" line="65" class="Tests\Feature\CityManagementTest" classname="Tests.Feature.CityManagementTest" assertions="1" time="0.027108"/>
        <testcase name="test_authenticated_user_can_view_edit_city_form" file="D:\DO_AN_TOT_NGHIEP\doan_calamity_manager\tests\Feature\CityManagementTest.php" line="80" class="Tests\Feature\CityManagementTest" classname="Tests.Feature.CityManagementTest" assertions="1" time="0.038914"/>
        <testcase name="test_authenticated_user_can_update_city" file="D:\DO_AN_TOT_NGHIEP\doan_calamity_manager\tests\Feature\CityManagementTest.php" line="91" class="Tests\Feature\CityManagementTest" classname="Tests.Feature.CityManagementTest" assertions="5" time="0.031093"/>
        <testcase name="test_authenticated_user_can_delete_city" file="D:\DO_AN_TOT_NGHIEP\doan_calamity_manager\tests\Feature\CityManagementTest.php" line="112" class="Tests\Feature\CityManagementTest" classname="Tests.Feature.CityManagementTest" assertions="3" time="0.029202"/>
        <testcase name="test_authenticated_user_can_delete_multiple_cities" file="D:\DO_AN_TOT_NGHIEP\doan_calamity_manager\tests\Feature\CityManagementTest.php" line="125" class="Tests\Feature\CityManagementTest" classname="Tests.Feature.CityManagementTest" assertions="4" time="0.027154"/>
        <testcase name="test_city_list_can_be_searched" file="D:\DO_AN_TOT_NGHIEP\doan_calamity_manager\tests\Feature\CityManagementTest.php" line="143" class="Tests\Feature\CityManagementTest" classname="Tests.Feature.CityManagementTest" assertions="3" time="0.061290"/>
        <testcase name="test_guest_cannot_access_create_city_form" file="D:\DO_AN_TOT_NGHIEP\doan_calamity_manager\tests\Feature\CityManagementTest.php" line="154" class="Tests\Feature\CityManagementTest" classname="Tests.Feature.CityManagementTest" assertions="2" time="0.026341"/>
      </testsuite>
      <testsuite name="Tests\Feature\CommuneManagementTest" file="D:\DO_AN_TOT_NGHIEP\doan_calamity_manager\tests\Feature\CommuneManagementTest.php" tests="12" assertions="28" errors="0" failures="0" skipped="0" time="0.513902">
        <testcase name="test_guest_can_view_commune_list" file="D:\DO_AN_TOT_NGHIEP\doan_calamity_manager\tests\Feature\CommuneManagementTest.php" line="16" class="Tests\Feature\CommuneManagementTest" classname="Tests.Feature.CommuneManagementTest" assertions="1" time="0.046828"/>
        <testcase name="test_authenticated_user_can_view_create_commune_form" file="D:\DO_AN_TOT_NGHIEP\doan_calamity_manager\tests\Feature\CommuneManagementTest.php" line="22" class="Tests\Feature\CommuneManagementTest" classname="Tests.Feature.CommuneManagementTest" assertions="1" time="0.036144"/>
        <testcase name="test_authenticated_user_can_create_new_commune" file="D:\DO_AN_TOT_NGHIEP\doan_calamity_manager\tests\Feature\CommuneManagementTest.php" line="32" class="Tests\Feature\CommuneManagementTest" classname="Tests.Feature.CommuneManagementTest" assertions="3" time="0.027565"/>
        <testcase name="test_cannot_create_commune_with_duplicate_name" file="D:\DO_AN_TOT_NGHIEP\doan_calamity_manager\tests\Feature\CommuneManagementTest.php" line="56" class="Tests\Feature\CommuneManagementTest" classname="Tests.Feature.CommuneManagementTest" assertions="1" time="0.029852"/>
        <testcase name="test_cannot_create_commune_with_duplicate_code" file="D:\DO_AN_TOT_NGHIEP\doan_calamity_manager\tests\Feature\CommuneManagementTest.php" line="74" class="Tests\Feature\CommuneManagementTest" classname="Tests.Feature.CommuneManagementTest" assertions="1" time="0.032915"/>
        <testcase name="test_authenticated_user_can_view_edit_commune_form" file="D:\DO_AN_TOT_NGHIEP\doan_calamity_manager\tests\Feature\CommuneManagementTest.php" line="92" class="Tests\Feature\CommuneManagementTest" classname="Tests.Feature.CommuneManagementTest" assertions="1" time="0.068187"/>
        <testcase name="test_authenticated_user_can_update_commune" file="D:\DO_AN_TOT_NGHIEP\doan_calamity_manager\tests\Feature\CommuneManagementTest.php" line="103" class="Tests\Feature\CommuneManagementTest" classname="Tests.Feature.CommuneManagementTest" assertions="6" time="0.044877"/>
        <testcase name="test_authenticated_user_can_delete_commune" file="D:\DO_AN_TOT_NGHIEP\doan_calamity_manager\tests\Feature\CommuneManagementTest.php" line="128" class="Tests\Feature\CommuneManagementTest" classname="Tests.Feature.CommuneManagementTest" assertions="3" time="0.042711"/>
        <testcase name="test_authenticated_user_can_delete_multiple_communes" file="D:\DO_AN_TOT_NGHIEP\doan_calamity_manager\tests\Feature\CommuneManagementTest.php" line="141" class="Tests\Feature\CommuneManagementTest" classname="Tests.Feature.CommuneManagementTest" assertions="4" time="0.044874"/>
        <testcase name="test_commune_list_can_be_searched" file="D:\DO_AN_TOT_NGHIEP\doan_calamity_manager\tests\Feature\CommuneManagementTest.php" line="159" class="Tests\Feature\CommuneManagementTest" classname="Tests.Feature.CommuneManagementTest" assertions="3" time="0.060335"/>
        <testcase name="test_can_get_communes_by_district" file="D:\DO_AN_TOT_NGHIEP\doan_calamity_manager\tests\Feature\CommuneManagementTest.php" line="170" class="Tests\Feature\CommuneManagementTest" classname="Tests.Feature.CommuneManagementTest" assertions="2" time="0.035394"/>
        <testcase name="test_guest_cannot_access_create_commune_form" file="D:\DO_AN_TOT_NGHIEP\doan_calamity_manager\tests\Feature\CommuneManagementTest.php" line="181" class="Tests\Feature\CommuneManagementTest" classname="Tests.Feature.CommuneManagementTest" assertions="2" time="0.044220"/>
      </testsuite>
      <testsuite name="Tests\Feature\DistrictManagementTest" file="D:\DO_AN_TOT_NGHIEP\doan_calamity_manager\tests\Feature\DistrictManagementTest.php" tests="11" assertions="26" errors="0" failures="0" skipped="0" time="0.538247">
        <testcase name="test_guest_can_view_district_list" file="D:\DO_AN_TOT_NGHIEP\doan_calamity_manager\tests\Feature\DistrictManagementTest.php" line="15" class="Tests\Feature\DistrictManagementTest" classname="Tests.Feature.DistrictManagementTest" assertions="1" time="0.061023"/>
        <testcase name="test_authenticated_user_can_view_create_district_form" file="D:\DO_AN_TOT_NGHIEP\doan_calamity_manager\tests\Feature\DistrictManagementTest.php" line="21" class="Tests\Feature\DistrictManagementTest" classname="Tests.Feature.DistrictManagementTest" assertions="1" time="0.041412"/>
        <testcase name="test_authenticated_user_can_create_new_district" file="D:\DO_AN_TOT_NGHIEP\doan_calamity_manager\tests\Feature\DistrictManagementTest.php" line="31" class="Tests\Feature\DistrictManagementTest" classname="Tests.Feature.DistrictManagementTest" assertions="3" time="0.037010"/>
        <testcase name="test_cannot_create_district_with_duplicate_name" file="D:\DO_AN_TOT_NGHIEP\doan_calamity_manager\tests\Feature\DistrictManagementTest.php" line="57" class="Tests\Feature\DistrictManagementTest" classname="Tests.Feature.DistrictManagementTest" assertions="1" time="0.035507"/>
        <testcase name="test_cannot_create_district_with_duplicate_code" file="D:\DO_AN_TOT_NGHIEP\doan_calamity_manager\tests\Feature\DistrictManagementTest.php" line="76" class="Tests\Feature\DistrictManagementTest" classname="Tests.Feature.DistrictManagementTest" assertions="1" time="0.037323"/>
        <testcase name="test_authenticated_user_can_view_edit_district_form" file="D:\DO_AN_TOT_NGHIEP\doan_calamity_manager\tests\Feature\DistrictManagementTest.php" line="95" class="Tests\Feature\DistrictManagementTest" classname="Tests.Feature.DistrictManagementTest" assertions="1" time="0.048926"/>
        <testcase name="test_authenticated_user_can_update_district" file="D:\DO_AN_TOT_NGHIEP\doan_calamity_manager\tests\Feature\DistrictManagementTest.php" line="106" class="Tests\Feature\DistrictManagementTest" classname="Tests.Feature.DistrictManagementTest" assertions="6" time="0.038154"/>
        <testcase name="test_authenticated_user_can_delete_district" file="D:\DO_AN_TOT_NGHIEP\doan_calamity_manager\tests\Feature\DistrictManagementTest.php" line="132" class="Tests\Feature\DistrictManagementTest" classname="Tests.Feature.DistrictManagementTest" assertions="3" time="0.066878"/>
        <testcase name="test_authenticated_user_can_delete_multiple_districts" file="D:\DO_AN_TOT_NGHIEP\doan_calamity_manager\tests\Feature\DistrictManagementTest.php" line="145" class="Tests\Feature\DistrictManagementTest" classname="Tests.Feature.DistrictManagementTest" assertions="4" time="0.049827"/>
        <testcase name="test_district_list_can_be_searched" file="D:\DO_AN_TOT_NGHIEP\doan_calamity_manager\tests\Feature\DistrictManagementTest.php" line="163" class="Tests\Feature\DistrictManagementTest" classname="Tests.Feature.DistrictManagementTest" assertions="3" time="0.092273"/>
        <testcase name="test_guest_cannot_access_create_district_form" file="D:\DO_AN_TOT_NGHIEP\doan_calamity_manager\tests\Feature\DistrictManagementTest.php" line="174" class="Tests\Feature\DistrictManagementTest" classname="Tests.Feature.DistrictManagementTest" assertions="2" time="0.029913"/>
      </testsuite>
      <testsuite name="Tests\Feature\ExampleTest" file="D:\DO_AN_TOT_NGHIEP\doan_calamity_manager\tests\Feature\ExampleTest.php" tests="1" assertions="1" errors="0" failures="1" skipped="0" time="0.561791">
        <testcase name="test_the_application_returns_a_successful_response" file="D:\DO_AN_TOT_NGHIEP\doan_calamity_manager\tests\Feature\ExampleTest.php" line="13" class="Tests\Feature\ExampleTest" classname="Tests.Feature.ExampleTest" assertions="1" time="0.561791">
          <failure type="PHPUnit\Framework\ExpectationFailedException">Tests\Feature\ExampleTest::test_the_application_returns_a_successful_response&#13;
Expected response status code [200] but received 500.
Failed asserting that 500 is identical to 200.&#13;
&#13;
The following exception occurred during the last request:

PDOException: SQLSTATE[HY000]: General error: 1 no such table: type_of_calamities in D:\DO_AN_TOT_NGHIEP\doan_calamity_manager\vendor\laravel\framework\src\Illuminate\Database\Connection.php:404
Stack trace:
#0 D:\DO_AN_TOT_NGHIEP\doan_calamity_manager\vendor\laravel\framework\src\Illuminate\Database\Connection.php(404): PDO-&gt;prepare()
#1 D:\DO_AN_TOT_NGHIEP\doan_calamity_manager\vendor\laravel\framework\src\Illuminate\Database\Connection.php(809): Illuminate\Database\Connection-&gt;Illuminate\Database\{closure}()
#2 D:\DO_AN_TOT_NGHIEP\doan_calamity_manager\vendor\laravel\framework\src\Illuminate\Database\Connection.php(776): Illuminate\Database\Connection-&gt;runQueryCallback()
#3 D:\DO_AN_TOT_NGHIEP\doan_calamity_manager\vendor\laravel\framework\src\Illuminate\Database\Connection.php(395): Illuminate\Database\Connection-&gt;run()
#4 D:\DO_AN_TOT_NGHIEP\doan_calamity_manager\vendor\laravel\framework\src\Illuminate\Database\Query\Builder.php(3131): Illuminate\Database\Connection-&gt;select()
#5 D:\DO_AN_TOT_NGHIEP\doan_calamity_manager\vendor\laravel\framework\src\Illuminate\Database\Query\Builder.php(3116): Illuminate\Database\Query\Builder-&gt;runSelect()
#6 D:\DO_AN_TOT_NGHIEP\doan_calamity_manager\vendor\laravel\framework\src\Illuminate\Database\Query\Builder.php(3706): Illuminate\Database\Query\Builder-&gt;Illuminate\Database\Query\{closure}()
#7 D:\DO_AN_TOT_NGHIEP\doan_calamity_manager\vendor\laravel\framework\src\Illuminate\Database\Query\Builder.php(3115): Illuminate\Database\Query\Builder-&gt;onceWithColumns()
#8 D:\DO_AN_TOT_NGHIEP\doan_calamity_manager\vendor\laravel\framework\src\Illuminate\Database\Eloquent\Builder.php(872): Illuminate\Database\Query\Builder-&gt;get()
#9 D:\DO_AN_TOT_NGHIEP\doan_calamity_manager\vendor\laravel\framework\src\Illuminate\Database\Eloquent\Builder.php(854): Illuminate\Database\Eloquent\Builder-&gt;getModels()
#10 D:\DO_AN_TOT_NGHIEP\doan_calamity_manager\app\Http\Controllers\AdminController.php(26): Illuminate\Database\Eloquent\Builder-&gt;get()
#11 D:\DO_AN_TOT_NGHIEP\doan_calamity_manager\vendor\laravel\framework\src\Illuminate\Routing\Controller.php(54): App\Http\Controllers\AdminController-&gt;dashboard()
#12 D:\DO_AN_TOT_NGHIEP\doan_calamity_manager\vendor\laravel\framework\src\Illuminate\Routing\ControllerDispatcher.php(43): Illuminate\Routing\Controller-&gt;callAction()
#13 D:\DO_AN_TOT_NGHIEP\doan_calamity_manager\vendor\laravel\framework\src\Illuminate\Routing\Route.php(265): Illuminate\Routing\ControllerDispatcher-&gt;dispatch()
#14 D:\DO_AN_TOT_NGHIEP\doan_calamity_manager\vendor\laravel\framework\src\Illuminate\Routing\Route.php(211): Illuminate\Routing\Route-&gt;runController()
#15 D:\DO_AN_TOT_NGHIEP\doan_calamity_manager\vendor\laravel\framework\src\Illuminate\Routing\Router.php(808): Illuminate\Routing\Route-&gt;run()
#16 D:\DO_AN_TOT_NGHIEP\doan_calamity_manager\vendor\laravel\framework\src\Illuminate\Pipeline\Pipeline.php(169): Illuminate\Routing\Router-&gt;Illuminate\Routing\{closure}()
#17 D:\DO_AN_TOT_NGHIEP\doan_calamity_manager\vendor\laravel\framework\src\Illuminate\Routing\Middleware\SubstituteBindings.php(50): Illuminate\Pipeline\Pipeline-&gt;Illuminate\Pipeline\{closure}()
#18 D:\DO_AN_TOT_NGHIEP\doan_calamity_manager\vendor\laravel\framework\src\Illuminate\Pipeline\Pipeline.php(208): Illuminate\Routing\Middleware\SubstituteBindings-&gt;handle()
#19 D:\DO_AN_TOT_NGHIEP\doan_calamity_manager\vendor\laravel\framework\src\Illuminate\Foundation\Http\Middleware\VerifyCsrfToken.php(87): Illuminate\Pipeline\Pipeline-&gt;Illuminate\Pipeline\{closure}()
#20 D:\DO_AN_TOT_NGHIEP\doan_calamity_manager\vendor\laravel\framework\src\Illuminate\Pipeline\Pipeline.php(208): Illuminate\Foundation\Http\Middleware\VerifyCsrfToken-&gt;handle()
#21 D:\DO_AN_TOT_NGHIEP\doan_calamity_manager\vendor\laravel\framework\src\Illuminate\View\Middleware\ShareErrorsFromSession.php(48): Illuminate\Pipeline\Pipeline-&gt;Illuminate\Pipeline\{closure}()
#22 D:\DO_AN_TOT_NGHIEP\doan_calamity_manager\vendor\laravel\framework\src\Illuminate\Pipeline\Pipeline.php(208): Illuminate\View\Middleware\ShareErrorsFromSession-&gt;handle()
#23 D:\DO_AN_TOT_NGHIEP\doan_calamity_manager\vendor\laravel\framework\src\Illuminate\Session\Middleware\StartSession.php(120): Illuminate\Pipeline\Pipeline-&gt;Illuminate\Pipeline\{closure}()
#24 D:\DO_AN_TOT_NGHIEP\doan_calamity_manager\vendor\laravel\framework\src\Illuminate\Session\Middleware\StartSession.php(63): Illuminate\Session\Middleware\StartSession-&gt;handleStatefulRequest()
#25 D:\DO_AN_TOT_NGHIEP\doan_calamity_manager\vendor\laravel\framework\src\Illuminate\Pipeline\Pipeline.php(208): Illuminate\Session\Middleware\StartSession-&gt;handle()
#26 D:\DO_AN_TOT_NGHIEP\doan_calamity_manager\vendor\laravel\framework\src\Illuminate\Cookie\Middleware\AddQueuedCookiesToResponse.php(36): Illuminate\Pipeline\Pipeline-&gt;Illuminate\Pipeline\{closure}()
#27 D:\DO_AN_TOT_NGHIEP\doan_calamity_manager\vendor\laravel\framework\src\Illuminate\Pipeline\Pipeline.php(208): Illuminate\Cookie\Middleware\AddQueuedCookiesToResponse-&gt;handle()
#28 D:\DO_AN_TOT_NGHIEP\doan_calamity_manager\vendor\laravel\framework\src\Illuminate\Cookie\Middleware\EncryptCookies.php(74): Illuminate\Pipeline\Pipeline-&gt;Illuminate\Pipeline\{closure}()
#29 D:\DO_AN_TOT_NGHIEP\doan_calamity_manager\vendor\laravel\framework\src\Illuminate\Pipeline\Pipeline.php(208): Illuminate\Cookie\Middleware\EncryptCookies-&gt;handle()
#30 D:\DO_AN_TOT_NGHIEP\doan_calamity_manager\vendor\laravel\framework\src\Illuminate\Pipeline\Pipeline.php(126): Illuminate\Pipeline\Pipeline-&gt;Illuminate\Pipeline\{closure}()
#31 D:\DO_AN_TOT_NGHIEP\doan_calamity_manager\vendor\laravel\framework\src\Illuminate\Routing\Router.php(807): Illuminate\Pipeline\Pipeline-&gt;then()
#32 D:\DO_AN_TOT_NGHIEP\doan_calamity_manager\vendor\laravel\framework\src\Illuminate\Routing\Router.php(786): Illuminate\Routing\Router-&gt;runRouteWithinStack()
#33 D:\DO_AN_TOT_NGHIEP\doan_calamity_manager\vendor\laravel\framework\src\Illuminate\Routing\Router.php(750): Illuminate\Routing\Router-&gt;runRoute()
#34 D:\DO_AN_TOT_NGHIEP\doan_calamity_manager\vendor\laravel\framework\src\Illuminate\Routing\Router.php(739): Illuminate\Routing\Router-&gt;dispatchToRoute()
#35 D:\DO_AN_TOT_NGHIEP\doan_calamity_manager\vendor\laravel\framework\src\Illuminate\Foundation\Http\Kernel.php(200): Illuminate\Routing\Router-&gt;dispatch()
#36 D:\DO_AN_TOT_NGHIEP\doan_calamity_manager\vendor\laravel\framework\src\Illuminate\Pipeline\Pipeline.php(169): Illuminate\Foundation\Http\Kernel-&gt;Illuminate\Foundation\Http\{closure}()
#37 D:\DO_AN_TOT_NGHIEP\doan_calamity_manager\vendor\laravel\framework\src\Illuminate\Foundation\Http\Middleware\TransformsRequest.php(21): Illuminate\Pipeline\Pipeline-&gt;Illuminate\Pipeline\{closure}()
#38 D:\DO_AN_TOT_NGHIEP\doan_calamity_manager\vendor\laravel\framework\src\Illuminate\Foundation\Http\Middleware\ConvertEmptyStringsToNull.php(31): Illuminate\Foundation\Http\Middleware\TransformsRequest-&gt;handle()
#39 D:\DO_AN_TOT_NGHIEP\doan_calamity_manager\vendor\laravel\framework\src\Illuminate\Pipeline\Pipeline.php(208): Illuminate\Foundation\Http\Middleware\ConvertEmptyStringsToNull-&gt;handle()
#40 D:\DO_AN_TOT_NGHIEP\doan_calamity_manager\vendor\laravel\framework\src\Illuminate\Foundation\Http\Middleware\TransformsRequest.php(21): Illuminate\Pipeline\Pipeline-&gt;Illuminate\Pipeline\{closure}()
#41 D:\DO_AN_TOT_NGHIEP\doan_calamity_manager\vendor\laravel\framework\src\Illuminate\Foundation\Http\Middleware\TrimStrings.php(51): Illuminate\Foundation\Http\Middleware\TransformsRequest-&gt;handle()
#42 D:\DO_AN_TOT_NGHIEP\doan_calamity_manager\vendor\laravel\framework\src\Illuminate\Pipeline\Pipeline.php(208): Illuminate\Foundation\Http\Middleware\TrimStrings-&gt;handle()
#43 D:\DO_AN_TOT_NGHIEP\doan_calamity_manager\vendor\laravel\framework\src\Illuminate\Http\Middleware\ValidatePostSize.php(27): Illuminate\Pipeline\Pipeline-&gt;Illuminate\Pipeline\{closure}()
#44 D:\DO_AN_TOT_NGHIEP\doan_calamity_manager\vendor\laravel\framework\src\Illuminate\Pipeline\Pipeline.php(208): Illuminate\Http\Middleware\ValidatePostSize-&gt;handle()
#45 D:\DO_AN_TOT_NGHIEP\doan_calamity_manager\vendor\laravel\framework\src\Illuminate\Foundation\Http\Middleware\PreventRequestsDuringMaintenance.php(109): Illuminate\Pipeline\Pipeline-&gt;Illuminate\Pipeline\{closure}()
#46 D:\DO_AN_TOT_NGHIEP\doan_calamity_manager\vendor\laravel\framework\src\Illuminate\Pipeline\Pipeline.php(208): Illuminate\Foundation\Http\Middleware\PreventRequestsDuringMaintenance-&gt;handle()
#47 D:\DO_AN_TOT_NGHIEP\doan_calamity_manager\vendor\laravel\framework\src\Illuminate\Http\Middleware\HandleCors.php(48): Illuminate\Pipeline\Pipeline-&gt;Illuminate\Pipeline\{closure}()
#48 D:\DO_AN_TOT_NGHIEP\doan_calamity_manager\vendor\laravel\framework\src\Illuminate\Pipeline\Pipeline.php(208): Illuminate\Http\Middleware\HandleCors-&gt;handle()
#49 D:\DO_AN_TOT_NGHIEP\doan_calamity_manager\vendor\laravel\framework\src\Illuminate\Http\Middleware\TrustProxies.php(58): Illuminate\Pipeline\Pipeline-&gt;Illuminate\Pipeline\{closure}()
#50 D:\DO_AN_TOT_NGHIEP\doan_calamity_manager\vendor\laravel\framework\src\Illuminate\Pipeline\Pipeline.php(208): Illuminate\Http\Middleware\TrustProxies-&gt;handle()
#51 D:\DO_AN_TOT_NGHIEP\doan_calamity_manager\vendor\laravel\framework\src\Illuminate\Foundation\Http\Middleware\InvokeDeferredCallbacks.php(22): Illuminate\Pipeline\Pipeline-&gt;Illuminate\Pipeline\{closure}()
#52 D:\DO_AN_TOT_NGHIEP\doan_calamity_manager\vendor\laravel\framework\src\Illuminate\Pipeline\Pipeline.php(208): Illuminate\Foundation\Http\Middleware\InvokeDeferredCallbacks-&gt;handle()
#53 D:\DO_AN_TOT_NGHIEP\doan_calamity_manager\vendor\laravel\framework\src\Illuminate\Http\Middleware\ValidatePathEncoding.php(26): Illuminate\Pipeline\Pipeline-&gt;Illuminate\Pipeline\{closure}()
#54 D:\DO_AN_TOT_NGHIEP\doan_calamity_manager\vendor\laravel\framework\src\Illuminate\Pipeline\Pipeline.php(208): Illuminate\Http\Middleware\ValidatePathEncoding-&gt;handle()
#55 D:\DO_AN_TOT_NGHIEP\doan_calamity_manager\vendor\laravel\framework\src\Illuminate\Pipeline\Pipeline.php(126): Illuminate\Pipeline\Pipeline-&gt;Illuminate\Pipeline\{closure}()
#56 D:\DO_AN_TOT_NGHIEP\doan_calamity_manager\vendor\laravel\framework\src\Illuminate\Foundation\Http\Kernel.php(175): Illuminate\Pipeline\Pipeline-&gt;then()
#57 D:\DO_AN_TOT_NGHIEP\doan_calamity_manager\vendor\laravel\framework\src\Illuminate\Foundation\Http\Kernel.php(144): Illuminate\Foundation\Http\Kernel-&gt;sendRequestThroughRouter()
#58 D:\DO_AN_TOT_NGHIEP\doan_calamity_manager\vendor\laravel\framework\src\Illuminate\Foundation\Testing\Concerns\MakesHttpRequests.php(607): Illuminate\Foundation\Http\Kernel-&gt;handle()
#59 D:\DO_AN_TOT_NGHIEP\doan_calamity_manager\vendor\laravel\framework\src\Illuminate\Foundation\Testing\Concerns\MakesHttpRequests.php(368): Illuminate\Foundation\Testing\TestCase-&gt;call()
#60 D:\DO_AN_TOT_NGHIEP\doan_calamity_manager\tests\Feature\ExampleTest.php(15): Illuminate\Foundation\Testing\TestCase-&gt;get()
#61 D:\DO_AN_TOT_NGHIEP\doan_calamity_manager\vendor\phpunit\phpunit\src\Framework\TestCase.php(1656): Tests\Feature\ExampleTest-&gt;test_the_application_returns_a_successful_response()
#62 D:\DO_AN_TOT_NGHIEP\doan_calamity_manager\vendor\phpunit\phpunit\src\Framework\TestCase.php(514): PHPUnit\Framework\TestCase-&gt;runTest()
#63 D:\DO_AN_TOT_NGHIEP\doan_calamity_manager\vendor\phpunit\phpunit\src\Framework\TestRunner\TestRunner.php(87): PHPUnit\Framework\TestCase-&gt;runBare()
#64 D:\DO_AN_TOT_NGHIEP\doan_calamity_manager\vendor\phpunit\phpunit\src\Framework\TestCase.php(361): PHPUnit\Framework\TestRunner-&gt;run()
#65 D:\DO_AN_TOT_NGHIEP\doan_calamity_manager\vendor\phpunit\phpunit\src\Framework\TestSuite.php(369): PHPUnit\Framework\TestCase-&gt;run()
#66 D:\DO_AN_TOT_NGHIEP\doan_calamity_manager\vendor\phpunit\phpunit\src\Framework\TestSuite.php(369): PHPUnit\Framework\TestSuite-&gt;run()
#67 D:\DO_AN_TOT_NGHIEP\doan_calamity_manager\vendor\phpunit\phpunit\src\Framework\TestSuite.php(369): PHPUnit\Framework\TestSuite-&gt;run()
#68 D:\DO_AN_TOT_NGHIEP\doan_calamity_manager\vendor\phpunit\phpunit\src\TextUI\TestRunner.php(64): PHPUnit\Framework\TestSuite-&gt;run()
#69 D:\DO_AN_TOT_NGHIEP\doan_calamity_manager\vendor\phpunit\phpunit\src\TextUI\Application.php(210): PHPUnit\TextUI\TestRunner-&gt;run()
#70 D:\DO_AN_TOT_NGHIEP\doan_calamity_manager\vendor\phpunit\phpunit\phpunit(104): PHPUnit\TextUI\Application-&gt;run()
#71 {main}

Next Illuminate\Database\QueryException: SQLSTATE[HY000]: General error: 1 no such table: type_of_calamities (Connection: sqlite, SQL: select "type_of_calamities".*, (select count(*) from "calamities" inner join "risk_levels" on "risk_levels"."id" = "calamities"."risk_level_id" where "type_of_calamities"."id" = "risk_levels"."type_of_calamity_id") as "calamities_count", (select count(*) from "constructions" inner join "risk_levels" on "risk_levels"."id" = "constructions"."risk_level_id" where "type_of_calamities"."id" = "risk_levels"."type_of_calamity_id") as "constructions_count" from "type_of_calamities") in D:\DO_AN_TOT_NGHIEP\doan_calamity_manager\vendor\laravel\framework\src\Illuminate\Database\Connection.php:822
Stack trace:
#0 D:\DO_AN_TOT_NGHIEP\doan_calamity_manager\vendor\laravel\framework\src\Illuminate\Database\Connection.php(776): Illuminate\Database\Connection-&gt;runQueryCallback()
#1 D:\DO_AN_TOT_NGHIEP\doan_calamity_manager\vendor\laravel\framework\src\Illuminate\Database\Connection.php(395): Illuminate\Database\Connection-&gt;run()
#2 D:\DO_AN_TOT_NGHIEP\doan_calamity_manager\vendor\laravel\framework\src\Illuminate\Database\Query\Builder.php(3131): Illuminate\Database\Connection-&gt;select()
#3 D:\DO_AN_TOT_NGHIEP\doan_calamity_manager\vendor\laravel\framework\src\Illuminate\Database\Query\Builder.php(3116): Illuminate\Database\Query\Builder-&gt;runSelect()
#4 D:\DO_AN_TOT_NGHIEP\doan_calamity_manager\vendor\laravel\framework\src\Illuminate\Database\Query\Builder.php(3706): Illuminate\Database\Query\Builder-&gt;Illuminate\Database\Query\{closure}()
#5 D:\DO_AN_TOT_NGHIEP\doan_calamity_manager\vendor\laravel\framework\src\Illuminate\Database\Query\Builder.php(3115): Illuminate\Database\Query\Builder-&gt;onceWithColumns()
#6 D:\DO_AN_TOT_NGHIEP\doan_calamity_manager\vendor\laravel\framework\src\Illuminate\Database\Eloquent\Builder.php(872): Illuminate\Database\Query\Builder-&gt;get()
#7 D:\DO_AN_TOT_NGHIEP\doan_calamity_manager\vendor\laravel\framework\src\Illuminate\Database\Eloquent\Builder.php(854): Illuminate\Database\Eloquent\Builder-&gt;getModels()
#8 D:\DO_AN_TOT_NGHIEP\doan_calamity_manager\app\Http\Controllers\AdminController.php(26): Illuminate\Database\Eloquent\Builder-&gt;get()
#9 D:\DO_AN_TOT_NGHIEP\doan_calamity_manager\vendor\laravel\framework\src\Illuminate\Routing\Controller.php(54): App\Http\Controllers\AdminController-&gt;dashboard()
#10 D:\DO_AN_TOT_NGHIEP\doan_calamity_manager\vendor\laravel\framework\src\Illuminate\Routing\ControllerDispatcher.php(43): Illuminate\Routing\Controller-&gt;callAction()
#11 D:\DO_AN_TOT_NGHIEP\doan_calamity_manager\vendor\laravel\framework\src\Illuminate\Routing\Route.php(265): Illuminate\Routing\ControllerDispatcher-&gt;dispatch()
#12 D:\DO_AN_TOT_NGHIEP\doan_calamity_manager\vendor\laravel\framework\src\Illuminate\Routing\Route.php(211): Illuminate\Routing\Route-&gt;runController()
#13 D:\DO_AN_TOT_NGHIEP\doan_calamity_manager\vendor\laravel\framework\src\Illuminate\Routing\Router.php(808): Illuminate\Routing\Route-&gt;run()
#14 D:\DO_AN_TOT_NGHIEP\doan_calamity_manager\vendor\laravel\framework\src\Illuminate\Pipeline\Pipeline.php(169): Illuminate\Routing\Router-&gt;Illuminate\Routing\{closure}()
#15 D:\DO_AN_TOT_NGHIEP\doan_calamity_manager\vendor\laravel\framework\src\Illuminate\Routing\Middleware\SubstituteBindings.php(50): Illuminate\Pipeline\Pipeline-&gt;Illuminate\Pipeline\{closure}()
#16 D:\DO_AN_TOT_NGHIEP\doan_calamity_manager\vendor\laravel\framework\src\Illuminate\Pipeline\Pipeline.php(208): Illuminate\Routing\Middleware\SubstituteBindings-&gt;handle()
#17 D:\DO_AN_TOT_NGHIEP\doan_calamity_manager\vendor\laravel\framework\src\Illuminate\Foundation\Http\Middleware\VerifyCsrfToken.php(87): Illuminate\Pipeline\Pipeline-&gt;Illuminate\Pipeline\{closure}()
#18 D:\DO_AN_TOT_NGHIEP\doan_calamity_manager\vendor\laravel\framework\src\Illuminate\Pipeline\Pipeline.php(208): Illuminate\Foundation\Http\Middleware\VerifyCsrfToken-&gt;handle()
#19 D:\DO_AN_TOT_NGHIEP\doan_calamity_manager\vendor\laravel\framework\src\Illuminate\View\Middleware\ShareErrorsFromSession.php(48): Illuminate\Pipeline\Pipeline-&gt;Illuminate\Pipeline\{closure}()
#20 D:\DO_AN_TOT_NGHIEP\doan_calamity_manager\vendor\laravel\framework\src\Illuminate\Pipeline\Pipeline.php(208): Illuminate\View\Middleware\ShareErrorsFromSession-&gt;handle()
#21 D:\DO_AN_TOT_NGHIEP\doan_calamity_manager\vendor\laravel\framework\src\Illuminate\Session\Middleware\StartSession.php(120): Illuminate\Pipeline\Pipeline-&gt;Illuminate\Pipeline\{closure}()
#22 D:\DO_AN_TOT_NGHIEP\doan_calamity_manager\vendor\laravel\framework\src\Illuminate\Session\Middleware\StartSession.php(63): Illuminate\Session\Middleware\StartSession-&gt;handleStatefulRequest()
#23 D:\DO_AN_TOT_NGHIEP\doan_calamity_manager\vendor\laravel\framework\src\Illuminate\Pipeline\Pipeline.php(208): Illuminate\Session\Middleware\StartSession-&gt;handle()
#24 D:\DO_AN_TOT_NGHIEP\doan_calamity_manager\vendor\laravel\framework\src\Illuminate\Cookie\Middleware\AddQueuedCookiesToResponse.php(36): Illuminate\Pipeline\Pipeline-&gt;Illuminate\Pipeline\{closure}()
#25 D:\DO_AN_TOT_NGHIEP\doan_calamity_manager\vendor\laravel\framework\src\Illuminate\Pipeline\Pipeline.php(208): Illuminate\Cookie\Middleware\AddQueuedCookiesToResponse-&gt;handle()
#26 D:\DO_AN_TOT_NGHIEP\doan_calamity_manager\vendor\laravel\framework\src\Illuminate\Cookie\Middleware\EncryptCookies.php(74): Illuminate\Pipeline\Pipeline-&gt;Illuminate\Pipeline\{closure}()
#27 D:\DO_AN_TOT_NGHIEP\doan_calamity_manager\vendor\laravel\framework\src\Illuminate\Pipeline\Pipeline.php(208): Illuminate\Cookie\Middleware\EncryptCookies-&gt;handle()
#28 D:\DO_AN_TOT_NGHIEP\doan_calamity_manager\vendor\laravel\framework\src\Illuminate\Pipeline\Pipeline.php(126): Illuminate\Pipeline\Pipeline-&gt;Illuminate\Pipeline\{closure}()
#29 D:\DO_AN_TOT_NGHIEP\doan_calamity_manager\vendor\laravel\framework\src\Illuminate\Routing\Router.php(807): Illuminate\Pipeline\Pipeline-&gt;then()
#30 D:\DO_AN_TOT_NGHIEP\doan_calamity_manager\vendor\laravel\framework\src\Illuminate\Routing\Router.php(786): Illuminate\Routing\Router-&gt;runRouteWithinStack()
#31 D:\DO_AN_TOT_NGHIEP\doan_calamity_manager\vendor\laravel\framework\src\Illuminate\Routing\Router.php(750): Illuminate\Routing\Router-&gt;runRoute()
#32 D:\DO_AN_TOT_NGHIEP\doan_calamity_manager\vendor\laravel\framework\src\Illuminate\Routing\Router.php(739): Illuminate\Routing\Router-&gt;dispatchToRoute()
#33 D:\DO_AN_TOT_NGHIEP\doan_calamity_manager\vendor\laravel\framework\src\Illuminate\Foundation\Http\Kernel.php(200): Illuminate\Routing\Router-&gt;dispatch()
#34 D:\DO_AN_TOT_NGHIEP\doan_calamity_manager\vendor\laravel\framework\src\Illuminate\Pipeline\Pipeline.php(169): Illuminate\Foundation\Http\Kernel-&gt;Illuminate\Foundation\Http\{closure}()
#35 D:\DO_AN_TOT_NGHIEP\doan_calamity_manager\vendor\laravel\framework\src\Illuminate\Foundation\Http\Middleware\TransformsRequest.php(21): Illuminate\Pipeline\Pipeline-&gt;Illuminate\Pipeline\{closure}()
#36 D:\DO_AN_TOT_NGHIEP\doan_calamity_manager\vendor\laravel\framework\src\Illuminate\Foundation\Http\Middleware\ConvertEmptyStringsToNull.php(31): Illuminate\Foundation\Http\Middleware\TransformsRequest-&gt;handle()
#37 D:\DO_AN_TOT_NGHIEP\doan_calamity_manager\vendor\laravel\framework\src\Illuminate\Pipeline\Pipeline.php(208): Illuminate\Foundation\Http\Middleware\ConvertEmptyStringsToNull-&gt;handle()
#38 D:\DO_AN_TOT_NGHIEP\doan_calamity_manager\vendor\laravel\framework\src\Illuminate\Foundation\Http\Middleware\TransformsRequest.php(21): Illuminate\Pipeline\Pipeline-&gt;Illuminate\Pipeline\{closure}()
#39 D:\DO_AN_TOT_NGHIEP\doan_calamity_manager\vendor\laravel\framework\src\Illuminate\Foundation\Http\Middleware\TrimStrings.php(51): Illuminate\Foundation\Http\Middleware\TransformsRequest-&gt;handle()
#40 D:\DO_AN_TOT_NGHIEP\doan_calamity_manager\vendor\laravel\framework\src\Illuminate\Pipeline\Pipeline.php(208): Illuminate\Foundation\Http\Middleware\TrimStrings-&gt;handle()
#41 D:\DO_AN_TOT_NGHIEP\doan_calamity_manager\vendor\laravel\framework\src\Illuminate\Http\Middleware\ValidatePostSize.php(27): Illuminate\Pipeline\Pipeline-&gt;Illuminate\Pipeline\{closure}()
#42 D:\DO_AN_TOT_NGHIEP\doan_calamity_manager\vendor\laravel\framework\src\Illuminate\Pipeline\Pipeline.php(208): Illuminate\Http\Middleware\ValidatePostSize-&gt;handle()
#43 D:\DO_AN_TOT_NGHIEP\doan_calamity_manager\vendor\laravel\framework\src\Illuminate\Foundation\Http\Middleware\PreventRequestsDuringMaintenance.php(109): Illuminate\Pipeline\Pipeline-&gt;Illuminate\Pipeline\{closure}()
#44 D:\DO_AN_TOT_NGHIEP\doan_calamity_manager\vendor\laravel\framework\src\Illuminate\Pipeline\Pipeline.php(208): Illuminate\Foundation\Http\Middleware\PreventRequestsDuringMaintenance-&gt;handle()
#45 D:\DO_AN_TOT_NGHIEP\doan_calamity_manager\vendor\laravel\framework\src\Illuminate\Http\Middleware\HandleCors.php(48): Illuminate\Pipeline\Pipeline-&gt;Illuminate\Pipeline\{closure}()
#46 D:\DO_AN_TOT_NGHIEP\doan_calamity_manager\vendor\laravel\framework\src\Illuminate\Pipeline\Pipeline.php(208): Illuminate\Http\Middleware\HandleCors-&gt;handle()
#47 D:\DO_AN_TOT_NGHIEP\doan_calamity_manager\vendor\laravel\framework\src\Illuminate\Http\Middleware\TrustProxies.php(58): Illuminate\Pipeline\Pipeline-&gt;Illuminate\Pipeline\{closure}()
#48 D:\DO_AN_TOT_NGHIEP\doan_calamity_manager\vendor\laravel\framework\src\Illuminate\Pipeline\Pipeline.php(208): Illuminate\Http\Middleware\TrustProxies-&gt;handle()
#49 D:\DO_AN_TOT_NGHIEP\doan_calamity_manager\vendor\laravel\framework\src\Illuminate\Foundation\Http\Middleware\InvokeDeferredCallbacks.php(22): Illuminate\Pipeline\Pipeline-&gt;Illuminate\Pipeline\{closure}()
#50 D:\DO_AN_TOT_NGHIEP\doan_calamity_manager\vendor\laravel\framework\src\Illuminate\Pipeline\Pipeline.php(208): Illuminate\Foundation\Http\Middleware\InvokeDeferredCallbacks-&gt;handle()
#51 D:\DO_AN_TOT_NGHIEP\doan_calamity_manager\vendor\laravel\framework\src\Illuminate\Http\Middleware\ValidatePathEncoding.php(26): Illuminate\Pipeline\Pipeline-&gt;Illuminate\Pipeline\{closure}()
#52 D:\DO_AN_TOT_NGHIEP\doan_calamity_manager\vendor\laravel\framework\src\Illuminate\Pipeline\Pipeline.php(208): Illuminate\Http\Middleware\ValidatePathEncoding-&gt;handle()
#53 D:\DO_AN_TOT_NGHIEP\doan_calamity_manager\vendor\laravel\framework\src\Illuminate\Pipeline\Pipeline.php(126): Illuminate\Pipeline\Pipeline-&gt;Illuminate\Pipeline\{closure}()
#54 D:\DO_AN_TOT_NGHIEP\doan_calamity_manager\vendor\laravel\framework\src\Illuminate\Foundation\Http\Kernel.php(175): Illuminate\Pipeline\Pipeline-&gt;then()
#55 D:\DO_AN_TOT_NGHIEP\doan_calamity_manager\vendor\laravel\framework\src\Illuminate\Foundation\Http\Kernel.php(144): Illuminate\Foundation\Http\Kernel-&gt;sendRequestThroughRouter()
#56 D:\DO_AN_TOT_NGHIEP\doan_calamity_manager\vendor\laravel\framework\src\Illuminate\Foundation\Testing\Concerns\MakesHttpRequests.php(607): Illuminate\Foundation\Http\Kernel-&gt;handle()
#57 D:\DO_AN_TOT_NGHIEP\doan_calamity_manager\vendor\laravel\framework\src\Illuminate\Foundation\Testing\Concerns\MakesHttpRequests.php(368): Illuminate\Foundation\Testing\TestCase-&gt;call()
#58 D:\DO_AN_TOT_NGHIEP\doan_calamity_manager\tests\Feature\ExampleTest.php(15): Illuminate\Foundation\Testing\TestCase-&gt;get()
#59 D:\DO_AN_TOT_NGHIEP\doan_calamity_manager\vendor\phpunit\phpunit\src\Framework\TestCase.php(1656): Tests\Feature\ExampleTest-&gt;test_the_application_returns_a_successful_response()
#60 D:\DO_AN_TOT_NGHIEP\doan_calamity_manager\vendor\phpunit\phpunit\src\Framework\TestCase.php(514): PHPUnit\Framework\TestCase-&gt;runTest()
#61 D:\DO_AN_TOT_NGHIEP\doan_calamity_manager\vendor\phpunit\phpunit\src\Framework\TestRunner\TestRunner.php(87): PHPUnit\Framework\TestCase-&gt;runBare()
#62 D:\DO_AN_TOT_NGHIEP\doan_calamity_manager\vendor\phpunit\phpunit\src\Framework\TestCase.php(361): PHPUnit\Framework\TestRunner-&gt;run()
#63 D:\DO_AN_TOT_NGHIEP\doan_calamity_manager\vendor\phpunit\phpunit\src\Framework\TestSuite.php(369): PHPUnit\Framework\TestCase-&gt;run()
#64 D:\DO_AN_TOT_NGHIEP\doan_calamity_manager\vendor\phpunit\phpunit\src\Framework\TestSuite.php(369): PHPUnit\Framework\TestSuite-&gt;run()
#65 D:\DO_AN_TOT_NGHIEP\doan_calamity_manager\vendor\phpunit\phpunit\src\Framework\TestSuite.php(369): PHPUnit\Framework\TestSuite-&gt;run()
#66 D:\DO_AN_TOT_NGHIEP\doan_calamity_manager\vendor\phpunit\phpunit\src\TextUI\TestRunner.php(64): PHPUnit\Framework\TestSuite-&gt;run()
#67 D:\DO_AN_TOT_NGHIEP\doan_calamity_manager\vendor\phpunit\phpunit\src\TextUI\Application.php(210): PHPUnit\TextUI\TestRunner-&gt;run()
#68 D:\DO_AN_TOT_NGHIEP\doan_calamity_manager\vendor\phpunit\phpunit\phpunit(104): PHPUnit\TextUI\Application-&gt;run()
#69 {main}

----------------------------------------------------------------------------------

SQLSTATE[HY000]: General error: 1 no such table: type_of_calamities (Connection: sqlite, SQL: select "type_of_calamities".*, (select count(*) from "calamities" inner join "risk_levels" on "risk_levels"."id" = "calamities"."risk_level_id" where "type_of_calamities"."id" = "risk_levels"."type_of_calamity_id") as "calamities_count", (select count(*) from "constructions" inner join "risk_levels" on "risk_levels"."id" = "constructions"."risk_level_id" where "type_of_calamities"."id" = "risk_levels"."type_of_calamity_id") as "constructions_count" from "type_of_calamities")
&#13;
D:\DO_AN_TOT_NGHIEP\doan_calamity_manager\vendor\laravel\framework\src\Illuminate\Testing\TestResponseAssert.php:45
D:\DO_AN_TOT_NGHIEP\doan_calamity_manager\vendor\laravel\framework\src\Illuminate\Testing\TestResponse.php:174
D:\DO_AN_TOT_NGHIEP\doan_calamity_manager\tests\Feature\ExampleTest.php:17</failure>
        </testcase>
      </testsuite>
      <testsuite name="Tests\Feature\IncidentReportTest" file="D:\DO_AN_TOT_NGHIEP\doan_calamity_manager\tests\Feature\IncidentReportTest.php" tests="10" assertions="15" errors="1" failures="0" skipped="0" time="0.390567">
        <testcase name="test_guest_can_view_incident_report_page" file="D:\DO_AN_TOT_NGHIEP\doan_calamity_manager\tests\Feature\IncidentReportTest.php" line="17" class="Tests\Feature\IncidentReportTest" classname="Tests.Feature.IncidentReportTest" assertions="1" time="0.040583"/>
        <testcase name="test_guest_can_view_create_incident_report_page" file="D:\DO_AN_TOT_NGHIEP\doan_calamity_manager\tests\Feature\IncidentReportTest.php" line="23" class="Tests\Feature\IncidentReportTest" classname="Tests.Feature.IncidentReportTest" assertions="1" time="0.037191"/>
        <testcase name="test_guest_can_create_incident_report" file="D:\DO_AN_TOT_NGHIEP\doan_calamity_manager\tests\Feature\IncidentReportTest.php" line="29" class="Tests\Feature\IncidentReportTest" classname="Tests.Feature.IncidentReportTest" assertions="2" time="0.030076"/>
        <testcase name="test_incident_report_requires_required_fields" file="D:\DO_AN_TOT_NGHIEP\doan_calamity_manager\tests\Feature\IncidentReportTest.php" line="56" class="Tests\Feature\IncidentReportTest" classname="Tests.Feature.IncidentReportTest" assertions="2" time="0.027610"/>
        <testcase name="test_authenticated_user_can_delete_incident_report" file="D:\DO_AN_TOT_NGHIEP\doan_calamity_manager\tests\Feature\IncidentReportTest.php" line="66" class="Tests\Feature\IncidentReportTest" classname="Tests.Feature.IncidentReportTest" assertions="2" time="0.036436"/>
        <testcase name="test_authenticated_user_can_delete_multiple_incident_reports" file="D:\DO_AN_TOT_NGHIEP\doan_calamity_manager\tests\Feature\IncidentReportTest.php" line="78" class="Tests\Feature\IncidentReportTest" classname="Tests.Feature.IncidentReportTest" assertions="0" time="0.046534">
          <error type="Illuminate\Database\UniqueConstraintViolationException">Tests\Feature\IncidentReportTest::test_authenticated_user_can_delete_multiple_incident_reports&#13;
Illuminate\Database\UniqueConstraintViolationException: SQLSTATE[23000]: Integrity constraint violation: 19 UNIQUE constraint failed: sub_type_of_calamities.slug (Connection: sqlite, SQL: insert into "sub_type_of_calamities" ("name", "slug", "description", "type_of_calamity_id", "updated_at", "created_at") values (Sạt lở nặng, sat-lo-nang, Voluptatem ab qui dolores voluptatem., 3, 2025-07-14 06:37:27, 2025-07-14 06:37:27))
&#13;
D:\DO_AN_TOT_NGHIEP\doan_calamity_manager\vendor\laravel\framework\src\Illuminate\Database\Connection.php:817
D:\DO_AN_TOT_NGHIEP\doan_calamity_manager\vendor\laravel\framework\src\Illuminate\Database\Connection.php:776
D:\DO_AN_TOT_NGHIEP\doan_calamity_manager\vendor\laravel\framework\src\Illuminate\Database\Connection.php:557
D:\DO_AN_TOT_NGHIEP\doan_calamity_manager\vendor\laravel\framework\src\Illuminate\Database\Connection.php:521
D:\DO_AN_TOT_NGHIEP\doan_calamity_manager\vendor\laravel\framework\src\Illuminate\Database\Query\Processors\Processor.php:32
D:\DO_AN_TOT_NGHIEP\doan_calamity_manager\vendor\laravel\framework\src\Illuminate\Database\Query\Builder.php:3796
D:\DO_AN_TOT_NGHIEP\doan_calamity_manager\vendor\laravel\framework\src\Illuminate\Database\Eloquent\Builder.php:2205
D:\DO_AN_TOT_NGHIEP\doan_calamity_manager\vendor\laravel\framework\src\Illuminate\Database\Eloquent\Model.php:1410
D:\DO_AN_TOT_NGHIEP\doan_calamity_manager\vendor\laravel\framework\src\Illuminate\Database\Eloquent\Model.php:1375
D:\DO_AN_TOT_NGHIEP\doan_calamity_manager\vendor\laravel\framework\src\Illuminate\Database\Eloquent\Model.php:1214
D:\DO_AN_TOT_NGHIEP\doan_calamity_manager\vendor\laravel\framework\src\Illuminate\Database\Eloquent\Factories\Factory.php:350
D:\DO_AN_TOT_NGHIEP\doan_calamity_manager\vendor\laravel\framework\src\Illuminate\Collections\Traits\EnumeratesValues.php:271
D:\DO_AN_TOT_NGHIEP\doan_calamity_manager\vendor\laravel\framework\src\Illuminate\Database\Eloquent\Factories\Factory.php:345
D:\DO_AN_TOT_NGHIEP\doan_calamity_manager\vendor\laravel\framework\src\Illuminate\Database\Eloquent\Factories\Factory.php:301
D:\DO_AN_TOT_NGHIEP\doan_calamity_manager\vendor\laravel\framework\src\Illuminate\Database\Eloquent\Factories\Factory.php:496
D:\DO_AN_TOT_NGHIEP\doan_calamity_manager\vendor\laravel\framework\src\Illuminate\Collections\Arr.php:749
D:\DO_AN_TOT_NGHIEP\doan_calamity_manager\vendor\laravel\framework\src\Illuminate\Collections\Collection.php:809
D:\DO_AN_TOT_NGHIEP\doan_calamity_manager\vendor\laravel\framework\src\Illuminate\Database\Eloquent\Factories\Factory.php:491
D:\DO_AN_TOT_NGHIEP\doan_calamity_manager\vendor\laravel\framework\src\Illuminate\Database\Eloquent\Factories\Factory.php:445
D:\DO_AN_TOT_NGHIEP\doan_calamity_manager\vendor\laravel\framework\src\Illuminate\Database\Eloquent\Factories\Factory.php:429
D:\DO_AN_TOT_NGHIEP\doan_calamity_manager\vendor\laravel\framework\src\Illuminate\Database\Eloquent\Concerns\GuardsAttributes.php:157
D:\DO_AN_TOT_NGHIEP\doan_calamity_manager\vendor\laravel\framework\src\Illuminate\Database\Eloquent\Factories\Factory.php:428
D:\DO_AN_TOT_NGHIEP\doan_calamity_manager\vendor\laravel\framework\src\Illuminate\Database\Eloquent\Factories\Factory.php:412
D:\DO_AN_TOT_NGHIEP\doan_calamity_manager\vendor\laravel\framework\src\Illuminate\Database\Eloquent\Factories\Factory.php:411
D:\DO_AN_TOT_NGHIEP\doan_calamity_manager\vendor\laravel\framework\src\Illuminate\Database\Eloquent\Factories\Factory.php:298
D:\DO_AN_TOT_NGHIEP\doan_calamity_manager\tests\Feature\IncidentReportTest.php:81</error>
        </testcase>
        <testcase name="test_can_get_sub_type_of_calamities" file="D:\DO_AN_TOT_NGHIEP\doan_calamity_manager\tests\Feature\IncidentReportTest.php" line="96" class="Tests\Feature\IncidentReportTest" classname="Tests.Feature.IncidentReportTest" assertions="2" time="0.059687"/>
        <testcase name="test_can_get_communes_by_district" file="D:\DO_AN_TOT_NGHIEP\doan_calamity_manager\tests\Feature\IncidentReportTest.php" line="108" class="Tests\Feature\IncidentReportTest" classname="Tests.Feature.IncidentReportTest" assertions="2" time="0.036584"/>
        <testcase name="test_incident_report_list_displays_data" file="D:\DO_AN_TOT_NGHIEP\doan_calamity_manager\tests\Feature\IncidentReportTest.php" line="117" class="Tests\Feature\IncidentReportTest" classname="Tests.Feature.IncidentReportTest" assertions="2" time="0.045922"/>
        <testcase name="test_guest_cannot_delete_incident_reports" file="D:\DO_AN_TOT_NGHIEP\doan_calamity_manager\tests\Feature\IncidentReportTest.php" line="133" class="Tests\Feature\IncidentReportTest" classname="Tests.Feature.IncidentReportTest" assertions="1" time="0.029944"/>
      </testsuite>
      <testsuite name="Tests\Feature\IntegrationTest" file="D:\DO_AN_TOT_NGHIEP\doan_calamity_manager\tests\Feature\IntegrationTest.php" tests="6" assertions="28" errors="0" failures="1" skipped="0" time="0.310237">
        <testcase name="test_complete_workflow_from_login_to_calamity_management" file="D:\DO_AN_TOT_NGHIEP\doan_calamity_manager\tests\Feature\IntegrationTest.php" line="21" class="Tests\Feature\IntegrationTest" classname="Tests.Feature.IntegrationTest" assertions="5" time="0.079439">
          <failure type="PHPUnit\Framework\ExpectationFailedException">Tests\Feature\IntegrationTest::test_complete_workflow_from_login_to_calamity_management&#13;
Failed asserting that '&lt;!DOCTYPE html&gt;\n
&lt;html class="opacity-0" lang="vi"&gt;\n
\n
&lt;head&gt;\n
    &lt;meta charset="utf-8"&gt;\n
    &lt;meta name="csrf-token" content="OeW2Q7TLTMP2HlGlwR2ZgigVYhXvShFjZtvIeCWz"&gt;\n
    &lt;meta name="viewport" content="width=device-width, initial-scale=1"&gt;\n
    &lt;meta name="author" content="LEFT4CODE"&gt;\n
    \n
    \n
    &lt;script type="module" src="http://[::1]:5173/@vite/client"&gt;&lt;/script&gt;&lt;script type="module" src="http://[::1]:5173/resources/js/vendors/dom.js"&gt;&lt;/script&gt;    \n
        &lt;script type="module" src="http://[::1]:5173/@vite/client"&gt;&lt;/script&gt;&lt;script type="module" src="http://[::1]:5173/resources/js/vendors/modal.js"&gt;&lt;/script&gt;\n
    &lt;script type="module" src="http://[::1]:5173/@vite/client"&gt;&lt;/script&gt;&lt;script type="module" src="http://[::1]:5173/resources/js/components/base/theme-color.js"&gt;&lt;/script&gt;    &lt;script type="module" src="http://[::1]:5173/@vite/client"&gt;&lt;/script&gt;&lt;link rel="stylesheet" href="http://[::1]:5173/resources/css/app.css" /&gt;&lt;script type="module" src="http://[::1]:5173/resources/js/app.js"&gt;&lt;/script&gt;\n
        &lt;script src="https://cdn.jsdelivr.net/npm/apexcharts"&gt;&lt;/script&gt;\n
    &lt;script&gt;\n
\n
        document.addEventListener("DOMContentLoaded", function() {\n
            var disasterData = [{"type":"S\u1ea1t L\u1edf","count":0,"percentage":0},{"type":"Ng\u1eadp L\u1ee5t","count":0,"percentage":0},{"type":"B\u00e3o","count":0,"percentage":0}];\n
            var labels = disasterData.map(item =&gt; item.type);\n
            var series = disasterData.map(item =&gt; item.count);\n
            \n
            var colors = ['#2563eb', '#f59e0b', '#ef4444'];\n
            if (series.reduce((a, b) =&gt; a + b, 0) === 0) {\n
                document.getElementById("disaster-chart").innerHTML =\n
                    "&lt;p class='text-gray-500 text-center'&gt;Không có dữ liệu để hiển thị&lt;/p&gt;";\n
            } else {\n
                var options = {\n
                    series: series,\n
                    chart: {\n
                        type: 'pie',\n
                        height: 370\n
                    },\n
                    labels: labels,\n
                    colors: colors,\n
                    legend: {\n
                        show: false\n
                    },\n
                    stroke: {\n
                        show: true,\n
                        width: 2,\n
                        colors: ['#ffffff']\n
                    }\n
                };\n
                var chart = new ApexCharts(document.querySelector("#disaster-chart"), options);\n
                chart.render();\n
            }\n
        });\n
\n
        document.addEventListener("DOMContentLoaded", function() {\n
            if (typeof google === "undefined" || typeof google.maps === "undefined") {\n
                console.warn("Google Maps API chưa tải xong, đợi 1 giây...");\n
                let checkGoogleMaps = setInterval(() =&gt; {\n
                    if (typeof google !== "undefined" &amp;&amp; typeof google.maps !== "undefined") {\n
                        clearInterval(checkGoogleMaps);\n
                        console.log("Google Maps API đã sẵn sàng!");\n
                        initializeApp();\n
                    }\n
                }, 1000);\n
            } else {\n
                console.log("Google Maps API đã sẵn sàng!");\n
                initializeApp();\n
            }\n
        });\n
        let calamitiesData = [{"type":"S\u1ea1t L\u1edf","data":[]},{"type":"Ng\u1eadp L\u1ee5t","data":[]},{"type":"B\u00e3o","data":[]}]\n
        let map;\n
        let markers = {}; \n
        let kmlLayers = {}; \n
        let map1, marker;\n
\n
        function initializeApp() {\n
            initMap();\n
            addMarkersAndKML()\n
            setupCheckboxListeners()\n
        }\n
\n
        function initMap() {\n
            \n
            map = new google.maps.Map(document.getElementById('map'), {\n
                center: {\n
                    lat: 9.176,\n
                    lng: 105.15\n
                },\n
                zoom: 10\n
            });\n
            addDistrictLabels();\n
\n
        }\n
\n
        function addDistrictLabels() {\n
            const districts = [{\n
                    name: "TP.Cà Mau",\n
                    lat: 9.180768,\n
                    lng: 105.191980\n
                },\n
                {\n
                    name: "H.U Minh",\n
                    lat: 9.3458,\n
                    lng: 104.9432\n
                },\n
                {\n
                    name: "H.Thới Bình",\n
                    lat: 9.340954,\n
                    lng: 105.163154\n
                },\n
                {\n
                    name: "H.Trần Văn Thời",\n
                    lat: 9.139329,\n
                    lng: 104.916711\n
                },\n
                {\n
                    name: "H.Cái Nước",\n
                    lat: 9.028582,\n
                    lng: 105.046749\n
                },\n
                {\n
                    name: "H.Đầm Dơi",\n
                    lat: 8.965907,\n
                    lng: 105.243772\n
                },\n
                {\n
                    name: "H.Năm Căn",\n
                    lat: 8.7815,\n
                    lng: 104.9735\n
                },\n
                {\n
                    name: "H.Phú Tân",\n
                    lat: 8.889554,\n
                    lng: 104.877030\n
                },\n
                {\n
                    name: "H.Ngọc Hiển",\n
                    lat: 8.6235,\n
                    lng: 104.8435\n
                }\n
            ];\n
            districts.forEach(district =&gt; {\n
                new google.maps.Marker({\n
                    position: {\n
                        lat: district.lat,\n
                        lng: district.lng\n
                    },\n
                    map,\n
                    label: {\n
                        text: district.name,\n
                        color: "black",\n
                        fontSize: "12px"\n
                    },\n
                    icon: {\n
                        path: google.maps.SymbolPath.CIRCLE,\n
                        scale: 0\n
                    },\n
                });\n
            });\n
        }\n
\n
        function removeVietnameseTones(str) {\n
            return str.normalize("NFD").replace(/[\u0300-\u036f]/g, "") \n
                .replace(/đ/g, "d").replace(/Đ/g, "D") \n
                .replace(/\s+/g, '-').toLowerCase(); \n
        }\n
\n
        function addMarkersAndKML() {\n
            markers = {}; \n
            let sharedInfoWindow = new google.maps.InfoWindow();\n
            calamitiesData.forEach(disaster =&gt; {\n
                disaster.data.forEach(item =&gt; {\n
                    console.log("📍 Marker:", item.name, item.coordinates);\n
                });\n
\n
                let type = disaster.type;\n
                let slug = removeVietnameseTones(type); \n
                markers[slug] = [];\n
                \n
                let iconUrl = "";\n
                switch (type.toLowerCase()) {\n
                    case "sạt lở":\n
                        iconUrl = "/uploads/map/falling_rocks.png";\n
                        break;\n
                    case "ngập lụt":\n
                        iconUrl = "/uploads/map/swimming.png";\n
                        break;\n
                    case "bão":\n
                        iconUrl = "/uploads/map/caution.png";\n
                        break;\n
                    default:\n
                        iconUrl = "https://maps.google.com/mapfiles/kml/shapes/info-i_maps.png"; \n
                }\n
                \n
                if (Array.isArray(disaster.data)) {\n
                    disaster.data.forEach(item =&gt; {\n
                        if (item.coordinates) {\n
                            let [lat, lng] = item.coordinates.split(',').map(coord =&gt; parseFloat(coord\n
                                .trim()));\n
                            let marker = new google.maps.Marker({\n
                                position: {\n
                                    lat,\n
                                    lng\n
                                },\n
                                map: map,\n
                                icon: {\n
                                    url: iconUrl,\n
                                    scaledSize: new google.maps.Size(25, 25)\n
                                }\n
                            });\n
                            marker.addListener("click", () =&gt; {\n
                                sharedInfoWindow.setContent(generateContent(item, type));\n
                                sharedInfoWindow.open(map, marker);\n
                            });\n
                            google.maps.event.addListener(sharedInfoWindow, "domready", function() {\n
                                const closeBtn = document.querySelector(".gm-ui-hover-effect");\n
                                if (closeBtn) closeBtn.style.display = "none";\n
                                const customClose = document.getElementById("custom-close-btn");\n
                                if (customClose) {\n
                                    customClose.addEventListener("click", () =&gt; {\n
                                        sharedInfoWindow.close();\n
                                    });\n
                                }\n
                            });\n
                            markers[slug].push(marker);\n
                        }\n
                    });\n
                }\n
            });\n
        }\n
\n
        function generateContent(calamity, type) {\n
            let headerColor = "linear-gradient(to right, #95a5a6, #7f8c8d)";\n
            if (type === "Sạt Lở") {\n
                headerColor = "linear-gradient(to right, #e74c3c, #c0392b)";\n
            } else if (type === "Ngập Lụt") {\n
                headerColor = "linear-gradient(to right, #3498db, #2980b9)";\n
            } else if (type === "Bão") {\n
                headerColor = "linear-gradient(to right, #f39c12, #e67e22)";\n
            }\n
            const content = `\n
                    &lt;div style="max-width: 320px; font-family: 'Segoe UI', sans-serif; border-radius: 16px; overflow: hidden; box-shadow: 0 8px 20px rgba(0,0,0,0.15); background: #fff; position: relative;"&gt;\n
                        &lt;button id="custom-close-btn"\n
                            style="position: absolute; top: 10px; right: 10px; background: rgba(255,255,255,0.9); border: none; border-radius: 50%; padding: 6px 10px; font-size: 16px; cursor: pointer; box-shadow: 0 2px 6px rgba(0,0,0,0.2); z-index: 2;"&gt;\n
                            ✕\n
                        &lt;/button&gt;\n
                        &lt;div style="background: ${headerColor}; color: white; padding: 14px 20px; text-align: center;"&gt;\n
                            &lt;div style="font-size: 17px; font-weight: bold; letter-spacing: 0.5px;"&gt;\n
                                ${calamity.name || "Không có tên"} (${type})\n
                            &lt;/div&gt;\n
                        &lt;/div&gt;\n
                    &lt;div style="padding: 16px 20px; font-size: 14.5px; color: #333; line-height: 1.8;"&gt;\n
                            &lt;div style="margin-bottom: 6px;"&gt;&lt;strong&gt;🌍 Thiên tai:&lt;/strong&gt; ${calamity.risk_level.type_of_calamities.name || "Không có"}&lt;/div&gt;\n
                            &lt;div style="margin-bottom: 6px;"&gt;&lt;strong&gt;🌀 Tác nhân:&lt;/strong&gt; ${calamity.sub_type_of_calamities[0].name || "Không có"}&lt;/div&gt;\n
                            &lt;div style="margin-bottom: 6px;"&gt;&lt;strong&gt;⚠️ Cấp độ:&lt;/strong&gt; ${calamity.risk_level.name || "Không có"}&lt;/div&gt;\n
                            &lt;div style="margin-bottom: 6px;"&gt;&lt;strong&gt;📍 Địa chỉ:&lt;/strong&gt; ${calamity.address || "Không có"}&lt;/div&gt;\n
                            &lt;div style="margin-bottom: 6px;"&gt;&lt;strong&gt;🏘️ Xã:&lt;/strong&gt; ${calamity.communes?.[0]?.name || "Không có"}&lt;/div&gt;\n
                            &lt;div style="margin-bottom: 6px;"&gt;&lt;strong&gt;🏞️ Huyện:&lt;/strong&gt; ${calamity.communes?.[0]?.district?.name || "Không có"}&lt;/div&gt;\n
                        &lt;/div&gt;\n
                    &lt;/div&gt;\n
                    `;\n
            return content;\n
        }\n
\n
        function setupCheckboxListeners() {\n
            document.querySelectorAll("input[type='checkbox']").forEach(checkbox =&gt; {\n
                checkbox.addEventListener("change", function() {\n
                    let typeSlug = this.id.replace("toggle-", "");\n
                    if (this.checked) {\n
                        if (markers[typeSlug]) {\n
                            markers[typeSlug].forEach(marker =&gt; marker.setVisible(true));\n
                        }\n
                        if (kmlLayers[typeSlug]) {\n
                            kmlLayers[typeSlug].forEach(layer =&gt; layer.setMap(map));\n
                        }\n
                    } else {\n
                        if (markers[typeSlug]) {\n
                            markers[typeSlug].forEach(marker =&gt; marker.setVisible(false));\n
                        }\n
                        if (kmlLayers[typeSlug]) {\n
                            kmlLayers[typeSlug].forEach(layer =&gt; layer.setMap(null));\n
                        }\n
                    }\n
                });\n
            });\n
        }\n
\n
        function showToast(message) {\n
            let toast = document.createElement("div");\n
            toast.innerText = message;\n
            toast.style.position = "fixed";\n
            toast.style.bottom = "20px";\n
            toast.style.left = "50%";\n
            toast.style.transform = "translateX(-50%)";\n
            toast.style.background = "#ff4d4d";\n
            toast.style.color = "white";\n
            toast.style.padding = "10px 20px";\n
            toast.style.borderRadius = "5px";\n
            toast.style.zIndex = "1000";\n
            document.body.appendChild(toast);\n
\n
            setTimeout(() =&gt; {\n
                toast.remove();\n
            }, 3000);\n
        }\n
    &lt;/script&gt;\n
    &lt;script async\n
        src="https://maps.googleapis.com/maps/api/js?key=AIzaSyDMhd9dHKpWfJ57Ndv2alnxEcSvP_-_uN8&amp;libraries=places&amp;callback=initMap"&gt;\n
    &lt;/script&gt;\n
    \n
&lt;/head&gt;\n
\n
&lt;body style="background-color: #1E3A8A;"&gt;\n
\n
    &lt;div class=" px-5 sm:px-8 py-5 "&gt;\n
        &lt;div class="mobile-menu hidden lg:hidden fixed inset-0 bg-slate-900 text-white z-50 overflow-y-auto" style="background-color: #1E3A8A;"&gt;\n
    \n
    &lt;div class="flex h-[70px] items-center px-4 sm:px-8 justify-between border-b border-slate-700 lg:hidden"&gt;\n
        &lt;a href="http://localhost" class="flex items-center gap-2"&gt;\n
            &lt;span class="font-semibold text-lg"&gt;Quản lý thiên tai&lt;/span&gt;\n
        &lt;/a&gt;\n
        &lt;span role="button" class="mobile-menu-close cursor-pointer"\n
      onclick="document.querySelector('.mobile-menu')?.classList.add('hidden')"&gt;\n
    &lt;svg class="lucide w-5 h-5 mr-2" xmlns="http://www.w3.org/2000/svg" fill="none" stroke="currentColor" stroke-width="2" stroke-linecap="round" stroke-linejoin="round" viewBox="0 0 24 24"&gt;&lt;circle cx="12" cy="12" r="10"/&gt;&lt;path d="M15 9l-6 6m0-6l6 6"/&gt;&lt;/svg&gt;\n
    &lt;/span&gt;\n
\n
    &lt;/div&gt;\n
\n
    &lt;ul class="py-4 px-4 space-y-2"&gt;\n
                                                        &lt;li&gt;\n
                        &lt;a class="flex items-center justify-between px-4 py-3 hover:bg-slate-700 rounded transition "\n
                           href="http://localhost"&gt;\n
                            &lt;div class="flex items-center gap-2"&gt;\n
                                &lt;svg class="lucide w-5 h-5 mr-2" xmlns="http://www.w3.org/2000/svg" fill="none" stroke="currentColor" stroke-width="2" stroke-linecap="round" stroke-linejoin="round" viewBox="0 0 24 24"&gt;&lt;path d="M12 22a10 10 0 1 0-10-10a10.011 10.011 0 0 0 10 10z"/&gt;&lt;path d="M12.5 7h-1a1.5 1.5 0 0 0-1.5 1.5v6A1.5 1.5 0 0 0 11.5 16h1a1.5 1.5 0 0 0 .5-2.9V9.9A1.5 1.5 0 0 0 12.5 7z"/&gt;&lt;circle cx="12" cy="19" r=".5"/&gt;&lt;/svg&gt;\n
                                &lt;span&gt;Tổng Quan&lt;/span&gt;\n
                            &lt;/div&gt;\n
                                                    &lt;/a&gt;\n
\n
                                            &lt;/li&gt;\n
                                                                &lt;li&gt;\n
                        &lt;a class="flex items-center justify-between px-4 py-3 hover:bg-slate-700 rounded transition "\n
                           href="http://localhost/list-user"&gt;\n
                            &lt;div class="flex items-center gap-2"&gt;\n
                                &lt;svg xmlns="http://www.w3.org/2000/svg" width="24" height="24" viewBox="0 0 24 24" fill="none" stroke="currentColor" stroke-width="2" stroke-linecap="round" stroke-linejoin="round" class="lucide lucide-users-round-icon lucide-users-round"&gt;&lt;path d="M18 21a8 8 0 0 0-16 0"/&gt;&lt;circle cx="10" cy="8" r="5"/&gt;&lt;path d="M22 20c0-3.37-2-6.5-4-8a5 5 0 0 0-.45-8.3"/&gt;&lt;/svg&gt;\n
                                &lt;span&gt;Người Dùng&lt;/span&gt;\n
                            &lt;/div&gt;\n
                                                    &lt;/a&gt;\n
\n
                                            &lt;/li&gt;\n
                                                                &lt;li&gt;\n
                        &lt;a class="flex items-center justify-between px-4 py-3 hover:bg-slate-700 rounded transition toggle-submenu"\n
                           href="javascript:;"&gt;\n
                            &lt;div class="flex items-center gap-2"&gt;\n
                                &lt;svg class="lucide w-5 h-5 mr-2" xmlns="http://www.w3.org/2000/svg" fill="none" stroke="currentColor" stroke-width="2" stroke-linecap="round" stroke-linejoin="round" viewBox="0 0 24 24"&gt;&lt;path d="M3 9l9-7l9 7v11a2 2 0 0 1-2 2H5a2 2 0 0 1-2-2V9z"/&gt;&lt;polyline points="9 22 9 12 15 12 15 22"/&gt;&lt;/svg&gt;\n
                                &lt;span&gt;Địa Điểm&lt;/span&gt;\n
                            &lt;/div&gt;\n
                                                            &lt;svg class="lucide w-5 h-5 mr-2" xmlns="http://www.w3.org/2000/svg" fill="none" stroke="currentColor" stroke-width="2" stroke-linecap="round" stroke-linejoin="round" viewBox="0 0 24 24"&gt;&lt;path d="M6 9l6 6l6-6"/&gt;&lt;/svg&gt;\n
                                                    &lt;/a&gt;\n
\n
                                                    &lt;ul class="submenu ml-4 mt-1 hidden space-y-1"&gt;\n
                                                                    &lt;li&gt;\n
                                        &lt;a class="flex items-center justify-between px-4 py-2 text-sm hover:bg-slate-700 rounded transition "\n
                                           href="http://localhost/list-city"&gt;\n
                                            &lt;div class="flex items-center gap-2"&gt;\n
                                                &lt;svg class="lucide w-5 h-5 mr-2" xmlns="http://www.w3.org/2000/svg" fill="none" stroke="currentColor" stroke-width="2" stroke-linecap="round" stroke-linejoin="round" viewBox="0 0 24 24"&gt;&lt;path d="M12 22a10 10 0 1 0-10-10a10.011 10.011 0 0 0 10 10z"/&gt;&lt;path d="M12.5 7h-1a1.5 1.5 0 0 0-1.5 1.5v6A1.5 1.5 0 0 0 11.5 16h1a1.5 1.5 0 0 0 .5-2.9V9.9A1.5 1.5 0 0 0 12.5 7z"/&gt;&lt;circle cx="12" cy="19" r=".5"/&gt;&lt;/svg&gt;\n
                                                &lt;span&gt;Tỉnh-Thành&lt;/span&gt;\n
                                            &lt;/div&gt;\n
                                                                                    &lt;/a&gt;\n
\n
                                                                            &lt;/li&gt;\n
                                                                    &lt;li&gt;\n
                                        &lt;a class="flex items-center justify-between px-4 py-2 text-sm hover:bg-slate-700 rounded transition "\n
                                           href="http://localhost/list-district"&gt;\n
                                            &lt;div class="flex items-center gap-2"&gt;\n
                                                &lt;svg class="lucide w-5 h-5 mr-2" xmlns="http://www.w3.org/2000/svg" fill="none" stroke="currentColor" stroke-width="2" stroke-linecap="round" stroke-linejoin="round" viewBox="0 0 24 24"&gt;&lt;path d="M12 22a10 10 0 1 0-10-10a10.011 10.011 0 0 0 10 10z"/&gt;&lt;path d="M12.5 7h-1a1.5 1.5 0 0 0-1.5 1.5v6A1.5 1.5 0 0 0 11.5 16h1a1.5 1.5 0 0 0 .5-2.9V9.9A1.5 1.5 0 0 0 12.5 7z"/&gt;&lt;circle cx="12" cy="19" r=".5"/&gt;&lt;/svg&gt;\n
                                                &lt;span&gt;Quận-Huyện&lt;/span&gt;\n
                                            &lt;/div&gt;\n
                                                                                    &lt;/a&gt;\n
\n
                                                                            &lt;/li&gt;\n
                                                                    &lt;li&gt;\n
                                        &lt;a class="flex items-center justify-between px-4 py-2 text-sm hover:bg-slate-700 rounded transition "\n
                                           href="http://localhost/list-commune"&gt;\n
                                            &lt;div class="flex items-center gap-2"&gt;\n
                                                &lt;svg class="lucide w-5 h-5 mr-2" xmlns="http://www.w3.org/2000/svg" fill="none" stroke="currentColor" stroke-width="2" stroke-linecap="round" stroke-linejoin="round" viewBox="0 0 24 24"&gt;&lt;path d="M12 22a10 10 0 1 0-10-10a10.011 10.011 0 0 0 10 10z"/&gt;&lt;path d="M12.5 7h-1a1.5 1.5 0 0 0-1.5 1.5v6A1.5 1.5 0 0 0 11.5 16h1a1.5 1.5 0 0 0 .5-2.9V9.9A1.5 1.5 0 0 0 12.5 7z"/&gt;&lt;circle cx="12" cy="19" r=".5"/&gt;&lt;/svg&gt;\n
                                                &lt;span&gt;Phường-Xã&lt;/span&gt;\n
                                            &lt;/div&gt;\n
                                                                                    &lt;/a&gt;\n
\n
                                                                            &lt;/li&gt;\n
                                                            &lt;/ul&gt;\n
                                            &lt;/li&gt;\n
                                                                &lt;li&gt;\n
                        &lt;a class="flex items-center justify-between px-4 py-3 hover:bg-slate-700 rounded transition toggle-submenu"\n
                           href="javascript:;"&gt;\n
                            &lt;div class="flex items-center gap-2"&gt;\n
                                &lt;svg class="lucide w-5 h-5 mr-2" xmlns="http://www.w3.org/2000/svg" fill="none" stroke="currentColor" stroke-width="2" stroke-linecap="round" stroke-linejoin="round" viewBox="0 0 24 24"&gt;&lt;path d="M16 21v-2a4 4 0 0 0-8 0v2"/&gt;&lt;circle cx="12" cy="7" r="4"/&gt;&lt;path d="M20.88 18.5A3.5 3.5 0 0 1 17.5 22H6.5a3.5 3.5 0 0 1-3.38-2.5"/&gt;&lt;/svg&gt;\n
                                &lt;span&gt;Loại Thiên Tai&lt;/span&gt;\n
                            &lt;/div&gt;\n
                                                            &lt;svg class="lucide w-5 h-5 mr-2" xmlns="http://www.w3.org/2000/svg" fill="none" stroke="currentColor" stroke-width="2" stroke-linecap="round" stroke-linejoin="round" viewBox="0 0 24 24"&gt;&lt;path d="M6 9l6 6l6-6"/&gt;&lt;/svg&gt;\n
                                                    &lt;/a&gt;\n
\n
                                                    &lt;ul class="submenu ml-4 mt-1 hidden space-y-1"&gt;\n
                                                                    &lt;li&gt;\n
                                        &lt;a class="flex items-center justify-between px-4 py-2 text-sm hover:bg-slate-700 rounded transition "\n
                                           href="http://localhost/list-type-of-calamity"&gt;\n
                                            &lt;div class="flex items-center gap-2"&gt;\n
                                                &lt;svg class="lucide w-5 h-5 mr-2" xmlns="http://www.w3.org/2000/svg" fill="none" stroke="currentColor" stroke-width="2" stroke-linecap="round" stroke-linejoin="round" viewBox="0 0 24 24"&gt;&lt;path d="M12 22a10 10 0 1 0-10-10a10.011 10.011 0 0 0 10 10z"/&gt;&lt;path d="M12.5 7h-1a1.5 1.5 0 0 0-1.5 1.5v6A1.5 1.5 0 0 0 11.5 16h1a1.5 1.5 0 0 0 .5-2.9V9.9A1.5 1.5 0 0 0 12.5 7z"/&gt;&lt;circle cx="12" cy="19" r=".5"/&gt;&lt;/svg&gt;\n
                                                &lt;span&gt;Loại Thiên Tai&lt;/span&gt;\n
                                            &lt;/div&gt;\n
                                                                                    &lt;/a&gt;\n
\n
                                                                            &lt;/li&gt;\n
                                                                    &lt;li&gt;\n
                                        &lt;a class="flex items-center justify-between px-4 py-2 text-sm hover:bg-slate-700 rounded transition "\n
                                           href="http://localhost/list-sub-type-of-calamity"&gt;\n
                                            &lt;div class="flex items-center gap-2"&gt;\n
                                                &lt;svg class="lucide w-5 h-5 mr-2" xmlns="http://www.w3.org/2000/svg" fill="none" stroke="currentColor" stroke-width="2" stroke-linecap="round" stroke-linejoin="round" viewBox="0 0 24 24"&gt;&lt;path d="M12 22a10 10 0 1 0-10-10a10.011 10.011 0 0 0 10 10z"/&gt;&lt;path d="M12.5 7h-1a1.5 1.5 0 0 0-1.5 1.5v6A1.5 1.5 0 0 0 11.5 16h1a1.5 1.5 0 0 0 .5-2.9V9.9A1.5 1.5 0 0 0 12.5 7z"/&gt;&lt;circle cx="12" cy="19" r=".5"/&gt;&lt;/svg&gt;\n
                                                &lt;span&gt;Loại Thiên Tai Phụ&lt;/span&gt;\n
                                            &lt;/div&gt;\n
                                                                                    &lt;/a&gt;\n
\n
                                                                            &lt;/li&gt;\n
                                                                    &lt;li&gt;\n
                                        &lt;a class="flex items-center justify-between px-4 py-2 text-sm hover:bg-slate-700 rounded transition "\n
                                           href="http://localhost/list-risk-level"&gt;\n
                                            &lt;div class="flex items-center gap-2"&gt;\n
                                                &lt;svg class="lucide w-5 h-5 mr-2" xmlns="http://www.w3.org/2000/svg" fill="none" stroke="currentColor" stroke-width="2" stroke-linecap="round" stroke-linejoin="round" viewBox="0 0 24 24"&gt;&lt;path d="M12 22a10 10 0 1 0-10-10a10.011 10.011 0 0 0 10 10z"/&gt;&lt;path d="M12.5 7h-1a1.5 1.5 0 0 0-1.5 1.5v6A1.5 1.5 0 0 0 11.5 16h1a1.5 1.5 0 0 0 .5-2.9V9.9A1.5 1.5 0 0 0 12.5 7z"/&gt;&lt;circle cx="12" cy="19" r=".5"/&gt;&lt;/svg&gt;\n
                                                &lt;span&gt;Cấp Độ Thiên Tai&lt;/span&gt;\n
                                            &lt;/div&gt;\n
                                                                                    &lt;/a&gt;\n
\n
                                                                            &lt;/li&gt;\n
                                                                    &lt;li&gt;\n
                                        &lt;a class="flex items-center justify-between px-4 py-2 text-sm hover:bg-slate-700 rounded transition "\n
                                           href="http://localhost/list-type-of-construction"&gt;\n
                                            &lt;div class="flex items-center gap-2"&gt;\n
                                                &lt;svg class="lucide w-5 h-5 mr-2" xmlns="http://www.w3.org/2000/svg" fill="none" stroke="currentColor" stroke-width="2" stroke-linecap="round" stroke-linejoin="round" viewBox="0 0 24 24"&gt;&lt;path d="M12 22a10 10 0 1 0-10-10a10.011 10.011 0 0 0 10 10z"/&gt;&lt;path d="M12.5 7h-1a1.5 1.5 0 0 0-1.5 1.5v6A1.5 1.5 0 0 0 11.5 16h1a1.5 1.5 0 0 0 .5-2.9V9.9A1.5 1.5 0 0 0 12.5 7z"/&gt;&lt;circle cx="12" cy="19" r=".5"/&gt;&lt;/svg&gt;\n
                                                &lt;span&gt;Loại Công Trình&lt;/span&gt;\n
                                            &lt;/div&gt;\n
                                                                                    &lt;/a&gt;\n
\n
                                                                            &lt;/li&gt;\n
                                                                    &lt;li&gt;\n
                                        &lt;a class="flex items-center justify-between px-4 py-2 text-sm hover:bg-slate-700 rounded transition "\n
                                           href="http://localhost/list-scenarios"&gt;\n
                                            &lt;div class="flex items-center gap-2"&gt;\n
                                                &lt;svg class="lucide w-5 h-5 mr-2" xmlns="http://www.w3.org/2000/svg" fill="none" stroke="currentColor" stroke-width="2" stroke-linecap="round" stroke-linejoin="round" viewBox="0 0 24 24"&gt;&lt;path d="M12 22a10 10 0 1 0-10-10a10.011 10.011 0 0 0 10 10z"/&gt;&lt;path d="M12.5 7h-1a1.5 1.5 0 0 0-1.5 1.5v6A1.5 1.5 0 0 0 11.5 16h1a1.5 1.5 0 0 0 .5-2.9V9.9A1.5 1.5 0 0 0 12.5 7z"/&gt;&lt;circle cx="12" cy="19" r=".5"/&gt;&lt;/svg&gt;\n
                                                &lt;span&gt;Phương Án Ứng Phó&lt;/span&gt;\n
                                            &lt;/div&gt;\n
                                                                                    &lt;/a&gt;\n
\n
                                                                            &lt;/li&gt;\n
                                                            &lt;/ul&gt;\n
                                            &lt;/li&gt;\n
                                                                &lt;li&gt;\n
                        &lt;a class="flex items-center justify-between px-4 py-3 hover:bg-slate-700 rounded transition toggle-submenu"\n
                           href="javascript:;"&gt;\n
                            &lt;div class="flex items-center gap-2"&gt;\n
                                &lt;svg class="lucide w-5 h-5 mr-2" xmlns="http://www.w3.org/2000/svg" fill="none" stroke="currentColor" stroke-width="2" stroke-linecap="round" stroke-linejoin="round" viewBox="0 0 24 24"&gt;&lt;path d="M16 21v-2a4 4 0 0 0-8 0v2"/&gt;&lt;circle cx="12" cy="7" r="4"/&gt;&lt;path d="M20.88 18.5A3.5 3.5 0 0 1 17.5 22H6.5a3.5 3.5 0 0 1-3.38-2.5"/&gt;&lt;/svg&gt;\n
                                &lt;span&gt;Dữ Liệu Thiên Tai&lt;/span&gt;\n
                            &lt;/div&gt;\n
                                                            &lt;svg class="lucide w-5 h-5 mr-2" xmlns="http://www.w3.org/2000/svg" fill="none" stroke="currentColor" stroke-width="2" stroke-linecap="round" stroke-linejoin="round" viewBox="0 0 24 24"&gt;&lt;path d="M6 9l6 6l6-6"/&gt;&lt;/svg&gt;\n
                                                    &lt;/a&gt;\n
\n
                                                    &lt;ul class="submenu ml-4 mt-1 hidden space-y-1"&gt;\n
                                                                    &lt;li&gt;\n
                                        &lt;a class="flex items-center justify-between px-4 py-2 text-sm hover:bg-slate-700 rounded transition "\n
                                           href="http://localhost/calamity/list-river-bank"&gt;\n
                                            &lt;div class="flex items-center gap-2"&gt;\n
                                                &lt;svg class="lucide w-5 h-5 mr-2" xmlns="http://www.w3.org/2000/svg" fill="none" stroke="currentColor" stroke-width="2" stroke-linecap="round" stroke-linejoin="round" viewBox="0 0 24 24"&gt;&lt;path d="M12 22a10 10 0 1 0-10-10a10.011 10.011 0 0 0 10 10z"/&gt;&lt;path d="M12.5 7h-1a1.5 1.5 0 0 0-1.5 1.5v6A1.5 1.5 0 0 0 11.5 16h1a1.5 1.5 0 0 0 .5-2.9V9.9A1.5 1.5 0 0 0 12.5 7z"/&gt;&lt;circle cx="12" cy="19" r=".5"/&gt;&lt;/svg&gt;\n
                                                &lt;span&gt;Sạt Lở&lt;/span&gt;\n
                                            &lt;/div&gt;\n
                                                                                    &lt;/a&gt;\n
\n
                                                                            &lt;/li&gt;\n
                                                                    &lt;li&gt;\n
                                        &lt;a class="flex items-center justify-between px-4 py-2 text-sm hover:bg-slate-700 rounded transition "\n
                                           href="http://localhost/calamity/list-flooding"&gt;\n
                                            &lt;div class="flex items-center gap-2"&gt;\n
                                                &lt;svg class="lucide w-5 h-5 mr-2" xmlns="http://www.w3.org/2000/svg" fill="none" stroke="currentColor" stroke-width="2" stroke-linecap="round" stroke-linejoin="round" viewBox="0 0 24 24"&gt;&lt;path d="M12 22a10 10 0 1 0-10-10a10.011 10.011 0 0 0 10 10z"/&gt;&lt;path d="M12.5 7h-1a1.5 1.5 0 0 0-1.5 1.5v6A1.5 1.5 0 0 0 11.5 16h1a1.5 1.5 0 0 0 .5-2.9V9.9A1.5 1.5 0 0 0 12.5 7z"/&gt;&lt;circle cx="12" cy="19" r=".5"/&gt;&lt;/svg&gt;\n
                                                &lt;span&gt;Ngập Lụt&lt;/span&gt;\n
                                            &lt;/div&gt;\n
                                                                                    &lt;/a&gt;\n
\n
                                                                            &lt;/li&gt;\n
                                                                    &lt;li&gt;\n
                                        &lt;a class="flex items-center justify-between px-4 py-2 text-sm hover:bg-slate-700 rounded transition "\n
                                           href="http://localhost/calamity/list-storm"&gt;\n
                                            &lt;div class="flex items-center gap-2"&gt;\n
                                                &lt;svg class="lucide w-5 h-5 mr-2" xmlns="http://www.w3.org/2000/svg" fill="none" stroke="currentColor" stroke-width="2" stroke-linecap="round" stroke-linejoin="round" viewBox="0 0 24 24"&gt;&lt;path d="M12 22a10 10 0 1 0-10-10a10.011 10.011 0 0 0 10 10z"/&gt;&lt;path d="M12.5 7h-1a1.5 1.5 0 0 0-1.5 1.5v6A1.5 1.5 0 0 0 11.5 16h1a1.5 1.5 0 0 0 .5-2.9V9.9A1.5 1.5 0 0 0 12.5 7z"/&gt;&lt;circle cx="12" cy="19" r=".5"/&gt;&lt;/svg&gt;\n
                                                &lt;span&gt;Bão và ATNĐ&lt;/span&gt;\n
                                            &lt;/div&gt;\n
                                                                                    &lt;/a&gt;\n
\n
                                                                            &lt;/li&gt;\n
                                                            &lt;/ul&gt;\n
                                            &lt;/li&gt;\n
                                                                &lt;li&gt;\n
                        &lt;a class="flex items-center justify-between px-4 py-3 hover:bg-slate-700 rounded transition toggle-submenu"\n
                           href="javascript:;"&gt;\n
                            &lt;div class="flex items-center gap-2"&gt;\n
                                &lt;svg xmlns="http://www.w3.org/2000/svg" width="24" height="24" viewBox="0 0 24 24" fill="none" stroke="currentColor" stroke-width="2" stroke-linecap="round" stroke-linejoin="round" class="lucide lucide-construction-icon lucide-construction"&gt;&lt;rect x="2" y="6" width="20" height="8" rx="1"/&gt;&lt;path d="M17 14v7"/&gt;&lt;path d="M7 14v7"/&gt;&lt;path d="M17 3v3"/&gt;&lt;path d="M7 3v3"/&gt;&lt;path d="M10 14 2.3 6.3"/&gt;&lt;path d="m14 6 7.7 7.7"/&gt;&lt;path d="m8 6 8 8"/&gt;&lt;/svg&gt;\n
                                &lt;span&gt;Công Trình PCTT&lt;/span&gt;\n
                            &lt;/div&gt;\n
                                                            &lt;svg class="lucide w-5 h-5 mr-2" xmlns="http://www.w3.org/2000/svg" fill="none" stroke="currentColor" stroke-width="2" stroke-linecap="round" stroke-linejoin="round" viewBox="0 0 24 24"&gt;&lt;path d="M6 9l6 6l6-6"/&gt;&lt;/svg&gt;\n
                                                    &lt;/a&gt;\n
\n
                                                    &lt;ul class="submenu ml-4 mt-1 hidden space-y-1"&gt;\n
                                                                    &lt;li&gt;\n
                                        &lt;a class="flex items-center justify-between px-4 py-2 text-sm hover:bg-slate-700 rounded transition "\n
                                           href="http://localhost/construction/list-river-bank"&gt;\n
                                            &lt;div class="flex items-center gap-2"&gt;\n
                                                &lt;svg class="lucide w-5 h-5 mr-2" xmlns="http://www.w3.org/2000/svg" fill="none" stroke="currentColor" stroke-width="2" stroke-linecap="round" stroke-linejoin="round" viewBox="0 0 24 24"&gt;&lt;path d="M12 22a10 10 0 1 0-10-10a10.011 10.011 0 0 0 10 10z"/&gt;&lt;path d="M12.5 7h-1a1.5 1.5 0 0 0-1.5 1.5v6A1.5 1.5 0 0 0 11.5 16h1a1.5 1.5 0 0 0 .5-2.9V9.9A1.5 1.5 0 0 0 12.5 7z"/&gt;&lt;circle cx="12" cy="19" r=".5"/&gt;&lt;/svg&gt;\n
                                                &lt;span&gt;Sạt Lở&lt;/span&gt;\n
                                            &lt;/div&gt;\n
                                                                                    &lt;/a&gt;\n
\n
                                                                            &lt;/li&gt;\n
                                                                    &lt;li&gt;\n
                                        &lt;a class="flex items-center justify-between px-4 py-2 text-sm hover:bg-slate-700 rounded transition "\n
                                           href="http://localhost/construction/list-flooding"&gt;\n
                                            &lt;div class="flex items-center gap-2"&gt;\n
                                                &lt;svg class="lucide w-5 h-5 mr-2" xmlns="http://www.w3.org/2000/svg" fill="none" stroke="currentColor" stroke-width="2" stroke-linecap="round" stroke-linejoin="round" viewBox="0 0 24 24"&gt;&lt;path d="M12 22a10 10 0 1 0-10-10a10.011 10.011 0 0 0 10 10z"/&gt;&lt;path d="M12.5 7h-1a1.5 1.5 0 0 0-1.5 1.5v6A1.5 1.5 0 0 0 11.5 16h1a1.5 1.5 0 0 0 .5-2.9V9.9A1.5 1.5 0 0 0 12.5 7z"/&gt;&lt;circle cx="12" cy="19" r=".5"/&gt;&lt;/svg&gt;\n
                                                &lt;span&gt;Ngập Lụt&lt;/span&gt;\n
                                            &lt;/div&gt;\n
                                                                                    &lt;/a&gt;\n
\n
                                                                            &lt;/li&gt;\n
                                                                    &lt;li&gt;\n
                                        &lt;a class="flex items-center justify-between px-4 py-2 text-sm hover:bg-slate-700 rounded transition "\n
                                           href="http://localhost/construction/list-storm"&gt;\n
                                            &lt;div class="flex items-center gap-2"&gt;\n
                                                &lt;svg class="lucide w-5 h-5 mr-2" xmlns="http://www.w3.org/2000/svg" fill="none" stroke="currentColor" stroke-width="2" stroke-linecap="round" stroke-linejoin="round" viewBox="0 0 24 24"&gt;&lt;path d="M12 22a10 10 0 1 0-10-10a10.011 10.011 0 0 0 10 10z"/&gt;&lt;path d="M12.5 7h-1a1.5 1.5 0 0 0-1.5 1.5v6A1.5 1.5 0 0 0 11.5 16h1a1.5 1.5 0 0 0 .5-2.9V9.9A1.5 1.5 0 0 0 12.5 7z"/&gt;&lt;circle cx="12" cy="19" r=".5"/&gt;&lt;/svg&gt;\n
                                                &lt;span&gt;Bão và ATNĐ&lt;/span&gt;\n
                                            &lt;/div&gt;\n
                                                                                    &lt;/a&gt;\n
\n
                                                                            &lt;/li&gt;\n
                                                            &lt;/ul&gt;\n
                                            &lt;/li&gt;\n
                                                                &lt;li&gt;\n
                        &lt;a class="flex items-center justify-between px-4 py-3 hover:bg-slate-700 rounded transition toggle-submenu"\n
                           href="javascript:;"&gt;\n
                            &lt;div class="flex items-center gap-2"&gt;\n
                                &lt;svg class="lucide w-5 h-5 mr-2" xmlns="http://www.w3.org/2000/svg" fill="none" stroke="currentColor" stroke-width="2" stroke-linecap="round" stroke-linejoin="round" viewBox="0 0 24 24"&gt;&lt;path d="M16 21v-2a4 4 0 0 0-8 0v2"/&gt;&lt;circle cx="12" cy="7" r="4"/&gt;&lt;path d="M20.88 18.5A3.5 3.5 0 0 1 17.5 22H6.5a3.5 3.5 0 0 1-3.38-2.5"/&gt;&lt;/svg&gt;\n
                                &lt;span&gt;Địa danh hành chính&lt;/span&gt;\n
                            &lt;/div&gt;\n
                                                            &lt;svg class="lucide w-5 h-5 mr-2" xmlns="http://www.w3.org/2000/svg" fill="none" stroke="currentColor" stroke-width="2" stroke-linecap="round" stroke-linejoin="round" viewBox="0 0 24 24"&gt;&lt;path d="M6 9l6 6l6-6"/&gt;&lt;/svg&gt;\n
                                                    &lt;/a&gt;\n
\n
                                                    &lt;ul class="submenu ml-4 mt-1 hidden space-y-1"&gt;\n
                                                                    &lt;li&gt;\n
                                        &lt;a class="flex items-center justify-between px-4 py-2 text-sm hover:bg-slate-700 rounded transition "\n
                                           href="http://localhost/administrative/list-school"&gt;\n
                                            &lt;div class="flex items-center gap-2"&gt;\n
                                                &lt;svg xmlns="http://www.w3.org/2000/svg" width="24" height="24" viewBox="0 0 24 24" fill="none" stroke="currentColor" stroke-width="2" stroke-linecap="round" stroke-linejoin="round" class="lucide lucide-school-icon lucide-school"&gt;&lt;path d="M14 22v-4a2 2 0 1 0-4 0v4"/&gt;&lt;path d="m18 10 3.447 1.724a1 1 0 0 1 .553.894V20a2 2 0 0 1-2 2H4a2 2 0 0 1-2-2v-7.382a1 1 0 0 1 .553-.894L6 10"/&gt;&lt;path d="M18 5v17"/&gt;&lt;path d="m4 6 7.106-3.553a2 2 0 0 1 1.788 0L20 6"/&gt;&lt;path d="M6 5v17"/&gt;&lt;circle cx="12" cy="9" r="2"/&gt;&lt;/svg&gt;\n
                                                &lt;span&gt;Trường Học&lt;/span&gt;\n
                                            &lt;/div&gt;\n
                                                                                    &lt;/a&gt;\n
\n
                                                                            &lt;/li&gt;\n
                                                                    &lt;li&gt;\n
                                        &lt;a class="flex items-center justify-between px-4 py-2 text-sm hover:bg-slate-700 rounded transition "\n
                                           href="http://localhost/administrative/list-medical"&gt;\n
                                            &lt;div class="flex items-center gap-2"&gt;\n
                                                &lt;svg xmlns="http://www.w3.org/2000/svg" width="24" height="24" viewBox="0 0 24 24" fill="none" stroke="currentColor" stroke-width="2" stroke-linecap="round" stroke-linejoin="round" class="lucide lucide-hospital-icon lucide-hospital"&gt;&lt;path d="M12 6v4"/&gt;&lt;path d="M14 14h-4"/&gt;&lt;path d="M14 18h-4"/&gt;&lt;path d="M14 8h-4"/&gt;&lt;path d="M18 12h2a2 2 0 0 1 2 2v6a2 2 0 0 1-2 2H4a2 2 0 0 1-2-2v-9a2 2 0 0 1 2-2h2"/&gt;&lt;path d="M18 22V4a2 2 0 0 0-2-2H8a2 2 0 0 0-2 2v18"/&gt;&lt;/svg&gt;\n
                                                &lt;span&gt;Địa Điểm Y Tế&lt;/span&gt;\n
                                            &lt;/div&gt;\n
                                                                                    &lt;/a&gt;\n
\n
                                                                            &lt;/li&gt;\n
                                                                    &lt;li&gt;\n
                                        &lt;a class="flex items-center justify-between px-4 py-2 text-sm hover:bg-slate-700 rounded transition "\n
                                           href="http://localhost/administrative/list-center"&gt;\n
                                            &lt;div class="flex items-center gap-2"&gt;\n
                                                &lt;svg xmlns="http://www.w3.org/2000/svg" width="24" height="24" viewBox="0 0 24 24" fill="none" stroke="currentColor" stroke-width="2" stroke-linecap="round" stroke-linejoin="round" class="lucide lucide-university-icon lucide-university"&gt;&lt;path d="M14 21v-3a2 2 0 0 0-4 0v3"/&gt;&lt;path d="M18 12h.01"/&gt;&lt;path d="M18 16h.01"/&gt;&lt;path d="M22 7a1 1 0 0 0-1-1h-2a2 2 0 0 1-1.143-.359L13.143 2.36a2 2 0 0 0-2.286-.001L6.143 5.64A2 2 0 0 1 5 6H3a1 1 0 0 0-1 1v12a2 2 0 0 0 2 2h16a2 2 0 0 0 2-2z"/&gt;&lt;path d="M6 12h.01"/&gt;&lt;path d="M6 16h.01"/&gt;&lt;circle cx="12" cy="10" r="2"/&gt;&lt;/svg&gt;\n
                                                &lt;span&gt;TTHC và Khác&lt;/span&gt;\n
                                            &lt;/div&gt;\n
                                                                                    &lt;/a&gt;\n
\n
                                                                            &lt;/li&gt;\n
                                                            &lt;/ul&gt;\n
                                            &lt;/li&gt;\n
                                                                &lt;li&gt;\n
                        &lt;a class="flex items-center justify-between px-4 py-3 hover:bg-slate-700 rounded transition toggle-submenu"\n
                           href="javascript:;"&gt;\n
                            &lt;div class="flex items-center gap-2"&gt;\n
                                &lt;svg class="lucide w-5 h-5 mr-2" xmlns="http://www.w3.org/2000/svg" fill="none" stroke="currentColor" stroke-width="2" stroke-linecap="round" stroke-linejoin="round" viewBox="0 0 24 24"&gt;&lt;path d="M16 21v-2a4 4 0 0 0-8 0v2"/&gt;&lt;circle cx="12" cy="7" r="4"/&gt;&lt;path d="M20.88 18.5A3.5 3.5 0 0 1 17.5 22H6.5a3.5 3.5 0 0 1-3.38-2.5"/&gt;&lt;/svg&gt;\n
                                &lt;span&gt;Dữ Liệu Khác&lt;/span&gt;\n
                            &lt;/div&gt;\n
                                                            &lt;svg class="lucide w-5 h-5 mr-2" xmlns="http://www.w3.org/2000/svg" fill="none" stroke="currentColor" stroke-width="2" stroke-linecap="round" stroke-linejoin="round" viewBox="0 0 24 24"&gt;&lt;path d="M6 9l6 6l6-6"/&gt;&lt;/svg&gt;\n
                                                    &lt;/a&gt;\n
\n
                                                    &lt;ul class="submenu ml-4 mt-1 hidden space-y-1"&gt;\n
                                                                    &lt;li&gt;\n
                                        &lt;a class="flex items-center justify-between px-4 py-2 text-sm hover:bg-slate-700 rounded transition "\n
                                           href="http://localhost/geographical/list-erosion"&gt;\n
                                            &lt;div class="flex items-center gap-2"&gt;\n
                                                &lt;svg class="lucide w-5 h-5 mr-2" xmlns="http://www.w3.org/2000/svg" fill="none" stroke="currentColor" stroke-width="2" stroke-linecap="round" stroke-linejoin="round" viewBox="0 0 24 24"&gt;&lt;path d="M12 22a10 10 0 1 0-10-10a10.011 10.011 0 0 0 10 10z"/&gt;&lt;path d="M12.5 7h-1a1.5 1.5 0 0 0-1.5 1.5v6A1.5 1.5 0 0 0 11.5 16h1a1.5 1.5 0 0 0 .5-2.9V9.9A1.5 1.5 0 0 0 12.5 7z"/&gt;&lt;circle cx="12" cy="19" r=".5"/&gt;&lt;/svg&gt;\n
                                                &lt;span&gt;Khu vực xói, bồi&lt;/span&gt;\n
                                            &lt;/div&gt;\n
                                                                                    &lt;/a&gt;\n
\n
                                                                            &lt;/li&gt;\n
                                                                    &lt;li&gt;\n
                                        &lt;a class="flex items-center justify-between px-4 py-2 text-sm hover:bg-slate-700 rounded transition "\n
                                           href="http://localhost/geographical/list-shoreline"&gt;\n
                                            &lt;div class="flex items-center gap-2"&gt;\n
                                                &lt;svg class="lucide w-5 h-5 mr-2" xmlns="http://www.w3.org/2000/svg" fill="none" stroke="currentColor" stroke-width="2" stroke-linecap="round" stroke-linejoin="round" viewBox="0 0 24 24"&gt;&lt;path d="M12 22a10 10 0 1 0-10-10a10.011 10.011 0 0 0 10 10z"/&gt;&lt;path d="M12.5 7h-1a1.5 1.5 0 0 0-1.5 1.5v6A1.5 1.5 0 0 0 11.5 16h1a1.5 1.5 0 0 0 .5-2.9V9.9A1.5 1.5 0 0 0 12.5 7z"/&gt;&lt;circle cx="12" cy="19" r=".5"/&gt;&lt;/svg&gt;\n
                                                &lt;span&gt;Lịch sử đường bờ&lt;/span&gt;\n
                                            &lt;/div&gt;\n
                                                                                    &lt;/a&gt;\n
\n
                                                                            &lt;/li&gt;\n
                                                                    &lt;li&gt;\n
                                        &lt;a class="flex items-center justify-between px-4 py-2 text-sm hover:bg-slate-700 rounded transition "\n
                                           href="http://localhost/geographical/list-cross-section"&gt;\n
                                            &lt;div class="flex items-center gap-2"&gt;\n
                                                &lt;svg class="lucide w-5 h-5 mr-2" xmlns="http://www.w3.org/2000/svg" fill="none" stroke="currentColor" stroke-width="2" stroke-linecap="round" stroke-linejoin="round" viewBox="0 0 24 24"&gt;&lt;path d="M12 22a10 10 0 1 0-10-10a10.011 10.011 0 0 0 10 10z"/&gt;&lt;path d="M12.5 7h-1a1.5 1.5 0 0 0-1.5 1.5v6A1.5 1.5 0 0 0 11.5 16h1a1.5 1.5 0 0 0 .5-2.9V9.9A1.5 1.5 0 0 0 12.5 7z"/&gt;&lt;circle cx="12" cy="19" r=".5"/&gt;&lt;/svg&gt;\n
                                                &lt;span&gt;Mặt cắt ngang&lt;/span&gt;\n
                                            &lt;/div&gt;\n
                                                                                    &lt;/a&gt;\n
\n
                                                                            &lt;/li&gt;\n
                                                                    &lt;li&gt;\n
                                        &lt;a class="flex items-center justify-between px-4 py-2 text-sm hover:bg-slate-700 rounded transition "\n
                                           href="http://localhost/geographical/list-monitoring"&gt;\n
                                            &lt;div class="flex items-center gap-2"&gt;\n
                                                &lt;svg class="lucide w-5 h-5 mr-2" xmlns="http://www.w3.org/2000/svg" fill="none" stroke="currentColor" stroke-width="2" stroke-linecap="round" stroke-linejoin="round" viewBox="0 0 24 24"&gt;&lt;path d="M12 22a10 10 0 1 0-10-10a10.011 10.011 0 0 0 10 10z"/&gt;&lt;path d="M12.5 7h-1a1.5 1.5 0 0 0-1.5 1.5v6A1.5 1.5 0 0 0 11.5 16h1a1.5 1.5 0 0 0 .5-2.9V9.9A1.5 1.5 0 0 0 12.5 7z"/&gt;&lt;circle cx="12" cy="19" r=".5"/&gt;&lt;/svg&gt;\n
                                                &lt;span&gt;Mốc quan trắc&lt;/span&gt;\n
                                            &lt;/div&gt;\n
                                                                                    &lt;/a&gt;\n
\n
                                                                            &lt;/li&gt;\n
                                                            &lt;/ul&gt;\n
                                            &lt;/li&gt;\n
                                                                &lt;li&gt;\n
                        &lt;a class="flex items-center justify-between px-4 py-3 hover:bg-slate-700 rounded transition "\n
                           href="http://localhost/map"&gt;\n
                            &lt;div class="flex items-center gap-2"&gt;\n
                                &lt;svg xmlns="http://www.w3.org/2000/svg" width="24" height="24" viewBox="0 0 24 24" fill="none" stroke="currentColor" stroke-width="2" stroke-linecap="round" stroke-linejoin="round" class="lucide lucide-map-icon lucide-map"&gt;&lt;path d="M14.106 5.553a2 2 0 0 0 1.788 0l3.659-1.83A1 1 0 0 1 21 4.619v12.764a1 1 0 0 1-.553.894l-4.553 2.277a2 2 0 0 1-1.788 0l-4.212-2.106a2 2 0 0 0-1.788 0l-3.659 1.83A1 1 0 0 1 3 19.381V6.618a1 1 0 0 1 .553-.894l4.553-2.277a2 2 0 0 1 1.788 0z"/&gt;&lt;path d="M15 5.764v15"/&gt;&lt;path d="M9 3.236v15"/&gt;&lt;/svg&gt;\n
                                &lt;span&gt;Bản Đồ&lt;/span&gt;\n
                            &lt;/div&gt;\n
                                                    &lt;/a&gt;\n
\n
                                            &lt;/li&gt;\n
                                                                &lt;li&gt;\n
                        &lt;a class="flex items-center justify-between px-4 py-3 hover:bg-slate-700 rounded transition "\n
                           href="http://localhost/chat"&gt;\n
                            &lt;div class="flex items-center gap-2"&gt;\n
                                &lt;svg xmlns="http://www.w3.org/2000/svg" width="24" height="24" viewBox="0 0 24 24" fill="none" stroke="currentColor" stroke-width="2" stroke-linecap="round" stroke-linejoin="round" class="lucide lucide-message-circle-icon lucide-message-circle"&gt;&lt;path d="M7.9 20A9 9 0 1 0 4 16.1L2 22Z"/&gt;&lt;/svg&gt;\n
                                &lt;span&gt;Tham gia cộng đồng&lt;/span&gt;\n
                            &lt;/div&gt;\n
                                                    &lt;/a&gt;\n
\n
                                            &lt;/li&gt;\n
                                                                &lt;li&gt;\n
                        &lt;a class="flex items-center justify-between px-4 py-3 hover:bg-slate-700 rounded transition "\n
                           href="http://localhost/incident-report"&gt;\n
                            &lt;div class="flex items-center gap-2"&gt;\n
                                &lt;svg xmlns="http://www.w3.org/2000/svg" width="24" height="24" viewBox="0 0 24 24" fill="none" stroke="currentColor" stroke-width="2" stroke-linecap="round" stroke-linejoin="round" class="lucide lucide-message-square-warning-icon lucide-message-square-warning"&gt;&lt;path d="M21 15a2 2 0 0 1-2 2H7l-4 4V5a2 2 0 0 1 2-2h14a2 2 0 0 1 2 2z"/&gt;&lt;path d="M12 7v2"/&gt;&lt;path d="M12 13h.01"/&gt;&lt;/svg&gt;\n
                                &lt;span&gt;Báo cáo sự cố&lt;/span&gt;\n
                            &lt;/div&gt;\n
                                                    &lt;/a&gt;\n
\n
                                            &lt;/li&gt;\n
                                        &lt;/ul&gt;\n
&lt;/div&gt;\n
\n
&lt;div class="flex h-[10px] items-center px-3 sm:px-8 md:hidden" &gt;\n
    &lt;a class="mr-auto flex" href="http://localhost"&gt;\n
        &lt;img class="w-6" src="http://[::1]:5173/resources/images/logo.svg" alt="Logo" /&gt;\n
    &lt;/a&gt;\n
    &lt;a class="mobile-menu-toggler text-white" href="#" onclick="document.querySelector('.mobile-menu')?.classList.remove('hidden')"&gt;\n
        &lt;svg xmlns="http://www.w3.org/2000/svg" width="24" height="24" viewBox="0 0 24 24" fill="none" stroke="currentColor" stroke-width="2" stroke-linecap="round" stroke-linejoin="round" class="lucide lucide-square-menu-icon lucide-square-menu"&gt;&lt;rect width="18" height="18" x="3" y="3" rx="2"/&gt;&lt;path d="M7 8h10"/&gt;&lt;path d="M7 12h10"/&gt;&lt;path d="M7 16h10"/&gt;&lt;/svg&gt;\n
    &lt;/a&gt;\n
&lt;/div&gt;\n
\n
\n
\n
        &lt;div class="mt-7 flex md:mt-0"&gt;\n
            &lt;nav class=" hidden w-[80px] overflow-x-hidden pb-16 pr-5 md:block xl:w-[230px]"&gt;\n
                &lt;a class="intro-x flex items-center pl-5 pt-4" href="/"&gt;\n
                    &lt;span class=" lg:text-2xl xl:text-3xl  font-bold uppercase text-transparent bg-clip-text bg-gradient-to-r from-sky-400 to-emerald-600"&gt;Quản lý thiên tai&lt;/span&gt;\n
                &lt;/a&gt;\n
                &lt;div class=" my-3"&gt;&lt;/div&gt;\n
                &lt;ul &gt;\n
                                                                                            &lt;li&gt;\n
                                &lt;a class="flex items-center justify-between px-4 py-3 hover:bg-white hover:text-black text-white transition rounded cursor-pointer "\n
                                    href="http://localhost"&gt;\n
                                    \n
                                    &lt;div class="flex items-center gap-2" title="Tổng Quan"&gt;\n
                                        &lt;div title="Tổng Quan"&gt;&lt;svg class="lucide w-5 h-5 mr-2" xmlns="http://www.w3.org/2000/svg" fill="none" stroke="currentColor" stroke-width="2" stroke-linecap="round" stroke-linejoin="round" viewBox="0 0 24 24"&gt;&lt;path d="M12 22a10 10 0 1 0-10-10a10.011 10.011 0 0 0 10 10z"/&gt;&lt;path d="M12.5 7h-1a1.5 1.5 0 0 0-1.5 1.5v6A1.5 1.5 0 0 0 11.5 16h1a1.5 1.5 0 0 0 .5-2.9V9.9A1.5 1.5 0 0 0 12.5 7z"/&gt;&lt;circle cx="12" cy="19" r=".5"/&gt;&lt;/svg&gt;&lt;/div&gt;\n
                                        &lt;span class="hidden xl:inline" &gt;Tổng Quan&lt;/span&gt;\n
                                    &lt;/div&gt;\n
\n
                                                                    &lt;/a&gt;\n
                                                            &lt;/li&gt;\n
                                                                                                &lt;li&gt;\n
                                &lt;a class="flex items-center justify-between px-4 py-3 hover:bg-white hover:text-black text-white transition rounded cursor-pointer "\n
                                    href="http://localhost/list-user"&gt;\n
                                    \n
                                    &lt;div class="flex items-center gap-2" title="Người Dùng"&gt;\n
                                        &lt;div title="Người Dùng"&gt;&lt;svg xmlns="http://www.w3.org/2000/svg" width="24" height="24" viewBox="0 0 24 24" fill="none" stroke="currentColor" stroke-width="2" stroke-linecap="round" stroke-linejoin="round" class="lucide lucide-users-round-icon lucide-users-round"&gt;&lt;path d="M18 21a8 8 0 0 0-16 0"/&gt;&lt;circle cx="10" cy="8" r="5"/&gt;&lt;path d="M22 20c0-3.37-2-6.5-4-8a5 5 0 0 0-.45-8.3"/&gt;&lt;/svg&gt;&lt;/div&gt;\n
                                        &lt;span class="hidden xl:inline" &gt;Người Dùng&lt;/span&gt;\n
                                    &lt;/div&gt;\n
\n
                                                                    &lt;/a&gt;\n
                                                            &lt;/li&gt;\n
                                                                                                &lt;li&gt;\n
                                &lt;a class="flex items-center justify-between px-4 py-3 hover:bg-white hover:text-black text-white transition rounded cursor-pointer toggle-submenu"\n
                                    href="javascript:;"&gt;\n
                                    \n
                                    &lt;div class="flex items-center gap-2" title="Địa Điểm"&gt;\n
                                        &lt;div title="Địa Điểm"&gt;&lt;svg class="lucide w-5 h-5 mr-2" xmlns="http://www.w3.org/2000/svg" fill="none" stroke="currentColor" stroke-width="2" stroke-linecap="round" stroke-linejoin="round" viewBox="0 0 24 24"&gt;&lt;path d="M3 9l9-7l9 7v11a2 2 0 0 1-2 2H5a2 2 0 0 1-2-2V9z"/&gt;&lt;polyline points="9 22 9 12 15 12 15 22"/&gt;&lt;/svg&gt;&lt;/div&gt;\n
                                        &lt;span class="hidden xl:inline" &gt;Địa Điểm&lt;/span&gt;\n
                                    &lt;/div&gt;\n
\n
                                                                            &lt;span class="hidden xl:inline"&gt;&lt;svg class="lucide w-5 h-5 mr-2" xmlns="http://www.w3.org/2000/svg" fill="none" stroke="currentColor" stroke-width="2" stroke-linecap="round" stroke-linejoin="round" viewBox="0 0 24 24"&gt;&lt;path d="M6 9l6 6l6-6"/&gt;&lt;/svg&gt;&lt;/span&gt;\n
                                                                    &lt;/a&gt;\n
                                                                    &lt;ul class="submenu ml-6 mt-1 hidden"&gt;\n
                                                                                    &lt;li  class="group relative"&gt;\n
                                                &lt;a class="flex items-center justify-between px-4 py-2 text-sm text-slate-300 hover:text-white hover:bg-slate-700 rounded transition "\n
                                                    href="http://localhost/list-city"&gt;\n
                                                   &lt;div class="flex items-center gap-2"&gt;\n
                                                        &lt;svg class="lucide w-5 h-5 mr-2" xmlns="http://www.w3.org/2000/svg" fill="none" stroke="currentColor" stroke-width="2" stroke-linecap="round" stroke-linejoin="round" viewBox="0 0 24 24"&gt;&lt;path d="M12 22a10 10 0 1 0-10-10a10.011 10.011 0 0 0 10 10z"/&gt;&lt;path d="M12.5 7h-1a1.5 1.5 0 0 0-1.5 1.5v6A1.5 1.5 0 0 0 11.5 16h1a1.5 1.5 0 0 0 .5-2.9V9.9A1.5 1.5 0 0 0 12.5 7z"/&gt;&lt;circle cx="12" cy="19" r=".5"/&gt;&lt;/svg&gt;\n
                                                        &lt;span class="hidden xl:inline"&gt;Tỉnh-Thành&lt;/span&gt;\n
                                                    &lt;/div&gt;\n
                                                                                                    &lt;/a&gt;\n
                                                                                            &lt;/li&gt;\n
                                                                                    &lt;li  class="group relative"&gt;\n
                                                &lt;a class="flex items-center justify-between px-4 py-2 text-sm text-slate-300 hover:text-white hover:bg-slate-700 rounded transition "\n
                                                    href="http://localhost/list-district"&gt;\n
                                                   &lt;div class="flex items-center gap-2"&gt;\n
                                                        &lt;svg class="lucide w-5 h-5 mr-2" xmlns="http://www.w3.org/2000/svg" fill="none" stroke="currentColor" stroke-width="2" stroke-linecap="round" stroke-linejoin="round" viewBox="0 0 24 24"&gt;&lt;path d="M12 22a10 10 0 1 0-10-10a10.011 10.011 0 0 0 10 10z"/&gt;&lt;path d="M12.5 7h-1a1.5 1.5 0 0 0-1.5 1.5v6A1.5 1.5 0 0 0 11.5 16h1a1.5 1.5 0 0 0 .5-2.9V9.9A1.5 1.5 0 0 0 12.5 7z"/&gt;&lt;circle cx="12" cy="19" r=".5"/&gt;&lt;/svg&gt;\n
                                                        &lt;span class="hidden xl:inline"&gt;Quận-Huyện&lt;/span&gt;\n
                                                    &lt;/div&gt;\n
                                                                                                    &lt;/a&gt;\n
                                                                                            &lt;/li&gt;\n
                                                                                    &lt;li  class="group relative"&gt;\n
                                                &lt;a class="flex items-center justify-between px-4 py-2 text-sm text-slate-300 hover:text-white hover:bg-slate-700 rounded transition "\n
                                                    href="http://localhost/list-commune"&gt;\n
                                                   &lt;div class="flex items-center gap-2"&gt;\n
                                                        &lt;svg class="lucide w-5 h-5 mr-2" xmlns="http://www.w3.org/2000/svg" fill="none" stroke="currentColor" stroke-width="2" stroke-linecap="round" stroke-linejoin="round" viewBox="0 0 24 24"&gt;&lt;path d="M12 22a10 10 0 1 0-10-10a10.011 10.011 0 0 0 10 10z"/&gt;&lt;path d="M12.5 7h-1a1.5 1.5 0 0 0-1.5 1.5v6A1.5 1.5 0 0 0 11.5 16h1a1.5 1.5 0 0 0 .5-2.9V9.9A1.5 1.5 0 0 0 12.5 7z"/&gt;&lt;circle cx="12" cy="19" r=".5"/&gt;&lt;/svg&gt;\n
                                                        &lt;span class="hidden xl:inline"&gt;Phường-Xã&lt;/span&gt;\n
                                                    &lt;/div&gt;\n
                                                                                                    &lt;/a&gt;\n
                                                                                            &lt;/li&gt;\n
                                                                            &lt;/ul&gt;\n
                                                            &lt;/li&gt;\n
                                                                                                &lt;li&gt;\n
                                &lt;a class="flex items-center justify-between px-4 py-3 hover:bg-white hover:text-black text-white transition rounded cursor-pointer toggle-submenu"\n
                                    href="javascript:;"&gt;\n
                                    \n
                                    &lt;div class="flex items-center gap-2" title="Loại Thiên Tai"&gt;\n
                                        &lt;div title="Loại Thiên Tai"&gt;&lt;svg class="lucide w-5 h-5 mr-2" xmlns="http://www.w3.org/2000/svg" fill="none" stroke="currentColor" stroke-width="2" stroke-linecap="round" stroke-linejoin="round" viewBox="0 0 24 24"&gt;&lt;path d="M16 21v-2a4 4 0 0 0-8 0v2"/&gt;&lt;circle cx="12" cy="7" r="4"/&gt;&lt;path d="M20.88 18.5A3.5 3.5 0 0 1 17.5 22H6.5a3.5 3.5 0 0 1-3.38-2.5"/&gt;&lt;/svg&gt;&lt;/div&gt;\n
                                        &lt;span class="hidden xl:inline" &gt;Loại Thiên Tai&lt;/span&gt;\n
                                    &lt;/div&gt;\n
\n
                                                                            &lt;span class="hidden xl:inline"&gt;&lt;svg class="lucide w-5 h-5 mr-2" xmlns="http://www.w3.org/2000/svg" fill="none" stroke="currentColor" stroke-width="2" stroke-linecap="round" stroke-linejoin="round" viewBox="0 0 24 24"&gt;&lt;path d="M6 9l6 6l6-6"/&gt;&lt;/svg&gt;&lt;/span&gt;\n
                                                                    &lt;/a&gt;\n
                                                                    &lt;ul class="submenu ml-6 mt-1 hidden"&gt;\n
                                                                                    &lt;li  class="group relative"&gt;\n
                                                &lt;a class="flex items-center justify-between px-4 py-2 text-sm text-slate-300 hover:text-white hover:bg-slate-700 rounded transition "\n
                                                    href="http://localhost/list-type-of-calamity"&gt;\n
                                                   &lt;div class="flex items-center gap-2"&gt;\n
                                                        &lt;svg class="lucide w-5 h-5 mr-2" xmlns="http://www.w3.org/2000/svg" fill="none" stroke="currentColor" stroke-width="2" stroke-linecap="round" stroke-linejoin="round" viewBox="0 0 24 24"&gt;&lt;path d="M12 22a10 10 0 1 0-10-10a10.011 10.011 0 0 0 10 10z"/&gt;&lt;path d="M12.5 7h-1a1.5 1.5 0 0 0-1.5 1.5v6A1.5 1.5 0 0 0 11.5 16h1a1.5 1.5 0 0 0 .5-2.9V9.9A1.5 1.5 0 0 0 12.5 7z"/&gt;&lt;circle cx="12" cy="19" r=".5"/&gt;&lt;/svg&gt;\n
                                                        &lt;span class="hidden xl:inline"&gt;Loại Thiên Tai&lt;/span&gt;\n
                                                    &lt;/div&gt;\n
                                                                                                    &lt;/a&gt;\n
                                                                                            &lt;/li&gt;\n
                                                                                    &lt;li  class="group relative"&gt;\n
                                                &lt;a class="flex items-center justify-between px-4 py-2 text-sm text-slate-300 hover:text-white hover:bg-slate-700 rounded transition "\n
                                                    href="http://localhost/list-sub-type-of-calamity"&gt;\n
                                                   &lt;div class="flex items-center gap-2"&gt;\n
                                                        &lt;svg class="lucide w-5 h-5 mr-2" xmlns="http://www.w3.org/2000/svg" fill="none" stroke="currentColor" stroke-width="2" stroke-linecap="round" stroke-linejoin="round" viewBox="0 0 24 24"&gt;&lt;path d="M12 22a10 10 0 1 0-10-10a10.011 10.011 0 0 0 10 10z"/&gt;&lt;path d="M12.5 7h-1a1.5 1.5 0 0 0-1.5 1.5v6A1.5 1.5 0 0 0 11.5 16h1a1.5 1.5 0 0 0 .5-2.9V9.9A1.5 1.5 0 0 0 12.5 7z"/&gt;&lt;circle cx="12" cy="19" r=".5"/&gt;&lt;/svg&gt;\n
                                                        &lt;span class="hidden xl:inline"&gt;Loại Thiên Tai Phụ&lt;/span&gt;\n
                                                    &lt;/div&gt;\n
                                                                                                    &lt;/a&gt;\n
                                                                                            &lt;/li&gt;\n
                                                                                    &lt;li  class="group relative"&gt;\n
                                                &lt;a class="flex items-center justify-between px-4 py-2 text-sm text-slate-300 hover:text-white hover:bg-slate-700 rounded transition "\n
                                                    href="http://localhost/list-risk-level"&gt;\n
                                                   &lt;div class="flex items-center gap-2"&gt;\n
                                                        &lt;svg class="lucide w-5 h-5 mr-2" xmlns="http://www.w3.org/2000/svg" fill="none" stroke="currentColor" stroke-width="2" stroke-linecap="round" stroke-linejoin="round" viewBox="0 0 24 24"&gt;&lt;path d="M12 22a10 10 0 1 0-10-10a10.011 10.011 0 0 0 10 10z"/&gt;&lt;path d="M12.5 7h-1a1.5 1.5 0 0 0-1.5 1.5v6A1.5 1.5 0 0 0 11.5 16h1a1.5 1.5 0 0 0 .5-2.9V9.9A1.5 1.5 0 0 0 12.5 7z"/&gt;&lt;circle cx="12" cy="19" r=".5"/&gt;&lt;/svg&gt;\n
                                                        &lt;span class="hidden xl:inline"&gt;Cấp Độ Thiên Tai&lt;/span&gt;\n
                                                    &lt;/div&gt;\n
                                                                                                    &lt;/a&gt;\n
                                                                                            &lt;/li&gt;\n
                                                                                    &lt;li  class="group relative"&gt;\n
                                                &lt;a class="flex items-center justify-between px-4 py-2 text-sm text-slate-300 hover:text-white hover:bg-slate-700 rounded transition "\n
                                                    href="http://localhost/list-type-of-construction"&gt;\n
                                                   &lt;div class="flex items-center gap-2"&gt;\n
                                                        &lt;svg class="lucide w-5 h-5 mr-2" xmlns="http://www.w3.org/2000/svg" fill="none" stroke="currentColor" stroke-width="2" stroke-linecap="round" stroke-linejoin="round" viewBox="0 0 24 24"&gt;&lt;path d="M12 22a10 10 0 1 0-10-10a10.011 10.011 0 0 0 10 10z"/&gt;&lt;path d="M12.5 7h-1a1.5 1.5 0 0 0-1.5 1.5v6A1.5 1.5 0 0 0 11.5 16h1a1.5 1.5 0 0 0 .5-2.9V9.9A1.5 1.5 0 0 0 12.5 7z"/&gt;&lt;circle cx="12" cy="19" r=".5"/&gt;&lt;/svg&gt;\n
                                                        &lt;span class="hidden xl:inline"&gt;Loại Công Trình&lt;/span&gt;\n
                                                    &lt;/div&gt;\n
                                                                                                    &lt;/a&gt;\n
                                                                                            &lt;/li&gt;\n
                                                                                    &lt;li  class="group relative"&gt;\n
                                                &lt;a class="flex items-center justify-between px-4 py-2 text-sm text-slate-300 hover:text-white hover:bg-slate-700 rounded transition "\n
                                                    href="http://localhost/list-scenarios"&gt;\n
                                                   &lt;div class="flex items-center gap-2"&gt;\n
                                                        &lt;svg class="lucide w-5 h-5 mr-2" xmlns="http://www.w3.org/2000/svg" fill="none" stroke="currentColor" stroke-width="2" stroke-linecap="round" stroke-linejoin="round" viewBox="0 0 24 24"&gt;&lt;path d="M12 22a10 10 0 1 0-10-10a10.011 10.011 0 0 0 10 10z"/&gt;&lt;path d="M12.5 7h-1a1.5 1.5 0 0 0-1.5 1.5v6A1.5 1.5 0 0 0 11.5 16h1a1.5 1.5 0 0 0 .5-2.9V9.9A1.5 1.5 0 0 0 12.5 7z"/&gt;&lt;circle cx="12" cy="19" r=".5"/&gt;&lt;/svg&gt;\n
                                                        &lt;span class="hidden xl:inline"&gt;Phương Án Ứng Phó&lt;/span&gt;\n
                                                    &lt;/div&gt;\n
                                                                                                    &lt;/a&gt;\n
                                                                                            &lt;/li&gt;\n
                                                                            &lt;/ul&gt;\n
                                                            &lt;/li&gt;\n
                                                                                                &lt;li&gt;\n
                                &lt;a class="flex items-center justify-between px-4 py-3 hover:bg-white hover:text-black text-white transition rounded cursor-pointer toggle-submenu"\n
                                    href="javascript:;"&gt;\n
                                    \n
                                    &lt;div class="flex items-center gap-2" title="Dữ Liệu Thiên Tai"&gt;\n
                                        &lt;div title="Dữ Liệu Thiên Tai"&gt;&lt;svg class="lucide w-5 h-5 mr-2" xmlns="http://www.w3.org/2000/svg" fill="none" stroke="currentColor" stroke-width="2" stroke-linecap="round" stroke-linejoin="round" viewBox="0 0 24 24"&gt;&lt;path d="M16 21v-2a4 4 0 0 0-8 0v2"/&gt;&lt;circle cx="12" cy="7" r="4"/&gt;&lt;path d="M20.88 18.5A3.5 3.5 0 0 1 17.5 22H6.5a3.5 3.5 0 0 1-3.38-2.5"/&gt;&lt;/svg&gt;&lt;/div&gt;\n
                                        &lt;span class="hidden xl:inline" &gt;Dữ Liệu Thiên Tai&lt;/span&gt;\n
                                    &lt;/div&gt;\n
\n
                                                                            &lt;span class="hidden xl:inline"&gt;&lt;svg class="lucide w-5 h-5 mr-2" xmlns="http://www.w3.org/2000/svg" fill="none" stroke="currentColor" stroke-width="2" stroke-linecap="round" stroke-linejoin="round" viewBox="0 0 24 24"&gt;&lt;path d="M6 9l6 6l6-6"/&gt;&lt;/svg&gt;&lt;/span&gt;\n
                                                                    &lt;/a&gt;\n
                                                                    &lt;ul class="submenu ml-6 mt-1 hidden"&gt;\n
                                                                                    &lt;li  class="group relative"&gt;\n
                                                &lt;a class="flex items-center justify-between px-4 py-2 text-sm text-slate-300 hover:text-white hover:bg-slate-700 rounded transition "\n
                                                    href="http://localhost/calamity/list-river-bank"&gt;\n
                                                   &lt;div class="flex items-center gap-2"&gt;\n
                                                        &lt;svg class="lucide w-5 h-5 mr-2" xmlns="http://www.w3.org/2000/svg" fill="none" stroke="currentColor" stroke-width="2" stroke-linecap="round" stroke-linejoin="round" viewBox="0 0 24 24"&gt;&lt;path d="M12 22a10 10 0 1 0-10-10a10.011 10.011 0 0 0 10 10z"/&gt;&lt;path d="M12.5 7h-1a1.5 1.5 0 0 0-1.5 1.5v6A1.5 1.5 0 0 0 11.5 16h1a1.5 1.5 0 0 0 .5-2.9V9.9A1.5 1.5 0 0 0 12.5 7z"/&gt;&lt;circle cx="12" cy="19" r=".5"/&gt;&lt;/svg&gt;\n
                                                        &lt;span class="hidden xl:inline"&gt;Sạt Lở&lt;/span&gt;\n
                                                    &lt;/div&gt;\n
                                                                                                    &lt;/a&gt;\n
                                                                                            &lt;/li&gt;\n
                                                                                    &lt;li  class="group relative"&gt;\n
                                                &lt;a class="flex items-center justify-between px-4 py-2 text-sm text-slate-300 hover:text-white hover:bg-slate-700 rounded transition "\n
                                                    href="http://localhost/calamity/list-flooding"&gt;\n
                                                   &lt;div class="flex items-center gap-2"&gt;\n
                                                        &lt;svg class="lucide w-5 h-5 mr-2" xmlns="http://www.w3.org/2000/svg" fill="none" stroke="currentColor" stroke-width="2" stroke-linecap="round" stroke-linejoin="round" viewBox="0 0 24 24"&gt;&lt;path d="M12 22a10 10 0 1 0-10-10a10.011 10.011 0 0 0 10 10z"/&gt;&lt;path d="M12.5 7h-1a1.5 1.5 0 0 0-1.5 1.5v6A1.5 1.5 0 0 0 11.5 16h1a1.5 1.5 0 0 0 .5-2.9V9.9A1.5 1.5 0 0 0 12.5 7z"/&gt;&lt;circle cx="12" cy="19" r=".5"/&gt;&lt;/svg&gt;\n
                                                        &lt;span class="hidden xl:inline"&gt;Ngập Lụt&lt;/span&gt;\n
                                                    &lt;/div&gt;\n
                                                                                                    &lt;/a&gt;\n
                                                                                            &lt;/li&gt;\n
                                                                                    &lt;li  class="group relative"&gt;\n
                                                &lt;a class="flex items-center justify-between px-4 py-2 text-sm text-slate-300 hover:text-white hover:bg-slate-700 rounded transition "\n
                                                    href="http://localhost/calamity/list-storm"&gt;\n
                                                   &lt;div class="flex items-center gap-2"&gt;\n
                                                        &lt;svg class="lucide w-5 h-5 mr-2" xmlns="http://www.w3.org/2000/svg" fill="none" stroke="currentColor" stroke-width="2" stroke-linecap="round" stroke-linejoin="round" viewBox="0 0 24 24"&gt;&lt;path d="M12 22a10 10 0 1 0-10-10a10.011 10.011 0 0 0 10 10z"/&gt;&lt;path d="M12.5 7h-1a1.5 1.5 0 0 0-1.5 1.5v6A1.5 1.5 0 0 0 11.5 16h1a1.5 1.5 0 0 0 .5-2.9V9.9A1.5 1.5 0 0 0 12.5 7z"/&gt;&lt;circle cx="12" cy="19" r=".5"/&gt;&lt;/svg&gt;\n
                                                        &lt;span class="hidden xl:inline"&gt;Bão và ATNĐ&lt;/span&gt;\n
                                                    &lt;/div&gt;\n
                                                                                                    &lt;/a&gt;\n
                                                                                            &lt;/li&gt;\n
                                                                            &lt;/ul&gt;\n
                                                            &lt;/li&gt;\n
                                                                                                &lt;li&gt;\n
                                &lt;a class="flex items-center justify-between px-4 py-3 hover:bg-white hover:text-black text-white transition rounded cursor-pointer toggle-submenu"\n
                                    href="javascript:;"&gt;\n
                                    \n
                                    &lt;div class="flex items-center gap-2" title="Công Trình PCTT"&gt;\n
                                        &lt;div title="Công Trình PCTT"&gt;&lt;svg xmlns="http://www.w3.org/2000/svg" width="24" height="24" viewBox="0 0 24 24" fill="none" stroke="currentColor" stroke-width="2" stroke-linecap="round" stroke-linejoin="round" class="lucide lucide-construction-icon lucide-construction"&gt;&lt;rect x="2" y="6" width="20" height="8" rx="1"/&gt;&lt;path d="M17 14v7"/&gt;&lt;path d="M7 14v7"/&gt;&lt;path d="M17 3v3"/&gt;&lt;path d="M7 3v3"/&gt;&lt;path d="M10 14 2.3 6.3"/&gt;&lt;path d="m14 6 7.7 7.7"/&gt;&lt;path d="m8 6 8 8"/&gt;&lt;/svg&gt;&lt;/div&gt;\n
                                        &lt;span class="hidden xl:inline" &gt;Công Trình PCTT&lt;/span&gt;\n
                                    &lt;/div&gt;\n
\n
                                                                            &lt;span class="hidden xl:inline"&gt;&lt;svg class="lucide w-5 h-5 mr-2" xmlns="http://www.w3.org/2000/svg" fill="none" stroke="currentColor" stroke-width="2" stroke-linecap="round" stroke-linejoin="round" viewBox="0 0 24 24"&gt;&lt;path d="M6 9l6 6l6-6"/&gt;&lt;/svg&gt;&lt;/span&gt;\n
                                                                    &lt;/a&gt;\n
                                                                    &lt;ul class="submenu ml-6 mt-1 hidden"&gt;\n
                                                                                    &lt;li  class="group relative"&gt;\n
                                                &lt;a class="flex items-center justify-between px-4 py-2 text-sm text-slate-300 hover:text-white hover:bg-slate-700 rounded transition "\n
                                                    href="http://localhost/construction/list-river-bank"&gt;\n
                                                   &lt;div class="flex items-center gap-2"&gt;\n
                                                        &lt;svg class="lucide w-5 h-5 mr-2" xmlns="http://www.w3.org/2000/svg" fill="none" stroke="currentColor" stroke-width="2" stroke-linecap="round" stroke-linejoin="round" viewBox="0 0 24 24"&gt;&lt;path d="M12 22a10 10 0 1 0-10-10a10.011 10.011 0 0 0 10 10z"/&gt;&lt;path d="M12.5 7h-1a1.5 1.5 0 0 0-1.5 1.5v6A1.5 1.5 0 0 0 11.5 16h1a1.5 1.5 0 0 0 .5-2.9V9.9A1.5 1.5 0 0 0 12.5 7z"/&gt;&lt;circle cx="12" cy="19" r=".5"/&gt;&lt;/svg&gt;\n
                                                        &lt;span class="hidden xl:inline"&gt;Sạt Lở&lt;/span&gt;\n
                                                    &lt;/div&gt;\n
                                                                                                    &lt;/a&gt;\n
                                                                                            &lt;/li&gt;\n
                                                                                    &lt;li  class="group relative"&gt;\n
                                                &lt;a class="flex items-center justify-between px-4 py-2 text-sm text-slate-300 hover:text-white hover:bg-slate-700 rounded transition "\n
                                                    href="http://localhost/construction/list-flooding"&gt;\n
                                                   &lt;div class="flex items-center gap-2"&gt;\n
                                                        &lt;svg class="lucide w-5 h-5 mr-2" xmlns="http://www.w3.org/2000/svg" fill="none" stroke="currentColor" stroke-width="2" stroke-linecap="round" stroke-linejoin="round" viewBox="0 0 24 24"&gt;&lt;path d="M12 22a10 10 0 1 0-10-10a10.011 10.011 0 0 0 10 10z"/&gt;&lt;path d="M12.5 7h-1a1.5 1.5 0 0 0-1.5 1.5v6A1.5 1.5 0 0 0 11.5 16h1a1.5 1.5 0 0 0 .5-2.9V9.9A1.5 1.5 0 0 0 12.5 7z"/&gt;&lt;circle cx="12" cy="19" r=".5"/&gt;&lt;/svg&gt;\n
                                                        &lt;span class="hidden xl:inline"&gt;Ngập Lụt&lt;/span&gt;\n
                                                    &lt;/div&gt;\n
                                                                                                    &lt;/a&gt;\n
                                                                                            &lt;/li&gt;\n
                                                                                    &lt;li  class="group relative"&gt;\n
                                                &lt;a class="flex items-center justify-between px-4 py-2 text-sm text-slate-300 hover:text-white hover:bg-slate-700 rounded transition "\n
                                                    href="http://localhost/construction/list-storm"&gt;\n
                                                   &lt;div class="flex items-center gap-2"&gt;\n
                                                        &lt;svg class="lucide w-5 h-5 mr-2" xmlns="http://www.w3.org/2000/svg" fill="none" stroke="currentColor" stroke-width="2" stroke-linecap="round" stroke-linejoin="round" viewBox="0 0 24 24"&gt;&lt;path d="M12 22a10 10 0 1 0-10-10a10.011 10.011 0 0 0 10 10z"/&gt;&lt;path d="M12.5 7h-1a1.5 1.5 0 0 0-1.5 1.5v6A1.5 1.5 0 0 0 11.5 16h1a1.5 1.5 0 0 0 .5-2.9V9.9A1.5 1.5 0 0 0 12.5 7z"/&gt;&lt;circle cx="12" cy="19" r=".5"/&gt;&lt;/svg&gt;\n
                                                        &lt;span class="hidden xl:inline"&gt;Bão và ATNĐ&lt;/span&gt;\n
                                                    &lt;/div&gt;\n
                                                                                                    &lt;/a&gt;\n
                                                                                            &lt;/li&gt;\n
                                                                            &lt;/ul&gt;\n
                                                            &lt;/li&gt;\n
                                                                                                &lt;li&gt;\n
                                &lt;a class="flex items-center justify-between px-4 py-3 hover:bg-white hover:text-black text-white transition rounded cursor-pointer toggle-submenu"\n
                                    href="javascript:;"&gt;\n
                                    \n
                                    &lt;div class="flex items-center gap-2" title="Địa danh hành chính"&gt;\n
                                        &lt;div title="Địa danh hành chính"&gt;&lt;svg class="lucide w-5 h-5 mr-2" xmlns="http://www.w3.org/2000/svg" fill="none" stroke="currentColor" stroke-width="2" stroke-linecap="round" stroke-linejoin="round" viewBox="0 0 24 24"&gt;&lt;path d="M16 21v-2a4 4 0 0 0-8 0v2"/&gt;&lt;circle cx="12" cy="7" r="4"/&gt;&lt;path d="M20.88 18.5A3.5 3.5 0 0 1 17.5 22H6.5a3.5 3.5 0 0 1-3.38-2.5"/&gt;&lt;/svg&gt;&lt;/div&gt;\n
                                        &lt;span class="hidden xl:inline" &gt;Địa danh hành chính&lt;/span&gt;\n
                                    &lt;/div&gt;\n
\n
                                                                            &lt;span class="hidden xl:inline"&gt;&lt;svg class="lucide w-5 h-5 mr-2" xmlns="http://www.w3.org/2000/svg" fill="none" stroke="currentColor" stroke-width="2" stroke-linecap="round" stroke-linejoin="round" viewBox="0 0 24 24"&gt;&lt;path d="M6 9l6 6l6-6"/&gt;&lt;/svg&gt;&lt;/span&gt;\n
                                                                    &lt;/a&gt;\n
                                                                    &lt;ul class="submenu ml-6 mt-1 hidden"&gt;\n
                                                                                    &lt;li  class="group relative"&gt;\n
                                                &lt;a class="flex items-center justify-between px-4 py-2 text-sm text-slate-300 hover:text-white hover:bg-slate-700 rounded transition "\n
                                                    href="http://localhost/administrative/list-school"&gt;\n
                                                   &lt;div class="flex items-center gap-2"&gt;\n
                                                        &lt;svg xmlns="http://www.w3.org/2000/svg" width="24" height="24" viewBox="0 0 24 24" fill="none" stroke="currentColor" stroke-width="2" stroke-linecap="round" stroke-linejoin="round" class="lucide lucide-school-icon lucide-school"&gt;&lt;path d="M14 22v-4a2 2 0 1 0-4 0v4"/&gt;&lt;path d="m18 10 3.447 1.724a1 1 0 0 1 .553.894V20a2 2 0 0 1-2 2H4a2 2 0 0 1-2-2v-7.382a1 1 0 0 1 .553-.894L6 10"/&gt;&lt;path d="M18 5v17"/&gt;&lt;path d="m4 6 7.106-3.553a2 2 0 0 1 1.788 0L20 6"/&gt;&lt;path d="M6 5v17"/&gt;&lt;circle cx="12" cy="9" r="2"/&gt;&lt;/svg&gt;\n
                                                        &lt;span class="hidden xl:inline"&gt;Trường Học&lt;/span&gt;\n
                                                    &lt;/div&gt;\n
                                                                                                    &lt;/a&gt;\n
                                                                                            &lt;/li&gt;\n
                                                                                    &lt;li  class="group relative"&gt;\n
                                                &lt;a class="flex items-center justify-between px-4 py-2 text-sm text-slate-300 hover:text-white hover:bg-slate-700 rounded transition "\n
                                                    href="http://localhost/administrative/list-medical"&gt;\n
                                                   &lt;div class="flex items-center gap-2"&gt;\n
                                                        &lt;svg xmlns="http://www.w3.org/2000/svg" width="24" height="24" viewBox="0 0 24 24" fill="none" stroke="currentColor" stroke-width="2" stroke-linecap="round" stroke-linejoin="round" class="lucide lucide-hospital-icon lucide-hospital"&gt;&lt;path d="M12 6v4"/&gt;&lt;path d="M14 14h-4"/&gt;&lt;path d="M14 18h-4"/&gt;&lt;path d="M14 8h-4"/&gt;&lt;path d="M18 12h2a2 2 0 0 1 2 2v6a2 2 0 0 1-2 2H4a2 2 0 0 1-2-2v-9a2 2 0 0 1 2-2h2"/&gt;&lt;path d="M18 22V4a2 2 0 0 0-2-2H8a2 2 0 0 0-2 2v18"/&gt;&lt;/svg&gt;\n
                                                        &lt;span class="hidden xl:inline"&gt;Địa Điểm Y Tế&lt;/span&gt;\n
                                                    &lt;/div&gt;\n
                                                                                                    &lt;/a&gt;\n
                                                                                            &lt;/li&gt;\n
                                                                                    &lt;li  class="group relative"&gt;\n
                                                &lt;a class="flex items-center justify-between px-4 py-2 text-sm text-slate-300 hover:text-white hover:bg-slate-700 rounded transition "\n
                                                    href="http://localhost/administrative/list-center"&gt;\n
                                                   &lt;div class="flex items-center gap-2"&gt;\n
                                                        &lt;svg xmlns="http://www.w3.org/2000/svg" width="24" height="24" viewBox="0 0 24 24" fill="none" stroke="currentColor" stroke-width="2" stroke-linecap="round" stroke-linejoin="round" class="lucide lucide-university-icon lucide-university"&gt;&lt;path d="M14 21v-3a2 2 0 0 0-4 0v3"/&gt;&lt;path d="M18 12h.01"/&gt;&lt;path d="M18 16h.01"/&gt;&lt;path d="M22 7a1 1 0 0 0-1-1h-2a2 2 0 0 1-1.143-.359L13.143 2.36a2 2 0 0 0-2.286-.001L6.143 5.64A2 2 0 0 1 5 6H3a1 1 0 0 0-1 1v12a2 2 0 0 0 2 2h16a2 2 0 0 0 2-2z"/&gt;&lt;path d="M6 12h.01"/&gt;&lt;path d="M6 16h.01"/&gt;&lt;circle cx="12" cy="10" r="2"/&gt;&lt;/svg&gt;\n
                                                        &lt;span class="hidden xl:inline"&gt;TTHC và Khác&lt;/span&gt;\n
                                                    &lt;/div&gt;\n
                                                                                                    &lt;/a&gt;\n
                                                                                            &lt;/li&gt;\n
                                                                            &lt;/ul&gt;\n
                                                            &lt;/li&gt;\n
                                                                                                &lt;li&gt;\n
                                &lt;a class="flex items-center justify-between px-4 py-3 hover:bg-white hover:text-black text-white transition rounded cursor-pointer toggle-submenu"\n
                                    href="javascript:;"&gt;\n
                                    \n
                                    &lt;div class="flex items-center gap-2" title="Dữ Liệu Khác"&gt;\n
                                        &lt;div title="Dữ Liệu Khác"&gt;&lt;svg class="lucide w-5 h-5 mr-2" xmlns="http://www.w3.org/2000/svg" fill="none" stroke="currentColor" stroke-width="2" stroke-linecap="round" stroke-linejoin="round" viewBox="0 0 24 24"&gt;&lt;path d="M16 21v-2a4 4 0 0 0-8 0v2"/&gt;&lt;circle cx="12" cy="7" r="4"/&gt;&lt;path d="M20.88 18.5A3.5 3.5 0 0 1 17.5 22H6.5a3.5 3.5 0 0 1-3.38-2.5"/&gt;&lt;/svg&gt;&lt;/div&gt;\n
                                        &lt;span class="hidden xl:inline" &gt;Dữ Liệu Khác&lt;/span&gt;\n
                                    &lt;/div&gt;\n
\n
                                                                            &lt;span class="hidden xl:inline"&gt;&lt;svg class="lucide w-5 h-5 mr-2" xmlns="http://www.w3.org/2000/svg" fill="none" stroke="currentColor" stroke-width="2" stroke-linecap="round" stroke-linejoin="round" viewBox="0 0 24 24"&gt;&lt;path d="M6 9l6 6l6-6"/&gt;&lt;/svg&gt;&lt;/span&gt;\n
                                                                    &lt;/a&gt;\n
                                                                    &lt;ul class="submenu ml-6 mt-1 hidden"&gt;\n
                                                                                    &lt;li  class="group relative"&gt;\n
                                                &lt;a class="flex items-center justify-between px-4 py-2 text-sm text-slate-300 hover:text-white hover:bg-slate-700 rounded transition "\n
                                                    href="http://localhost/geographical/list-erosion"&gt;\n
                                                   &lt;div class="flex items-center gap-2"&gt;\n
                                                        &lt;svg class="lucide w-5 h-5 mr-2" xmlns="http://www.w3.org/2000/svg" fill="none" stroke="currentColor" stroke-width="2" stroke-linecap="round" stroke-linejoin="round" viewBox="0 0 24 24"&gt;&lt;path d="M12 22a10 10 0 1 0-10-10a10.011 10.011 0 0 0 10 10z"/&gt;&lt;path d="M12.5 7h-1a1.5 1.5 0 0 0-1.5 1.5v6A1.5 1.5 0 0 0 11.5 16h1a1.5 1.5 0 0 0 .5-2.9V9.9A1.5 1.5 0 0 0 12.5 7z"/&gt;&lt;circle cx="12" cy="19" r=".5"/&gt;&lt;/svg&gt;\n
                                                        &lt;span class="hidden xl:inline"&gt;Khu vực xói, bồi&lt;/span&gt;\n
                                                    &lt;/div&gt;\n
                                                                                                    &lt;/a&gt;\n
                                                                                            &lt;/li&gt;\n
                                                                                    &lt;li  class="group relative"&gt;\n
                                                &lt;a class="flex items-center justify-between px-4 py-2 text-sm text-slate-300 hover:text-white hover:bg-slate-700 rounded transition "\n
                                                    href="http://localhost/geographical/list-shoreline"&gt;\n
                                                   &lt;div class="flex items-center gap-2"&gt;\n
                                                        &lt;svg class="lucide w-5 h-5 mr-2" xmlns="http://www.w3.org/2000/svg" fill="none" stroke="currentColor" stroke-width="2" stroke-linecap="round" stroke-linejoin="round" viewBox="0 0 24 24"&gt;&lt;path d="M12 22a10 10 0 1 0-10-10a10.011 10.011 0 0 0 10 10z"/&gt;&lt;path d="M12.5 7h-1a1.5 1.5 0 0 0-1.5 1.5v6A1.5 1.5 0 0 0 11.5 16h1a1.5 1.5 0 0 0 .5-2.9V9.9A1.5 1.5 0 0 0 12.5 7z"/&gt;&lt;circle cx="12" cy="19" r=".5"/&gt;&lt;/svg&gt;\n
                                                        &lt;span class="hidden xl:inline"&gt;Lịch sử đường bờ&lt;/span&gt;\n
                                                    &lt;/div&gt;\n
                                                                                                    &lt;/a&gt;\n
                                                                                            &lt;/li&gt;\n
                                                                                    &lt;li  class="group relative"&gt;\n
                                                &lt;a class="flex items-center justify-between px-4 py-2 text-sm text-slate-300 hover:text-white hover:bg-slate-700 rounded transition "\n
                                                    href="http://localhost/geographical/list-cross-section"&gt;\n
                                                   &lt;div class="flex items-center gap-2"&gt;\n
                                                        &lt;svg class="lucide w-5 h-5 mr-2" xmlns="http://www.w3.org/2000/svg" fill="none" stroke="currentColor" stroke-width="2" stroke-linecap="round" stroke-linejoin="round" viewBox="0 0 24 24"&gt;&lt;path d="M12 22a10 10 0 1 0-10-10a10.011 10.011 0 0 0 10 10z"/&gt;&lt;path d="M12.5 7h-1a1.5 1.5 0 0 0-1.5 1.5v6A1.5 1.5 0 0 0 11.5 16h1a1.5 1.5 0 0 0 .5-2.9V9.9A1.5 1.5 0 0 0 12.5 7z"/&gt;&lt;circle cx="12" cy="19" r=".5"/&gt;&lt;/svg&gt;\n
                                                        &lt;span class="hidden xl:inline"&gt;Mặt cắt ngang&lt;/span&gt;\n
                                                    &lt;/div&gt;\n
                                                                                                    &lt;/a&gt;\n
                                                                                            &lt;/li&gt;\n
                                                                                    &lt;li  class="group relative"&gt;\n
                                                &lt;a class="flex items-center justify-between px-4 py-2 text-sm text-slate-300 hover:text-white hover:bg-slate-700 rounded transition "\n
                                                    href="http://localhost/geographical/list-monitoring"&gt;\n
                                                   &lt;div class="flex items-center gap-2"&gt;\n
                                                        &lt;svg class="lucide w-5 h-5 mr-2" xmlns="http://www.w3.org/2000/svg" fill="none" stroke="currentColor" stroke-width="2" stroke-linecap="round" stroke-linejoin="round" viewBox="0 0 24 24"&gt;&lt;path d="M12 22a10 10 0 1 0-10-10a10.011 10.011 0 0 0 10 10z"/&gt;&lt;path d="M12.5 7h-1a1.5 1.5 0 0 0-1.5 1.5v6A1.5 1.5 0 0 0 11.5 16h1a1.5 1.5 0 0 0 .5-2.9V9.9A1.5 1.5 0 0 0 12.5 7z"/&gt;&lt;circle cx="12" cy="19" r=".5"/&gt;&lt;/svg&gt;\n
                                                        &lt;span class="hidden xl:inline"&gt;Mốc quan trắc&lt;/span&gt;\n
                                                    &lt;/div&gt;\n
                                                                                                    &lt;/a&gt;\n
                                                                                            &lt;/li&gt;\n
                                                                            &lt;/ul&gt;\n
                                                            &lt;/li&gt;\n
                                                                                                &lt;li&gt;\n
                                &lt;a class="flex items-center justify-between px-4 py-3 hover:bg-white hover:text-black text-white transition rounded cursor-pointer "\n
                                    href="http://localhost/map"&gt;\n
                                    \n
                                    &lt;div class="flex items-center gap-2" title="Bản Đồ"&gt;\n
                                        &lt;div title="Bản Đồ"&gt;&lt;svg xmlns="http://www.w3.org/2000/svg" width="24" height="24" viewBox="0 0 24 24" fill="none" stroke="currentColor" stroke-width="2" stroke-linecap="round" stroke-linejoin="round" class="lucide lucide-map-icon lucide-map"&gt;&lt;path d="M14.106 5.553a2 2 0 0 0 1.788 0l3.659-1.83A1 1 0 0 1 21 4.619v12.764a1 1 0 0 1-.553.894l-4.553 2.277a2 2 0 0 1-1.788 0l-4.212-2.106a2 2 0 0 0-1.788 0l-3.659 1.83A1 1 0 0 1 3 19.381V6.618a1 1 0 0 1 .553-.894l4.553-2.277a2 2 0 0 1 1.788 0z"/&gt;&lt;path d="M15 5.764v15"/&gt;&lt;path d="M9 3.236v15"/&gt;&lt;/svg&gt;&lt;/div&gt;\n
                                        &lt;span class="hidden xl:inline" &gt;Bản Đồ&lt;/span&gt;\n
                                    &lt;/div&gt;\n
\n
                                                                    &lt;/a&gt;\n
                                                            &lt;/li&gt;\n
                                                                                                &lt;li&gt;\n
                                &lt;a class="flex items-center justify-between px-4 py-3 hover:bg-white hover:text-black text-white transition rounded cursor-pointer "\n
                                    href="http://localhost/chat"&gt;\n
                                    \n
                                    &lt;div class="flex items-center gap-2" title="Tham gia cộng đồng"&gt;\n
                                        &lt;div title="Tham gia cộng đồng"&gt;&lt;svg xmlns="http://www.w3.org/2000/svg" width="24" height="24" viewBox="0 0 24 24" fill="none" stroke="currentColor" stroke-width="2" stroke-linecap="round" stroke-linejoin="round" class="lucide lucide-message-circle-icon lucide-message-circle"&gt;&lt;path d="M7.9 20A9 9 0 1 0 4 16.1L2 22Z"/&gt;&lt;/svg&gt;&lt;/div&gt;\n
                                        &lt;span class="hidden xl:inline" &gt;Tham gia cộng đồng&lt;/span&gt;\n
                                    &lt;/div&gt;\n
\n
                                                                    &lt;/a&gt;\n
                                                            &lt;/li&gt;\n
                                                                                                &lt;li&gt;\n
                                &lt;a class="flex items-center justify-between px-4 py-3 hover:bg-white hover:text-black text-white transition rounded cursor-pointer "\n
                                    href="http://localhost/incident-report"&gt;\n
                                    \n
                                    &lt;div class="flex items-center gap-2" title="Báo cáo sự cố"&gt;\n
                                        &lt;div title="Báo cáo sự cố"&gt;&lt;svg xmlns="http://www.w3.org/2000/svg" width="24" height="24" viewBox="0 0 24 24" fill="none" stroke="currentColor" stroke-width="2" stroke-linecap="round" stroke-linejoin="round" class="lucide lucide-message-square-warning-icon lucide-message-square-warning"&gt;&lt;path d="M21 15a2 2 0 0 1-2 2H7l-4 4V5a2 2 0 0 1 2-2h14a2 2 0 0 1 2 2z"/&gt;&lt;path d="M12 7v2"/&gt;&lt;path d="M12 13h.01"/&gt;&lt;/svg&gt;&lt;/div&gt;\n
                                        &lt;span class="hidden xl:inline" &gt;Báo cáo sự cố&lt;/span&gt;\n
                                    &lt;/div&gt;\n
\n
                                                                    &lt;/a&gt;\n
                                                            &lt;/li&gt;\n
                                                                \n
                                &lt;/ul&gt;\n
            &lt;/nav&gt;\n
            &lt;div class="md:max-w-auto overflow-x-hidden overflow-y-auto max-h-[100vh] min-w-0 max-w-full flex-1 rounded-[30px] bg-slate-100 px-4 pb-10 before:block before:h-px before:w-full before:content-[''] md:px-[22px]"&gt;\n
                &lt;div class="relative sticky top-0 z-2 flex items-center h-[68px] px-4 border-b border-slate-100 bg-slate-100"&gt;\n
  \n
                    &lt;div class="mr-auto"&gt; \n
                       &lt;div class="rounded-[8px] overflow-hidden w-[200px] md:w-[325px] h-[40px] bg-[#1E3A8A] border-[2px] border-[#133086] shadow-[0_2px_6px_rgba(0,0,0,0.1)] flex items-center justify-center"&gt;\n
                  \n
                    &lt;iframe src="https://thoitiet247.vn/widget/embed/ca-mau?style=6&amp;day=7&amp;td=%232e0000&amp;ntd=%231e3a8a&amp;mvb=%23000205&amp;mv=%231e3a8a&amp;mdk=%23000000&amp;htd=true" \n
                        id="widgeturl" class = "w-[200px] md:w-[325px]" height="55px" scrolling="no" frameborder="0" allowtransparency="true" style="border:none;overflow:hidden;"&gt;&lt;/iframe&gt;&lt;!-- End thoitiet.app widget --&gt;\n
                    &lt;/div&gt;\n
\n
                    &lt;/div&gt;\n
                    \n
                    &lt;div class="relative flex items-center gap-2"&gt;\n
                                                \n
                            &lt;div class="relative mr-4"&gt;\n
                                &lt;a href="javascript:void(0)" onclick="openNotification()" class="relative"&gt;\n
                                    &lt;svg xmlns="http://www.w3.org/2000/svg" width="24" height="24" viewBox="0 0 24 24" fill="none" stroke="#dfc207" stroke-width="2" stroke-linecap="round" stroke-linejoin="round" class="lucide lucide-bell-icon lucide-bell"&gt;&lt;path d="M10.268 21a2 2 0 0 0 3.464 0"/&gt;&lt;path d="M3.262 15.326A1 1 0 0 0 4 17h16a1 1 0 0 0 .74-1.673C19.41 13.956 18 12.499 18 8A6 6 0 0 0 6 8c0 4.499-1.411 5.956-2.738 7.326"/&gt;&lt;/svg&gt;\n
\n
                                    &lt;!-- Badge đỏ số lượng --&gt;\n
                                                                    &lt;/a&gt;\n
                                \n
\n
                                &lt;!-- Dropdown thông báo --&gt;\n
                                &lt;div class="absolute right-0 mt-2 w-80 bg-white border rounded shadow z-50 hidden" id="notification-dropdown"&gt;\n
                                    &lt;ul class="divide-y divide-gray-100 max-h-80 overflow-y-auto"&gt;\n
                                                                                    &lt;li class="p-3 text-sm text-gray-500"&gt;Không có thông báo nào&lt;/li&gt;\n
                                                                            &lt;/ul&gt;\n
                                &lt;/div&gt;\n
                            &lt;/div&gt;\n
\n
                            &lt;button type="button" style="all: unset" id="user-menu-button" aria-expanded="false"&gt;\n
                                &lt;svg class="lucide w-5 h-5 mr-2" xmlns="http://www.w3.org/2000/svg" fill="none" stroke="currentColor" stroke-width="2" stroke-linecap="round" stroke-linejoin="round" viewBox="0 0 24 24"&gt;&lt;circle cx="12" cy="12" r="10"/&gt;&lt;path d="M16 16a4 4 0 0 0-8 0v2a4 4 0 0 0 8 0z"/&gt;&lt;circle cx="12" cy="9" r="3"/&gt;&lt;/svg&gt;\n
                            &lt;/button&gt;\n
\n
                            &lt;div class="hidden absolute right-0 mt-2 w-48 z-1 text-base bg-white divide-y divide-gray-100 rounded-lg shadow-lg" id="user-dropdown"&gt;\n
                                &lt;div class="px-4 py-3"&gt;\n
                                    &lt;span class="block text-sm text-gray-900"&gt;Tên: Makayla Will&lt;/span&gt;\n
                                    &lt;span class="block text-sm text-gray-500 truncate"&gt;Tên đăng nhập: admin&lt;/span&gt;\n
                                &lt;/div&gt;\n
                                &lt;ul class="py-2" aria-labelledby="user-menu-button"&gt;\n
                                    &lt;li&gt;\n
                                        &lt;a href="http://localhost/edit-profile" class="block px-4 py-2 text-sm text-gray-700 hover:bg-gray-100"&gt;Hồ sơ&lt;/a&gt;\n
                                    &lt;/li&gt;\n
                                   \n
                                    &lt;li&gt;\n
                                        &lt;a href="http://localhost/logout" class="block px-4 py-2 text-sm text-gray-700 hover:bg-gray-100"&gt;Đăng xuất&lt;/a&gt;\n
                                    &lt;/li&gt;\n
                                &lt;/ul&gt;\n
                            &lt;/div&gt;\n
                        \n
                                            &lt;/div&gt;\n
                &lt;/div&gt;\n
                \n
                \n
    &lt;div class="grid grid-cols-12 gap-6"&gt;\n
        &lt;div class="col-span-12 2xl:col-span-12"&gt;\n
            &lt;div class="grid grid-cols-12 gap-6"&gt;\n
                \n
                &lt;div class="col-span-12 mt-5"&gt;\n
                    &lt;div class="intro-y flex h-10 items-center"&gt;\n
                        &lt;h2 class="flex items-center mr-5 uppercase text-lg font-medium"&gt;\n
                            &lt;svg class="lucide w-5 h-5 mr-2" xmlns="http://www.w3.org/2000/svg" fill="none" stroke="currentColor" stroke-width="2" stroke-linecap="round" stroke-linejoin="round" viewBox="0 0 24 24"&gt;&lt;rect width="8" height="4" x="8" y="2" rx="1" ry="1"/&gt;&lt;path d="M16 4h2a2 2 0 0 1 2 2v14a2 2 0 0 1-2 2H6a2 2 0 0 1-2-2V6a2 2 0 0 1 2-2h2"/&gt;&lt;path d="M9 14h6"/&gt;&lt;/svg&gt;\n
                            Báo Cáo Tổng Hợp &lt;a href="/list-district"&gt;...&lt;/a&gt;\n
\n
                        &lt;/h2&gt;\n
                        &lt;a class="ml-auto flex items-center text-primary" href="/"&gt;\n
                            &lt;svg class="lucide w-5 h-5 mr-2" xmlns="http://www.w3.org/2000/svg" fill="none" stroke="currentColor" stroke-width="2" stroke-linecap="round" stroke-linejoin="round" viewBox="0 0 24 24"&gt;&lt;path d="M21 12a9 9 0 0 0-9-9 9.75 9.75 0 0 0-6.74 2.74L3 8"/&gt;&lt;path d="M3 3v5h5"/&gt;&lt;path d="M3 12a9 9 0 0 0 9 9 9.75 9.75 0 0 0 6.74-2.74L21 16"/&gt;&lt;path d="M16 16h5v5"/&gt;&lt;/svg&gt;\n
                            Tải lại dữ liệu\n
                        &lt;/a&gt;\n
                    &lt;/div&gt;\n
                    &lt;div class="mt-5 grid grid-cols-12 gap-6"&gt;\n
                        &lt;div class="intro-y col-span-12 sm:col-span-6 xl:col-span-4 "&gt;\n
                            &lt;div&gt;\n
                                &lt;div\n
                                    class="box p-5 bg-gradient-to-r from-rose-500 to-purple-500 text-white rounded-lg shadow-lg"&gt;\n
                                    \n
                                    &lt;div class="flex items-center gap-6"&gt;\n
                                        &lt;svg class="lucide w-5 h-5 mr-2" xmlns="http://www.w3.org/2000/svg" fill="none" stroke="currentColor" stroke-width="2" stroke-linecap="round" stroke-linejoin="round" viewBox="0 0 24 24"&gt;&lt;path d="M16.5 6.5a4.5 4.5 0 0 1 4.5 4.5a4.5 4.5 0 0 1-4.5 4.5H12l3-6H9a3 3 0 0 1-3-3a3 3 0 0 1 .88-2.12A4.49 4.49 0 0 1 12.5 6h1"/&gt;&lt;/svg&gt;   \n
                                        &lt;span class="text-2xl font-bold tracking-wide"&gt;BÃO, ÁP THẤP&lt;/span&gt;\n
                                    &lt;/div&gt;\n
                                    \n
                                    &lt;div class="mt-6 grid grid-cols-2 gap-4"&gt;\n
                                        &lt;div class="flex items-center gap-2"&gt;\n
                                            &lt;svg class="lucide w-5 h-5 mr-2" xmlns="http://www.w3.org/2000/svg" fill="none" stroke="currentColor" stroke-width="2" stroke-linecap="round" stroke-linejoin="round" viewBox="0 0 24 24"&gt;&lt;polyline points="9 18 15 12 9 6"/&gt;&lt;/svg&gt;\n
                                            &lt;a href="http://localhost/construction/list-storm"\n
                                                class="text-xl hover:text-gray-500 transition-all"&gt;\n
                                                Tổng số công trình\n
                                            &lt;/a&gt;\n
                                        &lt;/div&gt;\n
                                                                                    &lt;div class="text-center text-xl font-semibold text-red-500"&gt;\n
                                                Không có dữ liệu\n
                                            &lt;/div&gt;\n
                                        \n
                                        &lt;div class="flex items-center gap-2"&gt;\n
                                            &lt;svg class="lucide w-5 h-5 mr-2" xmlns="http://www.w3.org/2000/svg" fill="none" stroke="currentColor" stroke-width="2" stroke-linecap="round" stroke-linejoin="round" viewBox="0 0 24 24"&gt;&lt;polyline points="9 18 15 12 9 6"/&gt;&lt;/svg&gt;\n
                                            &lt;a href="http://localhost/calamity/list-storm"\n
                                                class="text-xl hover:text-gray-500 transition-all"&gt;\n
                                                Số lượng thiên tai\n
                                            &lt;/a&gt;\n
                                        &lt;/div&gt;\n
                                                                                    &lt;div class="text-center text-xl font-semibold text-red-500"&gt;\n
                                                Không có dữ liệu\n
                                            &lt;/div&gt;\n
                                                                            &lt;/div&gt;\n
                                &lt;/div&gt;\n
\n
                            &lt;/div&gt;\n
                        &lt;/div&gt;\n
                        &lt;div class="intro-y col-span-12 sm:col-span-6 xl:col-span-4"&gt;\n
                                &lt;div\n
                                    class="box p-5 bg-gradient-to-r from-purple-500 to-blue-500 text-white rounded-lg shadow-lg"&gt;\n
                                    \n
                                    &lt;div class="flex items-center gap-6"&gt;\n
                                        &lt;svg class="lucide w-5 h-5 mr-2" xmlns="http://www.w3.org/2000/svg" fill="none" stroke="currentColor" stroke-width="2" stroke-linecap="round" stroke-linejoin="round" viewBox="0 0 24 24"&gt;&lt;path d="M10.29 3.86a1.5 1.5 0 0 1 3.42 0l6.36 14.28A1.5 1.5 0 0 1 18.21 21H5.79a1.5 1.5 0 0 1-1.36-2.14z"/&gt;&lt;/svg&gt;\n
                                        &lt;span class="text-2xl font-bold tracking-wide"&gt;NGẬP LỤT&lt;/span&gt;\n
                                    &lt;/div&gt;\n
                                    \n
                                    &lt;div class="mt-6 grid grid-cols-2 gap-4"&gt;\n
                                        &lt;div class="flex items-center gap-2"&gt;\n
                                            &lt;svg class="lucide w-5 h-5 mr-2" xmlns="http://www.w3.org/2000/svg" fill="none" stroke="currentColor" stroke-width="2" stroke-linecap="round" stroke-linejoin="round" viewBox="0 0 24 24"&gt;&lt;polyline points="9 18 15 12 9 6"/&gt;&lt;/svg&gt;\n
                                            &lt;a href="http://localhost/construction/list-flooding"\n
                                                class="text-xl hover:text-gray-500 transition-all"&gt;\n
                                                Tổng số công trình\n
                                            &lt;/a&gt;\n
                                        &lt;/div&gt;\n
                                                                                    &lt;div class="text-center text-xl font-semibold"&gt;\n
                                                0\n
                                            &lt;/div&gt;\n
                                        \n
                                        &lt;div class="flex items-center gap-2"&gt;\n
                                            &lt;svg class="lucide w-5 h-5 mr-2" xmlns="http://www.w3.org/2000/svg" fill="none" stroke="currentColor" stroke-width="2" stroke-linecap="round" stroke-linejoin="round" viewBox="0 0 24 24"&gt;&lt;polyline points="9 18 15 12 9 6"/&gt;&lt;/svg&gt;\n
                                            &lt;a href="http://localhost/calamity/list-flooding"\n
                                                class="text-xl hover:text-gray-500 transition-all"&gt;\n
                                                Số lượng thiên tai\n
                                            &lt;/a&gt;\n
                                        &lt;/div&gt;\n
                                                                                    &lt;div class="text-center text-white text-xl font-semibold"&gt;\n
                                                0\n
                                            &lt;/div&gt;\n
                                                                            &lt;/div&gt;\n
                                &lt;/div&gt;\n
                        &lt;/div&gt;\n
                        &lt;div class="intro-y col-span-12 sm:col-span-6 xl:col-span-4"&gt;\n
                            \n
                                &lt;div\n
                                    class="box p-5 bg-gradient-to-r from-blue-500 to-indigo-500 text-white rounded-lg shadow-lg"&gt;\n
                               \n
                                    &lt;div class="flex items-center gap-6"&gt;\n
                                        &lt;svg class="lucide w-5 h-5 mr-2" xmlns="http://www.w3.org/2000/svg" fill="none" stroke="currentColor" stroke-width="2" stroke-linecap="round" stroke-linejoin="round" viewBox="0 0 24 24"&gt;&lt;path d="M16.5 6.5a4.5 4.5 0 0 1 4.5 4.5a4.5 4.5 0 0 1-4.5 4.5H12l3-6H9a3 3 0 0 1-3-3a3 3 0 0 1 .88-2.12A4.49 4.49 0 0 1 12.5 6h1"/&gt;&lt;path d="M16.5 16v2m-3-2v2m-3-2v2m6-6v2m-3-2v2m-3-2v2"/&gt;&lt;/svg&gt;\n
                                        &lt;span class="text-2xl font-bold tracking-wide"&gt;SẠT LỞ&lt;/span&gt;\n
                                    &lt;/div&gt;\n
                                   \n
                                    &lt;div class="mt-6 grid grid-cols-2 gap-4"&gt;\n
                                        &lt;div class="flex items-center gap-2"&gt;\n
                                            &lt;svg class="lucide w-5 h-5 mr-2" xmlns="http://www.w3.org/2000/svg" fill="none" stroke="currentColor" stroke-width="2" stroke-linecap="round" stroke-linejoin="round" viewBox="0 0 24 24"&gt;&lt;polyline points="9 18 15 12 9 6"/&gt;&lt;/svg&gt;\n
                                            &lt;a href="http://localhost/construction/list-river-bank"\n
                                                class=" text-xl hover:text-gray-500 transition-all"&gt;\n
                                                Tổng số công trình\n
                                            &lt;/a&gt;\n
                                        &lt;/div&gt;\n
                                                                                    &lt;div class="text-center text-xl font-semibold"&gt;\n
                                                0\n
                                            &lt;/div&gt;\n
                                        \n
                                        &lt;div class="flex items-center gap-2"&gt;\n
                                            &lt;svg class="lucide w-5 h-5 mr-2" xmlns="http://www.w3.org/2000/svg" fill="none" stroke="currentColor" stroke-width="2" stroke-linecap="round" stroke-linejoin="round" viewBox="0 0 24 24"&gt;&lt;polyline points="9 18 15 12 9 6"/&gt;&lt;/svg&gt;\n
                                            &lt;a href="http://localhost/calamity/list-river-bank"\n
                                                class="text-xl hover:text-gray-500 transition-all"&gt;\n
                                                Số lượng thiên tai\n
                                            &lt;/a&gt;\n
                                        &lt;/div&gt;\n
                                                                                    &lt;div class="text-center text-xl font-semibold"&gt;\n
                                                1\n
                                            &lt;/div&gt;\n
                                                                            &lt;/div&gt;\n
                                &lt;/div&gt;\n
                        &lt;/div&gt;\n
                    &lt;/div&gt;\n
                &lt;/div&gt;\n
                \n
                &lt;div class="col-span-12 xl:col-span-5 flex flex-col mt-5"&gt;\n
                    &lt;div class="intro-y flex h-10 items-center"&gt;\n
                        \n
                        &lt;h2 class="flex items-center mr-5 uppercase text-lg font-medium"&gt;\n
                            &lt;svg class="lucide w-5 h-5 mr-2" xmlns="http://www.w3.org/2000/svg" fill="none" stroke="currentColor" stroke-width="2" stroke-linecap="round" stroke-linejoin="round" viewBox="0 0 24 24"&gt;&lt;path d="M4 6h16"/&gt;&lt;path d="M4 12h16"/&gt;&lt;path d="M4 18h16"/&gt;&lt;circle cx="10" cy="6" r="2"/&gt;&lt;circle cx="10" cy="12" r="2"/&gt;&lt;circle cx="10" cy="18" r="2"/&gt;&lt;/svg&gt;\n
                            Dữ Liệu Mới Nhất\n
                        &lt;/h2&gt;\n
                    &lt;/div&gt;\n
                    &lt;div class="mt-3 flex-1 space-y-3"&gt;\n
                                                    &lt;div class="intro-y bg-white shadow-sm hover:shadow-md transition-shadow duration-200 border border-gray-100 rounded-xl"&gt;\n
\n
                                &lt;a href="/" class="block"&gt;\n
                                    &lt;div class="box zoom-in mb-3 flex items-center px-5 py-5"&gt;\n
                                     \n
                                        &lt;div class="h-10 w-10 flex items-center justify-center rounded-md bg-primary/20"&gt;\n
                                            &lt;svg xmlns="http://www.w3.org/2000/svg" width="24" height="24" viewBox="0 0 24 24" fill="none" stroke="currentColor" stroke-width="2" stroke-linecap="round" stroke-linejoin="round" class="lucide lucide-shield-alert-icon lucide-shield-alert"&gt;&lt;path d="M20 13c0 5-3.5 7.5-7.66 8.95a1 1 0 0 1-.67-.01C7.5 20.5 4 18 4 13V6a1 1 0 0 1 1-1c2 0 4.5-1.2 6.24-2.72a1.17 1.17 0 0 1 1.52 0C14.51 3.81 17 5 19 5a1 1 0 0 1 1 1z"/&gt;&lt;path d="M12 8v4"/&gt;&lt;path d="M12 16h.01"/&gt;&lt;/svg&gt;\n
                                        &lt;/div&gt;\n
                                      \n
                                        &lt;div class="ml-4 flex-1 min-w-0"&gt;\n
                                                                                                                                    &lt;/div&gt;\n
\n
                                        &lt;div\n
                                            class="rounded-full bg-success px-3 py-1 text-xs font-medium text-white whitespace-nowrap"&gt;\n
                                            2025-07-14 06:37:27\n
                                        &lt;/div&gt;\n
                                    &lt;/div&gt;\n
                                &lt;/a&gt;\n
                            &lt;/div&gt;\n
                                            &lt;/div&gt;\n
                &lt;/div&gt;\n
               \n
                               &lt;div class="col-span-12 p-4 xl:col-span-7 flex flex-col "&gt;\n
\n
                    &lt;div class="intro-y flex h-10 items-center"&gt;\n
                        &lt;h2 class="flex items-center mr-5 gap-x-2 uppercase text-lg font-medium"&gt;\n
                            &lt;svg xmlns="http://www.w3.org/2000/svg" width="24" height="24" viewBox="0 0 24 24" fill="none" stroke="currentColor" stroke-width="2" stroke-linecap="round" stroke-linejoin="round" class="lucide lucide-chart-pie-icon lucide-chart-pie"&gt;&lt;path d="M21 12c.552 0 1.005-.449.95-.998a10 10 0 0 0-8.953-8.951c-.55-.055-.998.398-.998.95v8a1 1 0 0 0 1 1z"/&gt;&lt;path d="M21.21 15.89A10 10 0 1 1 8 2.83"/&gt;&lt;/svg&gt;\n
                            Biểu Đồ Thiên Tai\n
                        &lt;/h2&gt;\n
                    &lt;/div&gt;\n
                    &lt;div class="intro-y box mt-3 p-5 flex flex-1 items-center bg-white border border-gray-100 rounded-2xl justify-center"&gt;\n
                       \n
                        &lt;div class="w-2/3 flex flex-col items-center justify-center h-full"&gt;\n
                            &lt;div id="disaster-chart" class="h-[370px] w-full"&gt;&lt;/div&gt;\n
                            &lt;p class="mt-2 text-center text-sm text-gray-600"&gt;Biểu đồ thể hiện số lượng thiên tai theo loại\n
                                hình thiên tai&lt;/p&gt;\n
                        &lt;/div&gt;\n
                       \n
                        &lt;div class="w-1/3 pl-3 flex flex-col justify-center gap-2"&gt;\n
                                                                                                                                    &lt;div class="flex items-center"&gt;\n
                                        &lt;div class="mr-2 h-2 w-2 rounded-full"\n
                                            style="background-color: #2563eb;"&gt;&lt;/div&gt;\n
                                        &lt;span class="truncate text-lg font-medium"&gt;Sạt Lở&lt;/span&gt;\n
                                        &lt;span class="ml-auto font-semibold text-lg"&gt;0%&lt;/span&gt;\n
                                    &lt;/div&gt;\n
                                                                                                        &lt;div class="flex items-center"&gt;\n
                                        &lt;div class="mr-2 h-2 w-2 rounded-full"\n
                                            style="background-color: #f59e0b;"&gt;&lt;/div&gt;\n
                                        &lt;span class="truncate text-lg font-medium"&gt;Ngập Lụt&lt;/span&gt;\n
                                        &lt;span class="ml-auto font-semibold text-lg"&gt;0%&lt;/span&gt;\n
                                    &lt;/div&gt;\n
                                                                                                        &lt;div class="flex items-center"&gt;\n
                                        &lt;div class="mr-2 h-2 w-2 rounded-full"\n
                                            style="background-color: #ef4444;"&gt;&lt;/div&gt;\n
                                        &lt;span class="truncate text-lg font-medium"&gt;Bão&lt;/span&gt;\n
                                        &lt;span class="ml-auto font-semibold text-lg"&gt;0%&lt;/span&gt;\n
                                    &lt;/div&gt;\n
                                                                                    &lt;/div&gt;\n
                    &lt;/div&gt;\n
                &lt;/div&gt;\n
                \n
                &lt;div class="col-span-12 xl:col-span-12 flex flex-col mt-4"&gt;\n
                    &lt;div class="intro-y flex h-10 items-center"&gt;\n
                        &lt;h2 class="flex items-center mr-5 uppercase text-lg font-medium"&gt;\n
                            &lt;svg class="lucide w-5 h-5 mr-2" xmlns="http://www.w3.org/2000/svg" fill="none" stroke="currentColor" stroke-width="2" stroke-linecap="round" stroke-linejoin="round" viewBox="0 0 24 24"&gt;&lt;path d="M21 10a9 9 0 1 1-18 0a9 9 0 0 1 18 0z"/&gt;&lt;circle cx="12" cy="10" r="3"/&gt;&lt;/svg&gt;\n
                            Bản Đồ Cảnh Báo Thiên Tai 7 Ngày Gần Nhất\n
                        &lt;/h2&gt;\n
                    &lt;/div&gt;\n
                    &lt;div class="intro-y flex items-center flex-wrap gap-x-4 mt-4"&gt;\n
                        \n
                                               \n
                        &lt;div class="flex flex-wrap gap-x-4"&gt;\n
                                                            &lt;label class="flex items-center space-x-2"&gt;\n
                                    &lt;input type="checkbox" id="toggle-sat-lo"\n
                                        class="form-checkbox h-5 w-5 text-blue-600" checked&gt;\n
                                    &lt;span&gt;Sạt Lở&lt;/span&gt;\n
                                &lt;/label&gt;\n
                                                            &lt;label class="flex items-center space-x-2"&gt;\n
                                    &lt;input type="checkbox" id="toggle-ngap-lut"\n
                                        class="form-checkbox h-5 w-5 text-blue-600" checked&gt;\n
                                    &lt;span&gt;Ngập Lụt&lt;/span&gt;\n
                                &lt;/label&gt;\n
                                                            &lt;label class="flex items-center space-x-2"&gt;\n
                                    &lt;input type="checkbox" id="toggle-bao"\n
                                        class="form-checkbox h-5 w-5 text-blue-600" checked&gt;\n
                                    &lt;span&gt;Bão&lt;/span&gt;\n
                                &lt;/label&gt;\n
                                                    &lt;/div&gt;\n
                    &lt;/div&gt;\n
                   \n
                    &lt;div class="intro-y box mt-4 p-5 flex flex-col items-center justify-center space-y-4"&gt;\n
                        &lt;div id="map" class="w-full h-[500px] md:h-[700px] rounded-lg border shadow-lg"&gt;&lt;/div&gt;\n
                    &lt;/div&gt;\n
                &lt;/div&gt;\n
                \n
                &lt;div class="col-span-12 xl:col-span-12 flex flex-col mt-5"&gt;\n
                    &lt;div class="intro-y flex h-10 items-center"&gt;\n
                        &lt;h2 class="flex items-center mr-5 uppercase text-lg font-medium"&gt;\n
                            &lt;svg class="lucide w-5 h-5 mr-2" xmlns="http://www.w3.org/2000/svg" fill="none" stroke="currentColor" stroke-width="2" stroke-linecap="round" stroke-linejoin="round" viewBox="0 0 24 24"&gt;&lt;path d="M21 10a9 9 0 1 1-18 0a9 9 0 0 1 18 0z"/&gt;&lt;circle cx="12" cy="10" r="3"/&gt;&lt;/svg&gt;\n
                            Bản Đồ Thời Tiết\n
                        &lt;/h2&gt;\n
                    &lt;/div&gt;\n
                    &lt;div class="intro-y box mt-4 p-5 flex flex-1 items-center justify-center"&gt;\n
                        &lt;iframe src="https://vrain.vn/52/overview?public_map=windy" width="100%" height="700px"\n
                            class="rounded-lg shadow-lg border" allowfullscreen&gt;\n
                        &lt;/iframe&gt;\n
                    &lt;/div&gt;\n
                   \n
                &lt;/div&gt;\n
                &lt;div class="col-span-12 xl:col-span-12 mt-5"&gt;\n
                \n
                &lt;div class="flex flex-col xl:flex-row gap-5"&gt;\n
                    \n
                    &lt;div class="bg-white shadow rounded-lg p-4 sm:p-6 xl:p-8 w-full xl:w-1/2"&gt;\n
                        &lt;div class="flex items-center"&gt;\n
                            &lt;div class="flex-shrink-0"&gt;\n
                            &lt;span class="text-2xl sm:text-3xl leading-none font-bold text-gray-900"&gt;0&lt;/span&gt;\n
                            &lt;h3 class="text-base font-normal text-gray-500"&gt;Người dân quan tâm thiên tai&lt;/h3&gt;\n
                            &lt;/div&gt;\n
                            \n
                            &lt;/div&gt;\n
                        &lt;/div&gt;\n
                    &lt;/div&gt;\n
                &lt;/div&gt;\n
            &lt;/div&gt;\n
            &lt;/div&gt;\n
\n
            &lt;/div&gt;\n
        &lt;/div&gt;\n
        &lt;div\n
    data-tw-backdrop=""\n
    aria-hidden="true"\n
    tabindex="-1"\n
    id="large-modal-size-preview" class="modal group bg-black/60 transition-[visibility,opacity] w-screen h-screen fixed left-0 top-0 [&amp;amp;:not(.show)]:duration-[0s,0.2s] [&amp;amp;:not(.show)]:delay-[0.2s,0s] [&amp;amp;:not(.show)]:invisible [&amp;amp;:not(.show)]:opacity-0 [&amp;amp;.show]:visible [&amp;amp;.show]:opacity-100 [&amp;amp;.show]:duration-[0s,0.4s]"\n
&gt;&lt;div\n
    data-tw-merge\n
    class="w-[90%] mx-auto bg-white relative rounded-md shadow-md transition-[margin-top,transform] duration-[0.4s,0.3s] -mt-16 group-[.show]:mt-16 group-[.modal-static]:scale-[1.05]    sm:w-[600px] lg:w-[900px] p-5"\n
&gt;&lt;form action="http://localhost/guest-disaster-subscribe" method="POST"&gt;\n
\n
                    &lt;input type="hidden" name="_token" value="OeW2Q7TLTMP2HlGlwR2ZgigVYhXvShFjZtvIeCWz" autocomplete="off"&gt;                    &lt;div class="mb-4"&gt;\n
                        &lt;label for="name" class="block text-sm font-medium text-gray-700 mb-1"&gt;Tên của bạn&lt;/label&gt;\n
                        &lt;input type="text" name="name" id="name" required\n
                            class="w-full border border-gray-300 rounded-md px-3 py-2 text-sm"&gt;\n
                    &lt;/div&gt;\n
\n
                    &lt;div class="mb-4"&gt;\n
                        &lt;label for="email" class="block text-sm font-medium text-gray-700 mb-1"&gt;Email nhận thông tin&lt;/label&gt;\n
                        &lt;input type="email" name="email" id="email"\n
                            class="w-full border border-gray-300 rounded-md px-3 py-2 text-sm"&gt;\n
                            \n
                    &lt;/div&gt;\n
                    &lt;div class="text-right"&gt;\n
                        &lt;button type="submit"\n
                            class="bg-blue-600 hover:bg-blue-700 text-white text-sm font-medium px-4 py-2 rounded-md"&gt;\n
                            Đăng ký\n
                        &lt;/button&gt;\n
                    &lt;/div&gt;\n
            &lt;/form&gt;&lt;/div&gt;&lt;/div&gt;\n
\n
    &lt;/div&gt;\n
            &lt;/div&gt;\n
        &lt;/div&gt;\n
    &lt;/div&gt;\n
\n
&lt;/body&gt;\n
\n
&lt;/html&gt;\n
\n
&lt;script&gt;\n
    function openNotification() {\n
        console.log('openNotification');\n
        const dropdown = document.getElementById('notification-dropdown');\n
        if (dropdown) {\n
            dropdown.classList.toggle('hidden');\n
            \n
            // Nếu dropdown đang hiển thị, đánh dấu tất cả thông báo đã đọc\n
            if (!dropdown.classList.contains('hidden')) {\n
                markNotificationsAsRead();\n
            }\n
        }\n
    }\n
\n
    function markNotificationsAsRead() {\n
        // Gửi request để đánh dấu thông báo đã đọc\n
        fetch('/mark-notifications-as-read', {\n
            method: 'POST',\n
            headers: {\n
                'X-CSRF-TOKEN': document.querySelector('meta[name="csrf-token"]').getAttribute('content'),\n
                'Content-Type': 'application/json',\n
            },\n
        })\n
        .then(response =&gt; response.json())\n
        .then(data =&gt; {\n
            if (data.success) {\n
                // Ẩn badge số lượng thông báo\n
                const badge = document.getElementById('notification-badge');\n
                if (badge) {\n
                    badge.style.display = 'none';\n
                }\n
            }\n
        })\n
        .catch(error =&gt; {\n
            console.error('Error marking notifications as read:', error);\n
        });\n
    }\n
\n
    function markNotificationAsRead(notificationId, element) {\n
        // Gửi request để đánh dấu một thông báo cụ thể đã đọc\n
        fetch('/mark-notification-as-read', {\n
            method: 'POST',\n
            headers: {\n
                'X-CSRF-TOKEN': document.querySelector('meta[name="csrf-token"]').getAttribute('content'),\n
                'Content-Type': 'application/json',\n
            },\n
            body: JSON.stringify({\n
                notification_id: notificationId\n
            })\n
        })\n
        .then(response =&gt; response.json())\n
        .then(data =&gt; {\n
            if (data.success) {\n
                // Cập nhật giao diện\n
                element.classList.remove('bg-blue-50', 'border-l-4', 'border-blue-500');\n
                element.classList.add('bg-white');\n
                \n
                // Cập nhật màu text\n
                const titleElement = element.querySelector('.font-semibold');\n
                const messageElement = element.querySelector('.text-blue-700');\n
                if (titleElement) titleElement.classList.remove('text-blue-900');\n
                if (messageElement) messageElement.classList.remove('text-blue-700');\n
                \n
                // Ẩn dot xanh\n
                const dotElement = element.querySelector('.bg-blue-500');\n
                if (dotElement) dotElement.style.display = 'none';\n
                \n
                // Cập nhật badge số lượng\n
                updateNotificationBadge();\n
            }\n
        })\n
        .catch(error =&gt; {\n
            console.error('Error marking notification as read:', error);\n
        });\n
    }\n
\n
    function updateNotificationBadge() {\n
        // Đếm số thông báo chưa đọc còn lại\n
        const unreadItems = document.querySelectorAll('.bg-blue-50');\n
        const badge = document.getElementById('notification-badge');\n
        \n
        if (badge) {\n
            if (unreadItems.length === 0) {\n
                badge.style.display = 'none';\n
            } else {\n
                badge.textContent = unreadItems.length;\n
                badge.style.display = 'inline-block';\n
            }\n
        }\n
    }\n
\n
    document.addEventListener("DOMContentLoaded", function () {\n
        const toggles = document.querySelectorAll('.toggle-submenu');\n
\n
        toggles.forEach(toggle =&gt; {\n
            toggle.addEventListener('click', function (e) {\n
                e.preventDefault();\n
                const submenu = this.nextElementSibling;\n
\n
                document.querySelectorAll('.submenu').forEach(sm =&gt; {\n
                    if (sm !== submenu) sm.classList.add('hidden');\n
                });\n
\n
                if (submenu &amp;&amp; submenu.classList.contains('submenu')) {\n
                    submenu.classList.toggle('hidden');\n
                }\n
            });\n
        });\n
        \n
        const btn = document.getElementById('user-menu-button');\n
        const dropdown = document.getElementById('user-dropdown');\n
\n
        if (btn &amp;&amp; dropdown) {\n
            btn.addEventListener('click', function (e) {\n
                e.stopPropagation();\n
                dropdown.classList.toggle('hidden');\n
            });\n
\n
            document.addEventListener('click', function (e) {\n
                if (!dropdown.classList.contains('hidden') &amp;&amp;\n
                    !dropdown.contains(e.target) &amp;&amp;\n
                    !btn.contains(e.target)) {\n
                    dropdown.classList.add('hidden');\n
                }\n
            });\n
        }\n
\n
        // Thêm event listener để đóng dropdown thông báo khi click ra ngoài\n
        document.addEventListener('click', function (e) {\n
            const notificationDropdown = document.getElementById('notification-dropdown');\n
            const notificationButton = document.querySelector('[onclick="openNotification()"]');\n
            \n
            if (notificationDropdown &amp;&amp; !notificationDropdown.classList.contains('hidden') &amp;&amp;\n
                !notificationDropdown.contains(e.target) &amp;&amp;\n
                !notificationButton.contains(e.target)) {\n
                notificationDropdown.classList.add('hidden');\n
            }\n
        });\n
    });\n
&lt;/script&gt;\n
' [UTF-8](length: 130511) contains "Test Calamity" [ASCII](length: 13).
&#13;
D:\DO_AN_TOT_NGHIEP\doan_calamity_manager\vendor\laravel\framework\src\Illuminate\Testing\TestResponseAssert.php:45
D:\DO_AN_TOT_NGHIEP\doan_calamity_manager\vendor\laravel\framework\src\Illuminate\Testing\TestResponse.php:686
D:\DO_AN_TOT_NGHIEP\doan_calamity_manager\tests\Feature\IntegrationTest.php:67</failure>
        </testcase>
        <testcase name="test_guest_can_access_public_features" file="D:\DO_AN_TOT_NGHIEP\doan_calamity_manager\tests\Feature\IntegrationTest.php" line="86" class="Tests\Feature\IntegrationTest" classname="Tests.Feature.IntegrationTest" assertions="6" time="0.096498"/>
        <testcase name="test_authentication_flow" file="D:\DO_AN_TOT_NGHIEP\doan_calamity_manager\tests\Feature\IntegrationTest.php" line="107" class="Tests\Feature\IntegrationTest" classname="Tests.Feature.IntegrationTest" assertions="6" time="0.030673"/>
        <testcase name="test_data_relationships_work_correctly" file="D:\DO_AN_TOT_NGHIEP\doan_calamity_manager\tests\Feature\IntegrationTest.php" line="129" class="Tests\Feature\IntegrationTest" classname="Tests.Feature.IntegrationTest" assertions="4" time="0.026708"/>
        <testcase name="test_search_functionality" file="D:\DO_AN_TOT_NGHIEP\doan_calamity_manager\tests\Feature\IntegrationTest.php" line="149" class="Tests\Feature\IntegrationTest" classname="Tests.Feature.IntegrationTest" assertions="3" time="0.047974"/>
        <testcase name="test_bulk_operations" file="D:\DO_AN_TOT_NGHIEP\doan_calamity_manager\tests\Feature\IntegrationTest.php" line="160" class="Tests\Feature\IntegrationTest" classname="Tests.Feature.IntegrationTest" assertions="4" time="0.028944"/>
      </testsuite>
      <testsuite name="Tests\Feature\SimpleTest" file="D:\DO_AN_TOT_NGHIEP\doan_calamity_manager\tests\Feature\SimpleTest.php" tests="3" assertions="8" errors="0" failures="0" skipped="0" time="0.092202">
        <testcase name="test_basic_authentication" file="D:\DO_AN_TOT_NGHIEP\doan_calamity_manager\tests\Feature\SimpleTest.php" line="13" class="Tests\Feature\SimpleTest" classname="Tests.Feature.SimpleTest" assertions="3" time="0.033451"/>
        <testcase name="test_user_can_logout" file="D:\DO_AN_TOT_NGHIEP\doan_calamity_manager\tests\Feature\SimpleTest.php" line="30" class="Tests\Feature\SimpleTest" classname="Tests.Feature.SimpleTest" assertions="4" time="0.029234"/>
        <testcase name="test_guest_can_access_public_pages" file="D:\DO_AN_TOT_NGHIEP\doan_calamity_manager\tests\Feature\SimpleTest.php" line="44" class="Tests\Feature\SimpleTest" classname="Tests.Feature.SimpleTest" assertions="1" time="0.029517"/>
      </testsuite>
      <testsuite name="Tests\Feature\TypeOfCalamityManagementTest" file="D:\DO_AN_TOT_NGHIEP\doan_calamity_manager\tests\Feature\TypeOfCalamityManagementTest.php" tests="10" assertions="18" errors="0" failures="0" skipped="2" time="0.396652">
        <testcase name="test_guest_can_view_type_of_calamity_list" file="D:\DO_AN_TOT_NGHIEP\doan_calamity_manager\tests\Feature\TypeOfCalamityManagementTest.php" line="14" class="Tests\Feature\TypeOfCalamityManagementTest" classname="Tests.Feature.TypeOfCalamityManagementTest" assertions="1" time="0.068191"/>
        <testcase name="test_authenticated_user_can_view_create_type_of_calamity_form" file="D:\DO_AN_TOT_NGHIEP\doan_calamity_manager\tests\Feature\TypeOfCalamityManagementTest.php" line="20" class="Tests\Feature\TypeOfCalamityManagementTest" classname="Tests.Feature.TypeOfCalamityManagementTest" assertions="1" time="0.042525"/>
        <testcase name="test_authenticated_user_can_create_new_type_of_calamity" file="D:\DO_AN_TOT_NGHIEP\doan_calamity_manager\tests\Feature\TypeOfCalamityManagementTest.php" line="30" class="Tests\Feature\TypeOfCalamityManagementTest" classname="Tests.Feature.TypeOfCalamityManagementTest" assertions="3" time="0.032476"/>
        <testcase name="test_cannot_create_type_of_calamity_with_duplicate_name" file="D:\DO_AN_TOT_NGHIEP\doan_calamity_manager\tests\Feature\TypeOfCalamityManagementTest.php" line="48" class="Tests\Feature\TypeOfCalamityManagementTest" classname="Tests.Feature.TypeOfCalamityManagementTest" assertions="0" time="0.027046">
          <skipped/>
        </testcase>
        <testcase name="test_authenticated_user_can_view_edit_type_of_calamity_form" file="D:\DO_AN_TOT_NGHIEP\doan_calamity_manager\tests\Feature\TypeOfCalamityManagementTest.php" line="54" class="Tests\Feature\TypeOfCalamityManagementTest" classname="Tests.Feature.TypeOfCalamityManagementTest" assertions="1" time="0.044502"/>
        <testcase name="test_authenticated_user_can_update_type_of_calamity" file="D:\DO_AN_TOT_NGHIEP\doan_calamity_manager\tests\Feature\TypeOfCalamityManagementTest.php" line="65" class="Tests\Feature\TypeOfCalamityManagementTest" classname="Tests.Feature.TypeOfCalamityManagementTest" assertions="0" time="0.027704">
          <skipped/>
        </testcase>
        <testcase name="test_authenticated_user_can_delete_type_of_calamity" file="D:\DO_AN_TOT_NGHIEP\doan_calamity_manager\tests\Feature\TypeOfCalamityManagementTest.php" line="71" class="Tests\Feature\TypeOfCalamityManagementTest" classname="Tests.Feature.TypeOfCalamityManagementTest" assertions="3" time="0.030042"/>
        <testcase name="test_authenticated_user_can_delete_multiple_type_of_calamities" file="D:\DO_AN_TOT_NGHIEP\doan_calamity_manager\tests\Feature\TypeOfCalamityManagementTest.php" line="84" class="Tests\Feature\TypeOfCalamityManagementTest" classname="Tests.Feature.TypeOfCalamityManagementTest" assertions="4" time="0.033067"/>
        <testcase name="test_type_of_calamity_list_can_be_searched" file="D:\DO_AN_TOT_NGHIEP\doan_calamity_manager\tests\Feature\TypeOfCalamityManagementTest.php" line="102" class="Tests\Feature\TypeOfCalamityManagementTest" classname="Tests.Feature.TypeOfCalamityManagementTest" assertions="3" time="0.061750"/>
        <testcase name="test_guest_cannot_access_create_type_of_calamity_form" file="D:\DO_AN_TOT_NGHIEP\doan_calamity_manager\tests\Feature\TypeOfCalamityManagementTest.php" line="113" class="Tests\Feature\TypeOfCalamityManagementTest" classname="Tests.Feature.TypeOfCalamityManagementTest" assertions="2" time="0.029348"/>
      </testsuite>
      <testsuite name="Tests\Feature\UserManagementTest" file="D:\DO_AN_TOT_NGHIEP\doan_calamity_manager\tests\Feature\UserManagementTest.php" tests="12" assertions="21" errors="0" failures="3" skipped="0" time="0.415829">
        <testcase name="test_authenticated_user_can_view_user_list" file="D:\DO_AN_TOT_NGHIEP\doan_calamity_manager\tests\Feature\UserManagementTest.php" line="13" class="Tests\Feature\UserManagementTest" classname="Tests.Feature.UserManagementTest" assertions="1" time="0.052332"/>
        <testcase name="test_authenticated_user_can_view_create_user_form" file="D:\DO_AN_TOT_NGHIEP\doan_calamity_manager\tests\Feature\UserManagementTest.php" line="23" class="Tests\Feature\UserManagementTest" classname="Tests.Feature.UserManagementTest" assertions="1" time="0.039942"/>
        <testcase name="test_authenticated_user_can_create_new_user" file="D:\DO_AN_TOT_NGHIEP\doan_calamity_manager\tests\Feature\UserManagementTest.php" line="33" class="Tests\Feature\UserManagementTest" classname="Tests.Feature.UserManagementTest" assertions="2" time="0.029351">
          <failure type="PHPUnit\Framework\ExpectationFailedException">Tests\Feature\UserManagementTest::test_authenticated_user_can_create_new_user&#13;
Failed asserting that two strings are equal.&#13;
&#13;
The following errors occurred during the last request:

Trường tên là bắt buộc.&#13;

--- Expected
+++ Actual
@@ @@
-'http://localhost/list-user'
+'http://localhost'
&#13;
D:\DO_AN_TOT_NGHIEP\doan_calamity_manager\vendor\laravel\framework\src\Illuminate\Testing\TestResponseAssert.php:45
D:\DO_AN_TOT_NGHIEP\doan_calamity_manager\vendor\laravel\framework\src\Illuminate\Testing\TestResponse.php:408
D:\DO_AN_TOT_NGHIEP\doan_calamity_manager\vendor\laravel\framework\src\Illuminate\Testing\TestResponse.php:205
D:\DO_AN_TOT_NGHIEP\doan_calamity_manager\tests\Feature\UserManagementTest.php:47</failure>
        </testcase>
        <testcase name="test_cannot_create_user_with_duplicate_user_name" file="D:\DO_AN_TOT_NGHIEP\doan_calamity_manager\tests\Feature\UserManagementTest.php" line="57" class="Tests\Feature\UserManagementTest" classname="Tests.Feature.UserManagementTest" assertions="1" time="0.027504"/>
        <testcase name="test_cannot_create_user_with_duplicate_email" file="D:\DO_AN_TOT_NGHIEP\doan_calamity_manager\tests\Feature\UserManagementTest.php" line="75" class="Tests\Feature\UserManagementTest" classname="Tests.Feature.UserManagementTest" assertions="1" time="0.027267"/>
        <testcase name="test_authenticated_user_can_view_edit_user_form" file="D:\DO_AN_TOT_NGHIEP\doan_calamity_manager\tests\Feature\UserManagementTest.php" line="93" class="Tests\Feature\UserManagementTest" classname="Tests.Feature.UserManagementTest" assertions="1" time="0.045602"/>
        <testcase name="test_authenticated_user_can_update_user" file="D:\DO_AN_TOT_NGHIEP\doan_calamity_manager\tests\Feature\UserManagementTest.php" line="104" class="Tests\Feature\UserManagementTest" classname="Tests.Feature.UserManagementTest" assertions="1" time="0.028736">
          <failure type="PHPUnit\Framework\ExpectationFailedException">Tests\Feature\UserManagementTest::test_authenticated_user_can_update_user&#13;
Expected response status code [201, 301, 302, 303, 307, 308] but received 422.
Failed asserting that false is true.&#13;
&#13;
The following errors occurred during the last request:

{
    "errors": {
        "name": [
            "Trường tên là bắt buộc."
        ]
    }
}
&#13;
D:\DO_AN_TOT_NGHIEP\doan_calamity_manager\vendor\laravel\framework\src\Illuminate\Testing\TestResponseAssert.php:45
D:\DO_AN_TOT_NGHIEP\doan_calamity_manager\vendor\laravel\framework\src\Illuminate\Testing\TestResponse.php:199
D:\DO_AN_TOT_NGHIEP\doan_calamity_manager\tests\Feature\UserManagementTest.php:118</failure>
        </testcase>
        <testcase name="test_authenticated_user_can_delete_user" file="D:\DO_AN_TOT_NGHIEP\doan_calamity_manager\tests\Feature\UserManagementTest.php" line="127" class="Tests\Feature\UserManagementTest" classname="Tests.Feature.UserManagementTest" assertions="3" time="0.027611"/>
        <testcase name="test_authenticated_user_can_delete_multiple_users" file="D:\DO_AN_TOT_NGHIEP\doan_calamity_manager\tests\Feature\UserManagementTest.php" line="140" class="Tests\Feature\UserManagementTest" classname="Tests.Feature.UserManagementTest" assertions="4" time="0.028582"/>
        <testcase name="test_user_list_can_be_searched" file="D:\DO_AN_TOT_NGHIEP\doan_calamity_manager\tests\Feature\UserManagementTest.php" line="158" class="Tests\Feature\UserManagementTest" classname="Tests.Feature.UserManagementTest" assertions="2" time="0.056809">
          <failure type="PHPUnit\Framework\ExpectationFailedException">Tests\Feature\UserManagementTest::test_user_list_can_be_searched&#13;
Failed asserting that '&lt;!DOCTYPE html&gt;\n
&lt;html class="opacity-0" lang="vi"&gt;\n
\n
&lt;head&gt;\n
    &lt;meta charset="utf-8"&gt;\n
    &lt;meta name="csrf-token" content="NhYqMwuVGFHtMVn22hbxTz9LtoYOlRELbmwatLr0"&gt;\n
    &lt;meta name="viewport" content="width=device-width, initial-scale=1"&gt;\n
    &lt;meta name="author" content="LEFT4CODE"&gt;\n
    \n
    \n
    &lt;script type="module" src="http://[::1]:5173/@vite/client"&gt;&lt;/script&gt;&lt;script type="module" src="http://[::1]:5173/resources/js/vendors/dom.js"&gt;&lt;/script&gt;    \n
    \n
    &lt;script type="module" src="http://[::1]:5173/@vite/client"&gt;&lt;/script&gt;&lt;script type="module" src="http://[::1]:5173/resources/js/components/base/theme-color.js"&gt;&lt;/script&gt;    &lt;script type="module" src="http://[::1]:5173/@vite/client"&gt;&lt;/script&gt;&lt;link rel="stylesheet" href="http://[::1]:5173/resources/css/app.css" /&gt;&lt;script type="module" src="http://[::1]:5173/resources/js/app.js"&gt;&lt;/script&gt;\n
    &lt;/head&gt;\n
\n
&lt;body style="background-color: #1E3A8A;"&gt;\n
\n
    &lt;div class=" px-5 sm:px-8 py-5 "&gt;\n
        &lt;div class="mobile-menu hidden lg:hidden fixed inset-0 bg-slate-900 text-white z-50 overflow-y-auto" style="background-color: #1E3A8A;"&gt;\n
    \n
    &lt;div class="flex h-[70px] items-center px-4 sm:px-8 justify-between border-b border-slate-700 lg:hidden"&gt;\n
        &lt;a href="http://localhost" class="flex items-center gap-2"&gt;\n
            &lt;span class="font-semibold text-lg"&gt;Quản lý thiên tai&lt;/span&gt;\n
        &lt;/a&gt;\n
        &lt;span role="button" class="mobile-menu-close cursor-pointer"\n
      onclick="document.querySelector('.mobile-menu')?.classList.add('hidden')"&gt;\n
    &lt;svg class="lucide w-5 h-5 mr-2" xmlns="http://www.w3.org/2000/svg" fill="none" stroke="currentColor" stroke-width="2" stroke-linecap="round" stroke-linejoin="round" viewBox="0 0 24 24"&gt;&lt;circle cx="12" cy="12" r="10"/&gt;&lt;path d="M15 9l-6 6m0-6l6 6"/&gt;&lt;/svg&gt;\n
    &lt;/span&gt;\n
\n
    &lt;/div&gt;\n
\n
    &lt;ul class="py-4 px-4 space-y-2"&gt;\n
                                                        &lt;li&gt;\n
                        &lt;a class="flex items-center justify-between px-4 py-3 hover:bg-slate-700 rounded transition "\n
                           href="http://localhost"&gt;\n
                            &lt;div class="flex items-center gap-2"&gt;\n
                                &lt;svg class="lucide w-5 h-5 mr-2" xmlns="http://www.w3.org/2000/svg" fill="none" stroke="currentColor" stroke-width="2" stroke-linecap="round" stroke-linejoin="round" viewBox="0 0 24 24"&gt;&lt;path d="M12 22a10 10 0 1 0-10-10a10.011 10.011 0 0 0 10 10z"/&gt;&lt;path d="M12.5 7h-1a1.5 1.5 0 0 0-1.5 1.5v6A1.5 1.5 0 0 0 11.5 16h1a1.5 1.5 0 0 0 .5-2.9V9.9A1.5 1.5 0 0 0 12.5 7z"/&gt;&lt;circle cx="12" cy="19" r=".5"/&gt;&lt;/svg&gt;\n
                                &lt;span&gt;Tổng Quan&lt;/span&gt;\n
                            &lt;/div&gt;\n
                                                    &lt;/a&gt;\n
\n
                                            &lt;/li&gt;\n
                                                                &lt;li&gt;\n
                        &lt;a class="flex items-center justify-between px-4 py-3 hover:bg-slate-700 rounded transition toggle-submenu"\n
                           href="javascript:;"&gt;\n
                            &lt;div class="flex items-center gap-2"&gt;\n
                                &lt;svg class="lucide w-5 h-5 mr-2" xmlns="http://www.w3.org/2000/svg" fill="none" stroke="currentColor" stroke-width="2" stroke-linecap="round" stroke-linejoin="round" viewBox="0 0 24 24"&gt;&lt;path d="M3 9l9-7l9 7v11a2 2 0 0 1-2 2H5a2 2 0 0 1-2-2V9z"/&gt;&lt;polyline points="9 22 9 12 15 12 15 22"/&gt;&lt;/svg&gt;\n
                                &lt;span&gt;Địa Điểm&lt;/span&gt;\n
                            &lt;/div&gt;\n
                                                            &lt;svg class="lucide w-5 h-5 mr-2" xmlns="http://www.w3.org/2000/svg" fill="none" stroke="currentColor" stroke-width="2" stroke-linecap="round" stroke-linejoin="round" viewBox="0 0 24 24"&gt;&lt;path d="M6 9l6 6l6-6"/&gt;&lt;/svg&gt;\n
                                                    &lt;/a&gt;\n
\n
                                                    &lt;ul class="submenu ml-4 mt-1 hidden space-y-1"&gt;\n
                                                                    &lt;li&gt;\n
                                        &lt;a class="flex items-center justify-between px-4 py-2 text-sm hover:bg-slate-700 rounded transition "\n
                                           href="http://localhost/list-city"&gt;\n
                                            &lt;div class="flex items-center gap-2"&gt;\n
                                                &lt;svg class="lucide w-5 h-5 mr-2" xmlns="http://www.w3.org/2000/svg" fill="none" stroke="currentColor" stroke-width="2" stroke-linecap="round" stroke-linejoin="round" viewBox="0 0 24 24"&gt;&lt;path d="M12 22a10 10 0 1 0-10-10a10.011 10.011 0 0 0 10 10z"/&gt;&lt;path d="M12.5 7h-1a1.5 1.5 0 0 0-1.5 1.5v6A1.5 1.5 0 0 0 11.5 16h1a1.5 1.5 0 0 0 .5-2.9V9.9A1.5 1.5 0 0 0 12.5 7z"/&gt;&lt;circle cx="12" cy="19" r=".5"/&gt;&lt;/svg&gt;\n
                                                &lt;span&gt;Tỉnh-Thành&lt;/span&gt;\n
                                            &lt;/div&gt;\n
                                                                                    &lt;/a&gt;\n
\n
                                                                            &lt;/li&gt;\n
                                                                    &lt;li&gt;\n
                                        &lt;a class="flex items-center justify-between px-4 py-2 text-sm hover:bg-slate-700 rounded transition "\n
                                           href="http://localhost/list-district"&gt;\n
                                            &lt;div class="flex items-center gap-2"&gt;\n
                                                &lt;svg class="lucide w-5 h-5 mr-2" xmlns="http://www.w3.org/2000/svg" fill="none" stroke="currentColor" stroke-width="2" stroke-linecap="round" stroke-linejoin="round" viewBox="0 0 24 24"&gt;&lt;path d="M12 22a10 10 0 1 0-10-10a10.011 10.011 0 0 0 10 10z"/&gt;&lt;path d="M12.5 7h-1a1.5 1.5 0 0 0-1.5 1.5v6A1.5 1.5 0 0 0 11.5 16h1a1.5 1.5 0 0 0 .5-2.9V9.9A1.5 1.5 0 0 0 12.5 7z"/&gt;&lt;circle cx="12" cy="19" r=".5"/&gt;&lt;/svg&gt;\n
                                                &lt;span&gt;Quận-Huyện&lt;/span&gt;\n
                                            &lt;/div&gt;\n
                                                                                    &lt;/a&gt;\n
\n
                                                                            &lt;/li&gt;\n
                                                                    &lt;li&gt;\n
                                        &lt;a class="flex items-center justify-between px-4 py-2 text-sm hover:bg-slate-700 rounded transition "\n
                                           href="http://localhost/list-commune"&gt;\n
                                            &lt;div class="flex items-center gap-2"&gt;\n
                                                &lt;svg class="lucide w-5 h-5 mr-2" xmlns="http://www.w3.org/2000/svg" fill="none" stroke="currentColor" stroke-width="2" stroke-linecap="round" stroke-linejoin="round" viewBox="0 0 24 24"&gt;&lt;path d="M12 22a10 10 0 1 0-10-10a10.011 10.011 0 0 0 10 10z"/&gt;&lt;path d="M12.5 7h-1a1.5 1.5 0 0 0-1.5 1.5v6A1.5 1.5 0 0 0 11.5 16h1a1.5 1.5 0 0 0 .5-2.9V9.9A1.5 1.5 0 0 0 12.5 7z"/&gt;&lt;circle cx="12" cy="19" r=".5"/&gt;&lt;/svg&gt;\n
                                                &lt;span&gt;Phường-Xã&lt;/span&gt;\n
                                            &lt;/div&gt;\n
                                                                                    &lt;/a&gt;\n
\n
                                                                            &lt;/li&gt;\n
                                                            &lt;/ul&gt;\n
                                            &lt;/li&gt;\n
                                                                &lt;li&gt;\n
                        &lt;a class="flex items-center justify-between px-4 py-3 hover:bg-slate-700 rounded transition toggle-submenu"\n
                           href="javascript:;"&gt;\n
                            &lt;div class="flex items-center gap-2"&gt;\n
                                &lt;svg class="lucide w-5 h-5 mr-2" xmlns="http://www.w3.org/2000/svg" fill="none" stroke="currentColor" stroke-width="2" stroke-linecap="round" stroke-linejoin="round" viewBox="0 0 24 24"&gt;&lt;path d="M16 21v-2a4 4 0 0 0-8 0v2"/&gt;&lt;circle cx="12" cy="7" r="4"/&gt;&lt;path d="M20.88 18.5A3.5 3.5 0 0 1 17.5 22H6.5a3.5 3.5 0 0 1-3.38-2.5"/&gt;&lt;/svg&gt;\n
                                &lt;span&gt;Loại Thiên Tai&lt;/span&gt;\n
                            &lt;/div&gt;\n
                                                            &lt;svg class="lucide w-5 h-5 mr-2" xmlns="http://www.w3.org/2000/svg" fill="none" stroke="currentColor" stroke-width="2" stroke-linecap="round" stroke-linejoin="round" viewBox="0 0 24 24"&gt;&lt;path d="M6 9l6 6l6-6"/&gt;&lt;/svg&gt;\n
                                                    &lt;/a&gt;\n
\n
                                                    &lt;ul class="submenu ml-4 mt-1 hidden space-y-1"&gt;\n
                                                                    &lt;li&gt;\n
                                        &lt;a class="flex items-center justify-between px-4 py-2 text-sm hover:bg-slate-700 rounded transition "\n
                                           href="http://localhost/list-type-of-calamity"&gt;\n
                                            &lt;div class="flex items-center gap-2"&gt;\n
                                                &lt;svg class="lucide w-5 h-5 mr-2" xmlns="http://www.w3.org/2000/svg" fill="none" stroke="currentColor" stroke-width="2" stroke-linecap="round" stroke-linejoin="round" viewBox="0 0 24 24"&gt;&lt;path d="M12 22a10 10 0 1 0-10-10a10.011 10.011 0 0 0 10 10z"/&gt;&lt;path d="M12.5 7h-1a1.5 1.5 0 0 0-1.5 1.5v6A1.5 1.5 0 0 0 11.5 16h1a1.5 1.5 0 0 0 .5-2.9V9.9A1.5 1.5 0 0 0 12.5 7z"/&gt;&lt;circle cx="12" cy="19" r=".5"/&gt;&lt;/svg&gt;\n
                                                &lt;span&gt;Loại Thiên Tai&lt;/span&gt;\n
                                            &lt;/div&gt;\n
                                                                                    &lt;/a&gt;\n
\n
                                                                            &lt;/li&gt;\n
                                                                    &lt;li&gt;\n
                                        &lt;a class="flex items-center justify-between px-4 py-2 text-sm hover:bg-slate-700 rounded transition "\n
                                           href="http://localhost/list-sub-type-of-calamity"&gt;\n
                                            &lt;div class="flex items-center gap-2"&gt;\n
                                                &lt;svg class="lucide w-5 h-5 mr-2" xmlns="http://www.w3.org/2000/svg" fill="none" stroke="currentColor" stroke-width="2" stroke-linecap="round" stroke-linejoin="round" viewBox="0 0 24 24"&gt;&lt;path d="M12 22a10 10 0 1 0-10-10a10.011 10.011 0 0 0 10 10z"/&gt;&lt;path d="M12.5 7h-1a1.5 1.5 0 0 0-1.5 1.5v6A1.5 1.5 0 0 0 11.5 16h1a1.5 1.5 0 0 0 .5-2.9V9.9A1.5 1.5 0 0 0 12.5 7z"/&gt;&lt;circle cx="12" cy="19" r=".5"/&gt;&lt;/svg&gt;\n
                                                &lt;span&gt;Loại Thiên Tai Phụ&lt;/span&gt;\n
                                            &lt;/div&gt;\n
                                                                                    &lt;/a&gt;\n
\n
                                                                            &lt;/li&gt;\n
                                                                    &lt;li&gt;\n
                                        &lt;a class="flex items-center justify-between px-4 py-2 text-sm hover:bg-slate-700 rounded transition "\n
                                           href="http://localhost/list-risk-level"&gt;\n
                                            &lt;div class="flex items-center gap-2"&gt;\n
                                                &lt;svg class="lucide w-5 h-5 mr-2" xmlns="http://www.w3.org/2000/svg" fill="none" stroke="currentColor" stroke-width="2" stroke-linecap="round" stroke-linejoin="round" viewBox="0 0 24 24"&gt;&lt;path d="M12 22a10 10 0 1 0-10-10a10.011 10.011 0 0 0 10 10z"/&gt;&lt;path d="M12.5 7h-1a1.5 1.5 0 0 0-1.5 1.5v6A1.5 1.5 0 0 0 11.5 16h1a1.5 1.5 0 0 0 .5-2.9V9.9A1.5 1.5 0 0 0 12.5 7z"/&gt;&lt;circle cx="12" cy="19" r=".5"/&gt;&lt;/svg&gt;\n
                                                &lt;span&gt;Cấp Độ Thiên Tai&lt;/span&gt;\n
                                            &lt;/div&gt;\n
                                                                                    &lt;/a&gt;\n
\n
                                                                            &lt;/li&gt;\n
                                                                    &lt;li&gt;\n
                                        &lt;a class="flex items-center justify-between px-4 py-2 text-sm hover:bg-slate-700 rounded transition "\n
                                           href="http://localhost/list-type-of-construction"&gt;\n
                                            &lt;div class="flex items-center gap-2"&gt;\n
                                                &lt;svg class="lucide w-5 h-5 mr-2" xmlns="http://www.w3.org/2000/svg" fill="none" stroke="currentColor" stroke-width="2" stroke-linecap="round" stroke-linejoin="round" viewBox="0 0 24 24"&gt;&lt;path d="M12 22a10 10 0 1 0-10-10a10.011 10.011 0 0 0 10 10z"/&gt;&lt;path d="M12.5 7h-1a1.5 1.5 0 0 0-1.5 1.5v6A1.5 1.5 0 0 0 11.5 16h1a1.5 1.5 0 0 0 .5-2.9V9.9A1.5 1.5 0 0 0 12.5 7z"/&gt;&lt;circle cx="12" cy="19" r=".5"/&gt;&lt;/svg&gt;\n
                                                &lt;span&gt;Loại Công Trình&lt;/span&gt;\n
                                            &lt;/div&gt;\n
                                                                                    &lt;/a&gt;\n
\n
                                                                            &lt;/li&gt;\n
                                                                    &lt;li&gt;\n
                                        &lt;a class="flex items-center justify-between px-4 py-2 text-sm hover:bg-slate-700 rounded transition "\n
                                           href="http://localhost/list-scenarios"&gt;\n
                                            &lt;div class="flex items-center gap-2"&gt;\n
                                                &lt;svg class="lucide w-5 h-5 mr-2" xmlns="http://www.w3.org/2000/svg" fill="none" stroke="currentColor" stroke-width="2" stroke-linecap="round" stroke-linejoin="round" viewBox="0 0 24 24"&gt;&lt;path d="M12 22a10 10 0 1 0-10-10a10.011 10.011 0 0 0 10 10z"/&gt;&lt;path d="M12.5 7h-1a1.5 1.5 0 0 0-1.5 1.5v6A1.5 1.5 0 0 0 11.5 16h1a1.5 1.5 0 0 0 .5-2.9V9.9A1.5 1.5 0 0 0 12.5 7z"/&gt;&lt;circle cx="12" cy="19" r=".5"/&gt;&lt;/svg&gt;\n
                                                &lt;span&gt;Phương Án Ứng Phó&lt;/span&gt;\n
                                            &lt;/div&gt;\n
                                                                                    &lt;/a&gt;\n
\n
                                                                            &lt;/li&gt;\n
                                                            &lt;/ul&gt;\n
                                            &lt;/li&gt;\n
                                                                &lt;li&gt;\n
                        &lt;a class="flex items-center justify-between px-4 py-3 hover:bg-slate-700 rounded transition toggle-submenu"\n
                           href="javascript:;"&gt;\n
                            &lt;div class="flex items-center gap-2"&gt;\n
                                &lt;svg class="lucide w-5 h-5 mr-2" xmlns="http://www.w3.org/2000/svg" fill="none" stroke="currentColor" stroke-width="2" stroke-linecap="round" stroke-linejoin="round" viewBox="0 0 24 24"&gt;&lt;path d="M16 21v-2a4 4 0 0 0-8 0v2"/&gt;&lt;circle cx="12" cy="7" r="4"/&gt;&lt;path d="M20.88 18.5A3.5 3.5 0 0 1 17.5 22H6.5a3.5 3.5 0 0 1-3.38-2.5"/&gt;&lt;/svg&gt;\n
                                &lt;span&gt;Dữ Liệu Thiên Tai&lt;/span&gt;\n
                            &lt;/div&gt;\n
                                                            &lt;svg class="lucide w-5 h-5 mr-2" xmlns="http://www.w3.org/2000/svg" fill="none" stroke="currentColor" stroke-width="2" stroke-linecap="round" stroke-linejoin="round" viewBox="0 0 24 24"&gt;&lt;path d="M6 9l6 6l6-6"/&gt;&lt;/svg&gt;\n
                                                    &lt;/a&gt;\n
\n
                                                    &lt;ul class="submenu ml-4 mt-1 hidden space-y-1"&gt;\n
                                                                    &lt;li&gt;\n
                                        &lt;a class="flex items-center justify-between px-4 py-2 text-sm hover:bg-slate-700 rounded transition "\n
                                           href="http://localhost/calamity/list-river-bank"&gt;\n
                                            &lt;div class="flex items-center gap-2"&gt;\n
                                                &lt;svg class="lucide w-5 h-5 mr-2" xmlns="http://www.w3.org/2000/svg" fill="none" stroke="currentColor" stroke-width="2" stroke-linecap="round" stroke-linejoin="round" viewBox="0 0 24 24"&gt;&lt;path d="M12 22a10 10 0 1 0-10-10a10.011 10.011 0 0 0 10 10z"/&gt;&lt;path d="M12.5 7h-1a1.5 1.5 0 0 0-1.5 1.5v6A1.5 1.5 0 0 0 11.5 16h1a1.5 1.5 0 0 0 .5-2.9V9.9A1.5 1.5 0 0 0 12.5 7z"/&gt;&lt;circle cx="12" cy="19" r=".5"/&gt;&lt;/svg&gt;\n
                                                &lt;span&gt;Sạt Lở&lt;/span&gt;\n
                                            &lt;/div&gt;\n
                                                                                    &lt;/a&gt;\n
\n
                                                                            &lt;/li&gt;\n
                                                                    &lt;li&gt;\n
                                        &lt;a class="flex items-center justify-between px-4 py-2 text-sm hover:bg-slate-700 rounded transition "\n
                                           href="http://localhost/calamity/list-flooding"&gt;\n
                                            &lt;div class="flex items-center gap-2"&gt;\n
                                                &lt;svg class="lucide w-5 h-5 mr-2" xmlns="http://www.w3.org/2000/svg" fill="none" stroke="currentColor" stroke-width="2" stroke-linecap="round" stroke-linejoin="round" viewBox="0 0 24 24"&gt;&lt;path d="M12 22a10 10 0 1 0-10-10a10.011 10.011 0 0 0 10 10z"/&gt;&lt;path d="M12.5 7h-1a1.5 1.5 0 0 0-1.5 1.5v6A1.5 1.5 0 0 0 11.5 16h1a1.5 1.5 0 0 0 .5-2.9V9.9A1.5 1.5 0 0 0 12.5 7z"/&gt;&lt;circle cx="12" cy="19" r=".5"/&gt;&lt;/svg&gt;\n
                                                &lt;span&gt;Ngập Lụt&lt;/span&gt;\n
                                            &lt;/div&gt;\n
                                                                                    &lt;/a&gt;\n
\n
                                                                            &lt;/li&gt;\n
                                                                    &lt;li&gt;\n
                                        &lt;a class="flex items-center justify-between px-4 py-2 text-sm hover:bg-slate-700 rounded transition "\n
                                           href="http://localhost/calamity/list-storm"&gt;\n
                                            &lt;div class="flex items-center gap-2"&gt;\n
                                                &lt;svg class="lucide w-5 h-5 mr-2" xmlns="http://www.w3.org/2000/svg" fill="none" stroke="currentColor" stroke-width="2" stroke-linecap="round" stroke-linejoin="round" viewBox="0 0 24 24"&gt;&lt;path d="M12 22a10 10 0 1 0-10-10a10.011 10.011 0 0 0 10 10z"/&gt;&lt;path d="M12.5 7h-1a1.5 1.5 0 0 0-1.5 1.5v6A1.5 1.5 0 0 0 11.5 16h1a1.5 1.5 0 0 0 .5-2.9V9.9A1.5 1.5 0 0 0 12.5 7z"/&gt;&lt;circle cx="12" cy="19" r=".5"/&gt;&lt;/svg&gt;\n
                                                &lt;span&gt;Bão và ATNĐ&lt;/span&gt;\n
                                            &lt;/div&gt;\n
                                                                                    &lt;/a&gt;\n
\n
                                                                            &lt;/li&gt;\n
                                                            &lt;/ul&gt;\n
                                            &lt;/li&gt;\n
                                                                &lt;li&gt;\n
                        &lt;a class="flex items-center justify-between px-4 py-3 hover:bg-slate-700 rounded transition toggle-submenu"\n
                           href="javascript:;"&gt;\n
                            &lt;div class="flex items-center gap-2"&gt;\n
                                &lt;svg xmlns="http://www.w3.org/2000/svg" width="24" height="24" viewBox="0 0 24 24" fill="none" stroke="currentColor" stroke-width="2" stroke-linecap="round" stroke-linejoin="round" class="lucide lucide-construction-icon lucide-construction"&gt;&lt;rect x="2" y="6" width="20" height="8" rx="1"/&gt;&lt;path d="M17 14v7"/&gt;&lt;path d="M7 14v7"/&gt;&lt;path d="M17 3v3"/&gt;&lt;path d="M7 3v3"/&gt;&lt;path d="M10 14 2.3 6.3"/&gt;&lt;path d="m14 6 7.7 7.7"/&gt;&lt;path d="m8 6 8 8"/&gt;&lt;/svg&gt;\n
                                &lt;span&gt;Công Trình PCTT&lt;/span&gt;\n
                            &lt;/div&gt;\n
                                                            &lt;svg class="lucide w-5 h-5 mr-2" xmlns="http://www.w3.org/2000/svg" fill="none" stroke="currentColor" stroke-width="2" stroke-linecap="round" stroke-linejoin="round" viewBox="0 0 24 24"&gt;&lt;path d="M6 9l6 6l6-6"/&gt;&lt;/svg&gt;\n
                                                    &lt;/a&gt;\n
\n
                                                    &lt;ul class="submenu ml-4 mt-1 hidden space-y-1"&gt;\n
                                                                    &lt;li&gt;\n
                                        &lt;a class="flex items-center justify-between px-4 py-2 text-sm hover:bg-slate-700 rounded transition "\n
                                           href="http://localhost/construction/list-river-bank"&gt;\n
                                            &lt;div class="flex items-center gap-2"&gt;\n
                                                &lt;svg class="lucide w-5 h-5 mr-2" xmlns="http://www.w3.org/2000/svg" fill="none" stroke="currentColor" stroke-width="2" stroke-linecap="round" stroke-linejoin="round" viewBox="0 0 24 24"&gt;&lt;path d="M12 22a10 10 0 1 0-10-10a10.011 10.011 0 0 0 10 10z"/&gt;&lt;path d="M12.5 7h-1a1.5 1.5 0 0 0-1.5 1.5v6A1.5 1.5 0 0 0 11.5 16h1a1.5 1.5 0 0 0 .5-2.9V9.9A1.5 1.5 0 0 0 12.5 7z"/&gt;&lt;circle cx="12" cy="19" r=".5"/&gt;&lt;/svg&gt;\n
                                                &lt;span&gt;Sạt Lở&lt;/span&gt;\n
                                            &lt;/div&gt;\n
                                                                                    &lt;/a&gt;\n
\n
                                                                            &lt;/li&gt;\n
                                                                    &lt;li&gt;\n
                                        &lt;a class="flex items-center justify-between px-4 py-2 text-sm hover:bg-slate-700 rounded transition "\n
                                           href="http://localhost/construction/list-flooding"&gt;\n
                                            &lt;div class="flex items-center gap-2"&gt;\n
                                                &lt;svg class="lucide w-5 h-5 mr-2" xmlns="http://www.w3.org/2000/svg" fill="none" stroke="currentColor" stroke-width="2" stroke-linecap="round" stroke-linejoin="round" viewBox="0 0 24 24"&gt;&lt;path d="M12 22a10 10 0 1 0-10-10a10.011 10.011 0 0 0 10 10z"/&gt;&lt;path d="M12.5 7h-1a1.5 1.5 0 0 0-1.5 1.5v6A1.5 1.5 0 0 0 11.5 16h1a1.5 1.5 0 0 0 .5-2.9V9.9A1.5 1.5 0 0 0 12.5 7z"/&gt;&lt;circle cx="12" cy="19" r=".5"/&gt;&lt;/svg&gt;\n
                                                &lt;span&gt;Ngập Lụt&lt;/span&gt;\n
                                            &lt;/div&gt;\n
                                                                                    &lt;/a&gt;\n
\n
                                                                            &lt;/li&gt;\n
                                                                    &lt;li&gt;\n
                                        &lt;a class="flex items-center justify-between px-4 py-2 text-sm hover:bg-slate-700 rounded transition "\n
                                           href="http://localhost/construction/list-storm"&gt;\n
                                            &lt;div class="flex items-center gap-2"&gt;\n
                                                &lt;svg class="lucide w-5 h-5 mr-2" xmlns="http://www.w3.org/2000/svg" fill="none" stroke="currentColor" stroke-width="2" stroke-linecap="round" stroke-linejoin="round" viewBox="0 0 24 24"&gt;&lt;path d="M12 22a10 10 0 1 0-10-10a10.011 10.011 0 0 0 10 10z"/&gt;&lt;path d="M12.5 7h-1a1.5 1.5 0 0 0-1.5 1.5v6A1.5 1.5 0 0 0 11.5 16h1a1.5 1.5 0 0 0 .5-2.9V9.9A1.5 1.5 0 0 0 12.5 7z"/&gt;&lt;circle cx="12" cy="19" r=".5"/&gt;&lt;/svg&gt;\n
                                                &lt;span&gt;Bão và ATNĐ&lt;/span&gt;\n
                                            &lt;/div&gt;\n
                                                                                    &lt;/a&gt;\n
\n
                                                                            &lt;/li&gt;\n
                                                            &lt;/ul&gt;\n
                                            &lt;/li&gt;\n
                                                                &lt;li&gt;\n
                        &lt;a class="flex items-center justify-between px-4 py-3 hover:bg-slate-700 rounded transition toggle-submenu"\n
                           href="javascript:;"&gt;\n
                            &lt;div class="flex items-center gap-2"&gt;\n
                                &lt;svg class="lucide w-5 h-5 mr-2" xmlns="http://www.w3.org/2000/svg" fill="none" stroke="currentColor" stroke-width="2" stroke-linecap="round" stroke-linejoin="round" viewBox="0 0 24 24"&gt;&lt;path d="M16 21v-2a4 4 0 0 0-8 0v2"/&gt;&lt;circle cx="12" cy="7" r="4"/&gt;&lt;path d="M20.88 18.5A3.5 3.5 0 0 1 17.5 22H6.5a3.5 3.5 0 0 1-3.38-2.5"/&gt;&lt;/svg&gt;\n
                                &lt;span&gt;Địa danh hành chính&lt;/span&gt;\n
                            &lt;/div&gt;\n
                                                            &lt;svg class="lucide w-5 h-5 mr-2" xmlns="http://www.w3.org/2000/svg" fill="none" stroke="currentColor" stroke-width="2" stroke-linecap="round" stroke-linejoin="round" viewBox="0 0 24 24"&gt;&lt;path d="M6 9l6 6l6-6"/&gt;&lt;/svg&gt;\n
                                                    &lt;/a&gt;\n
\n
                                                    &lt;ul class="submenu ml-4 mt-1 hidden space-y-1"&gt;\n
                                                                    &lt;li&gt;\n
                                        &lt;a class="flex items-center justify-between px-4 py-2 text-sm hover:bg-slate-700 rounded transition "\n
                                           href="http://localhost/administrative/list-school"&gt;\n
                                            &lt;div class="flex items-center gap-2"&gt;\n
                                                &lt;svg xmlns="http://www.w3.org/2000/svg" width="24" height="24" viewBox="0 0 24 24" fill="none" stroke="currentColor" stroke-width="2" stroke-linecap="round" stroke-linejoin="round" class="lucide lucide-school-icon lucide-school"&gt;&lt;path d="M14 22v-4a2 2 0 1 0-4 0v4"/&gt;&lt;path d="m18 10 3.447 1.724a1 1 0 0 1 .553.894V20a2 2 0 0 1-2 2H4a2 2 0 0 1-2-2v-7.382a1 1 0 0 1 .553-.894L6 10"/&gt;&lt;path d="M18 5v17"/&gt;&lt;path d="m4 6 7.106-3.553a2 2 0 0 1 1.788 0L20 6"/&gt;&lt;path d="M6 5v17"/&gt;&lt;circle cx="12" cy="9" r="2"/&gt;&lt;/svg&gt;\n
                                                &lt;span&gt;Trường Học&lt;/span&gt;\n
                                            &lt;/div&gt;\n
                                                                                    &lt;/a&gt;\n
\n
                                                                            &lt;/li&gt;\n
                                                                    &lt;li&gt;\n
                                        &lt;a class="flex items-center justify-between px-4 py-2 text-sm hover:bg-slate-700 rounded transition "\n
                                           href="http://localhost/administrative/list-medical"&gt;\n
                                            &lt;div class="flex items-center gap-2"&gt;\n
                                                &lt;svg xmlns="http://www.w3.org/2000/svg" width="24" height="24" viewBox="0 0 24 24" fill="none" stroke="currentColor" stroke-width="2" stroke-linecap="round" stroke-linejoin="round" class="lucide lucide-hospital-icon lucide-hospital"&gt;&lt;path d="M12 6v4"/&gt;&lt;path d="M14 14h-4"/&gt;&lt;path d="M14 18h-4"/&gt;&lt;path d="M14 8h-4"/&gt;&lt;path d="M18 12h2a2 2 0 0 1 2 2v6a2 2 0 0 1-2 2H4a2 2 0 0 1-2-2v-9a2 2 0 0 1 2-2h2"/&gt;&lt;path d="M18 22V4a2 2 0 0 0-2-2H8a2 2 0 0 0-2 2v18"/&gt;&lt;/svg&gt;\n
                                                &lt;span&gt;Địa Điểm Y Tế&lt;/span&gt;\n
                                            &lt;/div&gt;\n
                                                                                    &lt;/a&gt;\n
\n
                                                                            &lt;/li&gt;\n
                                                                    &lt;li&gt;\n
                                        &lt;a class="flex items-center justify-between px-4 py-2 text-sm hover:bg-slate-700 rounded transition "\n
                                           href="http://localhost/administrative/list-center"&gt;\n
                                            &lt;div class="flex items-center gap-2"&gt;\n
                                                &lt;svg xmlns="http://www.w3.org/2000/svg" width="24" height="24" viewBox="0 0 24 24" fill="none" stroke="currentColor" stroke-width="2" stroke-linecap="round" stroke-linejoin="round" class="lucide lucide-university-icon lucide-university"&gt;&lt;path d="M14 21v-3a2 2 0 0 0-4 0v3"/&gt;&lt;path d="M18 12h.01"/&gt;&lt;path d="M18 16h.01"/&gt;&lt;path d="M22 7a1 1 0 0 0-1-1h-2a2 2 0 0 1-1.143-.359L13.143 2.36a2 2 0 0 0-2.286-.001L6.143 5.64A2 2 0 0 1 5 6H3a1 1 0 0 0-1 1v12a2 2 0 0 0 2 2h16a2 2 0 0 0 2-2z"/&gt;&lt;path d="M6 12h.01"/&gt;&lt;path d="M6 16h.01"/&gt;&lt;circle cx="12" cy="10" r="2"/&gt;&lt;/svg&gt;\n
                                                &lt;span&gt;TTHC và Khác&lt;/span&gt;\n
                                            &lt;/div&gt;\n
                                                                                    &lt;/a&gt;\n
\n
                                                                            &lt;/li&gt;\n
                                                            &lt;/ul&gt;\n
                                            &lt;/li&gt;\n
                                                                &lt;li&gt;\n
                        &lt;a class="flex items-center justify-between px-4 py-3 hover:bg-slate-700 rounded transition toggle-submenu"\n
                           href="javascript:;"&gt;\n
                            &lt;div class="flex items-center gap-2"&gt;\n
                                &lt;svg class="lucide w-5 h-5 mr-2" xmlns="http://www.w3.org/2000/svg" fill="none" stroke="currentColor" stroke-width="2" stroke-linecap="round" stroke-linejoin="round" viewBox="0 0 24 24"&gt;&lt;path d="M16 21v-2a4 4 0 0 0-8 0v2"/&gt;&lt;circle cx="12" cy="7" r="4"/&gt;&lt;path d="M20.88 18.5A3.5 3.5 0 0 1 17.5 22H6.5a3.5 3.5 0 0 1-3.38-2.5"/&gt;&lt;/svg&gt;\n
                                &lt;span&gt;Dữ Liệu Khác&lt;/span&gt;\n
                            &lt;/div&gt;\n
                                                            &lt;svg class="lucide w-5 h-5 mr-2" xmlns="http://www.w3.org/2000/svg" fill="none" stroke="currentColor" stroke-width="2" stroke-linecap="round" stroke-linejoin="round" viewBox="0 0 24 24"&gt;&lt;path d="M6 9l6 6l6-6"/&gt;&lt;/svg&gt;\n
                                                    &lt;/a&gt;\n
\n
                                                    &lt;ul class="submenu ml-4 mt-1 hidden space-y-1"&gt;\n
                                                                    &lt;li&gt;\n
                                        &lt;a class="flex items-center justify-between px-4 py-2 text-sm hover:bg-slate-700 rounded transition "\n
                                           href="http://localhost/geographical/list-erosion"&gt;\n
                                            &lt;div class="flex items-center gap-2"&gt;\n
                                                &lt;svg class="lucide w-5 h-5 mr-2" xmlns="http://www.w3.org/2000/svg" fill="none" stroke="currentColor" stroke-width="2" stroke-linecap="round" stroke-linejoin="round" viewBox="0 0 24 24"&gt;&lt;path d="M12 22a10 10 0 1 0-10-10a10.011 10.011 0 0 0 10 10z"/&gt;&lt;path d="M12.5 7h-1a1.5 1.5 0 0 0-1.5 1.5v6A1.5 1.5 0 0 0 11.5 16h1a1.5 1.5 0 0 0 .5-2.9V9.9A1.5 1.5 0 0 0 12.5 7z"/&gt;&lt;circle cx="12" cy="19" r=".5"/&gt;&lt;/svg&gt;\n
                                                &lt;span&gt;Khu vực xói, bồi&lt;/span&gt;\n
                                            &lt;/div&gt;\n
                                                                                    &lt;/a&gt;\n
\n
                                                                            &lt;/li&gt;\n
                                                                    &lt;li&gt;\n
                                        &lt;a class="flex items-center justify-between px-4 py-2 text-sm hover:bg-slate-700 rounded transition "\n
                                           href="http://localhost/geographical/list-shoreline"&gt;\n
                                            &lt;div class="flex items-center gap-2"&gt;\n
                                                &lt;svg class="lucide w-5 h-5 mr-2" xmlns="http://www.w3.org/2000/svg" fill="none" stroke="currentColor" stroke-width="2" stroke-linecap="round" stroke-linejoin="round" viewBox="0 0 24 24"&gt;&lt;path d="M12 22a10 10 0 1 0-10-10a10.011 10.011 0 0 0 10 10z"/&gt;&lt;path d="M12.5 7h-1a1.5 1.5 0 0 0-1.5 1.5v6A1.5 1.5 0 0 0 11.5 16h1a1.5 1.5 0 0 0 .5-2.9V9.9A1.5 1.5 0 0 0 12.5 7z"/&gt;&lt;circle cx="12" cy="19" r=".5"/&gt;&lt;/svg&gt;\n
                                                &lt;span&gt;Lịch sử đường bờ&lt;/span&gt;\n
                                            &lt;/div&gt;\n
                                                                                    &lt;/a&gt;\n
\n
                                                                            &lt;/li&gt;\n
                                                                    &lt;li&gt;\n
                                        &lt;a class="flex items-center justify-between px-4 py-2 text-sm hover:bg-slate-700 rounded transition "\n
                                           href="http://localhost/geographical/list-cross-section"&gt;\n
                                            &lt;div class="flex items-center gap-2"&gt;\n
                                                &lt;svg class="lucide w-5 h-5 mr-2" xmlns="http://www.w3.org/2000/svg" fill="none" stroke="currentColor" stroke-width="2" stroke-linecap="round" stroke-linejoin="round" viewBox="0 0 24 24"&gt;&lt;path d="M12 22a10 10 0 1 0-10-10a10.011 10.011 0 0 0 10 10z"/&gt;&lt;path d="M12.5 7h-1a1.5 1.5 0 0 0-1.5 1.5v6A1.5 1.5 0 0 0 11.5 16h1a1.5 1.5 0 0 0 .5-2.9V9.9A1.5 1.5 0 0 0 12.5 7z"/&gt;&lt;circle cx="12" cy="19" r=".5"/&gt;&lt;/svg&gt;\n
                                                &lt;span&gt;Mặt cắt ngang&lt;/span&gt;\n
                                            &lt;/div&gt;\n
                                                                                    &lt;/a&gt;\n
\n
                                                                            &lt;/li&gt;\n
                                                                    &lt;li&gt;\n
                                        &lt;a class="flex items-center justify-between px-4 py-2 text-sm hover:bg-slate-700 rounded transition "\n
                                           href="http://localhost/geographical/list-monitoring"&gt;\n
                                            &lt;div class="flex items-center gap-2"&gt;\n
                                                &lt;svg class="lucide w-5 h-5 mr-2" xmlns="http://www.w3.org/2000/svg" fill="none" stroke="currentColor" stroke-width="2" stroke-linecap="round" stroke-linejoin="round" viewBox="0 0 24 24"&gt;&lt;path d="M12 22a10 10 0 1 0-10-10a10.011 10.011 0 0 0 10 10z"/&gt;&lt;path d="M12.5 7h-1a1.5 1.5 0 0 0-1.5 1.5v6A1.5 1.5 0 0 0 11.5 16h1a1.5 1.5 0 0 0 .5-2.9V9.9A1.5 1.5 0 0 0 12.5 7z"/&gt;&lt;circle cx="12" cy="19" r=".5"/&gt;&lt;/svg&gt;\n
                                                &lt;span&gt;Mốc quan trắc&lt;/span&gt;\n
                                            &lt;/div&gt;\n
                                                                                    &lt;/a&gt;\n
\n
                                                                            &lt;/li&gt;\n
                                                            &lt;/ul&gt;\n
                                            &lt;/li&gt;\n
                                                                &lt;li&gt;\n
                        &lt;a class="flex items-center justify-between px-4 py-3 hover:bg-slate-700 rounded transition "\n
                           href="http://localhost/map"&gt;\n
                            &lt;div class="flex items-center gap-2"&gt;\n
                                &lt;svg xmlns="http://www.w3.org/2000/svg" width="24" height="24" viewBox="0 0 24 24" fill="none" stroke="currentColor" stroke-width="2" stroke-linecap="round" stroke-linejoin="round" class="lucide lucide-map-icon lucide-map"&gt;&lt;path d="M14.106 5.553a2 2 0 0 0 1.788 0l3.659-1.83A1 1 0 0 1 21 4.619v12.764a1 1 0 0 1-.553.894l-4.553 2.277a2 2 0 0 1-1.788 0l-4.212-2.106a2 2 0 0 0-1.788 0l-3.659 1.83A1 1 0 0 1 3 19.381V6.618a1 1 0 0 1 .553-.894l4.553-2.277a2 2 0 0 1 1.788 0z"/&gt;&lt;path d="M15 5.764v15"/&gt;&lt;path d="M9 3.236v15"/&gt;&lt;/svg&gt;\n
                                &lt;span&gt;Bản Đồ&lt;/span&gt;\n
                            &lt;/div&gt;\n
                                                    &lt;/a&gt;\n
\n
                                            &lt;/li&gt;\n
                                                                &lt;li&gt;\n
                        &lt;a class="flex items-center justify-between px-4 py-3 hover:bg-slate-700 rounded transition "\n
                           href="http://localhost/chat"&gt;\n
                            &lt;div class="flex items-center gap-2"&gt;\n
                                &lt;svg xmlns="http://www.w3.org/2000/svg" width="24" height="24" viewBox="0 0 24 24" fill="none" stroke="currentColor" stroke-width="2" stroke-linecap="round" stroke-linejoin="round" class="lucide lucide-message-circle-icon lucide-message-circle"&gt;&lt;path d="M7.9 20A9 9 0 1 0 4 16.1L2 22Z"/&gt;&lt;/svg&gt;\n
                                &lt;span&gt;Tham gia cộng đồng&lt;/span&gt;\n
                            &lt;/div&gt;\n
                                                    &lt;/a&gt;\n
\n
                                            &lt;/li&gt;\n
                                                                &lt;li&gt;\n
                        &lt;a class="flex items-center justify-between px-4 py-3 hover:bg-slate-700 rounded transition "\n
                           href="http://localhost/incident-report"&gt;\n
                            &lt;div class="flex items-center gap-2"&gt;\n
                                &lt;svg xmlns="http://www.w3.org/2000/svg" width="24" height="24" viewBox="0 0 24 24" fill="none" stroke="currentColor" stroke-width="2" stroke-linecap="round" stroke-linejoin="round" class="lucide lucide-message-square-warning-icon lucide-message-square-warning"&gt;&lt;path d="M21 15a2 2 0 0 1-2 2H7l-4 4V5a2 2 0 0 1 2-2h14a2 2 0 0 1 2 2z"/&gt;&lt;path d="M12 7v2"/&gt;&lt;path d="M12 13h.01"/&gt;&lt;/svg&gt;\n
                                &lt;span&gt;Báo cáo sự cố&lt;/span&gt;\n
                            &lt;/div&gt;\n
                                                    &lt;/a&gt;\n
\n
                                            &lt;/li&gt;\n
                                        &lt;/ul&gt;\n
&lt;/div&gt;\n
\n
&lt;div class="flex h-[10px] items-center px-3 sm:px-8 md:hidden" &gt;\n
    &lt;a class="mr-auto flex" href="http://localhost"&gt;\n
        &lt;img class="w-6" src="http://[::1]:5173/resources/images/logo.svg" alt="Logo" /&gt;\n
    &lt;/a&gt;\n
    &lt;a class="mobile-menu-toggler text-white" href="#" onclick="document.querySelector('.mobile-menu')?.classList.remove('hidden')"&gt;\n
        &lt;svg xmlns="http://www.w3.org/2000/svg" width="24" height="24" viewBox="0 0 24 24" fill="none" stroke="currentColor" stroke-width="2" stroke-linecap="round" stroke-linejoin="round" class="lucide lucide-square-menu-icon lucide-square-menu"&gt;&lt;rect width="18" height="18" x="3" y="3" rx="2"/&gt;&lt;path d="M7 8h10"/&gt;&lt;path d="M7 12h10"/&gt;&lt;path d="M7 16h10"/&gt;&lt;/svg&gt;\n
    &lt;/a&gt;\n
&lt;/div&gt;\n
\n
\n
\n
        &lt;div class="mt-7 flex md:mt-0"&gt;\n
            &lt;nav class=" hidden w-[80px] overflow-x-hidden pb-16 pr-5 md:block xl:w-[230px]"&gt;\n
                &lt;a class="intro-x flex items-center pl-5 pt-4" href="/"&gt;\n
                    &lt;span class=" lg:text-2xl xl:text-3xl  font-bold uppercase text-transparent bg-clip-text bg-gradient-to-r from-sky-400 to-emerald-600"&gt;Quản lý thiên tai&lt;/span&gt;\n
                &lt;/a&gt;\n
                &lt;div class=" my-3"&gt;&lt;/div&gt;\n
                &lt;ul &gt;\n
                                                                                            &lt;li&gt;\n
                                &lt;a class="flex items-center justify-between px-4 py-3 hover:bg-white hover:text-black text-white transition rounded cursor-pointer "\n
                                    href="http://localhost"&gt;\n
                                    \n
                                    &lt;div class="flex items-center gap-2" title="Tổng Quan"&gt;\n
                                        &lt;div title="Tổng Quan"&gt;&lt;svg class="lucide w-5 h-5 mr-2" xmlns="http://www.w3.org/2000/svg" fill="none" stroke="currentColor" stroke-width="2" stroke-linecap="round" stroke-linejoin="round" viewBox="0 0 24 24"&gt;&lt;path d="M12 22a10 10 0 1 0-10-10a10.011 10.011 0 0 0 10 10z"/&gt;&lt;path d="M12.5 7h-1a1.5 1.5 0 0 0-1.5 1.5v6A1.5 1.5 0 0 0 11.5 16h1a1.5 1.5 0 0 0 .5-2.9V9.9A1.5 1.5 0 0 0 12.5 7z"/&gt;&lt;circle cx="12" cy="19" r=".5"/&gt;&lt;/svg&gt;&lt;/div&gt;\n
                                        &lt;span class="hidden xl:inline" &gt;Tổng Quan&lt;/span&gt;\n
                                    &lt;/div&gt;\n
\n
                                                                    &lt;/a&gt;\n
                                                            &lt;/li&gt;\n
                                                                                                &lt;li&gt;\n
                                &lt;a class="flex items-center justify-between px-4 py-3 hover:bg-white hover:text-black text-white transition rounded cursor-pointer toggle-submenu"\n
                                    href="javascript:;"&gt;\n
                                    \n
                                    &lt;div class="flex items-center gap-2" title="Địa Điểm"&gt;\n
                                        &lt;div title="Địa Điểm"&gt;&lt;svg class="lucide w-5 h-5 mr-2" xmlns="http://www.w3.org/2000/svg" fill="none" stroke="currentColor" stroke-width="2" stroke-linecap="round" stroke-linejoin="round" viewBox="0 0 24 24"&gt;&lt;path d="M3 9l9-7l9 7v11a2 2 0 0 1-2 2H5a2 2 0 0 1-2-2V9z"/&gt;&lt;polyline points="9 22 9 12 15 12 15 22"/&gt;&lt;/svg&gt;&lt;/div&gt;\n
                                        &lt;span class="hidden xl:inline" &gt;Địa Điểm&lt;/span&gt;\n
                                    &lt;/div&gt;\n
\n
                                                                            &lt;span class="hidden xl:inline"&gt;&lt;svg class="lucide w-5 h-5 mr-2" xmlns="http://www.w3.org/2000/svg" fill="none" stroke="currentColor" stroke-width="2" stroke-linecap="round" stroke-linejoin="round" viewBox="0 0 24 24"&gt;&lt;path d="M6 9l6 6l6-6"/&gt;&lt;/svg&gt;&lt;/span&gt;\n
                                                                    &lt;/a&gt;\n
                                                                    &lt;ul class="submenu ml-6 mt-1 hidden"&gt;\n
                                                                                    &lt;li  class="group relative"&gt;\n
                                                &lt;a class="flex items-center justify-between px-4 py-2 text-sm text-slate-300 hover:text-white hover:bg-slate-700 rounded transition "\n
                                                    href="http://localhost/list-city"&gt;\n
                                                   &lt;div class="flex items-center gap-2"&gt;\n
                                                        &lt;svg class="lucide w-5 h-5 mr-2" xmlns="http://www.w3.org/2000/svg" fill="none" stroke="currentColor" stroke-width="2" stroke-linecap="round" stroke-linejoin="round" viewBox="0 0 24 24"&gt;&lt;path d="M12 22a10 10 0 1 0-10-10a10.011 10.011 0 0 0 10 10z"/&gt;&lt;path d="M12.5 7h-1a1.5 1.5 0 0 0-1.5 1.5v6A1.5 1.5 0 0 0 11.5 16h1a1.5 1.5 0 0 0 .5-2.9V9.9A1.5 1.5 0 0 0 12.5 7z"/&gt;&lt;circle cx="12" cy="19" r=".5"/&gt;&lt;/svg&gt;\n
                                                        &lt;span class="hidden xl:inline"&gt;Tỉnh-Thành&lt;/span&gt;\n
                                                    &lt;/div&gt;\n
                                                                                                    &lt;/a&gt;\n
                                                                                            &lt;/li&gt;\n
                                                                                    &lt;li  class="group relative"&gt;\n
                                                &lt;a class="flex items-center justify-between px-4 py-2 text-sm text-slate-300 hover:text-white hover:bg-slate-700 rounded transition "\n
                                                    href="http://localhost/list-district"&gt;\n
                                                   &lt;div class="flex items-center gap-2"&gt;\n
                                                        &lt;svg class="lucide w-5 h-5 mr-2" xmlns="http://www.w3.org/2000/svg" fill="none" stroke="currentColor" stroke-width="2" stroke-linecap="round" stroke-linejoin="round" viewBox="0 0 24 24"&gt;&lt;path d="M12 22a10 10 0 1 0-10-10a10.011 10.011 0 0 0 10 10z"/&gt;&lt;path d="M12.5 7h-1a1.5 1.5 0 0 0-1.5 1.5v6A1.5 1.5 0 0 0 11.5 16h1a1.5 1.5 0 0 0 .5-2.9V9.9A1.5 1.5 0 0 0 12.5 7z"/&gt;&lt;circle cx="12" cy="19" r=".5"/&gt;&lt;/svg&gt;\n
                                                        &lt;span class="hidden xl:inline"&gt;Quận-Huyện&lt;/span&gt;\n
                                                    &lt;/div&gt;\n
                                                                                                    &lt;/a&gt;\n
                                                                                            &lt;/li&gt;\n
                                                                                    &lt;li  class="group relative"&gt;\n
                                                &lt;a class="flex items-center justify-between px-4 py-2 text-sm text-slate-300 hover:text-white hover:bg-slate-700 rounded transition "\n
                                                    href="http://localhost/list-commune"&gt;\n
                                                   &lt;div class="flex items-center gap-2"&gt;\n
                                                        &lt;svg class="lucide w-5 h-5 mr-2" xmlns="http://www.w3.org/2000/svg" fill="none" stroke="currentColor" stroke-width="2" stroke-linecap="round" stroke-linejoin="round" viewBox="0 0 24 24"&gt;&lt;path d="M12 22a10 10 0 1 0-10-10a10.011 10.011 0 0 0 10 10z"/&gt;&lt;path d="M12.5 7h-1a1.5 1.5 0 0 0-1.5 1.5v6A1.5 1.5 0 0 0 11.5 16h1a1.5 1.5 0 0 0 .5-2.9V9.9A1.5 1.5 0 0 0 12.5 7z"/&gt;&lt;circle cx="12" cy="19" r=".5"/&gt;&lt;/svg&gt;\n
                                                        &lt;span class="hidden xl:inline"&gt;Phường-Xã&lt;/span&gt;\n
                                                    &lt;/div&gt;\n
                                                                                                    &lt;/a&gt;\n
                                                                                            &lt;/li&gt;\n
                                                                            &lt;/ul&gt;\n
                                                            &lt;/li&gt;\n
                                                                                                &lt;li&gt;\n
                                &lt;a class="flex items-center justify-between px-4 py-3 hover:bg-white hover:text-black text-white transition rounded cursor-pointer toggle-submenu"\n
                                    href="javascript:;"&gt;\n
                                    \n
                                    &lt;div class="flex items-center gap-2" title="Loại Thiên Tai"&gt;\n
                                        &lt;div title="Loại Thiên Tai"&gt;&lt;svg class="lucide w-5 h-5 mr-2" xmlns="http://www.w3.org/2000/svg" fill="none" stroke="currentColor" stroke-width="2" stroke-linecap="round" stroke-linejoin="round" viewBox="0 0 24 24"&gt;&lt;path d="M16 21v-2a4 4 0 0 0-8 0v2"/&gt;&lt;circle cx="12" cy="7" r="4"/&gt;&lt;path d="M20.88 18.5A3.5 3.5 0 0 1 17.5 22H6.5a3.5 3.5 0 0 1-3.38-2.5"/&gt;&lt;/svg&gt;&lt;/div&gt;\n
                                        &lt;span class="hidden xl:inline" &gt;Loại Thiên Tai&lt;/span&gt;\n
                                    &lt;/div&gt;\n
\n
                                                                            &lt;span class="hidden xl:inline"&gt;&lt;svg class="lucide w-5 h-5 mr-2" xmlns="http://www.w3.org/2000/svg" fill="none" stroke="currentColor" stroke-width="2" stroke-linecap="round" stroke-linejoin="round" viewBox="0 0 24 24"&gt;&lt;path d="M6 9l6 6l6-6"/&gt;&lt;/svg&gt;&lt;/span&gt;\n
                                                                    &lt;/a&gt;\n
                                                                    &lt;ul class="submenu ml-6 mt-1 hidden"&gt;\n
                                                                                    &lt;li  class="group relative"&gt;\n
                                                &lt;a class="flex items-center justify-between px-4 py-2 text-sm text-slate-300 hover:text-white hover:bg-slate-700 rounded transition "\n
                                                    href="http://localhost/list-type-of-calamity"&gt;\n
                                                   &lt;div class="flex items-center gap-2"&gt;\n
                                                        &lt;svg class="lucide w-5 h-5 mr-2" xmlns="http://www.w3.org/2000/svg" fill="none" stroke="currentColor" stroke-width="2" stroke-linecap="round" stroke-linejoin="round" viewBox="0 0 24 24"&gt;&lt;path d="M12 22a10 10 0 1 0-10-10a10.011 10.011 0 0 0 10 10z"/&gt;&lt;path d="M12.5 7h-1a1.5 1.5 0 0 0-1.5 1.5v6A1.5 1.5 0 0 0 11.5 16h1a1.5 1.5 0 0 0 .5-2.9V9.9A1.5 1.5 0 0 0 12.5 7z"/&gt;&lt;circle cx="12" cy="19" r=".5"/&gt;&lt;/svg&gt;\n
                                                        &lt;span class="hidden xl:inline"&gt;Loại Thiên Tai&lt;/span&gt;\n
                                                    &lt;/div&gt;\n
                                                                                                    &lt;/a&gt;\n
                                                                                            &lt;/li&gt;\n
                                                                                    &lt;li  class="group relative"&gt;\n
                                                &lt;a class="flex items-center justify-between px-4 py-2 text-sm text-slate-300 hover:text-white hover:bg-slate-700 rounded transition "\n
                                                    href="http://localhost/list-sub-type-of-calamity"&gt;\n
                                                   &lt;div class="flex items-center gap-2"&gt;\n
                                                        &lt;svg class="lucide w-5 h-5 mr-2" xmlns="http://www.w3.org/2000/svg" fill="none" stroke="currentColor" stroke-width="2" stroke-linecap="round" stroke-linejoin="round" viewBox="0 0 24 24"&gt;&lt;path d="M12 22a10 10 0 1 0-10-10a10.011 10.011 0 0 0 10 10z"/&gt;&lt;path d="M12.5 7h-1a1.5 1.5 0 0 0-1.5 1.5v6A1.5 1.5 0 0 0 11.5 16h1a1.5 1.5 0 0 0 .5-2.9V9.9A1.5 1.5 0 0 0 12.5 7z"/&gt;&lt;circle cx="12" cy="19" r=".5"/&gt;&lt;/svg&gt;\n
                                                        &lt;span class="hidden xl:inline"&gt;Loại Thiên Tai Phụ&lt;/span&gt;\n
                                                    &lt;/div&gt;\n
                                                                                                    &lt;/a&gt;\n
                                                                                            &lt;/li&gt;\n
                                                                                    &lt;li  class="group relative"&gt;\n
                                                &lt;a class="flex items-center justify-between px-4 py-2 text-sm text-slate-300 hover:text-white hover:bg-slate-700 rounded transition "\n
                                                    href="http://localhost/list-risk-level"&gt;\n
                                                   &lt;div class="flex items-center gap-2"&gt;\n
                                                        &lt;svg class="lucide w-5 h-5 mr-2" xmlns="http://www.w3.org/2000/svg" fill="none" stroke="currentColor" stroke-width="2" stroke-linecap="round" stroke-linejoin="round" viewBox="0 0 24 24"&gt;&lt;path d="M12 22a10 10 0 1 0-10-10a10.011 10.011 0 0 0 10 10z"/&gt;&lt;path d="M12.5 7h-1a1.5 1.5 0 0 0-1.5 1.5v6A1.5 1.5 0 0 0 11.5 16h1a1.5 1.5 0 0 0 .5-2.9V9.9A1.5 1.5 0 0 0 12.5 7z"/&gt;&lt;circle cx="12" cy="19" r=".5"/&gt;&lt;/svg&gt;\n
                                                        &lt;span class="hidden xl:inline"&gt;Cấp Độ Thiên Tai&lt;/span&gt;\n
                                                    &lt;/div&gt;\n
                                                                                                    &lt;/a&gt;\n
                                                                                            &lt;/li&gt;\n
                                                                                    &lt;li  class="group relative"&gt;\n
                                                &lt;a class="flex items-center justify-between px-4 py-2 text-sm text-slate-300 hover:text-white hover:bg-slate-700 rounded transition "\n
                                                    href="http://localhost/list-type-of-construction"&gt;\n
                                                   &lt;div class="flex items-center gap-2"&gt;\n
                                                        &lt;svg class="lucide w-5 h-5 mr-2" xmlns="http://www.w3.org/2000/svg" fill="none" stroke="currentColor" stroke-width="2" stroke-linecap="round" stroke-linejoin="round" viewBox="0 0 24 24"&gt;&lt;path d="M12 22a10 10 0 1 0-10-10a10.011 10.011 0 0 0 10 10z"/&gt;&lt;path d="M12.5 7h-1a1.5 1.5 0 0 0-1.5 1.5v6A1.5 1.5 0 0 0 11.5 16h1a1.5 1.5 0 0 0 .5-2.9V9.9A1.5 1.5 0 0 0 12.5 7z"/&gt;&lt;circle cx="12" cy="19" r=".5"/&gt;&lt;/svg&gt;\n
                                                        &lt;span class="hidden xl:inline"&gt;Loại Công Trình&lt;/span&gt;\n
                                                    &lt;/div&gt;\n
                                                                                                    &lt;/a&gt;\n
                                                                                            &lt;/li&gt;\n
                                                                                    &lt;li  class="group relative"&gt;\n
                                                &lt;a class="flex items-center justify-between px-4 py-2 text-sm text-slate-300 hover:text-white hover:bg-slate-700 rounded transition "\n
                                                    href="http://localhost/list-scenarios"&gt;\n
                                                   &lt;div class="flex items-center gap-2"&gt;\n
                                                        &lt;svg class="lucide w-5 h-5 mr-2" xmlns="http://www.w3.org/2000/svg" fill="none" stroke="currentColor" stroke-width="2" stroke-linecap="round" stroke-linejoin="round" viewBox="0 0 24 24"&gt;&lt;path d="M12 22a10 10 0 1 0-10-10a10.011 10.011 0 0 0 10 10z"/&gt;&lt;path d="M12.5 7h-1a1.5 1.5 0 0 0-1.5 1.5v6A1.5 1.5 0 0 0 11.5 16h1a1.5 1.5 0 0 0 .5-2.9V9.9A1.5 1.5 0 0 0 12.5 7z"/&gt;&lt;circle cx="12" cy="19" r=".5"/&gt;&lt;/svg&gt;\n
                                                        &lt;span class="hidden xl:inline"&gt;Phương Án Ứng Phó&lt;/span&gt;\n
                                                    &lt;/div&gt;\n
                                                                                                    &lt;/a&gt;\n
                                                                                            &lt;/li&gt;\n
                                                                            &lt;/ul&gt;\n
                                                            &lt;/li&gt;\n
                                                                                                &lt;li&gt;\n
                                &lt;a class="flex items-center justify-between px-4 py-3 hover:bg-white hover:text-black text-white transition rounded cursor-pointer toggle-submenu"\n
                                    href="javascript:;"&gt;\n
                                    \n
                                    &lt;div class="flex items-center gap-2" title="Dữ Liệu Thiên Tai"&gt;\n
                                        &lt;div title="Dữ Liệu Thiên Tai"&gt;&lt;svg class="lucide w-5 h-5 mr-2" xmlns="http://www.w3.org/2000/svg" fill="none" stroke="currentColor" stroke-width="2" stroke-linecap="round" stroke-linejoin="round" viewBox="0 0 24 24"&gt;&lt;path d="M16 21v-2a4 4 0 0 0-8 0v2"/&gt;&lt;circle cx="12" cy="7" r="4"/&gt;&lt;path d="M20.88 18.5A3.5 3.5 0 0 1 17.5 22H6.5a3.5 3.5 0 0 1-3.38-2.5"/&gt;&lt;/svg&gt;&lt;/div&gt;\n
                                        &lt;span class="hidden xl:inline" &gt;Dữ Liệu Thiên Tai&lt;/span&gt;\n
                                    &lt;/div&gt;\n
\n
                                                                            &lt;span class="hidden xl:inline"&gt;&lt;svg class="lucide w-5 h-5 mr-2" xmlns="http://www.w3.org/2000/svg" fill="none" stroke="currentColor" stroke-width="2" stroke-linecap="round" stroke-linejoin="round" viewBox="0 0 24 24"&gt;&lt;path d="M6 9l6 6l6-6"/&gt;&lt;/svg&gt;&lt;/span&gt;\n
                                                                    &lt;/a&gt;\n
                                                                    &lt;ul class="submenu ml-6 mt-1 hidden"&gt;\n
                                                                                    &lt;li  class="group relative"&gt;\n
                                                &lt;a class="flex items-center justify-between px-4 py-2 text-sm text-slate-300 hover:text-white hover:bg-slate-700 rounded transition "\n
                                                    href="http://localhost/calamity/list-river-bank"&gt;\n
                                                   &lt;div class="flex items-center gap-2"&gt;\n
                                                        &lt;svg class="lucide w-5 h-5 mr-2" xmlns="http://www.w3.org/2000/svg" fill="none" stroke="currentColor" stroke-width="2" stroke-linecap="round" stroke-linejoin="round" viewBox="0 0 24 24"&gt;&lt;path d="M12 22a10 10 0 1 0-10-10a10.011 10.011 0 0 0 10 10z"/&gt;&lt;path d="M12.5 7h-1a1.5 1.5 0 0 0-1.5 1.5v6A1.5 1.5 0 0 0 11.5 16h1a1.5 1.5 0 0 0 .5-2.9V9.9A1.5 1.5 0 0 0 12.5 7z"/&gt;&lt;circle cx="12" cy="19" r=".5"/&gt;&lt;/svg&gt;\n
                                                        &lt;span class="hidden xl:inline"&gt;Sạt Lở&lt;/span&gt;\n
                                                    &lt;/div&gt;\n
                                                                                                    &lt;/a&gt;\n
                                                                                            &lt;/li&gt;\n
                                                                                    &lt;li  class="group relative"&gt;\n
                                                &lt;a class="flex items-center justify-between px-4 py-2 text-sm text-slate-300 hover:text-white hover:bg-slate-700 rounded transition "\n
                                                    href="http://localhost/calamity/list-flooding"&gt;\n
                                                   &lt;div class="flex items-center gap-2"&gt;\n
                                                        &lt;svg class="lucide w-5 h-5 mr-2" xmlns="http://www.w3.org/2000/svg" fill="none" stroke="currentColor" stroke-width="2" stroke-linecap="round" stroke-linejoin="round" viewBox="0 0 24 24"&gt;&lt;path d="M12 22a10 10 0 1 0-10-10a10.011 10.011 0 0 0 10 10z"/&gt;&lt;path d="M12.5 7h-1a1.5 1.5 0 0 0-1.5 1.5v6A1.5 1.5 0 0 0 11.5 16h1a1.5 1.5 0 0 0 .5-2.9V9.9A1.5 1.5 0 0 0 12.5 7z"/&gt;&lt;circle cx="12" cy="19" r=".5"/&gt;&lt;/svg&gt;\n
                                                        &lt;span class="hidden xl:inline"&gt;Ngập Lụt&lt;/span&gt;\n
                                                    &lt;/div&gt;\n
                                                                                                    &lt;/a&gt;\n
                                                                                            &lt;/li&gt;\n
                                                                                    &lt;li  class="group relative"&gt;\n
                                                &lt;a class="flex items-center justify-between px-4 py-2 text-sm text-slate-300 hover:text-white hover:bg-slate-700 rounded transition "\n
                                                    href="http://localhost/calamity/list-storm"&gt;\n
                                                   &lt;div class="flex items-center gap-2"&gt;\n
                                                        &lt;svg class="lucide w-5 h-5 mr-2" xmlns="http://www.w3.org/2000/svg" fill="none" stroke="currentColor" stroke-width="2" stroke-linecap="round" stroke-linejoin="round" viewBox="0 0 24 24"&gt;&lt;path d="M12 22a10 10 0 1 0-10-10a10.011 10.011 0 0 0 10 10z"/&gt;&lt;path d="M12.5 7h-1a1.5 1.5 0 0 0-1.5 1.5v6A1.5 1.5 0 0 0 11.5 16h1a1.5 1.5 0 0 0 .5-2.9V9.9A1.5 1.5 0 0 0 12.5 7z"/&gt;&lt;circle cx="12" cy="19" r=".5"/&gt;&lt;/svg&gt;\n
                                                        &lt;span class="hidden xl:inline"&gt;Bão và ATNĐ&lt;/span&gt;\n
                                                    &lt;/div&gt;\n
                                                                                                    &lt;/a&gt;\n
                                                                                            &lt;/li&gt;\n
                                                                            &lt;/ul&gt;\n
                                                            &lt;/li&gt;\n
                                                                                                &lt;li&gt;\n
                                &lt;a class="flex items-center justify-between px-4 py-3 hover:bg-white hover:text-black text-white transition rounded cursor-pointer toggle-submenu"\n
                                    href="javascript:;"&gt;\n
                                    \n
                                    &lt;div class="flex items-center gap-2" title="Công Trình PCTT"&gt;\n
                                        &lt;div title="Công Trình PCTT"&gt;&lt;svg xmlns="http://www.w3.org/2000/svg" width="24" height="24" viewBox="0 0 24 24" fill="none" stroke="currentColor" stroke-width="2" stroke-linecap="round" stroke-linejoin="round" class="lucide lucide-construction-icon lucide-construction"&gt;&lt;rect x="2" y="6" width="20" height="8" rx="1"/&gt;&lt;path d="M17 14v7"/&gt;&lt;path d="M7 14v7"/&gt;&lt;path d="M17 3v3"/&gt;&lt;path d="M7 3v3"/&gt;&lt;path d="M10 14 2.3 6.3"/&gt;&lt;path d="m14 6 7.7 7.7"/&gt;&lt;path d="m8 6 8 8"/&gt;&lt;/svg&gt;&lt;/div&gt;\n
                                        &lt;span class="hidden xl:inline" &gt;Công Trình PCTT&lt;/span&gt;\n
                                    &lt;/div&gt;\n
\n
                                                                            &lt;span class="hidden xl:inline"&gt;&lt;svg class="lucide w-5 h-5 mr-2" xmlns="http://www.w3.org/2000/svg" fill="none" stroke="currentColor" stroke-width="2" stroke-linecap="round" stroke-linejoin="round" viewBox="0 0 24 24"&gt;&lt;path d="M6 9l6 6l6-6"/&gt;&lt;/svg&gt;&lt;/span&gt;\n
                                                                    &lt;/a&gt;\n
                                                                    &lt;ul class="submenu ml-6 mt-1 hidden"&gt;\n
                                                                                    &lt;li  class="group relative"&gt;\n
                                                &lt;a class="flex items-center justify-between px-4 py-2 text-sm text-slate-300 hover:text-white hover:bg-slate-700 rounded transition "\n
                                                    href="http://localhost/construction/list-river-bank"&gt;\n
                                                   &lt;div class="flex items-center gap-2"&gt;\n
                                                        &lt;svg class="lucide w-5 h-5 mr-2" xmlns="http://www.w3.org/2000/svg" fill="none" stroke="currentColor" stroke-width="2" stroke-linecap="round" stroke-linejoin="round" viewBox="0 0 24 24"&gt;&lt;path d="M12 22a10 10 0 1 0-10-10a10.011 10.011 0 0 0 10 10z"/&gt;&lt;path d="M12.5 7h-1a1.5 1.5 0 0 0-1.5 1.5v6A1.5 1.5 0 0 0 11.5 16h1a1.5 1.5 0 0 0 .5-2.9V9.9A1.5 1.5 0 0 0 12.5 7z"/&gt;&lt;circle cx="12" cy="19" r=".5"/&gt;&lt;/svg&gt;\n
                                                        &lt;span class="hidden xl:inline"&gt;Sạt Lở&lt;/span&gt;\n
                                                    &lt;/div&gt;\n
                                                                                                    &lt;/a&gt;\n
                                                                                            &lt;/li&gt;\n
                                                                                    &lt;li  class="group relative"&gt;\n
                                                &lt;a class="flex items-center justify-between px-4 py-2 text-sm text-slate-300 hover:text-white hover:bg-slate-700 rounded transition "\n
                                                    href="http://localhost/construction/list-flooding"&gt;\n
                                                   &lt;div class="flex items-center gap-2"&gt;\n
                                                        &lt;svg class="lucide w-5 h-5 mr-2" xmlns="http://www.w3.org/2000/svg" fill="none" stroke="currentColor" stroke-width="2" stroke-linecap="round" stroke-linejoin="round" viewBox="0 0 24 24"&gt;&lt;path d="M12 22a10 10 0 1 0-10-10a10.011 10.011 0 0 0 10 10z"/&gt;&lt;path d="M12.5 7h-1a1.5 1.5 0 0 0-1.5 1.5v6A1.5 1.5 0 0 0 11.5 16h1a1.5 1.5 0 0 0 .5-2.9V9.9A1.5 1.5 0 0 0 12.5 7z"/&gt;&lt;circle cx="12" cy="19" r=".5"/&gt;&lt;/svg&gt;\n
                                                        &lt;span class="hidden xl:inline"&gt;Ngập Lụt&lt;/span&gt;\n
                                                    &lt;/div&gt;\n
                                                                                                    &lt;/a&gt;\n
                                                                                            &lt;/li&gt;\n
                                                                                    &lt;li  class="group relative"&gt;\n
                                                &lt;a class="flex items-center justify-between px-4 py-2 text-sm text-slate-300 hover:text-white hover:bg-slate-700 rounded transition "\n
                                                    href="http://localhost/construction/list-storm"&gt;\n
                                                   &lt;div class="flex items-center gap-2"&gt;\n
                                                        &lt;svg class="lucide w-5 h-5 mr-2" xmlns="http://www.w3.org/2000/svg" fill="none" stroke="currentColor" stroke-width="2" stroke-linecap="round" stroke-linejoin="round" viewBox="0 0 24 24"&gt;&lt;path d="M12 22a10 10 0 1 0-10-10a10.011 10.011 0 0 0 10 10z"/&gt;&lt;path d="M12.5 7h-1a1.5 1.5 0 0 0-1.5 1.5v6A1.5 1.5 0 0 0 11.5 16h1a1.5 1.5 0 0 0 .5-2.9V9.9A1.5 1.5 0 0 0 12.5 7z"/&gt;&lt;circle cx="12" cy="19" r=".5"/&gt;&lt;/svg&gt;\n
                                                        &lt;span class="hidden xl:inline"&gt;Bão và ATNĐ&lt;/span&gt;\n
                                                    &lt;/div&gt;\n
                                                                                                    &lt;/a&gt;\n
                                                                                            &lt;/li&gt;\n
                                                                            &lt;/ul&gt;\n
                                                            &lt;/li&gt;\n
                                                                                                &lt;li&gt;\n
                                &lt;a class="flex items-center justify-between px-4 py-3 hover:bg-white hover:text-black text-white transition rounded cursor-pointer toggle-submenu"\n
                                    href="javascript:;"&gt;\n
                                    \n
                                    &lt;div class="flex items-center gap-2" title="Địa danh hành chính"&gt;\n
                                        &lt;div title="Địa danh hành chính"&gt;&lt;svg class="lucide w-5 h-5 mr-2" xmlns="http://www.w3.org/2000/svg" fill="none" stroke="currentColor" stroke-width="2" stroke-linecap="round" stroke-linejoin="round" viewBox="0 0 24 24"&gt;&lt;path d="M16 21v-2a4 4 0 0 0-8 0v2"/&gt;&lt;circle cx="12" cy="7" r="4"/&gt;&lt;path d="M20.88 18.5A3.5 3.5 0 0 1 17.5 22H6.5a3.5 3.5 0 0 1-3.38-2.5"/&gt;&lt;/svg&gt;&lt;/div&gt;\n
                                        &lt;span class="hidden xl:inline" &gt;Địa danh hành chính&lt;/span&gt;\n
                                    &lt;/div&gt;\n
\n
                                                                            &lt;span class="hidden xl:inline"&gt;&lt;svg class="lucide w-5 h-5 mr-2" xmlns="http://www.w3.org/2000/svg" fill="none" stroke="currentColor" stroke-width="2" stroke-linecap="round" stroke-linejoin="round" viewBox="0 0 24 24"&gt;&lt;path d="M6 9l6 6l6-6"/&gt;&lt;/svg&gt;&lt;/span&gt;\n
                                                                    &lt;/a&gt;\n
                                                                    &lt;ul class="submenu ml-6 mt-1 hidden"&gt;\n
                                                                                    &lt;li  class="group relative"&gt;\n
                                                &lt;a class="flex items-center justify-between px-4 py-2 text-sm text-slate-300 hover:text-white hover:bg-slate-700 rounded transition "\n
                                                    href="http://localhost/administrative/list-school"&gt;\n
                                                   &lt;div class="flex items-center gap-2"&gt;\n
                                                        &lt;svg xmlns="http://www.w3.org/2000/svg" width="24" height="24" viewBox="0 0 24 24" fill="none" stroke="currentColor" stroke-width="2" stroke-linecap="round" stroke-linejoin="round" class="lucide lucide-school-icon lucide-school"&gt;&lt;path d="M14 22v-4a2 2 0 1 0-4 0v4"/&gt;&lt;path d="m18 10 3.447 1.724a1 1 0 0 1 .553.894V20a2 2 0 0 1-2 2H4a2 2 0 0 1-2-2v-7.382a1 1 0 0 1 .553-.894L6 10"/&gt;&lt;path d="M18 5v17"/&gt;&lt;path d="m4 6 7.106-3.553a2 2 0 0 1 1.788 0L20 6"/&gt;&lt;path d="M6 5v17"/&gt;&lt;circle cx="12" cy="9" r="2"/&gt;&lt;/svg&gt;\n
                                                        &lt;span class="hidden xl:inline"&gt;Trường Học&lt;/span&gt;\n
                                                    &lt;/div&gt;\n
                                                                                                    &lt;/a&gt;\n
                                                                                            &lt;/li&gt;\n
                                                                                    &lt;li  class="group relative"&gt;\n
                                                &lt;a class="flex items-center justify-between px-4 py-2 text-sm text-slate-300 hover:text-white hover:bg-slate-700 rounded transition "\n
                                                    href="http://localhost/administrative/list-medical"&gt;\n
                                                   &lt;div class="flex items-center gap-2"&gt;\n
                                                        &lt;svg xmlns="http://www.w3.org/2000/svg" width="24" height="24" viewBox="0 0 24 24" fill="none" stroke="currentColor" stroke-width="2" stroke-linecap="round" stroke-linejoin="round" class="lucide lucide-hospital-icon lucide-hospital"&gt;&lt;path d="M12 6v4"/&gt;&lt;path d="M14 14h-4"/&gt;&lt;path d="M14 18h-4"/&gt;&lt;path d="M14 8h-4"/&gt;&lt;path d="M18 12h2a2 2 0 0 1 2 2v6a2 2 0 0 1-2 2H4a2 2 0 0 1-2-2v-9a2 2 0 0 1 2-2h2"/&gt;&lt;path d="M18 22V4a2 2 0 0 0-2-2H8a2 2 0 0 0-2 2v18"/&gt;&lt;/svg&gt;\n
                                                        &lt;span class="hidden xl:inline"&gt;Địa Điểm Y Tế&lt;/span&gt;\n
                                                    &lt;/div&gt;\n
                                                                                                    &lt;/a&gt;\n
                                                                                            &lt;/li&gt;\n
                                                                                    &lt;li  class="group relative"&gt;\n
                                                &lt;a class="flex items-center justify-between px-4 py-2 text-sm text-slate-300 hover:text-white hover:bg-slate-700 rounded transition "\n
                                                    href="http://localhost/administrative/list-center"&gt;\n
                                                   &lt;div class="flex items-center gap-2"&gt;\n
                                                        &lt;svg xmlns="http://www.w3.org/2000/svg" width="24" height="24" viewBox="0 0 24 24" fill="none" stroke="currentColor" stroke-width="2" stroke-linecap="round" stroke-linejoin="round" class="lucide lucide-university-icon lucide-university"&gt;&lt;path d="M14 21v-3a2 2 0 0 0-4 0v3"/&gt;&lt;path d="M18 12h.01"/&gt;&lt;path d="M18 16h.01"/&gt;&lt;path d="M22 7a1 1 0 0 0-1-1h-2a2 2 0 0 1-1.143-.359L13.143 2.36a2 2 0 0 0-2.286-.001L6.143 5.64A2 2 0 0 1 5 6H3a1 1 0 0 0-1 1v12a2 2 0 0 0 2 2h16a2 2 0 0 0 2-2z"/&gt;&lt;path d="M6 12h.01"/&gt;&lt;path d="M6 16h.01"/&gt;&lt;circle cx="12" cy="10" r="2"/&gt;&lt;/svg&gt;\n
                                                        &lt;span class="hidden xl:inline"&gt;TTHC và Khác&lt;/span&gt;\n
                                                    &lt;/div&gt;\n
                                                                                                    &lt;/a&gt;\n
                                                                                            &lt;/li&gt;\n
                                                                            &lt;/ul&gt;\n
                                                            &lt;/li&gt;\n
                                                                                                &lt;li&gt;\n
                                &lt;a class="flex items-center justify-between px-4 py-3 hover:bg-white hover:text-black text-white transition rounded cursor-pointer toggle-submenu"\n
                                    href="javascript:;"&gt;\n
                                    \n
                                    &lt;div class="flex items-center gap-2" title="Dữ Liệu Khác"&gt;\n
                                        &lt;div title="Dữ Liệu Khác"&gt;&lt;svg class="lucide w-5 h-5 mr-2" xmlns="http://www.w3.org/2000/svg" fill="none" stroke="currentColor" stroke-width="2" stroke-linecap="round" stroke-linejoin="round" viewBox="0 0 24 24"&gt;&lt;path d="M16 21v-2a4 4 0 0 0-8 0v2"/&gt;&lt;circle cx="12" cy="7" r="4"/&gt;&lt;path d="M20.88 18.5A3.5 3.5 0 0 1 17.5 22H6.5a3.5 3.5 0 0 1-3.38-2.5"/&gt;&lt;/svg&gt;&lt;/div&gt;\n
                                        &lt;span class="hidden xl:inline" &gt;Dữ Liệu Khác&lt;/span&gt;\n
                                    &lt;/div&gt;\n
\n
                                                                            &lt;span class="hidden xl:inline"&gt;&lt;svg class="lucide w-5 h-5 mr-2" xmlns="http://www.w3.org/2000/svg" fill="none" stroke="currentColor" stroke-width="2" stroke-linecap="round" stroke-linejoin="round" viewBox="0 0 24 24"&gt;&lt;path d="M6 9l6 6l6-6"/&gt;&lt;/svg&gt;&lt;/span&gt;\n
                                                                    &lt;/a&gt;\n
                                                                    &lt;ul class="submenu ml-6 mt-1 hidden"&gt;\n
                                                                                    &lt;li  class="group relative"&gt;\n
                                                &lt;a class="flex items-center justify-between px-4 py-2 text-sm text-slate-300 hover:text-white hover:bg-slate-700 rounded transition "\n
                                                    href="http://localhost/geographical/list-erosion"&gt;\n
                                                   &lt;div class="flex items-center gap-2"&gt;\n
                                                        &lt;svg class="lucide w-5 h-5 mr-2" xmlns="http://www.w3.org/2000/svg" fill="none" stroke="currentColor" stroke-width="2" stroke-linecap="round" stroke-linejoin="round" viewBox="0 0 24 24"&gt;&lt;path d="M12 22a10 10 0 1 0-10-10a10.011 10.011 0 0 0 10 10z"/&gt;&lt;path d="M12.5 7h-1a1.5 1.5 0 0 0-1.5 1.5v6A1.5 1.5 0 0 0 11.5 16h1a1.5 1.5 0 0 0 .5-2.9V9.9A1.5 1.5 0 0 0 12.5 7z"/&gt;&lt;circle cx="12" cy="19" r=".5"/&gt;&lt;/svg&gt;\n
                                                        &lt;span class="hidden xl:inline"&gt;Khu vực xói, bồi&lt;/span&gt;\n
                                                    &lt;/div&gt;\n
                                                                                                    &lt;/a&gt;\n
                                                                                            &lt;/li&gt;\n
                                                                                    &lt;li  class="group relative"&gt;\n
                                                &lt;a class="flex items-center justify-between px-4 py-2 text-sm text-slate-300 hover:text-white hover:bg-slate-700 rounded transition "\n
                                                    href="http://localhost/geographical/list-shoreline"&gt;\n
                                                   &lt;div class="flex items-center gap-2"&gt;\n
                                                        &lt;svg class="lucide w-5 h-5 mr-2" xmlns="http://www.w3.org/2000/svg" fill="none" stroke="currentColor" stroke-width="2" stroke-linecap="round" stroke-linejoin="round" viewBox="0 0 24 24"&gt;&lt;path d="M12 22a10 10 0 1 0-10-10a10.011 10.011 0 0 0 10 10z"/&gt;&lt;path d="M12.5 7h-1a1.5 1.5 0 0 0-1.5 1.5v6A1.5 1.5 0 0 0 11.5 16h1a1.5 1.5 0 0 0 .5-2.9V9.9A1.5 1.5 0 0 0 12.5 7z"/&gt;&lt;circle cx="12" cy="19" r=".5"/&gt;&lt;/svg&gt;\n
                                                        &lt;span class="hidden xl:inline"&gt;Lịch sử đường bờ&lt;/span&gt;\n
                                                    &lt;/div&gt;\n
                                                                                                    &lt;/a&gt;\n
                                                                                            &lt;/li&gt;\n
                                                                                    &lt;li  class="group relative"&gt;\n
                                                &lt;a class="flex items-center justify-between px-4 py-2 text-sm text-slate-300 hover:text-white hover:bg-slate-700 rounded transition "\n
                                                    href="http://localhost/geographical/list-cross-section"&gt;\n
                                                   &lt;div class="flex items-center gap-2"&gt;\n
                                                        &lt;svg class="lucide w-5 h-5 mr-2" xmlns="http://www.w3.org/2000/svg" fill="none" stroke="currentColor" stroke-width="2" stroke-linecap="round" stroke-linejoin="round" viewBox="0 0 24 24"&gt;&lt;path d="M12 22a10 10 0 1 0-10-10a10.011 10.011 0 0 0 10 10z"/&gt;&lt;path d="M12.5 7h-1a1.5 1.5 0 0 0-1.5 1.5v6A1.5 1.5 0 0 0 11.5 16h1a1.5 1.5 0 0 0 .5-2.9V9.9A1.5 1.5 0 0 0 12.5 7z"/&gt;&lt;circle cx="12" cy="19" r=".5"/&gt;&lt;/svg&gt;\n
                                                        &lt;span class="hidden xl:inline"&gt;Mặt cắt ngang&lt;/span&gt;\n
                                                    &lt;/div&gt;\n
                                                                                                    &lt;/a&gt;\n
                                                                                            &lt;/li&gt;\n
                                                                                    &lt;li  class="group relative"&gt;\n
                                                &lt;a class="flex items-center justify-between px-4 py-2 text-sm text-slate-300 hover:text-white hover:bg-slate-700 rounded transition "\n
                                                    href="http://localhost/geographical/list-monitoring"&gt;\n
                                                   &lt;div class="flex items-center gap-2"&gt;\n
                                                        &lt;svg class="lucide w-5 h-5 mr-2" xmlns="http://www.w3.org/2000/svg" fill="none" stroke="currentColor" stroke-width="2" stroke-linecap="round" stroke-linejoin="round" viewBox="0 0 24 24"&gt;&lt;path d="M12 22a10 10 0 1 0-10-10a10.011 10.011 0 0 0 10 10z"/&gt;&lt;path d="M12.5 7h-1a1.5 1.5 0 0 0-1.5 1.5v6A1.5 1.5 0 0 0 11.5 16h1a1.5 1.5 0 0 0 .5-2.9V9.9A1.5 1.5 0 0 0 12.5 7z"/&gt;&lt;circle cx="12" cy="19" r=".5"/&gt;&lt;/svg&gt;\n
                                                        &lt;span class="hidden xl:inline"&gt;Mốc quan trắc&lt;/span&gt;\n
                                                    &lt;/div&gt;\n
                                                                                                    &lt;/a&gt;\n
                                                                                            &lt;/li&gt;\n
                                                                            &lt;/ul&gt;\n
                                                            &lt;/li&gt;\n
                                                                                                &lt;li&gt;\n
                                &lt;a class="flex items-center justify-between px-4 py-3 hover:bg-white hover:text-black text-white transition rounded cursor-pointer "\n
                                    href="http://localhost/map"&gt;\n
                                    \n
                                    &lt;div class="flex items-center gap-2" title="Bản Đồ"&gt;\n
                                        &lt;div title="Bản Đồ"&gt;&lt;svg xmlns="http://www.w3.org/2000/svg" width="24" height="24" viewBox="0 0 24 24" fill="none" stroke="currentColor" stroke-width="2" stroke-linecap="round" stroke-linejoin="round" class="lucide lucide-map-icon lucide-map"&gt;&lt;path d="M14.106 5.553a2 2 0 0 0 1.788 0l3.659-1.83A1 1 0 0 1 21 4.619v12.764a1 1 0 0 1-.553.894l-4.553 2.277a2 2 0 0 1-1.788 0l-4.212-2.106a2 2 0 0 0-1.788 0l-3.659 1.83A1 1 0 0 1 3 19.381V6.618a1 1 0 0 1 .553-.894l4.553-2.277a2 2 0 0 1 1.788 0z"/&gt;&lt;path d="M15 5.764v15"/&gt;&lt;path d="M9 3.236v15"/&gt;&lt;/svg&gt;&lt;/div&gt;\n
                                        &lt;span class="hidden xl:inline" &gt;Bản Đồ&lt;/span&gt;\n
                                    &lt;/div&gt;\n
\n
                                                                    &lt;/a&gt;\n
                                                            &lt;/li&gt;\n
                                                                                                &lt;li&gt;\n
                                &lt;a class="flex items-center justify-between px-4 py-3 hover:bg-white hover:text-black text-white transition rounded cursor-pointer "\n
                                    href="http://localhost/chat"&gt;\n
                                    \n
                                    &lt;div class="flex items-center gap-2" title="Tham gia cộng đồng"&gt;\n
                                        &lt;div title="Tham gia cộng đồng"&gt;&lt;svg xmlns="http://www.w3.org/2000/svg" width="24" height="24" viewBox="0 0 24 24" fill="none" stroke="currentColor" stroke-width="2" stroke-linecap="round" stroke-linejoin="round" class="lucide lucide-message-circle-icon lucide-message-circle"&gt;&lt;path d="M7.9 20A9 9 0 1 0 4 16.1L2 22Z"/&gt;&lt;/svg&gt;&lt;/div&gt;\n
                                        &lt;span class="hidden xl:inline" &gt;Tham gia cộng đồng&lt;/span&gt;\n
                                    &lt;/div&gt;\n
\n
                                                                    &lt;/a&gt;\n
                                                            &lt;/li&gt;\n
                                                                                                &lt;li&gt;\n
                                &lt;a class="flex items-center justify-between px-4 py-3 hover:bg-white hover:text-black text-white transition rounded cursor-pointer "\n
                                    href="http://localhost/incident-report"&gt;\n
                                    \n
                                    &lt;div class="flex items-center gap-2" title="Báo cáo sự cố"&gt;\n
                                        &lt;div title="Báo cáo sự cố"&gt;&lt;svg xmlns="http://www.w3.org/2000/svg" width="24" height="24" viewBox="0 0 24 24" fill="none" stroke="currentColor" stroke-width="2" stroke-linecap="round" stroke-linejoin="round" class="lucide lucide-message-square-warning-icon lucide-message-square-warning"&gt;&lt;path d="M21 15a2 2 0 0 1-2 2H7l-4 4V5a2 2 0 0 1 2-2h14a2 2 0 0 1 2 2z"/&gt;&lt;path d="M12 7v2"/&gt;&lt;path d="M12 13h.01"/&gt;&lt;/svg&gt;&lt;/div&gt;\n
                                        &lt;span class="hidden xl:inline" &gt;Báo cáo sự cố&lt;/span&gt;\n
                                    &lt;/div&gt;\n
\n
                                                                    &lt;/a&gt;\n
                                                            &lt;/li&gt;\n
                                                                \n
                                &lt;/ul&gt;\n
            &lt;/nav&gt;\n
            &lt;div class="md:max-w-auto overflow-x-hidden overflow-y-auto max-h-[100vh] min-w-0 max-w-full flex-1 rounded-[30px] bg-slate-100 px-4 pb-10 before:block before:h-px before:w-full before:content-[''] md:px-[22px]"&gt;\n
                &lt;div class="relative sticky top-0 z-2 flex items-center h-[68px] px-4 border-b border-slate-100 bg-slate-100"&gt;\n
  \n
                    &lt;div class="mr-auto"&gt; \n
                       &lt;div class="rounded-[8px] overflow-hidden w-[200px] md:w-[325px] h-[40px] bg-[#1E3A8A] border-[2px] border-[#133086] shadow-[0_2px_6px_rgba(0,0,0,0.1)] flex items-center justify-center"&gt;\n
                  \n
                    &lt;iframe src="https://thoitiet247.vn/widget/embed/ca-mau?style=6&amp;day=7&amp;td=%232e0000&amp;ntd=%231e3a8a&amp;mvb=%23000205&amp;mv=%231e3a8a&amp;mdk=%23000000&amp;htd=true" \n
                        id="widgeturl" class = "w-[200px] md:w-[325px]" height="55px" scrolling="no" frameborder="0" allowtransparency="true" style="border:none;overflow:hidden;"&gt;&lt;/iframe&gt;&lt;!-- End thoitiet.app widget --&gt;\n
                    &lt;/div&gt;\n
\n
                    &lt;/div&gt;\n
                    \n
                    &lt;div class="relative flex items-center gap-2"&gt;\n
                                                \n
                            &lt;div class="relative mr-4"&gt;\n
                                &lt;a href="javascript:void(0)" onclick="openNotification()" class="relative"&gt;\n
                                    &lt;svg xmlns="http://www.w3.org/2000/svg" width="24" height="24" viewBox="0 0 24 24" fill="none" stroke="#dfc207" stroke-width="2" stroke-linecap="round" stroke-linejoin="round" class="lucide lucide-bell-icon lucide-bell"&gt;&lt;path d="M10.268 21a2 2 0 0 0 3.464 0"/&gt;&lt;path d="M3.262 15.326A1 1 0 0 0 4 17h16a1 1 0 0 0 .74-1.673C19.41 13.956 18 12.499 18 8A6 6 0 0 0 6 8c0 4.499-1.411 5.956-2.738 7.326"/&gt;&lt;/svg&gt;\n
\n
                                    &lt;!-- Badge đỏ số lượng --&gt;\n
                                                                    &lt;/a&gt;\n
                                \n
\n
                                &lt;!-- Dropdown thông báo --&gt;\n
                                &lt;div class="absolute right-0 mt-2 w-80 bg-white border rounded shadow z-50 hidden" id="notification-dropdown"&gt;\n
                                    &lt;ul class="divide-y divide-gray-100 max-h-80 overflow-y-auto"&gt;\n
                                                                                    &lt;li class="p-3 text-sm text-gray-500"&gt;Không có thông báo nào&lt;/li&gt;\n
                                                                            &lt;/ul&gt;\n
                                &lt;/div&gt;\n
                            &lt;/div&gt;\n
\n
                            &lt;button type="button" style="all: unset" id="user-menu-button" aria-expanded="false"&gt;\n
                                &lt;svg class="lucide w-5 h-5 mr-2" xmlns="http://www.w3.org/2000/svg" fill="none" stroke="currentColor" stroke-width="2" stroke-linecap="round" stroke-linejoin="round" viewBox="0 0 24 24"&gt;&lt;circle cx="12" cy="12" r="10"/&gt;&lt;path d="M16 16a4 4 0 0 0-8 0v2a4 4 0 0 0 8 0z"/&gt;&lt;circle cx="12" cy="9" r="3"/&gt;&lt;/svg&gt;\n
                            &lt;/button&gt;\n
\n
                            &lt;div class="hidden absolute right-0 mt-2 w-48 z-1 text-base bg-white divide-y divide-gray-100 rounded-lg shadow-lg" id="user-dropdown"&gt;\n
                                &lt;div class="px-4 py-3"&gt;\n
                                    &lt;span class="block text-sm text-gray-900"&gt;Tên: Jamey Tremblay DVM&lt;/span&gt;\n
                                    &lt;span class="block text-sm text-gray-500 truncate"&gt;Tên đăng nhập: zjerde&lt;/span&gt;\n
                                &lt;/div&gt;\n
                                &lt;ul class="py-2" aria-labelledby="user-menu-button"&gt;\n
                                    &lt;li&gt;\n
                                        &lt;a href="http://localhost/edit-profile" class="block px-4 py-2 text-sm text-gray-700 hover:bg-gray-100"&gt;Hồ sơ&lt;/a&gt;\n
                                    &lt;/li&gt;\n
                                   \n
                                    &lt;li&gt;\n
                                        &lt;a href="http://localhost/logout" class="block px-4 py-2 text-sm text-gray-700 hover:bg-gray-100"&gt;Đăng xuất&lt;/a&gt;\n
                                    &lt;/li&gt;\n
                                &lt;/ul&gt;\n
                            &lt;/div&gt;\n
                        \n
                                            &lt;/div&gt;\n
                &lt;/div&gt;\n
                \n
                    &lt;div class="intro-y mt-5  flex items-center justify-between"&gt;\n
        &lt;div class="flex items-center text-lg font-medium uppercase"&gt;\n
            &lt;svg class="lucide w-5 h-5 mr-2" xmlns="http://www.w3.org/2000/svg" fill="none" stroke="currentColor" stroke-width="2" stroke-linecap="round" stroke-linejoin="round" viewBox="0 0 24 24"&gt;&lt;path d="M16 21v-2a4 4 0 0 0-8 0v2"/&gt;&lt;circle cx="12" cy="7" r="4"/&gt;&lt;/svg&gt;\n
            Danh Sách CÁN BỘ\n
        &lt;/div&gt;\n
        &lt;a class="flex items-center text-primary" href="http://localhost/list-user"&gt;\n
            &lt;svg class="lucide w-5 h-5 mr-2" xmlns="http://www.w3.org/2000/svg" fill="none" stroke="currentColor" stroke-width="2" stroke-linecap="round" stroke-linejoin="round" viewBox="0 0 24 24"&gt;&lt;path d="M21 12a9 9 0 0 0-9-9 9.75 9.75 0 0 0-6.74 2.74L3 8"/&gt;&lt;path d="M3 3v5h5"/&gt;&lt;path d="M3 12a9 9 0 0 0 9 9 9.75 9.75 0 0 0 6.74-2.74L21 16"/&gt;&lt;path d="M16 16h5v5"/&gt;&lt;/svg&gt; Tải lại dữ liệu\n
        &lt;/a&gt;\n
    &lt;/div&gt;\n
        &lt;div class="mt-5 grid grid-cols-12 gap-6"&gt;\n
        &lt;div class="intro-y col-span-12 flex flex-wrap items-start gap-3"&gt;\n
            \n
            &lt;form action="http://localhost/list-user" method="GET" class="flex flex-wrap items-center gap-3 grow"&gt;\n
                \n
                &lt;div class="relative"&gt;\n
                    &lt;div class="absolute inset-y-0 start-0 flex items-center ps-3 pointer-events-none"&gt;\n
                        &lt;svg class="lucide w-5 h-5 mr-2" xmlns="http://www.w3.org/2000/svg" fill="none" stroke="currentColor" stroke-width="2" stroke-linecap="round" stroke-linejoin="round" viewBox="0 0 24 24"&gt;&lt;circle cx="11" cy="11" r="8"/&gt;&lt;path d="M21 21l-4.35-4.35"/&gt;&lt;/svg&gt;\n
                    &lt;/div&gt;\n
                    &lt;input type="text" name="name" placeholder="Tên người dùng..." value="Test"\n
                            class="block w-full p-4 ps-10 text-sm text-gray-900 border border-gray-300 rounded-lg bg-gray-50 focus:ring-blue-500 focus:border-blue-500" /&gt;\n
                &lt;/div&gt;\n
\n
                &lt;button type="submit"\n
                    class="h-10 bg-blue-600 hover:bg-blue-700 text-white font-medium px-4 py-2 rounded-lg shadow-md transition-all"&gt;\n
                    Tìm kiếm\n
                &lt;/button&gt;\n
            &lt;/form&gt;\n
            &lt;a href="http://localhost/create-user"&gt;\n
                &lt;button type="button" class="text-white bg-blue-700 hover:bg-blue-800 focus:ring-4 focus:outline-none focus:ring-blue-300 font-medium rounded-lg text-sm px-5 py-2.5 text-center inline-flex items-center me-2"&gt;\n
                    &lt;svg class="lucide w-5 h-5 mr-2" xmlns="http://www.w3.org/2000/svg" fill="none" stroke="currentColor" stroke-width="2" stroke-linecap="round" stroke-linejoin="round" viewBox="0 0 24 24"&gt;&lt;circle cx="12" cy="12" r="10"/&gt;&lt;path d="M12 8v8"/&gt;&lt;path d="M8 12h8"/&gt;&lt;/svg&gt; Thêm mới người dùng\n
                &lt;/button&gt;\n
            &lt;/a&gt;\n
            &lt;form action="http://localhost/import-users" method="POST" enctype="multipart/form-data" formInline&gt;\n
                &lt;input type="hidden" name="_token" value="NhYqMwuVGFHtMVn22hbxTz9LtoYOlRELbmwatLr0" autocomplete="off"&gt;\n
               &lt;div class="flex items-center gap-2"&gt;\n
                    &lt;input type="file" id="fileImport" name="fileImport" accept=".xls,.xlsx"\n
                        class="block w-[200px] text-sm text-gray-900\n
                        file:mr-2 file:py-1 file:px-3\n
                        file:rounded file:border-0\n
                        file:text-sm file:font-medium\n
                        file:bg-blue-100 file:text-blue-700 file:w-[60px]\n
                        hover:file:bg-blue-200 border border-gray-300 rounded-md"&gt;\n
\n
                &lt;button type="submit"\n
                    class="text-white bg-blue-700 hover:bg-blue-800 focus:ring-4 focus:ring-blue-300 font-medium rounded-lg text-sm px-5 py-2.5 focus:outline-none"&gt;\n
                    Thêm nhiều người dùng\n
                &lt;/button&gt;\n
            &lt;/div&gt;\n
            &lt;/form&gt; \n
\n
        &lt;/div&gt;\n
        \n
        &lt;div\n
            class="intro-y col-span-3 overflow-auto lg:overflow-visible text-base text-gray-800  bg-gray-300 rounded-md px-4 py-2 shadow-sm text-center"&gt;\n
            Tổng số người dùng: &lt;span class="font-semibold"&gt;0&lt;/span&gt;\n
        &lt;/div&gt;\n
\n
        &lt;div class="intro-y col-span-12 overflow-auto lg:overflow-x-auto"&gt;\n
            &lt;form action="http://localhost/delete-multiple-user" method="POST"&gt;\n
            &lt;input type="hidden" name="_token" value="NhYqMwuVGFHtMVn22hbxTz9LtoYOlRELbmwatLr0" autocomplete="off"&gt;            &lt;input type="hidden" name="_method" value="DELETE"&gt;             \n
            &lt;button type="button" onclick="openDeleteMultipleModal()" class="bg-red-700 z-1 sticky left-0" id="delete-multiple-btn" disabled&gt;\n
                &lt;svg class="lucide w-5 h-5 mr-2" xmlns="http://www.w3.org/2000/svg" fill="none" stroke="currentColor" stroke-width="2" stroke-linecap="round" stroke-linejoin="round" viewBox="0 0 24 24"&gt;&lt;polyline points="3 6 5 6 21 6"/&gt;&lt;path d="M19 6v14a2 2 0 0 1-2 2H7a2 2 0 0 1-2-2V6"/&gt;&lt;path d="M10 11v6"/&gt;&lt;path d="M14 11v6"/&gt;&lt;path d="M16.5 6l-1.5-4h-4l-1.5 4"/&gt;&lt;/svg&gt; Xoá (&lt;span id="selected-count"&gt;0&lt;/span&gt;)\n
            &lt;/button&gt;\n
         \n
            &lt;table class="mt-2 border-separate border-spacing-y-[10px]"&gt;\n
                &lt;thead class="text-gray-700 uppercase bg-blue-100"&gt;\n
                    &lt;tr&gt;\n
                        &lt;th class="sticky left-0 z-1 bg-blue-100 w-[40px] min-w-[40px] max-w-[40px] px-1 text-center"&gt;&lt;input type="checkbox" id="selectAll" class="block mx-auto"&gt;&lt;/th&gt;\n
                        &lt;th class="sticky left-[10px] z-1 bg-blue-100 whitespace-nowrap px-4 py-4 "&gt;Tên người dùng&lt;/th&gt;\n
                        &lt;th scope="col"class="px-6 py-4 whitespace-nowrap min-w-[160px]"&gt;Tên đăng nhập&lt;/th&gt;\n
                        &lt;th scope="col"class="px-6 py-4 whitespace-nowrap min-w-[160px]"&gt;Email&lt;/th&gt;\n
                        &lt;th scope="col"class="px-6 py-4 whitespace-nowrap min-w-[160px]"&gt;Hành động&lt;/th&gt;\n
                    &lt;/tr&gt;\n
                &lt;/thead&gt;\n
                &lt;tbody&gt;\n
                                        &lt;tr&gt;\n
                        &lt;td colspan="11" class="text-center py-6"&gt;\n
                            &lt;div class="flex flex-col items-center justify-center text-slate-500"&gt;\n
                                &lt;svg class="lucide w-5 h-5 mr-2" xmlns="http://www.w3.org/2000/svg" fill="none" stroke="currentColor" stroke-width="2" stroke-linecap="round" stroke-linejoin="round" viewBox="0 0 24 24"&gt;&lt;circle cx="12" cy="12" r="10"/&gt;&lt;path d="M16 16a4 4 0 0 0-8 0"/&gt;&lt;path d="M9 9h.01"/&gt;&lt;path d="M15 9h.01"/&gt;&lt;/svg&gt;\n
                                &lt;div class="mt-2 text-lg"&gt;Hiện tại không có dữ liệu&lt;/div&gt;\n
                            &lt;/div&gt;\n
                        &lt;/td&gt;\n
                    &lt;/tr&gt;\n
                                &lt;/tbody&gt;\n
            &lt;/table&gt;\n
\n
            &lt;/form&gt;\n
        &lt;/div&gt;\n
\n
    &lt;/div&gt;\n
\n
    &lt;div class="intro-y col-span-12 overflow-auto lg:overflow-visible"&gt;\n
        \n
    &lt;/div&gt;\n
    &lt;/div&gt;\n
    &lt;div class="fixed inset-0 z-50 hidden" id="delete-confirmation-modal" aria-modal="true"&gt;\r\n
    &lt;div class="fixed inset-0 bg-black/50"&gt;&lt;/div&gt;\r\n
    &lt;div class="flex min-h-screen items-center justify-center"&gt;\r\n
        &lt;div class="bg-white rounded-lg shadow-xl w-full max-w-md z-50 p-6"&gt;\r\n
            &lt;div class="flex items-start space-x-3"&gt;\r\n
                &lt;div class="text-red-500"&gt;\r\n
                    &lt;svg class="lucide w-5 h-5 mr-2" xmlns="http://www.w3.org/2000/svg" fill="none" stroke="currentColor" stroke-width="2" stroke-linecap="round" stroke-linejoin="round" viewBox="0 0 24 24"&gt;&lt;circle cx="12" cy="12" r="10"/&gt;&lt;path d="M12 8v4"/&gt;&lt;path d="M12 16h.01"/&gt;&lt;/svg&gt;\r\n
                &lt;/div&gt;\r\n
                &lt;div&gt;\r\n
                    &lt;h3 class="text-lg font-semibold text-gray-900"&gt;Xác nhận xoá&lt;/h3&gt;\r\n
                    &lt;p class="mt-1 text-sm text-gray-600"&gt;Xác nhận xóa dữ liệu này?&lt;/p&gt;\r\n
                &lt;/div&gt;\r\n
            &lt;/div&gt;\r\n
\r\n
            &lt;div class="mt-6 flex justify-end space-x-2"&gt;\r\n
                &lt;button type="button" onclick="closeDeleteModal()" class="bg-white px-4 py-2 rounded border text-gray-700 hover:bg-gray-100"&gt;\r\n
                    Hủy\r\n
                &lt;/button&gt;\r\n
                &lt;a href="#" id="confirm-delete"\r\n
                    class="px-4 py-2 rounded bg-red-600 text-white hover:bg-red-700"&gt;\r\n
                    Xoá\r\n
                &lt;/a&gt;\r\n
            &lt;/div&gt;\r\n
        &lt;/div&gt;\r\n
    &lt;/div&gt;\r\n
&lt;/div&gt;    &lt;div class="fixed inset-0 z-50 hidden" id="delete-multiple-confirmation-modal" aria-modal="true"&gt;\r\n
    &lt;div class="fixed inset-0 bg-black/50"&gt;&lt;/div&gt;\r\n
    &lt;div class="flex min-h-screen items-center justify-center"&gt;\r\n
        &lt;div class="bg-white rounded-lg shadow-xl w-full max-w-md z-50 p-6"&gt;\r\n
            &lt;div class="flex items-start space-x-3"&gt;\r\n
                &lt;div class="text-red-500"&gt;\r\n
                    &lt;svg class="lucide w-5 h-5 mr-2" xmlns="http://www.w3.org/2000/svg" fill="none" stroke="currentColor" stroke-width="2" stroke-linecap="round" stroke-linejoin="round" viewBox="0 0 24 24"&gt;&lt;circle cx="12" cy="12" r="10"/&gt;&lt;path d="M12 8v4"/&gt;&lt;path d="M12 16h.01"/&gt;&lt;/svg&gt;\r\n
                &lt;/div&gt;\r\n
                &lt;div&gt;\r\n
                    &lt;h3 class="text-lg font-semibold text-gray-900"&gt;Xác nhận xoá nhiều &lt;/h3&gt;\r\n
                    &lt;p class="mt-1 text-sm text-gray-600"&gt;Xác nhận xóa dữ liệu này?&lt;/p&gt;\r\n
                &lt;/div&gt;\r\n
            &lt;/div&gt;\r\n
\r\n
            &lt;div class="mt-6 flex justify-end space-x-2"&gt;\r\n
                &lt;button type="button" onclick="closeDeleteMultipleModal()"\r\n
                        class="bg-white px-4 py-2 rounded border text-gray-700 hover:bg-gray-100"&gt;\r\n
                    Hủy\r\n
                &lt;/button&gt;\r\n
                &lt;a href="#" id="confirm-delete-multiple"\r\n
                    class="px-4 py-2 rounded bg-red-600 text-white hover:bg-red-700"&gt;\r\n
                    Xoá\r\n
                &lt;/a&gt;\r\n
            &lt;/div&gt;\r\n
        &lt;/div&gt;\r\n
    &lt;/div&gt;\r\n
&lt;/div&gt;\r\n
\r\n
    &lt;script type="module" src="http://[::1]:5173/@vite/client"&gt;&lt;/script&gt;&lt;script type="module" src="http://[::1]:5173/resources/js/confirm-delete.js"&gt;&lt;/script&gt;   \n
\n
\n
            &lt;/div&gt;\n
        &lt;/div&gt;\n
    &lt;/div&gt;\n
\n
&lt;/body&gt;\n
\n
&lt;/html&gt;\n
\n
&lt;script&gt;\n
    function openNotification() {\n
        console.log('openNotification');\n
        const dropdown = document.getElementById('notification-dropdown');\n
        if (dropdown) {\n
            dropdown.classList.toggle('hidden');\n
            \n
            // Nếu dropdown đang hiển thị, đánh dấu tất cả thông báo đã đọc\n
            if (!dropdown.classList.contains('hidden')) {\n
                markNotificationsAsRead();\n
            }\n
        }\n
    }\n
\n
    function markNotificationsAsRead() {\n
        // Gửi request để đánh dấu thông báo đã đọc\n
        fetch('/mark-notifications-as-read', {\n
            method: 'POST',\n
            headers: {\n
                'X-CSRF-TOKEN': document.querySelector('meta[name="csrf-token"]').getAttribute('content'),\n
                'Content-Type': 'application/json',\n
            },\n
        })\n
        .then(response =&gt; response.json())\n
        .then(data =&gt; {\n
            if (data.success) {\n
                // Ẩn badge số lượng thông báo\n
                const badge = document.getElementById('notification-badge');\n
                if (badge) {\n
                    badge.style.display = 'none';\n
                }\n
            }\n
        })\n
        .catch(error =&gt; {\n
            console.error('Error marking notifications as read:', error);\n
        });\n
    }\n
\n
    function markNotificationAsRead(notificationId, element) {\n
        // Gửi request để đánh dấu một thông báo cụ thể đã đọc\n
        fetch('/mark-notification-as-read', {\n
            method: 'POST',\n
            headers: {\n
                'X-CSRF-TOKEN': document.querySelector('meta[name="csrf-token"]').getAttribute('content'),\n
                'Content-Type': 'application/json',\n
            },\n
            body: JSON.stringify({\n
                notification_id: notificationId\n
            })\n
        })\n
        .then(response =&gt; response.json())\n
        .then(data =&gt; {\n
            if (data.success) {\n
                // Cập nhật giao diện\n
                element.classList.remove('bg-blue-50', 'border-l-4', 'border-blue-500');\n
                element.classList.add('bg-white');\n
                \n
                // Cập nhật màu text\n
                const titleElement = element.querySelector('.font-semibold');\n
                const messageElement = element.querySelector('.text-blue-700');\n
                if (titleElement) titleElement.classList.remove('text-blue-900');\n
                if (messageElement) messageElement.classList.remove('text-blue-700');\n
                \n
                // Ẩn dot xanh\n
                const dotElement = element.querySelector('.bg-blue-500');\n
                if (dotElement) dotElement.style.display = 'none';\n
                \n
                // Cập nhật badge số lượng\n
                updateNotificationBadge();\n
            }\n
        })\n
        .catch(error =&gt; {\n
            console.error('Error marking notification as read:', error);\n
        });\n
    }\n
\n
    function updateNotificationBadge() {\n
        // Đếm số thông báo chưa đọc còn lại\n
        const unreadItems = document.querySelectorAll('.bg-blue-50');\n
        const badge = document.getElementById('notification-badge');\n
        \n
        if (badge) {\n
            if (unreadItems.length === 0) {\n
                badge.style.display = 'none';\n
            } else {\n
                badge.textContent = unreadItems.length;\n
                badge.style.display = 'inline-block';\n
            }\n
        }\n
    }\n
\n
    document.addEventListener("DOMContentLoaded", function () {\n
        const toggles = document.querySelectorAll('.toggle-submenu');\n
\n
        toggles.forEach(toggle =&gt; {\n
            toggle.addEventListener('click', function (e) {\n
                e.preventDefault();\n
                const submenu = this.nextElementSibling;\n
\n
                document.querySelectorAll('.submenu').forEach(sm =&gt; {\n
                    if (sm !== submenu) sm.classList.add('hidden');\n
                });\n
\n
                if (submenu &amp;&amp; submenu.classList.contains('submenu')) {\n
                    submenu.classList.toggle('hidden');\n
                }\n
            });\n
        });\n
        \n
        const btn = document.getElementById('user-menu-button');\n
        const dropdown = document.getElementById('user-dropdown');\n
\n
        if (btn &amp;&amp; dropdown) {\n
            btn.addEventListener('click', function (e) {\n
                e.stopPropagation();\n
                dropdown.classList.toggle('hidden');\n
            });\n
\n
            document.addEventListener('click', function (e) {\n
                if (!dropdown.classList.contains('hidden') &amp;&amp;\n
                    !dropdown.contains(e.target) &amp;&amp;\n
                    !btn.contains(e.target)) {\n
                    dropdown.classList.add('hidden');\n
                }\n
            });\n
        }\n
\n
        // Thêm event listener để đóng dropdown thông báo khi click ra ngoài\n
        document.addEventListener('click', function (e) {\n
            const notificationDropdown = document.getElementById('notification-dropdown');\n
            const notificationButton = document.querySelector('[onclick="openNotification()"]');\n
            \n
            if (notificationDropdown &amp;&amp; !notificationDropdown.classList.contains('hidden') &amp;&amp;\n
                !notificationDropdown.contains(e.target) &amp;&amp;\n
                !notificationButton.contains(e.target)) {\n
                notificationDropdown.classList.add('hidden');\n
            }\n
        });\n
    });\n
&lt;/script&gt;\n
' [UTF-8](length: 102504) contains "Test User" [ASCII](length: 9).
&#13;
D:\DO_AN_TOT_NGHIEP\doan_calamity_manager\vendor\laravel\framework\src\Illuminate\Testing\TestResponseAssert.php:45
D:\DO_AN_TOT_NGHIEP\doan_calamity_manager\vendor\laravel\framework\src\Illuminate\Testing\TestResponse.php:686
D:\DO_AN_TOT_NGHIEP\doan_calamity_manager\tests\Feature\UserManagementTest.php:168</failure>
        </testcase>
        <testcase name="test_guest_cannot_access_user_management" file="D:\DO_AN_TOT_NGHIEP\doan_calamity_manager\tests\Feature\UserManagementTest.php" line="172" class="Tests\Feature\UserManagementTest" classname="Tests.Feature.UserManagementTest" assertions="2" time="0.025719"/>
        <testcase name="test_guest_cannot_access_create_user_form" file="D:\DO_AN_TOT_NGHIEP\doan_calamity_manager\tests\Feature\UserManagementTest.php" line="178" class="Tests\Feature\UserManagementTest" classname="Tests.Feature.UserManagementTest" assertions="2" time="0.026374"/>
      </testsuite>
    </testsuite>
  </testsuite>
</testsuites>
