PHPUnit 11.5.24 by Sebastian Bergmann and contributors.

Runtime:       PHP 8.2.10
Configuration: D:\DO_AN_TOT_NGHIEP\doan_calamity_manager\phpunit.xml


   PASS  Tests\Unit\ExampleTest
  ✓ that true is true                                                                             0.01s  

   FAIL  Tests\Feature\AuthTest
  ✓ user can view login page                                                                      0.44s  
  ✓ user can login with valid credentials                                                         0.08s  
  ✓ user cannot login with invalid credentials                                                    0.24s  
  ✓ user can logout                                                                               0.03s  
  ✓ user can view edit profile page                                                               0.05s  
  ⨯ user can update profile                                                                       0.05s  
  ✓ user cannot update profile with duplicate username                                            0.03s  

   FAIL  Tests\Feature\Auth\AuthenticationTest
  ✓ login screen can be rendered                                                                  0.03s  
  ⨯ users can authenticate using the login screen                                                 0.03s  
  ✓ users can not authenticate with invalid password                                              0.03s  
  ⨯ users can logout                                                                              0.54s  

   FAIL  Tests\Feature\Auth\EmailVerificationTest
  ⨯ email verification screen can be rendered                                                     0.04s  
  ⨯ email can be verified                                                                         0.03s  
  ⨯ email is not verified with invalid hash                                                       0.03s  

   FAIL  Tests\Feature\Auth\PasswordConfirmationTest
  ⨯ confirm password screen can be rendered                                                       0.06s  
  ⨯ password can be confirmed                                                                     0.05s  
  ⨯ password is not confirmed with invalid password                                               0.05s  

   FAIL  Tests\Feature\Auth\PasswordResetTest
  ⨯ reset password link screen can be rendered                                                    0.33s  
  ⨯ reset password link can be requested                                                          0.07s  
  ⨯ reset password screen can be rendered                                                         0.05s  
  ⨯ password can be reset with valid token                                                        0.05s  

   FAIL  Tests\Feature\Auth\PasswordUpdateTest
  ⨯ password can be updated                                                                       0.07s  
  ⨯ correct password must be provided to update password                                          0.10s  

   FAIL  Tests\Feature\Auth\RegistrationTest
  ⨯ registration screen can be rendered                                                           0.05s  
  ⨯ new users can register                                                                        0.04s  

   PASS  Tests\Feature\BasicTest
  ✓ homepage works                                                                                0.07s  
  ✓ login page works                                                                              0.05s  
  ✓ user can login                                                                                0.05s  
  ✓ user can logout                                                                               0.11s  
  ✓ city management works                                                                         0.18s  
  ✓ user management works                                                                         0.12s  
  ✓ incident report works                                                                         0.11s  
  ✓ chat functionality works                                                                      0.06s  
  ✓ guest can subscribe to disaster alerts                                                        0.04s  
  ✓ basic factories work                                                                          0.04s  
  ✓ public pages are accessible                                                                   0.27s  

   PASS  Tests\Feature\CityManagementTest
  ✓ guest can view city list                                                                      0.06s  
  ✓ authenticated user can view create city form                                                  0.05s  
  ✓ authenticated user can create new city                                                        0.04s  
  ✓ cannot create city with duplicate name                                                        0.04s  
  ✓ cannot create city with duplicate code                                                        0.04s  
  ✓ authenticated user can view edit city form                                                    0.07s  
  ✓ authenticated user can update city                                                            0.05s  
  ✓ authenticated user can delete city                                                            0.04s  
  ✓ authenticated user can delete multiple cities                                                 0.05s  
  ✓ city list can be searched                                                                     0.08s  
  ✓ guest cannot access create city form                                                          0.03s  

   FAIL  Tests\Feature\DashboardTest
  ⨯ dashboard displays calamity statistics                                                        0.05s  
  ⨯ dashboard shows recent calamities                                                             0.17s  
  ⨯ authenticated user can send chat message                                                      0.50s  
  ⨯ guest can send chat message                                                                   0.53s  
  ⨯ chat page displays messages                                                                   0.03s  
  ⨯ notification mark as read                                                                     0.03s  
  ⨯ single notification mark as read                                                              0.03s  

   FAIL  Tests\Feature\ExampleTest
  ⨯ the application returns a successful response                                                 0.69s  

   FAIL  Tests\Feature\IncidentReportTest
  ✓ guest can view incident report page                                                           0.05s  
  ✓ guest can view create incident report page                                                    0.04s  
  ✓ guest can create incident report                                                              0.03s  
  ✓ incident report requires required fields                                                      0.03s  
  ✓ authenticated user can delete incident report                                                 0.04s  
  ⨯ authenticated user can delete multiple incident reports                                       0.03s  
  ⨯ can get sub type of calamities                                                                0.03s  
  ✓ can get communes by district                                                                  0.03s  
  ⨯ incident report list displays data                                                            0.09s  
  ⨯ guest cannot delete incident reports                                                          0.03s  

   FAIL  Tests\Feature\IntegrationTest
  ⨯ complete workflow from login to calamity management                                           0.04s  
  ✓ guest can access public features                                                              0.09s  
  ✓ authentication flow                                                                           0.04s  
  ✓ data relationships work correctly                                                             0.07s  
  ✓ search functionality                                                                          0.10s  
  ✓ bulk operations                                                                               0.05s  

   FAIL  Tests\Feature\ProfileTest
  ⨯ profile page is displayed                                                                     0.04s  
  ⨯ profile information can be updated                                                            0.04s  
  ⨯ email verification status is unchanged when the email address is unchanged                    0.05s  
  ⨯ user can delete their account                                                                 0.05s  
  ⨯ correct password must be provided to delete account                                           0.04s  

   PASS  Tests\Feature\SimpleTest
  ✓ basic authentication                                                                          0.04s  
  ✓ user can logout                                                                               0.03s  
  ✓ guest can access public pages                                                                 0.03s  

   PASS  Tests\Feature\UserManagementTest
  ✓ authenticated user can view user list                                                         0.08s  
  ✓ authenticated user can view create user form                                                  0.04s  
  ✓ authenticated user can create new user                                                        0.03s  
  ✓ cannot create user with duplicate username                                                    0.03s  
  ✓ authenticated user can view edit user form                                                    0.04s  
  ✓ authenticated user can update user                                                            0.03s  
  ✓ authenticated user can delete user                                                            0.03s  
  ✓ authenticated user can delete multiple users                                                  0.03s  
  ✓ guest cannot access user management pages                                                     0.03s  
  ─────────────────────────────────────────────────────────────────────────────────────────────────────  
   FAILED  Tests\Feature\AuthTest > user can update profile                                              
  Failed asserting that two strings are equal.
--- Expected
+++ Actual
@@ @@
-'updateduser'
+'cristobal78'

  at tests\Feature\AuthTest.php:87
     83▕         $response->assertRedirect('/edit-profile');
     84▕         
     85▕         $user->refresh();
     86▕         $this->assertEquals('Updated Name', $user->full_name);
  ➜  87▕         $this->assertEquals('updateduser', $user->user_name);
     88▕         $this->assertEquals('updated@example.com', $user->email);
     89▕     }
     90▕ 
     91▕     public function test_user_cannot_update_profile_with_duplicate_username(): void

  1   tests\Feature\AuthTest.php:87

  ─────────────────────────────────────────────────────────────────────────────────────────────────────  
   FAILED  Tests\Feature\Auth\AuthenticationTest > users can authenticate using the login screen         
  The user is not authenticated
Failed asserting that false is true.

  at tests\Feature\Auth\AuthenticationTest.php:29
     25▕             'email' => $user->email,
     26▕             'password' => 'password',
     27▕         ]);
     28▕ 
  ➜  29▕         $this->assertAuthenticated();
     30▕         $response->assertRedirect(route('dashboard', absolute: false));
     31▕     }
     32▕ 
     33▕     public function test_users_can_not_authenticate_with_invalid_password(): void

  ─────────────────────────────────────────────────────────────────────────────────────────────────────  
   FAILED  Tests\Feature\Auth\AuthenticationTest > users can logout                                      
  The user is authenticated
Failed asserting that true is false.

  at tests\Feature\Auth\AuthenticationTest.php:51
     47▕         $user = User::factory()->create();
     48▕ 
     49▕         $response = $this->actingAs($user)->post('/logout');
     50▕ 
  ➜  51▕         $this->assertGuest();
     52▕         $response->assertRedirect('/');
     53▕     }
     54▕ }
     55▕

  ─────────────────────────────────────────────────────────────────────────────────────────────────────  
   FAILED  Tests\Feature\Auth\EmailVerificationTest > email verification screen can b…  QueryException   
  SQLSTATE[HY000]: General error: 1 table users has no column named email_verified_at (Connection: sqlite, SQL: insert into "users" ("full_name", "user_name", "email", "password", "is_master", "email_verified_at", "updated_at", "created_at") values (Rocky Grant, mabelle15, hill.freddy@example.com, $2y$04$waWsBJVOLPlJAFeMduemG.R8M95gV/IbPO1ydBQaHNwZnW3L.9vk2, 0, ?, 2025-07-13 09:49:55, 2025-07-13 09:49:55))

  at vendor\laravel\framework\src\Illuminate\Database\Connection.php:822
    818▕                     $this->getName(), $query, $this->prepareBindings($bindings), $e
    819▕                 );
    820▕             }
    821▕ 
  ➜ 822▕             throw new QueryException(
    823▕                 $this->getName(), $query, $this->prepareBindings($bindings), $e
    824▕             );
    825▕         }
    826▕     }

  1   vendor\laravel\framework\src\Illuminate\Database\Connection.php:822

  2   vendor\laravel\framework\src\Illuminate\Database\Connection.php:562
      NunoMaduro\Collision\Exceptions\TestException::("SQLSTATE[HY000]: General error: 1 table users has no column named email_verified_at")

  ─────────────────────────────────────────────────────────────────────────────────────────────────────  
   FAILED  Tests\Feature\Auth\EmailVerificationTest > email can be verified             QueryException   
  SQLSTATE[HY000]: General error: 1 table users has no column named email_verified_at (Connection: sqlite, SQL: insert into "users" ("full_name", "user_name", "email", "password", "is_master", "email_verified_at", "updated_at", "created_at") values (Prof. Janice White MD, halvorson.nathan, elda.lowe@example.org, $2y$04$waWsBJVOLPlJAFeMduemG.R8M95gV/IbPO1ydBQaHNwZnW3L.9vk2, 0, ?, 2025-07-13 09:49:55, 2025-07-13 09:49:55))

  at vendor\laravel\framework\src\Illuminate\Database\Connection.php:822
    818▕                     $this->getName(), $query, $this->prepareBindings($bindings), $e
    819▕                 );
    820▕             }
    821▕ 
  ➜ 822▕             throw new QueryException(
    823▕                 $this->getName(), $query, $this->prepareBindings($bindings), $e
    824▕             );
    825▕         }
    826▕     }

  1   vendor\laravel\framework\src\Illuminate\Database\Connection.php:822

  2   vendor\laravel\framework\src\Illuminate\Database\Connection.php:562
      NunoMaduro\Collision\Exceptions\TestException::("SQLSTATE[HY000]: General error: 1 table users has no column named email_verified_at")

  ─────────────────────────────────────────────────────────────────────────────────────────────────────  
   FAILED  Tests\Feature\Auth\EmailVerificationTest > email is not verified with inva…  QueryException   
  SQLSTATE[HY000]: General error: 1 table users has no column named email_verified_at (Connection: sqlite, SQL: insert into "users" ("full_name", "user_name", "email", "password", "is_master", "email_verified_at", "updated_at", "created_at") values (Alberto Parisian, rau.andrew, bosco.melissa@example.net, $2y$04$waWsBJVOLPlJAFeMduemG.R8M95gV/IbPO1ydBQaHNwZnW3L.9vk2, 1, ?, 2025-07-13 09:49:55, 2025-07-13 09:49:55))

  at vendor\laravel\framework\src\Illuminate\Database\Connection.php:822
    818▕                     $this->getName(), $query, $this->prepareBindings($bindings), $e
    819▕                 );
    820▕             }
    821▕ 
  ➜ 822▕             throw new QueryException(
    823▕                 $this->getName(), $query, $this->prepareBindings($bindings), $e
    824▕             );
    825▕         }
    826▕     }

  1   vendor\laravel\framework\src\Illuminate\Database\Connection.php:822

  2   vendor\laravel\framework\src\Illuminate\Database\Connection.php:562
      NunoMaduro\Collision\Exceptions\TestException::("SQLSTATE[HY000]: General error: 1 table users has no column named email_verified_at")

  ─────────────────────────────────────────────────────────────────────────────────────────────────────  
   FAILED  Tests\Feature\Auth\PasswordConfirmationTest > confirm password screen can be rendered         
  Expected response status code [200] but received 404.
Failed asserting that 404 is identical to 200.

  at tests\Feature\Auth\PasswordConfirmationTest.php:19
     15▕         $user = User::factory()->create();
     16▕ 
     17▕         $response = $this->actingAs($user)->get('/confirm-password');
     18▕ 
  ➜  19▕         $response->assertStatus(200);
     20▕     }
     21▕ 
     22▕     public function test_password_can_be_confirmed(): void
     23▕     {

  ─────────────────────────────────────────────────────────────────────────────────────────────────────  
   FAILED  Tests\Feature\Auth\PasswordConfirmationTest > password can be confirmed                       
  Expected response status code [201, 301, 302, 303, 307, 308] but received 404.
Failed asserting that false is true.

  at tests\Feature\Auth\PasswordConfirmationTest.php:30
     26▕         $response = $this->actingAs($user)->post('/confirm-password', [
     27▕             'password' => 'password',
     28▕         ]);
     29▕ 
  ➜  30▕         $response->assertRedirect();
     31▕         $response->assertSessionHasNoErrors();
     32▕     }
     33▕ 
     34▕     public function test_password_is_not_confirmed_with_invalid_password(): void

  ─────────────────────────────────────────────────────────────────────────────────────────────────────  
   FAILED  Tests\Feature\Auth\PasswordConfirmationTest > password is not confirmed with invalid passw…   
  Session is missing expected key [errors].
Failed asserting that false is true.

  at tests\Feature\Auth\PasswordConfirmationTest.php:42
     38▕         $response = $this->actingAs($user)->post('/confirm-password', [
     39▕             'password' => 'wrong-password',
     40▕         ]);
     41▕ 
  ➜  42▕         $response->assertSessionHasErrors();
     43▕     }
     44▕ }
     45▕

  ─────────────────────────────────────────────────────────────────────────────────────────────────────  
   FAILED  Tests\Feature\Auth\PasswordResetTest > reset password link screen can be rendered             
  Expected response status code [200] but received 500.
Failed asserting that 500 is identical to 200.

The following exception occurred during the last request:

InvalidArgumentException: View [auth.forgot-password] not found. in D:\DO_AN_TOT_NGHIEP\doan_calamity_manager\vendor\laravel\framework\src\Illuminate\View\FileViewFinder.php:138
Stack trace:
#0 D:\DO_AN_TOT_NGHIEP\doan_calamity_manager\vendor\laravel\framework\src\Illuminate\View\FileViewFinder.php(78): Illuminate\View\FileViewFinder->findInPaths()
#1 D:\DO_AN_TOT_NGHIEP\doan_calamity_manager\vendor\laravel\framework\src\Illuminate\View\Factory.php(150): Illuminate\View\FileViewFinder->find()
#2 D:\DO_AN_TOT_NGHIEP\doan_calamity_manager\vendor\laravel\framework\src\Illuminate\Foundation\helpers.php(1101): Illuminate\View\Factory->make()
#3 D:\DO_AN_TOT_NGHIEP\doan_calamity_manager\app\Http\Controllers\Auth\PasswordResetLinkController.php(16): view()
#4 D:\DO_AN_TOT_NGHIEP\doan_calamity_manager\vendor\laravel\framework\src\Illuminate\Routing\Controller.php(54): App\Http\Controllers\Auth\PasswordResetLinkController->create()
#5 D:\DO_AN_TOT_NGHIEP\doan_calamity_manager\vendor\laravel\framework\src\Illuminate\Routing\ControllerDispatcher.php(43): Illuminate\Routing\Controller->callAction()
#6 D:\DO_AN_TOT_NGHIEP\doan_calamity_manager\vendor\laravel\framework\src\Illuminate\Routing\Route.php(265): Illuminate\Routing\ControllerDispatcher->dispatch()
#7 D:\DO_AN_TOT_NGHIEP\doan_calamity_manager\vendor\laravel\framework\src\Illuminate\Routing\Route.php(211): Illuminate\Routing\Route->runController()
#8 D:\DO_AN_TOT_NGHIEP\doan_calamity_manager\vendor\laravel\framework\src\Illuminate\Routing\Router.php(808): Illuminate\Routing\Route->run()
#9 D:\DO_AN_TOT_NGHIEP\doan_calamity_manager\vendor\laravel\framework\src\Illuminate\Pipeline\Pipeline.php(169): Illuminate\Routing\Router->Illuminate\Routing\{closure}()
#10 D:\DO_AN_TOT_NGHIEP\doan_calamity_manager\vendor\laravel\framework\src\Illuminate\Auth\Middleware\RedirectIfAuthenticated.php(35): Illuminate\Pipeline\Pipeline->Illuminate\Pipeline\{closure}()
#11 D:\DO_AN_TOT_NGHIEP\doan_calamity_manager\vendor\laravel\framework\src\Illuminate\Pipeline\Pipeline.php(208): Illuminate\Auth\Middleware\RedirectIfAuthenticated->handle()
#12 D:\DO_AN_TOT_NGHIEP\doan_calamity_manager\vendor\laravel\framework\src\Illuminate\Routing\Middleware\SubstituteBindings.php(50): Illuminate\Pipeline\Pipeline->Illuminate\Pipeline\{closure}()
#13 D:\DO_AN_TOT_NGHIEP\doan_calamity_manager\vendor\laravel\framework\src\Illuminate\Pipeline\Pipeline.php(208): Illuminate\Routing\Middleware\SubstituteBindings->handle()
#14 D:\DO_AN_TOT_NGHIEP\doan_calamity_manager\vendor\laravel\framework\src\Illuminate\Foundation\Http\Middleware\VerifyCsrfToken.php(87): Illuminate\Pipeline\Pipeline->Illuminate\Pipeline\{closure}()
#15 D:\DO_AN_TOT_NGHIEP\doan_calamity_manager\vendor\laravel\framework\src\Illuminate\Pipeline\Pipeline.php(208): Illuminate\Foundation\Http\Middleware\VerifyCsrfToken->handle()
#16 D:\DO_AN_TOT_NGHIEP\doan_calamity_manager\vendor\laravel\framework\src\Illuminate\View\Middleware\ShareErrorsFromSession.php(48): Illuminate\Pipeline\Pipeline->Illuminate\Pipeline\{closure}()
#17 D:\DO_AN_TOT_NGHIEP\doan_calamity_manager\vendor\laravel\framework\src\Illuminate\Pipeline\Pipeline.php(208): Illuminate\View\Middleware\ShareErrorsFromSession->handle()
#18 D:\DO_AN_TOT_NGHIEP\doan_calamity_manager\vendor\laravel\framework\src\Illuminate\Session\Middleware\StartSession.php(120): Illuminate\Pipeline\Pipeline->Illuminate\Pipeline\{closure}()
#19 D:\DO_AN_TOT_NGHIEP\doan_calamity_manager\vendor\laravel\framework\src\Illuminate\Session\Middleware\StartSession.php(63): Illuminate\Session\Middleware\StartSession->handleStatefulRequest()
#20 D:\DO_AN_TOT_NGHIEP\doan_calamity_manager\vendor\laravel\framework\src\Illuminate\Pipeline\Pipeline.php(208): Illuminate\Session\Middleware\StartSession->handle()
#21 D:\DO_AN_TOT_NGHIEP\doan_calamity_manager\vendor\laravel\framework\src\Illuminate\Cookie\Middleware\AddQueuedCookiesToResponse.php(36): Illuminate\Pipeline\Pipeline->Illuminate\Pipeline\{closure}()
#22 D:\DO_AN_TOT_NGHIEP\doan_calamity_manager\vendor\laravel\framework\src\Illuminate\Pipeline\Pipeline.php(208): Illuminate\Cookie\Middleware\AddQueuedCookiesToResponse->handle()
#23 D:\DO_AN_TOT_NGHIEP\doan_calamity_manager\vendor\laravel\framework\src\Illuminate\Cookie\Middleware\EncryptCookies.php(74): Illuminate\Pipeline\Pipeline->Illuminate\Pipeline\{closure}()
#24 D:\DO_AN_TOT_NGHIEP\doan_calamity_manager\vendor\laravel\framework\src\Illuminate\Pipeline\Pipeline.php(208): Illuminate\Cookie\Middleware\EncryptCookies->handle()
#25 D:\DO_AN_TOT_NGHIEP\doan_calamity_manager\vendor\laravel\framework\src\Illuminate\Pipeline\Pipeline.php(126): Illuminate\Pipeline\Pipeline->Illuminate\Pipeline\{closure}()
#26 D:\DO_AN_TOT_NGHIEP\doan_calamity_manager\vendor\laravel\framework\src\Illuminate\Routing\Router.php(807): Illuminate\Pipeline\Pipeline->then()
#27 D:\DO_AN_TOT_NGHIEP\doan_calamity_manager\vendor\laravel\framework\src\Illuminate\Routing\Router.php(786): Illuminate\Routing\Router->runRouteWithinStack()
#28 D:\DO_AN_TOT_NGHIEP\doan_calamity_manager\vendor\laravel\framework\src\Illuminate\Routing\Router.php(750): Illuminate\Routing\Router->runRoute()
#29 D:\DO_AN_TOT_NGHIEP\doan_calamity_manager\vendor\laravel\framework\src\Illuminate\Routing\Router.php(739): Illuminate\Routing\Router->dispatchToRoute()
#30 D:\DO_AN_TOT_NGHIEP\doan_calamity_manager\vendor\laravel\framework\src\Illuminate\Foundation\Http\Kernel.php(200): Illuminate\Routing\Router->dispatch()
#31 D:\DO_AN_TOT_NGHIEP\doan_calamity_manager\vendor\laravel\framework\src\Illuminate\Pipeline\Pipeline.php(169): Illuminate\Foundation\Http\Kernel->Illuminate\Foundation\Http\{closure}()
#32 D:\DO_AN_TOT_NGHIEP\doan_calamity_manager\vendor\laravel\framework\src\Illuminate\Foundation\Http\Middleware\TransformsRequest.php(21): Illuminate\Pipeline\Pipeline->Illuminate\Pipeline\{closure}()
#33 D:\DO_AN_TOT_NGHIEP\doan_calamity_manager\vendor\laravel\framework\src\Illuminate\Foundation\Http\Middleware\ConvertEmptyStringsToNull.php(31): Illuminate\Foundation\Http\Middleware\TransformsRequest->handle()
#34 D:\DO_AN_TOT_NGHIEP\doan_calamity_manager\vendor\laravel\framework\src\Illuminate\Pipeline\Pipeline.php(208): Illuminate\Foundation\Http\Middleware\ConvertEmptyStringsToNull->handle()
#35 D:\DO_AN_TOT_NGHIEP\doan_calamity_manager\vendor\laravel\framework\src\Illuminate\Foundation\Http\Middleware\TransformsRequest.php(21): Illuminate\Pipeline\Pipeline->Illuminate\Pipeline\{closure}()
#36 D:\DO_AN_TOT_NGHIEP\doan_calamity_manager\vendor\laravel\framework\src\Illuminate\Foundation\Http\Middleware\TrimStrings.php(51): Illuminate\Foundation\Http\Middleware\TransformsRequest->handle()
#37 D:\DO_AN_TOT_NGHIEP\doan_calamity_manager\vendor\laravel\framework\src\Illuminate\Pipeline\Pipeline.php(208): Illuminate\Foundation\Http\Middleware\TrimStrings->handle()
#38 D:\DO_AN_TOT_NGHIEP\doan_calamity_manager\vendor\laravel\framework\src\Illuminate\Http\Middleware\ValidatePostSize.php(27): Illuminate\Pipeline\Pipeline->Illuminate\Pipeline\{closure}()
#39 D:\DO_AN_TOT_NGHIEP\doan_calamity_manager\vendor\laravel\framework\src\Illuminate\Pipeline\Pipeline.php(208): Illuminate\Http\Middleware\ValidatePostSize->handle()
#40 D:\DO_AN_TOT_NGHIEP\doan_calamity_manager\vendor\laravel\framework\src\Illuminate\Foundation\Http\Middleware\PreventRequestsDuringMaintenance.php(109): Illuminate\Pipeline\Pipeline->Illuminate\Pipeline\{closure}()
#41 D:\DO_AN_TOT_NGHIEP\doan_calamity_manager\vendor\laravel\framework\src\Illuminate\Pipeline\Pipeline.php(208): Illuminate\Foundation\Http\Middleware\PreventRequestsDuringMaintenance->handle()
#42 D:\DO_AN_TOT_NGHIEP\doan_calamity_manager\vendor\laravel\framework\src\Illuminate\Http\Middleware\HandleCors.php(48): Illuminate\Pipeline\Pipeline->Illuminate\Pipeline\{closure}()
#43 D:\DO_AN_TOT_NGHIEP\doan_calamity_manager\vendor\laravel\framework\src\Illuminate\Pipeline\Pipeline.php(208): Illuminate\Http\Middleware\HandleCors->handle()
#44 D:\DO_AN_TOT_NGHIEP\doan_calamity_manager\vendor\laravel\framework\src\Illuminate\Http\Middleware\TrustProxies.php(58): Illuminate\Pipeline\Pipeline->Illuminate\Pipeline\{closure}()
#45 D:\DO_AN_TOT_NGHIEP\doan_calamity_manager\vendor\laravel\framework\src\Illuminate\Pipeline\Pipeline.php(208): Illuminate\Http\Middleware\TrustProxies->handle()
#46 D:\DO_AN_TOT_NGHIEP\doan_calamity_manager\vendor\laravel\framework\src\Illuminate\Foundation\Http\Middleware\InvokeDeferredCallbacks.php(22): Illuminate\Pipeline\Pipeline->Illuminate\Pipeline\{closure}()
#47 D:\DO_AN_TOT_NGHIEP\doan_calamity_manager\vendor\laravel\framework\src\Illuminate\Pipeline\Pipeline.php(208): Illuminate\Foundation\Http\Middleware\InvokeDeferredCallbacks->handle()
#48 D:\DO_AN_TOT_NGHIEP\doan_calamity_manager\vendor\laravel\framework\src\Illuminate\Http\Middleware\ValidatePathEncoding.php(26): Illuminate\Pipeline\Pipeline->Illuminate\Pipeline\{closure}()
#49 D:\DO_AN_TOT_NGHIEP\doan_calamity_manager\vendor\laravel\framework\src\Illuminate\Pipeline\Pipeline.php(208): Illuminate\Http\Middleware\ValidatePathEncoding->handle()
#50 D:\DO_AN_TOT_NGHIEP\doan_calamity_manager\vendor\laravel\framework\src\Illuminate\Pipeline\Pipeline.php(126): Illuminate\Pipeline\Pipeline->Illuminate\Pipeline\{closure}()
#51 D:\DO_AN_TOT_NGHIEP\doan_calamity_manager\vendor\laravel\framework\src\Illuminate\Foundation\Http\Kernel.php(175): Illuminate\Pipeline\Pipeline->then()
#52 D:\DO_AN_TOT_NGHIEP\doan_calamity_manager\vendor\laravel\framework\src\Illuminate\Foundation\Http\Kernel.php(144): Illuminate\Foundation\Http\Kernel->sendRequestThroughRouter()
#53 D:\DO_AN_TOT_NGHIEP\doan_calamity_manager\vendor\laravel\framework\src\Illuminate\Foundation\Testing\Concerns\MakesHttpRequests.php(607): Illuminate\Foundation\Http\Kernel->handle()
#54 D:\DO_AN_TOT_NGHIEP\doan_calamity_manager\vendor\laravel\framework\src\Illuminate\Foundation\Testing\Concerns\MakesHttpRequests.php(368): Illuminate\Foundation\Testing\TestCase->call()
#55 D:\DO_AN_TOT_NGHIEP\doan_calamity_manager\tests\Feature\Auth\PasswordResetTest.php(17): Illuminate\Foundation\Testing\TestCase->get()
#56 D:\DO_AN_TOT_NGHIEP\doan_calamity_manager\vendor\phpunit\phpunit\src\Framework\TestCase.php(1656): Tests\Feature\Auth\PasswordResetTest->test_reset_password_link_screen_can_be_rendered()
#57 D:\DO_AN_TOT_NGHIEP\doan_calamity_manager\vendor\phpunit\phpunit\src\Framework\TestCase.php(514): PHPUnit\Framework\TestCase->runTest()
#58 D:\DO_AN_TOT_NGHIEP\doan_calamity_manager\vendor\phpunit\phpunit\src\Framework\TestRunner\TestRunner.php(87): PHPUnit\Framework\TestCase->runBare()
#59 D:\DO_AN_TOT_NGHIEP\doan_calamity_manager\vendor\phpunit\phpunit\src\Framework\TestCase.php(361): PHPUnit\Framework\TestRunner->run()
#60 D:\DO_AN_TOT_NGHIEP\doan_calamity_manager\vendor\phpunit\phpunit\src\Framework\TestSuite.php(369): PHPUnit\Framework\TestCase->run()
#61 D:\DO_AN_TOT_NGHIEP\doan_calamity_manager\vendor\phpunit\phpunit\src\Framework\TestSuite.php(369): PHPUnit\Framework\TestSuite->run()
#62 D:\DO_AN_TOT_NGHIEP\doan_calamity_manager\vendor\phpunit\phpunit\src\Framework\TestSuite.php(369): PHPUnit\Framework\TestSuite->run()
#63 D:\DO_AN_TOT_NGHIEP\doan_calamity_manager\vendor\phpunit\phpunit\src\TextUI\TestRunner.php(64): PHPUnit\Framework\TestSuite->run()
#64 D:\DO_AN_TOT_NGHIEP\doan_calamity_manager\vendor\phpunit\phpunit\src\TextUI\Application.php(210): PHPUnit\TextUI\TestRunner->run()
#65 D:\DO_AN_TOT_NGHIEP\doan_calamity_manager\vendor\phpunit\phpunit\phpunit(104): PHPUnit\TextUI\Application->run()
#66 {main}

----------------------------------------------------------------------------------

View [auth.forgot-password] not found.

  at tests\Feature\Auth\PasswordResetTest.php:19
     15▕     public function test_reset_password_link_screen_can_be_rendered(): void
     16▕     {
     17▕         $response = $this->get('/forgot-password');
     18▕ 
  ➜  19▕         $response->assertStatus(200);
     20▕     }
     21▕ 
     22▕     public function test_reset_password_link_can_be_requested(): void
     23▕     {

  ─────────────────────────────────────────────────────────────────────────────────────────────────────  
   FAILED  Tests\Feature\Auth\PasswordResetTest > reset password link can be requested                   
  The expected [Illuminate\Auth\Notifications\ResetPassword] notification was not sent.
Failed asserting that false is true.

  at vendor\laravel\framework\src\Illuminate\Support\Testing\Fakes\NotificationFake.php:89
     85▕         if (is_numeric($callback)) {
     86▕             return $this->assertSentToTimes($notifiable, $notification, $callback);
     87▕         }
     88▕ 
  ➜  89▕         PHPUnit::assertTrue(
     90▕             $this->sent($notifiable, $notification, $callback)->count() > 0,
     91▕             "The expected [{$notification}] notification was not sent."
     92▕         );
     93▕     }

  1   vendor\laravel\framework\src\Illuminate\Support\Testing\Fakes\NotificationFake.php:89
  2   vendor\laravel\framework\src\Illuminate\Support\Facades\Facade.php:361

  ─────────────────────────────────────────────────────────────────────────────────────────────────────  
   FAILED  Tests\Feature\Auth\PasswordResetTest > reset password screen can be rendered                  
  The expected [Illuminate\Auth\Notifications\ResetPassword] notification was not sent.
Failed asserting that false is true.

  at vendor\laravel\framework\src\Illuminate\Support\Testing\Fakes\NotificationFake.php:89
     85▕         if (is_numeric($callback)) {
     86▕             return $this->assertSentToTimes($notifiable, $notification, $callback);
     87▕         }
     88▕ 
  ➜  89▕         PHPUnit::assertTrue(
     90▕             $this->sent($notifiable, $notification, $callback)->count() > 0,
     91▕             "The expected [{$notification}] notification was not sent."
     92▕         );
     93▕     }

  1   vendor\laravel\framework\src\Illuminate\Support\Testing\Fakes\NotificationFake.php:89
  2   vendor\laravel\framework\src\Illuminate\Support\Facades\Facade.php:361

  ─────────────────────────────────────────────────────────────────────────────────────────────────────  
   FAILED  Tests\Feature\Auth\PasswordResetTest > password can be reset with valid token                 
  The expected [Illuminate\Auth\Notifications\ResetPassword] notification was not sent.
Failed asserting that false is true.

  at vendor\laravel\framework\src\Illuminate\Support\Testing\Fakes\NotificationFake.php:89
     85▕         if (is_numeric($callback)) {
     86▕             return $this->assertSentToTimes($notifiable, $notification, $callback);
     87▕         }
     88▕ 
  ➜  89▕         PHPUnit::assertTrue(
     90▕             $this->sent($notifiable, $notification, $callback)->count() > 0,
     91▕             "The expected [{$notification}] notification was not sent."
     92▕         );
     93▕     }

  1   vendor\laravel\framework\src\Illuminate\Support\Testing\Fakes\NotificationFake.php:89
  2   vendor\laravel\framework\src\Illuminate\Support\Facades\Facade.php:361

  ─────────────────────────────────────────────────────────────────────────────────────────────────────  
   FAILED  Tests\Feature\Auth\PasswordUpdateTest > password can be updated                               
  Expected response status code [201, 301, 302, 303, 307, 308] but received 404.
Failed asserting that false is true.

  at tests\Feature\Auth\PasswordUpdateTest.php:29
     25▕             ]);
     26▕ 
     27▕         $response
     28▕             ->assertSessionHasNoErrors()
  ➜  29▕             ->assertRedirect('/profile');
     30▕ 
     31▕         $this->assertTrue(Hash::check('new-password', $user->refresh()->password));
     32▕     }
     33▕

  ─────────────────────────────────────────────────────────────────────────────────────────────────────  
   FAILED  Tests\Feature\Auth\PasswordUpdateTest > correct password must be provided to update passwo…   
  Session is missing expected key [errors].
Failed asserting that false is true.

  at tests\Feature\Auth\PasswordUpdateTest.php:48
     44▕                 'password_confirmation' => 'new-password',
     45▕             ]);
     46▕ 
     47▕         $response
  ➜  48▕             ->assertSessionHasErrorsIn('updatePassword', 'current_password')
     49▕             ->assertRedirect('/profile');
     50▕     }
     51▕ }
     52▕

  ─────────────────────────────────────────────────────────────────────────────────────────────────────  
   FAILED  Tests\Feature\Auth\RegistrationTest > registration screen can be rendered                     
  Expected response status code [200] but received 404.
Failed asserting that 404 is identical to 200.

  at tests\Feature\Auth\RegistrationTest.php:16
     12▕     public function test_registration_screen_can_be_rendered(): void
     13▕     {
     14▕         $response = $this->get('/register');
     15▕ 
  ➜  16▕         $response->assertStatus(200);
     17▕     }
     18▕ 
     19▕     public function test_new_users_can_register(): void
     20▕     {

  ─────────────────────────────────────────────────────────────────────────────────────────────────────  
   FAILED  Tests\Feature\Auth\RegistrationTest > new users can register                                  
  The user is not authenticated
Failed asserting that false is true.

  at tests\Feature\Auth\RegistrationTest.php:28
     24▕             'password' => 'password',
     25▕             'password_confirmation' => 'password',
     26▕         ]);
     27▕ 
  ➜  28▕         $this->assertAuthenticated();
     29▕         $response->assertRedirect(route('dashboard', absolute: false));
     30▕     }
     31▕ }
     32▕

  ─────────────────────────────────────────────────────────────────────────────────────────────────────  
   FAILED  Tests\Feature\DashboardTest > dashboard displays calam…  UniqueConstraintViolationException   
  SQLSTATE[23000]: Integrity constraint violation: 19 UNIQUE constraint failed: type_of_calamities.slug (Connection: sqlite, SQL: insert into "type_of_calamities" ("name", "slug", "description", "updated_at", "created_at") values (Lũ quét, lu-quet, Qui et temporibus tempora neque culpa occaecati., 2025-07-13 09:49:58, 2025-07-13 09:49:58))

  at vendor\laravel\framework\src\Illuminate\Database\Connection.php:817
    813▕         // message to include the bindings with SQL, which will make this exception a
    814▕         // lot more helpful to the developer instead of just the database's errors.
    815▕         catch (Exception $e) {
    816▕             if ($this->isUniqueConstraintError($e)) {
  ➜ 817▕                 throw new UniqueConstraintViolationException(
    818▕                     $this->getName(), $query, $this->prepareBindings($bindings), $e
    819▕                 );
    820▕             }
    821▕

  1   vendor\laravel\framework\src\Illuminate\Database\Connection.php:817

  2   vendor\laravel\framework\src\Illuminate\Database\Connection.php:568
      NunoMaduro\Collision\Exceptions\TestException::("SQLSTATE[23000]: Integrity constraint violation: 19 UNIQUE constraint failed: type_of_calamities.slug")

  ─────────────────────────────────────────────────────────────────────────────────────────────────────  
   FAILED  Tests\Feature\DashboardTest > dashboard shows recent calamities                               
  Expected: <!DOCTYPE html>\n
<html class="opacity-0" lang="vi">\n
\n
<head>\n
    <meta charset="utf-8">\n
    <meta name="csrf-token" content="3bRVB1mq5e4qYVM6JvWsNqiUY147B2r9udpOHCYd">\n
    <meta name="viewport" content="width=device-width, initial-scale=1">\n
    <meta name="author" content="LEFT4CODE">\n
    \n
    \n
    <script type="module" src="http://[::1]:5173/@vite/client"></script><script type="module" src="http://[::1]:5173/resources/js/vendors/dom.js"></script>    \n
        <script type="module" src="http://[::1]:5173/@vite/client"></script><script type="module" src="http://[::1]:5173/resources/js/vendors/modal.js"></script>\n
    <script type="module" src="http://[::1]:5173/@vite/client"></script><script type="module" src="http://[::1]:5173/resources/js/components/base/theme-color.js"></script>    <script type="module" src="http://[::1]:5173/@vite/client"></script><link rel="stylesheet" href="http://[::1]:5173/resources/css/app.css" /><script type="module" src="http://[::1]:5173/resources/js/app.js"></script>\n
        <script src="https://cdn.jsdelivr.net/npm/apexcharts"></script>\n
    <script>\n
\n
        document.addEventListener("DOMContentLoaded", function() {\n
            var disasterData = [{"type":"S\u1ea1t L\u1edf","count":0,"percentage":0},{"type":"Ng\u1eadp L\u1ee5t","count":0,"percentage":0},{"type":"B\u00e3o","count":0,"percentage":0}];\n
            var labels = disasterData.map(item => item.type);\n
            var series = disasterData.map(item => item.count);\n
            \n
            var colors = ['#2563eb', '#f59e0b', '#ef4444'];\n
            if (series.reduce((a, b) => a + b, 0) === 0) {\n
                document.getElementById("disaster-chart").innerHTML =\n
                    "<p class='text-gray-500 text-center'>Không có dữ liệu để hiển thị</p>";\n
            } else {\n
                var options = {\n
                    series: series,\n
                    chart: {\n
                        type: 'pie',\n
                        height: 370\n
                    },\n
                    labels: labels,\n
                    colors: colors,\n
                    legend: {\n
                        show: false\n
                    },\n
                    stroke: {\n
                        show: true,\n
                        width: 2,\n
                        colors: ['#ffffff']\n
                    }\n
                };\n
                var chart = new ApexCharts(document.querySelector("#disaster-chart"), options);\n
                chart.render();\n
            }\n
        });\n
\n
        document.addEventListener("DOMContentLoaded", function() {\n
            if (typeof google === "undefined" || typeof google.maps === "undefined") {\n
                console.warn("Google Maps API chưa tải xong, đợi 1 giây...");\n
                let checkGoogleMaps = setInterval(() => {\n
                    if (typeof google !== "undefined" && typeof google.maps !== "undefined") {\n
                        clearInterval(checkGoogleMaps);\n
                        console.log("Google Maps API đã sẵn sàng!");\n
                        initializeApp();\n
                    }\n
                }, 1000);\n
            } else {\n
                console.log("Google Maps API đã sẵn sàng!");\n
                initializeApp();\n
            }\n
        });\n
        let calamitiesData = [{"type":"S\u1ea1t L\u1edf","data":[]},{"type":"Ng\u1eadp L\u1ee5t","data":[]},{"type":"B\u00e3o","data":[]}]\n
        let map;\n
        let markers = {}; \n
        let kmlLayers = {}; \n
        let map1, marker;\n
\n
        function initializeApp() {\n
            initMap();\n
            addMarkersAndKML()\n
            setupCheckboxListeners()\n
        }\n
\n
        function initMap() {\n
            \n
            map = new google.maps.Map(document.getElementById('map'), {\n
                center: {\n
                    lat: 9.176,\n
                    lng: 105.15\n
                },\n
                zoom: 10\n
            });\n
            addDistrictLabels();\n
\n
        }\n
\n
        function addDistrictLabels() {\n
            const districts = [{\n
                    name: "TP.Cà Mau",\n
                    lat: 9.180768,\n
                    lng: 105.191980\n
                },\n
                {\n
                    name: "H.U Minh",\n
                    lat: 9.3458,\n
                    lng: 104.9432\n
                },\n
                {\n
                    name: "H.Thới Bình",\n
                    lat: 9.340954,\n
                    lng: 105.163154\n
                },\n
                {\n
                    name: "H.Trần Văn Thời",\n
                    lat: 9.139329,\n
                    lng: 104.916711\n
                },\n
                {\n
                    name: "H.Cái Nước",\n
                    lat: 9.028582,\n
                    lng: 105.046749\n
                },\n
                {\n
                    name: "H.Đầm Dơi",\n
                    lat: 8.965907,\n
                    lng: 105.243772\n
                },\n
                {\n
                    name: "H.Năm Căn",\n
                    lat: 8.7815,\n
                    lng: 104.9735\n
                },\n
                {\n
                    name: "H.Phú Tân",\n
                    lat: 8.889554,\n
                    lng: 104.877030\n
                },\n
                {\n
                    name: "H.Ngọc Hiển",\n
                    lat: 8.6235,\n
                    lng: 104.8435\n
                }\n
            ];\n
            districts.forEach(district => {\n
                new google.maps.Marker({\n
                    position: {\n
                        lat: district.lat,\n
                        lng: district.lng\n
                    },\n
                    map,\n
                    label: {\n
                        text: district.name,\n
                        color: "black",\n
                        fontSize: "12px"\n
                    },\n
                    icon: {\n
                        path: google.maps.SymbolPath.CIRCLE,\n
                        scale: 0\n
                    },\n
                });\n
            });\n
        }\n
\n
        function removeVietnameseTones(str) {\n
            return str.normalize("NFD").replace(/[\u0300-\u036f]/g, "") \n
                .replace(/đ/g, "d").replace(/Đ/g, "D") \n
                .replace(/\s+/g, '-').toLowerCase(); \n
        }\n
\n
        function addMarkersAndKML() {\n
            markers = {}; \n
            let sharedInfoWindow = new google.maps.InfoWindow();\n
            calamitiesData.forEach(disaster => {\n
                disaster.data.forEach(item => {\n
                    console.log("📍 Marker:", item.name, item.coordinates);\n
                });\n
\n
                let type = disaster.type;\n
                let slug = removeVietnameseTones(type); \n
                markers[slug] = [];\n
                \n
                let iconUrl = "";\n
                switch (type.toLowerCase()) {\n
                    case "sạt lở":\n
                        iconUrl = "/uploads/map/falling_rocks.png";\n
                        break;\n
                    case "ngập lụt":\n
                        iconUrl = "/uploads/map/swimming.png";\n
                        break;\n
                    case "bão":\n
                        iconUrl = "/uploads/map/caution.png";\n
                        break;\n
                    default:\n
                        iconUrl = "https://maps.google.com/mapfiles/kml/shapes/info-i_maps.png"; \n
                }\n
                \n
                if (Array.isArray(disaster.data)) {\n
                    disaster.data.forEach(item => {\n
                        if (item.coordinates) {\n
                            let [lat, lng] = item.coordinates.split(',').map(coord => parseFloat(coord\n
                                .trim()));\n
                            let marker = new google.maps.Marker({\n
                                position: {\n
                                    lat,\n
                                    lng\n
                                },\n
                                map: map,\n
                                icon: {\n
                                    url: iconUrl,\n
                                    scaledSize: new google.maps.Size(25, 25)\n
                                }\n
                            });\n
                            marker.addListener("click", () => {\n
                                sharedInfoWindow.setContent(generateContent(item, type));\n
                                sharedInfoWindow.open(map, marker);\n
                            });\n
                            google.maps.event.addListener(sharedInfoWindow, "domready", function() {\n
                                const closeBtn = document.querySelector(".gm-ui-hover-effect");\n
                                if (closeBtn) closeBtn.style.display = "none";\n
                                const customClose = document.getElementById("custom-close-btn");\n
                                if (customClose) {\n
                                    customClose.addEventListener("click", () => {\n
                                        sharedInfoWindow.close();\n
                                    });\n
                                }\n
                            });\n
                            markers[slug].push(marker);\n
                        }\n
                    });\n
                }\n
            });\n
        }\n
\n
        function generateContent(calamity, type) {\n
            let headerColor = "linear-gradient(to right, #95a5a6, #7f8c8d)";\n
            if (type === "Sạt Lở") {\n
                headerColor = "linear-gradient(to right, #e74c3c, #c0392b)";\n
            } else if (type === "Ngập Lụt") {\n
                headerColor = "linear-gradient(to right, #3498db, #2980b9)";\n
            } else if (type === "Bão") {\n
                headerColor = "linear-gradient(to right, #f39c12, #e67e22)";\n
            }\n
            const content = `\n
                    <div style="max-width: 320px; font-family: 'Segoe UI', sans-serif; border-radius: 16px; overflow: hidden; box-shadow: 0 8px 20px rgba(0,0,0,0.15); background: #fff; position: relative;">\n
                        <button id="custom-close-btn"\n
                            style="position: absolute; top: 10px; right: 10px; background: rgba(255,255,255,0.9); border: none; border-radius: 50%; padding: 6px 10px; font-size: 16px; cursor: pointer; box-shadow: 0 2px 6px rgba(0,0,0,0.2); z-index: 2;">\n
                            ✕\n
                        </button>\n
                        <div style="background: ${headerColor}; color: white; padding: 14px 20px; text-align: center;">\n
                            <div style="font-size: 17px; font-weight: bold; letter-spacing: 0.5px;">\n
                                ${calamity.name || "Không có tên"} (${type})\n
                            </div>\n
                        </div>\n
                    <div style="padding: 16px 20px; font-size: 14.5px; color: #333; line-height: 1.8;">\n
                            <div style="margin-bottom: 6px;"><strong>🌍 Thiên tai:</strong> ${calamity.risk_level.type_of_calamities.name || "Không có"}</div>\n
                            <div style="margin-bottom: 6px;"><strong>🌀 Tác nhân:</strong> ${calamity.sub_type_of_calamities[0].name || "Không có"}</div>\n
                            <div style="margin-bottom: 6px;"><strong>⚠️ Cấp độ:</strong> ${calamity.risk_level.name || "Không có"}</div>\n
                            <div style="margin-bottom: 6px;"><strong>📍 Địa chỉ:</strong> ${calamity.address || "Không có"}</div>\n
                            <div style="margin-bottom: 6px;"><strong>🏘️ Xã:</strong> ${calamity.communes?.[0]?.name || "Không có"}</div>\n
                            <div style="margin-bottom: 6px;"><strong>🏞️ Huyện:</strong> ${calamity.communes?.[0]?.district?.name || "Không có"}</div>\n
                        </div>\n
                    </div>\n
                    `;\n
            return content;\n
        }\n
\n
        function setupCheckboxListeners() {\n
            document.querySelectorAll("input[type='checkbox']").forEach(checkbox => {\n
                checkbox.addEventListener("change", function() {\n
                    let typeSlug = this.id.replace("toggle-", "");\n
                    if (this.checked) {\n
                        if (markers[typeSlug]) {\n
                            markers[typeSlug].forEach(marker => marker.setVisible(true));\n
                        }\n
                        if (kmlLayers[typeSlug]) {\n
                            kmlLayers[typeSlug].forEach(layer => layer.setMap(map));\n
                        }\n
                    } else {\n
                        if (markers[typeSlug]) {\n
                            markers[typeSlug].forEach(marker => marker.setVisible(false));\n
                        }\n
                        if (kmlLayers[typeSlug]) {\n
                            kmlLayers[typeSlug].forEach(layer => layer.setMap(null));\n
                        }\n
                    }\n
                });\n
            });\n
        }\n
\n
        function showToast(message) {\n
            let toast = document.createElement("div");\n
            toast.innerText = message;\n
            toast.style.position = "fixed";\n
            toast.style.bottom = "20px";\n
            toast.style.left = "50%";\n
            toast.style.transform = "translateX(-50%)";\n
            toast.style.background = "#ff4d4d";\n
            toast.style.color = "white";\n
            toast.style.padding = "10px 20px";\n
            toast.style.borderRadius = "5px";\n
            toast.style.zIndex = "1000";\n
            document.body.appendChild(toast);\n
\n
            setTimeout(() => {\n
                toast.remove();\n
            }, 3000);\n
        }\n
    </script>\n
    <script async\n
        src="https://maps.googleapis.com/maps/api/js?key=AIzaSyDMhd9dHKpWfJ57Ndv2alnxEcSvP_-_uN8&libraries=places&callback=initMap">\n
    </script>\n
    \n
</head>\n
\n
<body style="background-color: #1E3A8A;">\n
\n
    <div class=" px-5 sm:px-8 py-5 ">\n
        <div class="mobile-menu hidden lg:hidden fixed inset-0 bg-slate-900 text-white z-50 overflow-y-auto" style="background-color: #1E3A8A;">\n
    \n
    <div class="flex h-[70px] items-center px-4 sm:px-8 justify-between border-b border-slate-700 lg:hidden">\n
        <a href="http://localhost" class="flex items-center gap-2">\n
            <span class="font-semibold text-lg">Quản lý thiên tai</span>\n
        </a>\n
        <span role="button" class="mobile-menu-close cursor-pointer"\n
      onclick="document.querySelector('.mobile-menu')?.classList.add('hidden')">\n
    <svg class="lucide w-5 h-5 mr-2" xmlns="http://www.w3.org/2000/svg" fill="none" stroke="currentColor" stroke-width="2" stroke-linecap="round" stroke-linejoin="round" viewBox="0 0 24 24"><circle cx="12" cy="12" r="10"/><path d="M15 9l-6 6m0-6l6 6"/></svg>\n
    </span>\n
\n
    </div>\n
\n
    <ul class="py-4 px-4 space-y-2">\n
                                                        <li>\n
                        <a class="flex items-center justify-between px-4 py-3 hover:bg-slate-700 rounded transition "\n
                           href="http://localhost">\n
                            <div class="flex items-center gap-2">\n
                                <svg class="lucide w-5 h-5 mr-2" xmlns="http://www.w3.org/2000/svg" fill="none" stroke="currentColor" stroke-width="2" stroke-linecap="round" stroke-linejoin="round" viewBox="0 0 24 24"><path d="M12 22a10 10 0 1 0-10-10a10.011 10.011 0 0 0 10 10z"/><path d="M12.5 7h-1a1.5 1.5 0 0 0-1.5 1.5v6A1.5 1.5 0 0 0 11.5 16h1a1.5 1.5 0 0 0 .5-2.9V9.9A1.5 1.5 0 0 0 12.5 7z"/><circle cx="12" cy="19" r=".5"/></svg>\n
                                <span>Tổng Quan</span>\n
                            </div>\n
                                                    </a>\n
\n
                                            </li>\n
                                                                <li>\n
                        <a class="flex items-center justify-between px-4 py-3 hover:bg-slate-700 rounded transition toggle-submenu"\n
                           href="javascript:;">\n
                            <div class="flex items-center gap-2">\n
                                <svg class="lucide w-5 h-5 mr-2" xmlns="http://www.w3.org/2000/svg" fill="none" stroke="currentColor" stroke-width="2" stroke-linecap="round" stroke-linejoin="round" viewBox="0 0 24 24"><path d="M3 9l9-7l9 7v11a2 2 0 0 1-2 2H5a2 2 0 0 1-2-2V9z"/><polyline points="9 22 9 12 15 12 15 22"/></svg>\n
                                <span>Địa Điểm</span>\n
                            </div>\n
                                                            <svg class="lucide w-5 h-5 mr-2" xmlns="http://www.w3.org/2000/svg" fill="none" stroke="currentColor" stroke-width="2" stroke-linecap="round" stroke-linejoin="round" viewBox="0 0 24 24"><path d="M6 9l6 6l6-6"/></svg>\n
                                                    </a>\n
\n
                                                    <ul class="submenu ml-4 mt-1 hidden space-y-1">\n
                                                                    <li>\n
                                        <a class="flex items-center justify-between px-4 py-2 text-sm hover:bg-slate-700 rounded transition "\n
                                           href="http://localhost/list-city">\n
                                            <div class="flex items-center gap-2">\n
                                                <svg class="lucide w-5 h-5 mr-2" xmlns="http://www.w3.org/2000/svg" fill="none" stroke="currentColor" stroke-width="2" stroke-linecap="round" stroke-linejoin="round" viewBox="0 0 24 24"><path d="M12 22a10 10 0 1 0-10-10a10.011 10.011 0 0 0 10 10z"/><path d="M12.5 7h-1a1.5 1.5 0 0 0-1.5 1.5v6A1.5 1.5 0 0 0 11.5 16h1a1.5 1.5 0 0 0 .5-2.9V9.9A1.5 1.5 0 0 0 12.5 7z"/><circle cx="12" cy="19" r=".5"/></svg>\n
                                                <span>Tỉnh-Thành</span>\n
                                            </div>\n
                                                                                    </a>\n
\n
                                                                            </li>\n
                                                                    <li>\n
                                        <a class="flex items-center justify-between px-4 py-2 text-sm hover:bg-slate-700 rounded transition "\n
                                           href="http://localhost/list-district">\n
                                            <div class="flex items-center gap-2">\n
                                                <svg class="lucide w-5 h-5 mr-2" xmlns="http://www.w3.org/2000/svg" fill="none" stroke="currentColor" stroke-width="2" stroke-linecap="round" stroke-linejoin="round" viewBox="0 0 24 24"><path d="M12 22a10 10 0 1 0-10-10a10.011 10.011 0 0 0 10 10z"/><path d="M12.5 7h-1a1.5 1.5 0 0 0-1.5 1.5v6A1.5 1.5 0 0 0 11.5 16h1a1.5 1.5 0 0 0 .5-2.9V9.9A1.5 1.5 0 0 0 12.5 7z"/><circle cx="12" cy="19" r=".5"/></svg>\n
                                                <span>Quận-Huyện</span>\n
                                            </div>\n
                                                                                    </a>\n
\n
                                                                            </li>\n
                                                                    <li>\n
                                        <a class="flex items-center justify-between px-4 py-2 text-sm hover:bg-slate-700 rounded transition "\n
                                           href="http://localhost/list-commune">\n
                                            <div class="flex items-center gap-2">\n
                                                <svg class="lucide w-5 h-5 mr-2" xmlns="http://www.w3.org/2000/svg" fill="none" stroke="currentColor" stroke-width="2" stroke-linecap="round" stroke-linejoin="round" viewBox="0 0 24 24"><path d="M12 22a10 10 0 1 0-10-10a10.011 10.011 0 0 0 10 10z"/><path d="M12.5 7h-1a1.5 1.5 0 0 0-1.5 1.5v6A1.5 1.5 0 0 0 11.5 16h1a1.5 1.5 0 0 0 .5-2.9V9.9A1.5 1.5 0 0 0 12.5 7z"/><circle cx="12" cy="19" r=".5"/></svg>\n
                                                <span>Phường-Xã</span>\n
                                            </div>\n
                                                                                    </a>\n
\n
                                                                            </li>\n
                                                            </ul>\n
                                            </li>\n
                                                                <li>\n
                        <a class="flex items-center justify-between px-4 py-3 hover:bg-slate-700 rounded transition toggle-submenu"\n
                           href="javascript:;">\n
                            <div class="flex items-center gap-2">\n
                                <svg class="lucide w-5 h-5 mr-2" xmlns="http://www.w3.org/2000/svg" fill="none" stroke="currentColor" stroke-width="2" stroke-linecap="round" stroke-linejoin="round" viewBox="0 0 24 24"><path d="M16 21v-2a4 4 0 0 0-8 0v2"/><circle cx="12" cy="7" r="4"/><path d="M20.88 18.5A3.5 3.5 0 0 1 17.5 22H6.5a3.5 3.5 0 0 1-3.38-2.5"/></svg>\n
                                <span>Loại Thiên Tai</span>\n
                            </div>\n
                                                            <svg class="lucide w-5 h-5 mr-2" xmlns="http://www.w3.org/2000/svg" fill="none" stroke="currentColor" stroke-width="2" stroke-linecap="round" stroke-linejoin="round" viewBox="0 0 24 24"><path d="M6 9l6 6l6-6"/></svg>\n
                                                    </a>\n
\n
                                                    <ul class="submenu ml-4 mt-1 hidden space-y-1">\n
                                                                    <li>\n
                                        <a class="flex items-center justify-between px-4 py-2 text-sm hover:bg-slate-700 rounded transition "\n
                                           href="http://localhost/list-type-of-calamity">\n
                                            <div class="flex items-center gap-2">\n
                                                <svg class="lucide w-5 h-5 mr-2" xmlns="http://www.w3.org/2000/svg" fill="none" stroke="currentColor" stroke-width="2" stroke-linecap="round" stroke-linejoin="round" viewBox="0 0 24 24"><path d="M12 22a10 10 0 1 0-10-10a10.011 10.011 0 0 0 10 10z"/><path d="M12.5 7h-1a1.5 1.5 0 0 0-1.5 1.5v6A1.5 1.5 0 0 0 11.5 16h1a1.5 1.5 0 0 0 .5-2.9V9.9A1.5 1.5 0 0 0 12.5 7z"/><circle cx="12" cy="19" r=".5"/></svg>\n
                                                <span>Loại Thiên Tai</span>\n
                                            </div>\n
                                                                                    </a>\n
\n
                                                                            </li>\n
                                                                    <li>\n
                                        <a class="flex items-center justify-between px-4 py-2 text-sm hover:bg-slate-700 rounded transition "\n
                                           href="http://localhost/list-sub-type-of-calamity">\n
                                            <div class="flex items-center gap-2">\n
                                                <svg class="lucide w-5 h-5 mr-2" xmlns="http://www.w3.org/2000/svg" fill="none" stroke="currentColor" stroke-width="2" stroke-linecap="round" stroke-linejoin="round" viewBox="0 0 24 24"><path d="M12 22a10 10 0 1 0-10-10a10.011 10.011 0 0 0 10 10z"/><path d="M12.5 7h-1a1.5 1.5 0 0 0-1.5 1.5v6A1.5 1.5 0 0 0 11.5 16h1a1.5 1.5 0 0 0 .5-2.9V9.9A1.5 1.5 0 0 0 12.5 7z"/><circle cx="12" cy="19" r=".5"/></svg>\n
                                                <span>Loại Thiên Tai Phụ</span>\n
                                            </div>\n
                                                                                    </a>\n
\n
                                                                            </li>\n
                                                                    <li>\n
                                        <a class="flex items-center justify-between px-4 py-2 text-sm hover:bg-slate-700 rounded transition "\n
                                           href="http://localhost/list-risk-level">\n
                                            <div class="flex items-center gap-2">\n
                                                <svg class="lucide w-5 h-5 mr-2" xmlns="http://www.w3.org/2000/svg" fill="none" stroke="currentColor" stroke-width="2" stroke-linecap="round" stroke-linejoin="round" viewBox="0 0 24 24"><path d="M12 22a10 10 0 1 0-10-10a10.011 10.011 0 0 0 10 10z"/><path d="M12.5 7h-1a1.5 1.5 0 0 0-1.5 1.5v6A1.5 1.5 0 0 0 11.5 16h1a1.5 1.5 0 0 0 .5-2.9V9.9A1.5 1.5 0 0 0 12.5 7z"/><circle cx="12" cy="19" r=".5"/></svg>\n
                                                <span>Cấp Độ Thiên Tai</span>\n
                                            </div>\n
                                                                                    </a>\n
\n
                                                                            </li>\n
                                                                    <li>\n
                                        <a class="flex items-center justify-between px-4 py-2 text-sm hover:bg-slate-700 rounded transition "\n
                                           href="http://localhost/list-type-of-construction">\n
                                            <div class="flex items-center gap-2">\n
                                                <svg class="lucide w-5 h-5 mr-2" xmlns="http://www.w3.org/2000/svg" fill="none" stroke="currentColor" stroke-width="2" stroke-linecap="round" stroke-linejoin="round" viewBox="0 0 24 24"><path d="M12 22a10 10 0 1 0-10-10a10.011 10.011 0 0 0 10 10z"/><path d="M12.5 7h-1a1.5 1.5 0 0 0-1.5 1.5v6A1.5 1.5 0 0 0 11.5 16h1a1.5 1.5 0 0 0 .5-2.9V9.9A1.5 1.5 0 0 0 12.5 7z"/><circle cx="12" cy="19" r=".5"/></svg>\n
                                                <span>Loại Công Trình</span>\n
                                            </div>\n
                                                                                    </a>\n
\n
                                                                            </li>\n
                                                                    <li>\n
                                        <a class="flex items-center justify-between px-4 py-2 text-sm hover:bg-slate-700 rounded transition "\n
                                           href="http://localhost/list-scenarios">\n
                                            <div class="flex items-center gap-2">\n
                                                <svg class="lucide w-5 h-5 mr-2" xmlns="http://www.w3.org/2000/svg" fill="none" stroke="currentColor" stroke-width="2" stroke-linecap="round" stroke-linejoin="round" viewBox="0 0 24 24"><path d="M12 22a10 10 0 1 0-10-10a10.011 10.011 0 0 0 10 10z"/><path d="M12.5 7h-1a1.5 1.5 0 0 0-1.5 1.5v6A1.5 1.5 0 0 0 11.5 16h1a1.5 1.5 0 0 0 .5-2.9V9.9A1.5 1.5 0 0 0 12.5 7z"/><circle cx="12" cy="19" r=".5"/></svg>\n
                                                <span>Phương Án Ứng Phó</span>\n
                                            </div>\n
                                                                                    </a>\n
\n
                                                                            </li>\n
                                                            </ul>\n
                                            </li>\n
                                                                <li>\n
                        <a class="flex items-center justify-between px-4 py-3 hover:bg-slate-700 rounded transition toggle-submenu"\n
                           href="javascript:;">\n
                            <div class="flex items-center gap-2">\n
                                <svg class="lucide w-5 h-5 mr-2" xmlns="http://www.w3.org/2000/svg" fill="none" stroke="currentColor" stroke-width="2" stroke-linecap="round" stroke-linejoin="round" viewBox="0 0 24 24"><path d="M16 21v-2a4 4 0 0 0-8 0v2"/><circle cx="12" cy="7" r="4"/><path d="M20.88 18.5A3.5 3.5 0 0 1 17.5 22H6.5a3.5 3.5 0 0 1-3.38-2.5"/></svg>\n
                                <span>Dữ Liệu Thiên Tai</span>\n
                            </div>\n
                                                            <svg class="lucide w-5 h-5 mr-2" xmlns="http://www.w3.org/2000/svg" fill="none" stroke="currentColor" stroke-width="2" stroke-linecap="round" stroke-linejoin="round" viewBox="0 0 24 24"><path d="M6 9l6 6l6-6"/></svg>\n
                                                    </a>\n
\n
                                                    <ul class="submenu ml-4 mt-1 hidden space-y-1">\n
                                                                    <li>\n
                                        <a class="flex items-center justify-between px-4 py-2 text-sm hover:bg-slate-700 rounded transition "\n
                                           href="http://localhost/calamity/list-river-bank">\n
                                            <div class="flex items-center gap-2">\n
                                                <svg class="lucide w-5 h-5 mr-2" xmlns="http://www.w3.org/2000/svg" fill="none" stroke="currentColor" stroke-width="2" stroke-linecap="round" stroke-linejoin="round" viewBox="0 0 24 24"><path d="M12 22a10 10 0 1 0-10-10a10.011 10.011 0 0 0 10 10z"/><path d="M12.5 7h-1a1.5 1.5 0 0 0-1.5 1.5v6A1.5 1.5 0 0 0 11.5 16h1a1.5 1.5 0 0 0 .5-2.9V9.9A1.5 1.5 0 0 0 12.5 7z"/><circle cx="12" cy="19" r=".5"/></svg>\n
                                                <span>Sạt Lở</span>\n
                                            </div>\n
                                                                                    </a>\n
\n
                                                                            </li>\n
                                                                    <li>\n
                                        <a class="flex items-center justify-between px-4 py-2 text-sm hover:bg-slate-700 rounded transition "\n
                                           href="http://localhost/calamity/list-flooding">\n
                                            <div class="flex items-center gap-2">\n
                                                <svg class="lucide w-5 h-5 mr-2" xmlns="http://www.w3.org/2000/svg" fill="none" stroke="currentColor" stroke-width="2" stroke-linecap="round" stroke-linejoin="round" viewBox="0 0 24 24"><path d="M12 22a10 10 0 1 0-10-10a10.011 10.011 0 0 0 10 10z"/><path d="M12.5 7h-1a1.5 1.5 0 0 0-1.5 1.5v6A1.5 1.5 0 0 0 11.5 16h1a1.5 1.5 0 0 0 .5-2.9V9.9A1.5 1.5 0 0 0 12.5 7z"/><circle cx="12" cy="19" r=".5"/></svg>\n
                                                <span>Ngập Lụt</span>\n
                                            </div>\n
                                                                                    </a>\n
\n
                                                                            </li>\n
                                                                    <li>\n
                                        <a class="flex items-center justify-between px-4 py-2 text-sm hover:bg-slate-700 rounded transition "\n
                                           href="http://localhost/calamity/list-storm">\n
                                            <div class="flex items-center gap-2">\n
                                                <svg class="lucide w-5 h-5 mr-2" xmlns="http://www.w3.org/2000/svg" fill="none" stroke="currentColor" stroke-width="2" stroke-linecap="round" stroke-linejoin="round" viewBox="0 0 24 24"><path d="M12 22a10 10 0 1 0-10-10a10.011 10.011 0 0 0 10 10z"/><path d="M12.5 7h-1a1.5 1.5 0 0 0-1.5 1.5v6A1.5 1.5 0 0 0 11.5 16h1a1.5 1.5 0 0 0 .5-2.9V9.9A1.5 1.5 0 0 0 12.5 7z"/><circle cx="12" cy="19" r=".5"/></svg>\n
                                                <span>Bão và ATNĐ</span>\n
                                            </div>\n
                                                                                    </a>\n
\n
                                                                            </li>\n
                                                            </ul>\n
                                            </li>\n
                                                                <li>\n
                        <a class="flex items-center justify-between px-4 py-3 hover:bg-slate-700 rounded transition toggle-submenu"\n
                           href="javascript:;">\n
                            <div class="flex items-center gap-2">\n
                                <svg xmlns="http://www.w3.org/2000/svg" width="24" height="24" viewBox="0 0 24 24" fill="none" stroke="currentColor" stroke-width="2" stroke-linecap="round" stroke-linejoin="round" class="lucide lucide-construction-icon lucide-construction"><rect x="2" y="6" width="20" height="8" rx="1"/><path d="M17 14v7"/><path d="M7 14v7"/><path d="M17 3v3"/><path d="M7 3v3"/><path d="M10 14 2.3 6.3"/><path d="m14 6 7.7 7.7"/><path d="m8 6 8 8"/></svg>\n
                                <span>Công Trình PCTT</span>\n
                            </div>\n
                                                            <svg class="lucide w-5 h-5 mr-2" xmlns="http://www.w3.org/2000/svg" fill="none" stroke="currentColor" stroke-width="2" stroke-linecap="round" stroke-linejoin="round" viewBox="0 0 24 24"><path d="M6 9l6 6l6-6"/></svg>\n
                                                    </a>\n
\n
                                                    <ul class="submenu ml-4 mt-1 hidden space-y-1">\n
                                                                    <li>\n
                                        <a class="flex items-center justify-between px-4 py-2 text-sm hover:bg-slate-700 rounded transition "\n
                                           href="http://localhost/construction/list-river-bank">\n
                                            <div class="flex items-center gap-2">\n
                                                <svg class="lucide w-5 h-5 mr-2" xmlns="http://www.w3.org/2000/svg" fill="none" stroke="currentColor" stroke-width="2" stroke-linecap="round" stroke-linejoin="round" viewBox="0 0 24 24"><path d="M12 22a10 10 0 1 0-10-10a10.011 10.011 0 0 0 10 10z"/><path d="M12.5 7h-1a1.5 1.5 0 0 0-1.5 1.5v6A1.5 1.5 0 0 0 11.5 16h1a1.5 1.5 0 0 0 .5-2.9V9.9A1.5 1.5 0 0 0 12.5 7z"/><circle cx="12" cy="19" r=".5"/></svg>\n
                                                <span>Sạt Lở</span>\n
                                            </div>\n
                                                                                    </a>\n
\n
                                                                            </li>\n
                                                                    <li>\n
                                        <a class="flex items-center justify-between px-4 py-2 text-sm hover:bg-slate-700 rounded transition "\n
                                           href="http://localhost/construction/list-flooding">\n
                                            <div class="flex items-center gap-2">\n
                                                <svg class="lucide w-5 h-5 mr-2" xmlns="http://www.w3.org/2000/svg" fill="none" stroke="currentColor" stroke-width="2" stroke-linecap="round" stroke-linejoin="round" viewBox="0 0 24 24"><path d="M12 22a10 10 0 1 0-10-10a10.011 10.011 0 0 0 10 10z"/><path d="M12.5 7h-1a1.5 1.5 0 0 0-1.5 1.5v6A1.5 1.5 0 0 0 11.5 16h1a1.5 1.5 0 0 0 .5-2.9V9.9A1.5 1.5 0 0 0 12.5 7z"/><circle cx="12" cy="19" r=".5"/></svg>\n
                                                <span>Ngập Lụt</span>\n
                                            </div>\n
                                                                                    </a>\n
\n
                                                                            </li>\n
                                                                    <li>\n
                                        <a class="flex items-center justify-between px-4 py-2 text-sm hover:bg-slate-700 rounded transition "\n
                                           href="http://localhost/construction/list-storm">\n
                                            <div class="flex items-center gap-2">\n
                                                <svg class="lucide w-5 h-5 mr-2" xmlns="http://www.w3.org/2000/svg" fill="none" stroke="currentColor" stroke-width="2" stroke-linecap="round" stroke-linejoin="round" viewBox="0 0 24 24"><path d="M12 22a10 10 0 1 0-10-10a10.011 10.011 0 0 0 10 10z"/><path d="M12.5 7h-1a1.5 1.5 0 0 0-1.5 1.5v6A1.5 1.5 0 0 0 11.5 16h1a1.5 1.5 0 0 0 .5-2.9V9.9A1.5 1.5 0 0 0 12.5 7z"/><circle cx="12" cy="19" r=".5"/></svg>\n
                                                <span>Bão và ATNĐ</span>\n
                                            </div>\n
                                                                                    </a>\n
\n
                                                                            </li>\n
                                                            </ul>\n
                                            </li>\n
                                                                <li>\n
                        <a class="flex items-center justify-between px-4 py-3 hover:bg-slate-700 rounded transition toggle-submenu"\n
                           href="javascript:;">\n
                            <div class="flex items-center gap-2">\n
                                <svg class="lucide w-5 h-5 mr-2" xmlns="http://www.w3.org/2000/svg" fill="none" stroke="currentColor" stroke-width="2" stroke-linecap="round" stroke-linejoin="round" viewBox="0 0 24 24"><path d="M16 21v-2a4 4 0 0 0-8 0v2"/><circle cx="12" cy="7" r="4"/><path d="M20.88 18.5A3.5 3.5 0 0 1 17.5 22H6.5a3.5 3.5 0 0 1-3.38-2.5"/></svg>\n
                                <span>Địa danh hành chính</span>\n
                            </div>\n
                                                            <svg class="lucide w-5 h-5 mr-2" xmlns="http://www.w3.org/2000/svg" fill="none" stroke="currentColor" stroke-width="2" stroke-linecap="round" stroke-linejoin="round" viewBox="0 0 24 24"><path d="M6 9l6 6l6-6"/></svg>\n
                                                    </a>\n
\n
                                                    <ul class="submenu ml-4 mt-1 hidden space-y-1">\n
                                                                    <li>\n
                                        <a class="flex items-center justify-between px-4 py-2 text-sm hover:bg-slate-700 rounded transition "\n
                                           href="http://localhost/administrative/list-school">\n
                                            <div class="flex items-center gap-2">\n
                                                <svg xmlns="http://www.w3.org/2000/svg" width="24" height="24" viewBox="0 0 24 24" fill="none" stroke="currentColor" stroke-width="2" stroke-linecap="round" stroke-linejoin="round" class="lucide lucide-school-icon lucide-school"><path d="M14 22v-4a2 2 0 1 0-4 0v4"/><path d="m18 10 3.447 1.724a1 1 0 0 1 .553.894V20a2 2 0 0 1-2 2H4a2 2 0 0 1-2-2v-7.382a1 1 0 0 1 .553-.894L6 10"/><path d="M18 5v17"/><path d="m4 6 7.106-3.553a2 2 0 0 1 1.788 0L20 6"/><path d="M6 5v17"/><circle cx="12" cy="9" r="2"/></svg>\n
                                                <span>Trường Học</span>\n
                                            </div>\n
                                                                                    </a>\n
\n
                                                                            </li>\n
                                                                    <li>\n
                                        <a class="flex items-center justify-between px-4 py-2 text-sm hover:bg-slate-700 rounded transition "\n
                                           href="http://localhost/administrative/list-medical">\n
                                            <div class="flex items-center gap-2">\n
                                                <svg xmlns="http://www.w3.org/2000/svg" width="24" height="24" viewBox="0 0 24 24" fill="none" stroke="currentColor" stroke-width="2" stroke-linecap="round" stroke-linejoin="round" class="lucide lucide-hospital-icon lucide-hospital"><path d="M12 6v4"/><path d="M14 14h-4"/><path d="M14 18h-4"/><path d="M14 8h-4"/><path d="M18 12h2a2 2 0 0 1 2 2v6a2 2 0 0 1-2 2H4a2 2 0 0 1-2-2v-9a2 2 0 0 1 2-2h2"/><path d="M18 22V4a2 2 0 0 0-2-2H8a2 2 0 0 0-2 2v18"/></svg>\n
                                                <span>Địa Điểm Y Tế</span>\n
                                            </div>\n
                                                                                    </a>\n
\n
                                                                            </li>\n
                                                                    <li>\n
                                        <a class="flex items-center justify-between px-4 py-2 text-sm hover:bg-slate-700 rounded transition "\n
                                           href="http://localhost/administrative/list-center">\n
                                            <div class="flex items-center gap-2">\n
                                                <svg xmlns="http://www.w3.org/2000/svg" width="24" height="24" viewBox="0 0 24 24" fill="none" stroke="currentColor" stroke-width="2" stroke-linecap="round" stroke-linejoin="round" class="lucide lucide-university-icon lucide-university"><path d="M14 21v-3a2 2 0 0 0-4 0v3"/><path d="M18 12h.01"/><path d="M18 16h.01"/><path d="M22 7a1 1 0 0 0-1-1h-2a2 2 0 0 1-1.143-.359L13.143 2.36a2 2 0 0 0-2.286-.001L6.143 5.64A2 2 0 0 1 5 6H3a1 1 0 0 0-1 1v12a2 2 0 0 0 2 2h16a2 2 0 0 0 2-2z"/><path d="M6 12h.01"/><path d="M6 16h.01"/><circle cx="12" cy="10" r="2"/></svg>\n
                                                <span>TTHC và Khác</span>\n
                                            </div>\n
                                                                                    </a>\n
\n
                                                                            </li>\n
                                                            </ul>\n
                                            </li>\n
                                                                <li>\n
                        <a class="flex items-center justify-between px-4 py-3 hover:bg-slate-700 rounded transition toggle-submenu"\n
                           href="javascript:;">\n
                            <div class="flex items-center gap-2">\n
                                <svg class="lucide w-5 h-5 mr-2" xmlns="http://www.w3.org/2000/svg" fill="none" stroke="currentColor" stroke-width="2" stroke-linecap="round" stroke-linejoin="round" viewBox="0 0 24 24"><path d="M16 21v-2a4 4 0 0 0-8 0v2"/><circle cx="12" cy="7" r="4"/><path d="M20.88 18.5A3.5 3.5 0 0 1 17.5 22H6.5a3.5 3.5 0 0 1-3.38-2.5"/></svg>\n
                                <span>Dữ Liệu Khác</span>\n
                            </div>\n
                                                            <svg class="lucide w-5 h-5 mr-2" xmlns="http://www.w3.org/2000/svg" fill="none" stroke="currentColor" stroke-width="2" stroke-linecap="round" stroke-linejoin="round" viewBox="0 0 24 24"><path d="M6 9l6 6l6-6"/></svg>\n
                                                    </a>\n
\n
                                                    <ul class="submenu ml-4 mt-1 hidden space-y-1">\n
                                                                    <li>\n
                                        <a class="flex items-center justify-between px-4 py-2 text-sm hover:bg-slate-700 rounded transition "\n
                                           href="http://localhost/geographical/list-erosion">\n
                                            <div class="flex items-center gap-2">\n
                                                <svg class="lucide w-5 h-5 mr-2" xmlns="http://www.w3.org/2000/svg" fill="none" stroke="currentColor" stroke-width="2" stroke-linecap="round" stroke-linejoin="round" viewBox="0 0 24 24"><path d="M12 22a10 10 0 1 0-10-10a10.011 10.011 0 0 0 10 10z"/><path d="M12.5 7h-1a1.5 1.5 0 0 0-1.5 1.5v6A1.5 1.5 0 0 0 11.5 16h1a1.5 1.5 0 0 0 .5-2.9V9.9A1.5 1.5 0 0 0 12.5 7z"/><circle cx="12" cy="19" r=".5"/></svg>\n
                                                <span>Khu vực xói, bồi</span>\n
                                            </div>\n
                                                                                    </a>\n
\n
                                                                            </li>\n
                                                                    <li>\n
                                        <a class="flex items-center justify-between px-4 py-2 text-sm hover:bg-slate-700 rounded transition "\n
                                           href="http://localhost/geographical/list-shoreline">\n
                                            <div class="flex items-center gap-2">\n
                                                <svg class="lucide w-5 h-5 mr-2" xmlns="http://www.w3.org/2000/svg" fill="none" stroke="currentColor" stroke-width="2" stroke-linecap="round" stroke-linejoin="round" viewBox="0 0 24 24"><path d="M12 22a10 10 0 1 0-10-10a10.011 10.011 0 0 0 10 10z"/><path d="M12.5 7h-1a1.5 1.5 0 0 0-1.5 1.5v6A1.5 1.5 0 0 0 11.5 16h1a1.5 1.5 0 0 0 .5-2.9V9.9A1.5 1.5 0 0 0 12.5 7z"/><circle cx="12" cy="19" r=".5"/></svg>\n
                                                <span>Lịch sử đường bờ</span>\n
                                            </div>\n
                                                                                    </a>\n
\n
                                                                            </li>\n
                                                                    <li>\n
                                        <a class="flex items-center justify-between px-4 py-2 text-sm hover:bg-slate-700 rounded transition "\n
                                           href="http://localhost/geographical/list-cross-section">\n
                                            <div class="flex items-center gap-2">\n
                                                <svg class="lucide w-5 h-5 mr-2" xmlns="http://www.w3.org/2000/svg" fill="none" stroke="currentColor" stroke-width="2" stroke-linecap="round" stroke-linejoin="round" viewBox="0 0 24 24"><path d="M12 22a10 10 0 1 0-10-10a10.011 10.011 0 0 0 10 10z"/><path d="M12.5 7h-1a1.5 1.5 0 0 0-1.5 1.5v6A1.5 1.5 0 0 0 11.5 16h1a1.5 1.5 0 0 0 .5-2.9V9.9A1.5 1.5 0 0 0 12.5 7z"/><circle cx="12" cy="19" r=".5"/></svg>\n
                                                <span>Mặt cắt ngang</span>\n
                                            </div>\n
                                                                                    </a>\n
\n
                                                                            </li>\n
                                                                    <li>\n
                                        <a class="flex items-center justify-between px-4 py-2 text-sm hover:bg-slate-700 rounded transition "\n
                                           href="http://localhost/geographical/list-monitoring">\n
                                            <div class="flex items-center gap-2">\n
                                                <svg class="lucide w-5 h-5 mr-2" xmlns="http://www.w3.org/2000/svg" fill="none" stroke="currentColor" stroke-width="2" stroke-linecap="round" stroke-linejoin="round" viewBox="0 0 24 24"><path d="M12 22a10 10 0 1 0-10-10a10.011 10.011 0 0 0 10 10z"/><path d="M12.5 7h-1a1.5 1.5 0 0 0-1.5 1.5v6A1.5 1.5 0 0 0 11.5 16h1a1.5 1.5 0 0 0 .5-2.9V9.9A1.5 1.5 0 0 0 12.5 7z"/><circle cx="12" cy="19" r=".5"/></svg>\n
                                                <span>Mốc quan trắc</span>\n
                                            </div>\n
                                                                                    </a>\n
\n
                                                                            </li>\n
                                                            </ul>\n
                                            </li>\n
                                                                <li>\n
                        <a class="flex items-center justify-between px-4 py-3 hover:bg-slate-700 rounded transition "\n
                           href="http://localhost/map">\n
                            <div class="flex items-center gap-2">\n
                                <svg xmlns="http://www.w3.org/2000/svg" width="24" height="24" viewBox="0 0 24 24" fill="none" stroke="currentColor" stroke-width="2" stroke-linecap="round" stroke-linejoin="round" class="lucide lucide-map-icon lucide-map"><path d="M14.106 5.553a2 2 0 0 0 1.788 0l3.659-1.83A1 1 0 0 1 21 4.619v12.764a1 1 0 0 1-.553.894l-4.553 2.277a2 2 0 0 1-1.788 0l-4.212-2.106a2 2 0 0 0-1.788 0l-3.659 1.83A1 1 0 0 1 3 19.381V6.618a1 1 0 0 1 .553-.894l4.553-2.277a2 2 0 0 1 1.788 0z"/><path d="M15 5.764v15"/><path d="M9 3.236v15"/></svg>\n
                                <span>Bản Đồ</span>\n
                            </div>\n
                                                    </a>\n
\n
                                            </li>\n
                                                                <li>\n
                        <a class="flex items-center justify-between px-4 py-3 hover:bg-slate-700 rounded transition "\n
                           href="http://localhost/chat">\n
                            <div class="flex items-center gap-2">\n
                                <svg xmlns="http://www.w3.org/2000/svg" width="24" height="24" viewBox="0 0 24 24" fill="none" stroke="currentColor" stroke-width="2" stroke-linecap="round" stroke-linejoin="round" class="lucide lucide-message-circle-icon lucide-message-circle"><path d="M7.9 20A9 9 0 1 0 4 16.1L2 22Z"/></svg>\n
                                <span>Tham gia cộng đồng</span>\n
                            </div>\n
                                                    </a>\n
\n
                                            </li>\n
                                                                <li>\n
                        <a class="flex items-center justify-between px-4 py-3 hover:bg-slate-700 rounded transition "\n
                           href="http://localhost/incident-report">\n
                            <div class="flex items-center gap-2">\n
                                <svg xmlns="http://www.w3.org/2000/svg" width="24" height="24" viewBox="0 0 24 24" fill="none" stroke="currentColor" stroke-width="2" stroke-linecap="round" stroke-linejoin="round" class="lucide lucide-message-square-warning-icon lucide-message-square-warning"><path d="M21 15a2 2 0 0 1-2 2H7l-4 4V5a2 2 0 0 1 2-2h14a2 2 0 0 1 2 2z"/><path d="M12 7v2"/><path d="M12 13h.01"/></svg>\n
                                <span>Báo cáo sự cố</span>\n
                            </div>\n
                                                    </a>\n
\n
                                            </li>\n
                                        </ul>\n
</div>\n
\n
<div class="flex h-[10px] items-center px-3 sm:px-8 md:hidden" >\n
    <a class="mr-auto flex" href="http://localhost">\n
        <img class="w-6" src="http://[::1]:5173/resources/images/logo.svg" alt="Logo" />\n
    </a>\n
    <a class="mobile-menu-toggler text-white" href="#" onclick="document.querySelector('.mobile-menu')?.classList.remove('hidden')">\n
        <svg xmlns="http://www.w3.org/2000/svg" width="24" height="24" viewBox="0 0 24 24" fill="none" stroke="currentColor" stroke-width="2" stroke-linecap="round" stroke-linejoin="round" class="lucide lucide-square-menu-icon lucide-square-menu"><rect width="18" height="18" x="3" y="3" rx="2"/><path d="M7 8h10"/><path d="M7 12h10"/><path d="M7 16h10"/></svg>\n
    </a>\n
</div>\n
\n
\n
\n
        <div class="mt-7 flex md:mt-0">\n
            <nav class=" hidden w-[80px] overflow-x-hidden pb-16 pr-5 md:block xl:w-[230px]">\n
                <a class="intro-x flex items-center pl-5 pt-4" href="/">\n
                    <span class=" lg:text-2xl xl:text-3xl  font-bold uppercase text-transparent bg-clip-text bg-gradient-to-r from-sky-400 to-emerald-600">Quản lý thiên tai</span>\n
                </a>\n
                <div class=" my-3"></div>\n
                <ul >\n
                                                                                            <li>\n
                                <a class="flex items-center justify-between px-4 py-3 hover:bg-white hover:text-black text-white transition rounded cursor-pointer "\n
                                    href="http://localhost">\n
                                    \n
                                    <div class="flex items-center gap-2" title="Tổng Quan">\n
                                        <div title="Tổng Quan"><svg class="lucide w-5 h-5 mr-2" xmlns="http://www.w3.org/2000/svg" fill="none" stroke="currentColor" stroke-width="2" stroke-linecap="round" stroke-linejoin="round" viewBox="0 0 24 24"><path d="M12 22a10 10 0 1 0-10-10a10.011 10.011 0 0 0 10 10z"/><path d="M12.5 7h-1a1.5 1.5 0 0 0-1.5 1.5v6A1.5 1.5 0 0 0 11.5 16h1a1.5 1.5 0 0 0 .5-2.9V9.9A1.5 1.5 0 0 0 12.5 7z"/><circle cx="12" cy="19" r=".5"/></svg></div>\n
                                        <span class="hidden xl:inline" >Tổng Quan</span>\n
                                    </div>\n
\n
                                                                    </a>\n
                                                            </li>\n
                                                                                                <li>\n
                                <a class="flex items-center justify-between px-4 py-3 hover:bg-white hover:text-black text-white transition rounded cursor-pointer toggle-submenu"\n
                                    href="javascript:;">\n
                                    \n
                                    <div class="flex items-center gap-2" title="Địa Điểm">\n
                                        <div title="Địa Điểm"><svg class="lucide w-5 h-5 mr-2" xmlns="http://www.w3.org/2000/svg" fill="none" stroke="currentColor" stroke-width="2" stroke-linecap="round" stroke-linejoin="round" viewBox="0 0 24 24"><path d="M3 9l9-7l9 7v11a2 2 0 0 1-2 2H5a2 2 0 0 1-2-2V9z"/><polyline points="9 22 9 12 15 12 15 22"/></svg></div>\n
                                        <span class="hidden xl:inline" >Địa Điểm</span>\n
                                    </div>\n
\n
                                                                            <span class="hidden xl:inline"><svg class="lucide w-5 h-5 mr-2" xmlns="http://www.w3.org/2000/svg" fill="none" stroke="currentColor" stroke-width="2" stroke-linecap="round" stroke-linejoin="round" viewBox="0 0 24 24"><path d="M6 9l6 6l6-6"/></svg></span>\n
                                                                    </a>\n
                                                                    <ul class="submenu ml-6 mt-1 hidden">\n
                                                                                    <li  class="group relative">\n
                                                <a class="flex items-center justify-between px-4 py-2 text-sm text-slate-300 hover:text-white hover:bg-slate-700 rounded transition "\n
                                                    href="http://localhost/list-city">\n
                                                   <div class="flex items-center gap-2">\n
                                                        <svg class="lucide w-5 h-5 mr-2" xmlns="http://www.w3.org/2000/svg" fill="none" stroke="currentColor" stroke-width="2" stroke-linecap="round" stroke-linejoin="round" viewBox="0 0 24 24"><path d="M12 22a10 10 0 1 0-10-10a10.011 10.011 0 0 0 10 10z"/><path d="M12.5 7h-1a1.5 1.5 0 0 0-1.5 1.5v6A1.5 1.5 0 0 0 11.5 16h1a1.5 1.5 0 0 0 .5-2.9V9.9A1.5 1.5 0 0 0 12.5 7z"/><circle cx="12" cy="19" r=".5"/></svg>\n
                                                        <span class="hidden xl:inline">Tỉnh-Thành</span>\n
                                                    </div>\n
                                                                                                    </a>\n
                                                                                            </li>\n
                                                                                    <li  class="group relative">\n
                                                <a class="flex items-center justify-between px-4 py-2 text-sm text-slate-300 hover:text-white hover:bg-slate-700 rounded transition "\n
                                                    href="http://localhost/list-district">\n
                                                   <div class="flex items-center gap-2">\n
                                                        <svg class="lucide w-5 h-5 mr-2" xmlns="http://www.w3.org/2000/svg" fill="none" stroke="currentColor" stroke-width="2" stroke-linecap="round" stroke-linejoin="round" viewBox="0 0 24 24"><path d="M12 22a10 10 0 1 0-10-10a10.011 10.011 0 0 0 10 10z"/><path d="M12.5 7h-1a1.5 1.5 0 0 0-1.5 1.5v6A1.5 1.5 0 0 0 11.5 16h1a1.5 1.5 0 0 0 .5-2.9V9.9A1.5 1.5 0 0 0 12.5 7z"/><circle cx="12" cy="19" r=".5"/></svg>\n
                                                        <span class="hidden xl:inline">Quận-Huyện</span>\n
                                                    </div>\n
                                                                                                    </a>\n
                                                                                            </li>\n
                                                                                    <li  class="group relative">\n
                                                <a class="flex items-center justify-between px-4 py-2 text-sm text-slate-300 hover:text-white hover:bg-slate-700 rounded transition "\n
                                                    href="http://localhost/list-commune">\n
                                                   <div class="flex items-center gap-2">\n
                                                        <svg class="lucide w-5 h-5 mr-2" xmlns="http://www.w3.org/2000/svg" fill="none" stroke="currentColor" stroke-width="2" stroke-linecap="round" stroke-linejoin="round" viewBox="0 0 24 24"><path d="M12 22a10 10 0 1 0-10-10a10.011 10.011 0 0 0 10 10z"/><path d="M12.5 7h-1a1.5 1.5 0 0 0-1.5 1.5v6A1.5 1.5 0 0 0 11.5 16h1a1.5 1.5 0 0 0 .5-2.9V9.9A1.5 1.5 0 0 0 12.5 7z"/><circle cx="12" cy="19" r=".5"/></svg>\n
                                                        <span class="hidden xl:inline">Phường-Xã</span>\n
                                                    </div>\n
                                                                                                    </a>\n
                                                                                            </li>\n
                                                                            </ul>\n
                                                            </li>\n
                                                                                                <li>\n
                                <a class="flex items-center justify-between px-4 py-3 hover:bg-white hover:text-black text-white transition rounded cursor-pointer toggle-submenu"\n
                                    href="javascript:;">\n
                                    \n
                                    <div class="flex items-center gap-2" title="Loại Thiên Tai">\n
                                        <div title="Loại Thiên Tai"><svg class="lucide w-5 h-5 mr-2" xmlns="http://www.w3.org/2000/svg" fill="none" stroke="currentColor" stroke-width="2" stroke-linecap="round" stroke-linejoin="round" viewBox="0 0 24 24"><path d="M16 21v-2a4 4 0 0 0-8 0v2"/><circle cx="12" cy="7" r="4"/><path d="M20.88 18.5A3.5 3.5 0 0 1 17.5 22H6.5a3.5 3.5 0 0 1-3.38-2.5"/></svg></div>\n
                                        <span class="hidden xl:inline" >Loại Thiên Tai</span>\n
                                    </div>\n
\n
                                                                            <span class="hidden xl:inline"><svg class="lucide w-5 h-5 mr-2" xmlns="http://www.w3.org/2000/svg" fill="none" stroke="currentColor" stroke-width="2" stroke-linecap="round" stroke-linejoin="round" viewBox="0 0 24 24"><path d="M6 9l6 6l6-6"/></svg></span>\n
                                                                    </a>\n
                                                                    <ul class="submenu ml-6 mt-1 hidden">\n
                                                                                    <li  class="group relative">\n
                                                <a class="flex items-center justify-between px-4 py-2 text-sm text-slate-300 hover:text-white hover:bg-slate-700 rounded transition "\n
                                                    href="http://localhost/list-type-of-calamity">\n
                                                   <div class="flex items-center gap-2">\n
                                                        <svg class="lucide w-5 h-5 mr-2" xmlns="http://www.w3.org/2000/svg" fill="none" stroke="currentColor" stroke-width="2" stroke-linecap="round" stroke-linejoin="round" viewBox="0 0 24 24"><path d="M12 22a10 10 0 1 0-10-10a10.011 10.011 0 0 0 10 10z"/><path d="M12.5 7h-1a1.5 1.5 0 0 0-1.5 1.5v6A1.5 1.5 0 0 0 11.5 16h1a1.5 1.5 0 0 0 .5-2.9V9.9A1.5 1.5 0 0 0 12.5 7z"/><circle cx="12" cy="19" r=".5"/></svg>\n
                                                        <span class="hidden xl:inline">Loại Thiên Tai</span>\n
                                                    </div>\n
                                                                                                    </a>\n
                                                                                            </li>\n
                                                                                    <li  class="group relative">\n
                                                <a class="flex items-center justify-between px-4 py-2 text-sm text-slate-300 hover:text-white hover:bg-slate-700 rounded transition "\n
                                                    href="http://localhost/list-sub-type-of-calamity">\n
                                                   <div class="flex items-center gap-2">\n
                                                        <svg class="lucide w-5 h-5 mr-2" xmlns="http://www.w3.org/2000/svg" fill="none" stroke="currentColor" stroke-width="2" stroke-linecap="round" stroke-linejoin="round" viewBox="0 0 24 24"><path d="M12 22a10 10 0 1 0-10-10a10.011 10.011 0 0 0 10 10z"/><path d="M12.5 7h-1a1.5 1.5 0 0 0-1.5 1.5v6A1.5 1.5 0 0 0 11.5 16h1a1.5 1.5 0 0 0 .5-2.9V9.9A1.5 1.5 0 0 0 12.5 7z"/><circle cx="12" cy="19" r=".5"/></svg>\n
                                                        <span class="hidden xl:inline">Loại Thiên Tai Phụ</span>\n
                                                    </div>\n
                                                                                                    </a>\n
                                                                                            </li>\n
                                                                                    <li  class="group relative">\n
                                                <a class="flex items-center justify-between px-4 py-2 text-sm text-slate-300 hover:text-white hover:bg-slate-700 rounded transition "\n
                                                    href="http://localhost/list-risk-level">\n
                                                   <div class="flex items-center gap-2">\n
                                                        <svg class="lucide w-5 h-5 mr-2" xmlns="http://www.w3.org/2000/svg" fill="none" stroke="currentColor" stroke-width="2" stroke-linecap="round" stroke-linejoin="round" viewBox="0 0 24 24"><path d="M12 22a10 10 0 1 0-10-10a10.011 10.011 0 0 0 10 10z"/><path d="M12.5 7h-1a1.5 1.5 0 0 0-1.5 1.5v6A1.5 1.5 0 0 0 11.5 16h1a1.5 1.5 0 0 0 .5-2.9V9.9A1.5 1.5 0 0 0 12.5 7z"/><circle cx="12" cy="19" r=".5"/></svg>\n
                                                        <span class="hidden xl:inline">Cấp Độ Thiên Tai</span>\n
                                                    </div>\n
                                                                                                    </a>\n
                                                                                            </li>\n
                                                                                    <li  class="group relative">\n
                                                <a class="flex items-center justify-between px-4 py-2 text-sm text-slate-300 hover:text-white hover:bg-slate-700 rounded transition "\n
                                                    href="http://localhost/list-type-of-construction">\n
                                                   <div class="flex items-center gap-2">\n
                                                        <svg class="lucide w-5 h-5 mr-2" xmlns="http://www.w3.org/2000/svg" fill="none" stroke="currentColor" stroke-width="2" stroke-linecap="round" stroke-linejoin="round" viewBox="0 0 24 24"><path d="M12 22a10 10 0 1 0-10-10a10.011 10.011 0 0 0 10 10z"/><path d="M12.5 7h-1a1.5 1.5 0 0 0-1.5 1.5v6A1.5 1.5 0 0 0 11.5 16h1a1.5 1.5 0 0 0 .5-2.9V9.9A1.5 1.5 0 0 0 12.5 7z"/><circle cx="12" cy="19" r=".5"/></svg>\n
                                                        <span class="hidden xl:inline">Loại Công Trình</span>\n
                                                    </div>\n
                                                                                                    </a>\n
                                                                                            </li>\n
                                                                                    <li  class="group relative">\n
                                                <a class="flex items-center justify-between px-4 py-2 text-sm text-slate-300 hover:text-white hover:bg-slate-700 rounded transition "\n
                                                    href="http://localhost/list-scenarios">\n
                                                   <div class="flex items-center gap-2">\n
                                                        <svg class="lucide w-5 h-5 mr-2" xmlns="http://www.w3.org/2000/svg" fill="none" stroke="currentColor" stroke-width="2" stroke-linecap="round" stroke-linejoin="round" viewBox="0 0 24 24"><path d="M12 22a10 10 0 1 0-10-10a10.011 10.011 0 0 0 10 10z"/><path d="M12.5 7h-1a1.5 1.5 0 0 0-1.5 1.5v6A1.5 1.5 0 0 0 11.5 16h1a1.5 1.5 0 0 0 .5-2.9V9.9A1.5 1.5 0 0 0 12.5 7z"/><circle cx="12" cy="19" r=".5"/></svg>\n
                                                        <span class="hidden xl:inline">Phương Án Ứng Phó</span>\n
                                                    </div>\n
                                                                                                    </a>\n
                                                                                            </li>\n
                                                                            </ul>\n
                                                            </li>\n
                                                                                                <li>\n
                                <a class="flex items-center justify-between px-4 py-3 hover:bg-white hover:text-black text-white transition rounded cursor-pointer toggle-submenu"\n
                                    href="javascript:;">\n
                                    \n
                                    <div class="flex items-center gap-2" title="Dữ Liệu Thiên Tai">\n
                                        <div title="Dữ Liệu Thiên Tai"><svg class="lucide w-5 h-5 mr-2" xmlns="http://www.w3.org/2000/svg" fill="none" stroke="currentColor" stroke-width="2" stroke-linecap="round" stroke-linejoin="round" viewBox="0 0 24 24"><path d="M16 21v-2a4 4 0 0 0-8 0v2"/><circle cx="12" cy="7" r="4"/><path d="M20.88 18.5A3.5 3.5 0 0 1 17.5 22H6.5a3.5 3.5 0 0 1-3.38-2.5"/></svg></div>\n
                                        <span class="hidden xl:inline" >Dữ Liệu Thiên Tai</span>\n
                                    </div>\n
\n
                                                                            <span class="hidden xl:inline"><svg class="lucide w-5 h-5 mr-2" xmlns="http://www.w3.org/2000/svg" fill="none" stroke="currentColor" stroke-width="2" stroke-linecap="round" stroke-linejoin="round" viewBox="0 0 24 24"><path d="M6 9l6 6l6-6"/></svg></span>\n
                                                                    </a>\n
                                                                    <ul class="submenu ml-6 mt-1 hidden">\n
                                                                                    <li  class="group relative">\n
                                                <a class="flex items-center justify-between px-4 py-2 text-sm text-slate-300 hover:text-white hover:bg-slate-700 rounded transition "\n
                                                    href="http://localhost/calamity/list-river-bank">\n
                                                   <div class="flex items-center gap-2">\n
                                                        <svg class="lucide w-5 h-5 mr-2" xmlns="http://www.w3.org/2000/svg" fill="none" stroke="currentColor" stroke-width="2" stroke-linecap="round" stroke-linejoin="round" viewBox="0 0 24 24"><path d="M12 22a10 10 0 1 0-10-10a10.011 10.011 0 0 0 10 10z"/><path d="M12.5 7h-1a1.5 1.5 0 0 0-1.5 1.5v6A1.5 1.5 0 0 0 11.5 16h1a1.5 1.5 0 0 0 .5-2.9V9.9A1.5 1.5 0 0 0 12.5 7z"/><circle cx="12" cy="19" r=".5"/></svg>\n
                                                        <span class="hidden xl:inline">Sạt Lở</span>\n
                                                    </div>\n
                                                                                                    </a>\n
                                                                                            </li>\n
                                                                                    <li  class="group relative">\n
                                                <a class="flex items-center justify-between px-4 py-2 text-sm text-slate-300 hover:text-white hover:bg-slate-700 rounded transition "\n
                                                    href="http://localhost/calamity/list-flooding">\n
                                                   <div class="flex items-center gap-2">\n
                                                        <svg class="lucide w-5 h-5 mr-2" xmlns="http://www.w3.org/2000/svg" fill="none" stroke="currentColor" stroke-width="2" stroke-linecap="round" stroke-linejoin="round" viewBox="0 0 24 24"><path d="M12 22a10 10 0 1 0-10-10a10.011 10.011 0 0 0 10 10z"/><path d="M12.5 7h-1a1.5 1.5 0 0 0-1.5 1.5v6A1.5 1.5 0 0 0 11.5 16h1a1.5 1.5 0 0 0 .5-2.9V9.9A1.5 1.5 0 0 0 12.5 7z"/><circle cx="12" cy="19" r=".5"/></svg>\n
                                                        <span class="hidden xl:inline">Ngập Lụt</span>\n
                                                    </div>\n
                                                                                                    </a>\n
                                                                                            </li>\n
                                                                                    <li  class="group relative">\n
                                                <a class="flex items-center justify-between px-4 py-2 text-sm text-slate-300 hover:text-white hover:bg-slate-700 rounded transition "\n
                                                    href="http://localhost/calamity/list-storm">\n
                                                   <div class="flex items-center gap-2">\n
                                                        <svg class="lucide w-5 h-5 mr-2" xmlns="http://www.w3.org/2000/svg" fill="none" stroke="currentColor" stroke-width="2" stroke-linecap="round" stroke-linejoin="round" viewBox="0 0 24 24"><path d="M12 22a10 10 0 1 0-10-10a10.011 10.011 0 0 0 10 10z"/><path d="M12.5 7h-1a1.5 1.5 0 0 0-1.5 1.5v6A1.5 1.5 0 0 0 11.5 16h1a1.5 1.5 0 0 0 .5-2.9V9.9A1.5 1.5 0 0 0 12.5 7z"/><circle cx="12" cy="19" r=".5"/></svg>\n
                                                        <span class="hidden xl:inline">Bão và ATNĐ</span>\n
                                                    </div>\n
                                                                                                    </a>\n
                                                                                            </li>\n
                                                                            </ul>\n
                                                            </li>\n
                                                                                                <li>\n
                                <a class="flex items-center justify-between px-4 py-3 hover:bg-white hover:text-black text-white transition rounded cursor-pointer toggle-submenu"\n
                                    href="javascript:;">\n
                                    \n
                                    <div class="flex items-center gap-2" title="Công Trình PCTT">\n
                                        <div title="Công Trình PCTT"><svg xmlns="http://www.w3.org/2000/svg" width="24" height="24" viewBox="0 0 24 24" fill="none" stroke="currentColor" stroke-width="2" stroke-linecap="round" stroke-linejoin="round" class="lucide lucide-construction-icon lucide-construction"><rect x="2" y="6" width="20" height="8" rx="1"/><path d="M17 14v7"/><path d="M7 14v7"/><path d="M17 3v3"/><path d="M7 3v3"/><path d="M10 14 2.3 6.3"/><path d="m14 6 7.7 7.7"/><path d="m8 6 8 8"/></svg></div>\n
                                        <span class="hidden xl:inline" >Công Trình PCTT</span>\n
                                    </div>\n
\n
                                                                            <span class="hidden xl:inline"><svg class="lucide w-5 h-5 mr-2" xmlns="http://www.w3.org/2000/svg" fill="none" stroke="currentColor" stroke-width="2" stroke-linecap="round" stroke-linejoin="round" viewBox="0 0 24 24"><path d="M6 9l6 6l6-6"/></svg></span>\n
                                                                    </a>\n
                                                                    <ul class="submenu ml-6 mt-1 hidden">\n
                                                                                    <li  class="group relative">\n
                                                <a class="flex items-center justify-between px-4 py-2 text-sm text-slate-300 hover:text-white hover:bg-slate-700 rounded transition "\n
                                                    href="http://localhost/construction/list-river-bank">\n
                                                   <div class="flex items-center gap-2">\n
                                                        <svg class="lucide w-5 h-5 mr-2" xmlns="http://www.w3.org/2000/svg" fill="none" stroke="currentColor" stroke-width="2" stroke-linecap="round" stroke-linejoin="round" viewBox="0 0 24 24"><path d="M12 22a10 10 0 1 0-10-10a10.011 10.011 0 0 0 10 10z"/><path d="M12.5 7h-1a1.5 1.5 0 0 0-1.5 1.5v6A1.5 1.5 0 0 0 11.5 16h1a1.5 1.5 0 0 0 .5-2.9V9.9A1.5 1.5 0 0 0 12.5 7z"/><circle cx="12" cy="19" r=".5"/></svg>\n
                                                        <span class="hidden xl:inline">Sạt Lở</span>\n
                                                    </div>\n
                                                                                                    </a>\n
                                                                                            </li>\n
                                                                                    <li  class="group relative">\n
                                                <a class="flex items-center justify-between px-4 py-2 text-sm text-slate-300 hover:text-white hover:bg-slate-700 rounded transition "\n
                                                    href="http://localhost/construction/list-flooding">\n
                                                   <div class="flex items-center gap-2">\n
                                                        <svg class="lucide w-5 h-5 mr-2" xmlns="http://www.w3.org/2000/svg" fill="none" stroke="currentColor" stroke-width="2" stroke-linecap="round" stroke-linejoin="round" viewBox="0 0 24 24"><path d="M12 22a10 10 0 1 0-10-10a10.011 10.011 0 0 0 10 10z"/><path d="M12.5 7h-1a1.5 1.5 0 0 0-1.5 1.5v6A1.5 1.5 0 0 0 11.5 16h1a1.5 1.5 0 0 0 .5-2.9V9.9A1.5 1.5 0 0 0 12.5 7z"/><circle cx="12" cy="19" r=".5"/></svg>\n
                                                        <span class="hidden xl:inline">Ngập Lụt</span>\n
                                                    </div>\n
                                                                                                    </a>\n
                                                                                            </li>\n
                                                                                    <li  class="group relative">\n
                                                <a class="flex items-center justify-between px-4 py-2 text-sm text-slate-300 hover:text-white hover:bg-slate-700 rounded transition "\n
                                                    href="http://localhost/construction/list-storm">\n
                                                   <div class="flex items-center gap-2">\n
                                                        <svg class="lucide w-5 h-5 mr-2" xmlns="http://www.w3.org/2000/svg" fill="none" stroke="currentColor" stroke-width="2" stroke-linecap="round" stroke-linejoin="round" viewBox="0 0 24 24"><path d="M12 22a10 10 0 1 0-10-10a10.011 10.011 0 0 0 10 10z"/><path d="M12.5 7h-1a1.5 1.5 0 0 0-1.5 1.5v6A1.5 1.5 0 0 0 11.5 16h1a1.5 1.5 0 0 0 .5-2.9V9.9A1.5 1.5 0 0 0 12.5 7z"/><circle cx="12" cy="19" r=".5"/></svg>\n
                                                        <span class="hidden xl:inline">Bão và ATNĐ</span>\n
                                                    </div>\n
                                                                                                    </a>\n
                                                                                            </li>\n
                                                                            </ul>\n
                                                            </li>\n
                                                                                                <li>\n
                                <a class="flex items-center justify-between px-4 py-3 hover:bg-white hover:text-black text-white transition rounded cursor-pointer toggle-submenu"\n
                                    href="javascript:;">\n
                                    \n
                                    <div class="flex items-center gap-2" title="Địa danh hành chính">\n
                                        <div title="Địa danh hành chính"><svg class="lucide w-5 h-5 mr-2" xmlns="http://www.w3.org/2000/svg" fill="none" stroke="currentColor" stroke-width="2" stroke-linecap="round" stroke-linejoin="round" viewBox="0 0 24 24"><path d="M16 21v-2a4 4 0 0 0-8 0v2"/><circle cx="12" cy="7" r="4"/><path d="M20.88 18.5A3.5 3.5 0 0 1 17.5 22H6.5a3.5 3.5 0 0 1-3.38-2.5"/></svg></div>\n
                                        <span class="hidden xl:inline" >Địa danh hành chính</span>\n
                                    </div>\n
\n
                                                                            <span class="hidden xl:inline"><svg class="lucide w-5 h-5 mr-2" xmlns="http://www.w3.org/2000/svg" fill="none" stroke="currentColor" stroke-width="2" stroke-linecap="round" stroke-linejoin="round" viewBox="0 0 24 24"><path d="M6 9l6 6l6-6"/></svg></span>\n
                                                                    </a>\n
                                                                    <ul class="submenu ml-6 mt-1 hidden">\n
                                                                                    <li  class="group relative">\n
                                                <a class="flex items-center justify-between px-4 py-2 text-sm text-slate-300 hover:text-white hover:bg-slate-700 rounded transition "\n
                                                    href="http://localhost/administrative/list-school">\n
                                                   <div class="flex items-center gap-2">\n
                                                        <svg xmlns="http://www.w3.org/2000/svg" width="24" height="24" viewBox="0 0 24 24" fill="none" stroke="currentColor" stroke-width="2" stroke-linecap="round" stroke-linejoin="round" class="lucide lucide-school-icon lucide-school"><path d="M14 22v-4a2 2 0 1 0-4 0v4"/><path d="m18 10 3.447 1.724a1 1 0 0 1 .553.894V20a2 2 0 0 1-2 2H4a2 2 0 0 1-2-2v-7.382a1 1 0 0 1 .553-.894L6 10"/><path d="M18 5v17"/><path d="m4 6 7.106-3.553a2 2 0 0 1 1.788 0L20 6"/><path d="M6 5v17"/><circle cx="12" cy="9" r="2"/></svg>\n
                                                        <span class="hidden xl:inline">Trường Học</span>\n
                                                    </div>\n
                                                                                                    </a>\n
                                                                                            </li>\n
                                                                                    <li  class="group relative">\n
                                                <a class="flex items-center justify-between px-4 py-2 text-sm text-slate-300 hover:text-white hover:bg-slate-700 rounded transition "\n
                                                    href="http://localhost/administrative/list-medical">\n
                                                   <div class="flex items-center gap-2">\n
                                                        <svg xmlns="http://www.w3.org/2000/svg" width="24" height="24" viewBox="0 0 24 24" fill="none" stroke="currentColor" stroke-width="2" stroke-linecap="round" stroke-linejoin="round" class="lucide lucide-hospital-icon lucide-hospital"><path d="M12 6v4"/><path d="M14 14h-4"/><path d="M14 18h-4"/><path d="M14 8h-4"/><path d="M18 12h2a2 2 0 0 1 2 2v6a2 2 0 0 1-2 2H4a2 2 0 0 1-2-2v-9a2 2 0 0 1 2-2h2"/><path d="M18 22V4a2 2 0 0 0-2-2H8a2 2 0 0 0-2 2v18"/></svg>\n
                                                        <span class="hidden xl:inline">Địa Điểm Y Tế</span>\n
                                                    </div>\n
                                                                                                    </a>\n
                                                                                            </li>\n
                                                                                    <li  class="group relative">\n
                                                <a class="flex items-center justify-between px-4 py-2 text-sm text-slate-300 hover:text-white hover:bg-slate-700 rounded transition "\n
                                                    href="http://localhost/administrative/list-center">\n
                                                   <div class="flex items-center gap-2">\n
                                                        <svg xmlns="http://www.w3.org/2000/svg" width="24" height="24" viewBox="0 0 24 24" fill="none" stroke="currentColor" stroke-width="2" stroke-linecap="round" stroke-linejoin="round" class="lucide lucide-university-icon lucide-university"><path d="M14 21v-3a2 2 0 0 0-4 0v3"/><path d="M18 12h.01"/><path d="M18 16h.01"/><path d="M22 7a1 1 0 0 0-1-1h-2a2 2 0 0 1-1.143-.359L13.143 2.36a2 2 0 0 0-2.286-.001L6.143 5.64A2 2 0 0 1 5 6H3a1 1 0 0 0-1 1v12a2 2 0 0 0 2 2h16a2 2 0 0 0 2-2z"/><path d="M6 12h.01"/><path d="M6 16h.01"/><circle cx="12" cy="10" r="2"/></svg>\n
                                                        <span class="hidden xl:inline">TTHC và Khác</span>\n
                                                    </div>\n
                                                                                                    </a>\n
                                                                                            </li>\n
                                                                            </ul>\n
                                                            </li>\n
                                                                                                <li>\n
                                <a class="flex items-center justify-between px-4 py-3 hover:bg-white hover:text-black text-white transition rounded cursor-pointer toggle-submenu"\n
                                    href="javascript:;">\n
                                    \n
                                    <div class="flex items-center gap-2" title="Dữ Liệu Khác">\n
                                        <div title="Dữ Liệu Khác"><svg class="lucide w-5 h-5 mr-2" xmlns="http://www.w3.org/2000/svg" fill="none" stroke="currentColor" stroke-width="2" stroke-linecap="round" stroke-linejoin="round" viewBox="0 0 24 24"><path d="M16 21v-2a4 4 0 0 0-8 0v2"/><circle cx="12" cy="7" r="4"/><path d="M20.88 18.5A3.5 3.5 0 0 1 17.5 22H6.5a3.5 3.5 0 0 1-3.38-2.5"/></svg></div>\n
                                        <span class="hidden xl:inline" >Dữ Liệu Khác</span>\n
                                    </div>\n
\n
                                                                            <span class="hidden xl:inline"><svg class="lucide w-5 h-5 mr-2" xmlns="http://www.w3.org/2000/svg" fill="none" stroke="currentColor" stroke-width="2" stroke-linecap="round" stroke-linejoin="round" viewBox="0 0 24 24"><path d="M6 9l6 6l6-6"/></svg></span>\n
                                                                    </a>\n
                                                                    <ul class="submenu ml-6 mt-1 hidden">\n
                                                                                    <li  class="group relative">\n
                                                <a class="flex items-center justify-between px-4 py-2 text-sm text-slate-300 hover:text-white hover:bg-slate-700 rounded transition "\n
                                                    href="http://localhost/geographical/list-erosion">\n
                                                   <div class="flex items-center gap-2">\n
                                                        <svg class="lucide w-5 h-5 mr-2" xmlns="http://www.w3.org/2000/svg" fill="none" stroke="currentColor" stroke-width="2" stroke-linecap="round" stroke-linejoin="round" viewBox="0 0 24 24"><path d="M12 22a10 10 0 1 0-10-10a10.011 10.011 0 0 0 10 10z"/><path d="M12.5 7h-1a1.5 1.5 0 0 0-1.5 1.5v6A1.5 1.5 0 0 0 11.5 16h1a1.5 1.5 0 0 0 .5-2.9V9.9A1.5 1.5 0 0 0 12.5 7z"/><circle cx="12" cy="19" r=".5"/></svg>\n
                                                        <span class="hidden xl:inline">Khu vực xói, bồi</span>\n
                                                    </div>\n
                                                                                                    </a>\n
                                                                                            </li>\n
                                                                                    <li  class="group relative">\n
                                                <a class="flex items-center justify-between px-4 py-2 text-sm text-slate-300 hover:text-white hover:bg-slate-700 rounded transition "\n
                                                    href="http://localhost/geographical/list-shoreline">\n
                                                   <div class="flex items-center gap-2">\n
                                                        <svg class="lucide w-5 h-5 mr-2" xmlns="http://www.w3.org/2000/svg" fill="none" stroke="currentColor" stroke-width="2" stroke-linecap="round" stroke-linejoin="round" viewBox="0 0 24 24"><path d="M12 22a10 10 0 1 0-10-10a10.011 10.011 0 0 0 10 10z"/><path d="M12.5 7h-1a1.5 1.5 0 0 0-1.5 1.5v6A1.5 1.5 0 0 0 11.5 16h1a1.5 1.5 0 0 0 .5-2.9V9.9A1.5 1.5 0 0 0 12.5 7z"/><circle cx="12" cy="19" r=".5"/></svg>\n
                                                        <span class="hidden xl:inline">Lịch sử đường bờ</span>\n
                                                    </div>\n
                                                                                                    </a>\n
                                                                                            </li>\n
                                                                                    <li  class="group relative">\n
                                                <a class="flex items-center justify-between px-4 py-2 text-sm text-slate-300 hover:text-white hover:bg-slate-700 rounded transition "\n
                                                    href="http://localhost/geographical/list-cross-section">\n
                                                   <div class="flex items-center gap-2">\n
                                                        <svg class="lucide w-5 h-5 mr-2" xmlns="http://www.w3.org/2000/svg" fill="none" stroke="currentColor" stroke-width="2" stroke-linecap="round" stroke-linejoin="round" viewBox="0 0 24 24"><path d="M12 22a10 10 0 1 0-10-10a10.011 10.011 0 0 0 10 10z"/><path d="M12.5 7h-1a1.5 1.5 0 0 0-1.5 1.5v6A1.5 1.5 0 0 0 11.5 16h1a1.5 1.5 0 0 0 .5-2.9V9.9A1.5 1.5 0 0 0 12.5 7z"/><circle cx="12" cy="19" r=".5"/></svg>\n
                                                        <span class="hidden xl:inline">Mặt cắt ngang</span>\n
                                                    </div>\n
                                                                                                    </a>\n
                                                                                            </li>\n
                                                                                    <li  class="group relative">\n
                                                <a class="flex items-center justify-between px-4 py-2 text-sm text-slate-300 hover:text-white hover:bg-slate-700 rounded transition "\n
                                                    href="http://localhost/geographical/list-monitoring">\n
                                                   <div class="flex items-center gap-2">\n
                                                        <svg class="lucide w-5 h-5 mr-2" xmlns="http://www.w3.org/2000/svg" fill="none" stroke="currentColor" stroke-width="2" stroke-linecap="round" stroke-linejoin="round" viewBox="0 0 24 24"><path d="M12 22a10 10 0 1 0-10-10a10.011 10.011 0 0 0 10 10z"/><path d="M12.5 7h-1a1.5 1.5 0 0 0-1.5 1.5v6A1.5 1.5 0 0 0 11.5 16h1a1.5 1.5 0 0 0 .5-2.9V9.9A1.5 1.5 0 0 0 12.5 7z"/><circle cx="12" cy="19" r=".5"/></svg>\n
                                                        <span class="hidden xl:inline">Mốc quan trắc</span>\n
                                                    </div>\n
                                                                                                    </a>\n
                                                                                            </li>\n
                                                                            </ul>\n
                                                            </li>\n
                                                                                                <li>\n
                                <a class="flex items-center justify-between px-4 py-3 hover:bg-white hover:text-black text-white transition rounded cursor-pointer "\n
                                    href="http://localhost/map">\n
                                    \n
                                    <div class="flex items-center gap-2" title="Bản Đồ">\n
                                        <div title="Bản Đồ"><svg xmlns="http://www.w3.org/2000/svg" width="24" height="24" viewBox="0 0 24 24" fill="none" stroke="currentColor" stroke-width="2" stroke-linecap="round" stroke-linejoin="round" class="lucide lucide-map-icon lucide-map"><path d="M14.106 5.553a2 2 0 0 0 1.788 0l3.659-1.83A1 1 0 0 1 21 4.619v12.764a1 1 0 0 1-.553.894l-4.553 2.277a2 2 0 0 1-1.788 0l-4.212-2.106a2 2 0 0 0-1.788 0l-3.659 1.83A1 1 0 0 1 3 19.381V6.618a1 1 0 0 1 .553-.894l4.553-2.277a2 2 0 0 1 1.788 0z"/><path d="M15 5.764v15"/><path d="M9 3.236v15"/></svg></div>\n
                                        <span class="hidden xl:inline" >Bản Đồ</span>\n
                                    </div>\n
\n
                                                                    </a>\n
                                                            </li>\n
                                                                                                <li>\n
                                <a class="flex items-center justify-between px-4 py-3 hover:bg-white hover:text-black text-white transition rounded cursor-pointer "\n
                                    href="http://localhost/chat">\n
                                    \n
                                    <div class="flex items-center gap-2" title="Tham gia cộng đồng">\n
                                        <div title="Tham gia cộng đồng"><svg xmlns="http://www.w3.org/2000/svg" width="24" height="24" viewBox="0 0 24 24" fill="none" stroke="currentColor" stroke-width="2" stroke-linecap="round" stroke-linejoin="round" class="lucide lucide-message-circle-icon lucide-message-circle"><path d="M7.9 20A9 9 0 1 0 4 16.1L2 22Z"/></svg></div>\n
                                        <span class="hidden xl:inline" >Tham gia cộng đồng</span>\n
                                    </div>\n
\n
                                                                    </a>\n
                                                            </li>\n
                                                                                                <li>\n
                                <a class="flex items-center justify-between px-4 py-3 hover:bg-white hover:text-black text-white transition rounded cursor-pointer "\n
                                    href="http://localhost/incident-report">\n
                                    \n
                                    <div class="flex items-center gap-2" title="Báo cáo sự cố">\n
                                        <div title="Báo cáo sự cố"><svg xmlns="http://www.w3.org/2000/svg" width="24" height="24" viewBox="0 0 24 24" fill="none" stroke="currentColor" stroke-width="2" stroke-linecap="round" stroke-linejoin="round" class="lucide lucide-message-square-warning-icon lucide-message-square-warning"><path d="M21 15a2 2 0 0 1-2 2H7l-4 4V5a2 2 0 0 1 2-2h14a2 2 0 0 1 2 2z"/><path d="M12 7v2"/><path d="M12 13h.01"/></svg></div>\n
                                        <span class="hidden xl:inline" >Báo cáo sự cố</span>\n
                                    </div>\n
\n
                                                                    </a>\n
                                                            </li>\n
                                                                \n
                                </ul>\n
            </nav>\n
            <div class="md:max-w-auto overflow-x-hidden overflow-y-auto max-h-[100vh] min-w-0 max-w-full flex-1 rounded-[30px] bg-slate-100 px-4 pb-10 before:block before:h-px before:w-full before:content-[''] md:px-[22px]">\n
                <div class="relative sticky top-0 z-2 flex items-center h-[68px] px-4 border-b border-slate-100 bg-slate-100">\n
  \n
                    <div class="mr-auto"> \n
                       <div class="rounded-[8px] overflow-hidden w-[200px] md:w-[325px] h-[40px] bg-[#1E3A8A] border-[2px] border-[#133086] shadow-[0_2px_6px_rgba(0,0,0,0.1)] flex items-center justify-center">\n
                  \n
                    <iframe src="https://thoitiet247.vn/widget/embed/ca-mau?style=6&day=7&td=%232e0000&ntd=%231e3a8a&mvb=%23000205&mv=%231e3a8a&mdk=%23000000&htd=true" \n
                        id="widgeturl" class = "w-[200px] md:w-[325px]" height="55px" scrolling="no" frameborder="0" allowtransparency="true" style="border:none;overflow:hidden;"></iframe><!-- End thoitiet.app widget -->\n
                    </div>\n
\n
                    </div>\n
                    \n
                    <div class="relative flex items-center gap-2">\n
                                                \n
                            <div class="relative mr-4">\n
                                <a href="javascript:void(0)" onclick="openNotification()" class="relative">\n
                                    <svg xmlns="http://www.w3.org/2000/svg" width="24" height="24" viewBox="0 0 24 24" fill="none" stroke="#dfc207" stroke-width="2" stroke-linecap="round" stroke-linejoin="round" class="lucide lucide-bell-icon lucide-bell"><path d="M10.268 21a2 2 0 0 0 3.464 0"/><path d="M3.262 15.326A1 1 0 0 0 4 17h16a1 1 0 0 0 .74-1.673C19.41 13.956 18 12.499 18 8A6 6 0 0 0 6 8c0 4.499-1.411 5.956-2.738 7.326"/></svg>\n
\n
                                    <!-- Badge đỏ số lượng -->\n
                                                                    </a>\n
                                \n
\n
                                <!-- Dropdown thông báo -->\n
                                <div class="absolute right-0 mt-2 w-80 bg-white border rounded shadow z-50 hidden" id="notification-dropdown">\n
                                    <ul class="divide-y divide-gray-100 max-h-80 overflow-y-auto">\n
                                                                                    <li class="p-3 text-sm text-gray-500">Không có thông báo nào</li>\n
                                                                            </ul>\n
                                </div>\n
                            </div>\n
\n
                            <button type="button" style="all: unset" id="user-menu-button" aria-expanded="false">\n
                                <svg class="lucide w-5 h-5 mr-2" xmlns="http://www.w3.org/2000/svg" fill="none" stroke="currentColor" stroke-width="2" stroke-linecap="round" stroke-linejoin="round" viewBox="0 0 24 24"><circle cx="12" cy="12" r="10"/><path d="M16 16a4 4 0 0 0-8 0v2a4 4 0 0 0 8 0z"/><circle cx="12" cy="9" r="3"/></svg>\n
                            </button>\n
\n
                            <div class="hidden absolute right-0 mt-2 w-48 z-1 text-base bg-white divide-y divide-gray-100 rounded-lg shadow-lg" id="user-dropdown">\n
                                <div class="px-4 py-3">\n
                                    <span class="block text-sm text-gray-900">Tên: Elian Hartmann</span>\n
                                    <span class="block text-sm text-gray-500 truncate">Tên đăng nhập: linwood86</span>\n
                                </div>\n
                                <ul class="py-2" aria-labelledby="user-menu-button">\n
                                    <li>\n
                                        <a href="http://localhost/edit-profile" class="block px-4 py-2 text-sm text-gray-700 hover:bg-gray-100">Hồ sơ</a>\n
                                    </li>\n
                                   \n
                                    <li>\n
                                        <a href="http://localhost/logout" class="block px-4 py-2 text-sm text-gray-700 hover:bg-gray-100">Đăng xuất</a>\n
                                    </li>\n
                                </ul>\n
                            </div>\n
                        \n
                                            </div>\n
                </div>\n
                \n
                \n
    <div class="grid grid-cols-12 gap-6">\n
        <div class="col-span-12 2xl:col-span-12">\n
            <div class="grid grid-cols-12 gap-6">\n
                \n
                <div class="col-span-12 mt-5">\n
                    <div class="intro-y flex h-10 items-center">\n
                        <h2 class="flex items-center mr-5 uppercase text-lg font-medium">\n
                            <svg class="lucide w-5 h-5 mr-2" xmlns="http://www.w3.org/2000/svg" fill="none" stroke="currentColor" stroke-width="2" stroke-linecap="round" stroke-linejoin="round" viewBox="0 0 24 24"><rect width="8" height="4" x="8" y="2" rx="1" ry="1"/><path d="M16 4h2a2 2 0 0 1 2 2v14a2 2 0 0 1-2 2H6a2 2 0 0 1-2-2V6a2 2 0 0 1 2-2h2"/><path d="M9 14h6"/></svg>\n
                            Báo Cáo Tổng Hợp <a href="/list-district">...</a>\n
\n
                        </h2>\n
                        <a class="ml-auto flex items-center text-primary" href="/">\n
                            <svg class="lucide w-5 h-5 mr-2" xmlns="http://www.w3.org/2000/svg" fill="none" stroke="currentColor" stroke-width="2" stroke-linecap="round" stroke-linejoin="round" viewBox="0 0 24 24"><path d="M21 12a9 9 0 0 0-9-9 9.75 9.75 0 0 0-6.74 2.74L3 8"/><path d="M3 3v5h5"/><path d="M3 12a9 9 0 0 0 9 9 9.75 9.75 0 0 0 6.74-2.74L21 16"/><path d="M16 16h5v5"/></svg>\n
                            Tải lại dữ liệu\n
                        </a>\n
                    </div>\n
                    <div class="mt-5 grid grid-cols-12 gap-6">\n
                        <div class="intro-y col-span-12 sm:col-span-6 xl:col-span-4 ">\n
                            <div>\n
                                <div\n
                                    class="box p-5 bg-gradient-to-r from-rose-500 to-purple-500 text-white rounded-lg shadow-lg">\n
                                    \n
                                    <div class="flex items-center gap-6">\n
                                        <svg class="lucide w-5 h-5 mr-2" xmlns="http://www.w3.org/2000/svg" fill="none" stroke="currentColor" stroke-width="2" stroke-linecap="round" stroke-linejoin="round" viewBox="0 0 24 24"><path d="M16.5 6.5a4.5 4.5 0 0 1 4.5 4.5a4.5 4.5 0 0 1-4.5 4.5H12l3-6H9a3 3 0 0 1-3-3a3 3 0 0 1 .88-2.12A4.49 4.49 0 0 1 12.5 6h1"/></svg>   \n
                                        <span class="text-2xl font-bold tracking-wide">BÃO, ÁP THẤP</span>\n
                                    </div>\n
                                    \n
                                    <div class="mt-6 grid grid-cols-2 gap-4">\n
                                        <div class="flex items-center gap-2">\n
                                            <svg class="lucide w-5 h-5 mr-2" xmlns="http://www.w3.org/2000/svg" fill="none" stroke="currentColor" stroke-width="2" stroke-linecap="round" stroke-linejoin="round" viewBox="0 0 24 24"><polyline points="9 18 15 12 9 6"/></svg>\n
                                            <a href="http://localhost/construction/list-storm"\n
                                                class="text-xl hover:text-gray-500 transition-all">\n
                                                Tổng số công trình\n
                                            </a>\n
                                        </div>\n
                                                                                    <div class="text-center text-xl font-semibold text-red-500">\n
                                                Không có dữ liệu\n
                                            </div>\n
                                        \n
                                        <div class="flex items-center gap-2">\n
                                            <svg class="lucide w-5 h-5 mr-2" xmlns="http://www.w3.org/2000/svg" fill="none" stroke="currentColor" stroke-width="2" stroke-linecap="round" stroke-linejoin="round" viewBox="0 0 24 24"><polyline points="9 18 15 12 9 6"/></svg>\n
                                            <a href="http://localhost/calamity/list-storm"\n
                                                class="text-xl hover:text-gray-500 transition-all">\n
                                                Số lượng thiên tai\n
                                            </a>\n
                                        </div>\n
                                                                                    <div class="text-center text-xl font-semibold text-red-500">\n
                                                Không có dữ liệu\n
                                            </div>\n
                                                                            </div>\n
                                </div>\n
\n
                            </div>\n
                        </div>\n
                        <div class="intro-y col-span-12 sm:col-span-6 xl:col-span-4">\n
                                <div\n
                                    class="box p-5 bg-gradient-to-r from-purple-500 to-blue-500 text-white rounded-lg shadow-lg">\n
                                    \n
                                    <div class="flex items-center gap-6">\n
                                        <svg class="lucide w-5 h-5 mr-2" xmlns="http://www.w3.org/2000/svg" fill="none" stroke="currentColor" stroke-width="2" stroke-linecap="round" stroke-linejoin="round" viewBox="0 0 24 24"><path d="M10.29 3.86a1.5 1.5 0 0 1 3.42 0l6.36 14.28A1.5 1.5 0 0 1 18.21 21H5.79a1.5 1.5 0 0 1-1.36-2.14z"/></svg>\n
                                        <span class="text-2xl font-bold tracking-wide">NGẬP LỤT</span>\n
                                    </div>\n
                                    \n
                                    <div class="mt-6 grid grid-cols-2 gap-4">\n
                                        <div class="flex items-center gap-2">\n
                                            <svg class="lucide w-5 h-5 mr-2" xmlns="http://www.w3.org/2000/svg" fill="none" stroke="currentColor" stroke-width="2" stroke-linecap="round" stroke-linejoin="round" viewBox="0 0 24 24"><polyline points="9 18 15 12 9 6"/></svg>\n
                                            <a href="http://localhost/construction/list-flooding"\n
                                                class="text-xl hover:text-gray-500 transition-all">\n
                                                Tổng số công trình\n
                                            </a>\n
                                        </div>\n
                                                                                    <div class="text-center text-xl font-semibold">\n
                                                0\n
                                            </div>\n
                                        \n
                                        <div class="flex items-center gap-2">\n
                                            <svg class="lucide w-5 h-5 mr-2" xmlns="http://www.w3.org/2000/svg" fill="none" stroke="currentColor" stroke-width="2" stroke-linecap="round" stroke-linejoin="round" viewBox="0 0 24 24"><polyline points="9 18 15 12 9 6"/></svg>\n
                                            <a href="http://localhost/calamity/list-flooding"\n
                                                class="text-xl hover:text-gray-500 transition-all">\n
                                                Số lượng thiên tai\n
                                            </a>\n
                                        </div>\n
                                                                                    <div class="text-center text-white text-xl font-semibold">\n
                                                1\n
                                            </div>\n
                                                                            </div>\n
                                </div>\n
                        </div>\n
                        <div class="intro-y col-span-12 sm:col-span-6 xl:col-span-4">\n
                            \n
                                <div\n
                                    class="box p-5 bg-gradient-to-r from-blue-500 to-indigo-500 text-white rounded-lg shadow-lg">\n
                               \n
                                    <div class="flex items-center gap-6">\n
                                        <svg class="lucide w-5 h-5 mr-2" xmlns="http://www.w3.org/2000/svg" fill="none" stroke="currentColor" stroke-width="2" stroke-linecap="round" stroke-linejoin="round" viewBox="0 0 24 24"><path d="M16.5 6.5a4.5 4.5 0 0 1 4.5 4.5a4.5 4.5 0 0 1-4.5 4.5H12l3-6H9a3 3 0 0 1-3-3a3 3 0 0 1 .88-2.12A4.49 4.49 0 0 1 12.5 6h1"/><path d="M16.5 16v2m-3-2v2m-3-2v2m6-6v2m-3-2v2m-3-2v2"/></svg>\n
                                        <span class="text-2xl font-bold tracking-wide">SẠT LỞ</span>\n
                                    </div>\n
                                   \n
                                    <div class="mt-6 grid grid-cols-2 gap-4">\n
                                        <div class="flex items-center gap-2">\n
                                            <svg class="lucide w-5 h-5 mr-2" xmlns="http://www.w3.org/2000/svg" fill="none" stroke="currentColor" stroke-width="2" stroke-linecap="round" stroke-linejoin="round" viewBox="0 0 24 24"><polyline points="9 18 15 12 9 6"/></svg>\n
                                            <a href="http://localhost/construction/list-river-bank"\n
                                                class=" text-xl hover:text-gray-500 transition-all">\n
                                                Tổng số công trình\n
                                            </a>\n
                                        </div>\n
                                                                                    <div class="text-center text-xl font-semibold">\n
                                                0\n
                                            </div>\n
                                        \n
                                        <div class="flex items-center gap-2">\n
                                            <svg class="lucide w-5 h-5 mr-2" xmlns="http://www.w3.org/2000/svg" fill="none" stroke="currentColor" stroke-width="2" stroke-linecap="round" stroke-linejoin="round" viewBox="0 0 24 24"><polyline points="9 18 15 12 9 6"/></svg>\n
                                            <a href="http://localhost/calamity/list-river-bank"\n
                                                class="text-xl hover:text-gray-500 transition-all">\n
                                                Số lượng thiên tai\n
                                            </a>\n
                                        </div>\n
                                                                                    <div class="text-center text-xl font-semibold">\n
                                                0\n
                                            </div>\n
                                                                            </div>\n
                                </div>\n
                        </div>\n
                    </div>\n
                </div>\n
                \n
                <div class="col-span-12 xl:col-span-5 flex flex-col mt-5">\n
                    <div class="intro-y flex h-10 items-center">\n
                        \n
                        <h2 class="flex items-center mr-5 uppercase text-lg font-medium">\n
                            <svg class="lucide w-5 h-5 mr-2" xmlns="http://www.w3.org/2000/svg" fill="none" stroke="currentColor" stroke-width="2" stroke-linecap="round" stroke-linejoin="round" viewBox="0 0 24 24"><path d="M4 6h16"/><path d="M4 12h16"/><path d="M4 18h16"/><circle cx="10" cy="6" r="2"/><circle cx="10" cy="12" r="2"/><circle cx="10" cy="18" r="2"/></svg>\n
                            Dữ Liệu Mới Nhất\n
                        </h2>\n
                    </div>\n
                    <div class="mt-3 flex-1 space-y-3">\n
                                                    <div class="intro-y bg-white shadow-sm hover:shadow-md transition-shadow duration-200 border border-gray-100 rounded-xl">\n
\n
                                <a href="/" class="block">\n
                                    <div class="box zoom-in mb-3 flex items-center px-5 py-5">\n
                                     \n
                                        <div class="h-10 w-10 flex items-center justify-center rounded-md bg-primary/20">\n
                                            <svg xmlns="http://www.w3.org/2000/svg" width="24" height="24" viewBox="0 0 24 24" fill="none" stroke="currentColor" stroke-width="2" stroke-linecap="round" stroke-linejoin="round" class="lucide lucide-shield-alert-icon lucide-shield-alert"><path d="M20 13c0 5-3.5 7.5-7.66 8.95a1 1 0 0 1-.67-.01C7.5 20.5 4 18 4 13V6a1 1 0 0 1 1-1c2 0 4.5-1.2 6.24-2.72a1.17 1.17 0 0 1 1.52 0C14.51 3.81 17 5 19 5a1 1 0 0 1 1 1z"/><path d="M12 8v4"/><path d="M12 16h.01"/></svg>\n
                                        </div>\n
                                      \n
                                        <div class="ml-4 flex-1 min-w-0">\n
                                                                                                                                    </div>\n
\n
                                        <div\n
                                            class="rounded-full bg-success px-3 py-1 text-xs font-medium text-white whitespace-nowrap">\n
                                            2025-07-13 09:49:58\n
                                        </div>\n
                                    </div>\n
                                </a>\n
                            </div>\n
                                            </div>\n
                </div>\n
               \n
                               <div class="col-span-12 p-4 xl:col-span-7 flex flex-col ">\n
\n
                    <div class="intro-y flex h-10 items-center">\n
                        <h2 class="flex items-center mr-5 gap-x-2 uppercase text-lg font-medium">\n
                            <svg xmlns="http://www.w3.org/2000/svg" width="24" height="24" viewBox="0 0 24 24" fill="none" stroke="currentColor" stroke-width="2" stroke-linecap="round" stroke-linejoin="round" class="lucide lucide-chart-pie-icon lucide-chart-pie"><path d="M21 12c.552 0 1.005-.449.95-.998a10 10 0 0 0-8.953-8.951c-.55-.055-.998.398-.998.95v8a1 1 0 0 0 1 1z"/><path d="M21.21 15.89A10 10 0 1 1 8 2.83"/></svg>\n
                            Biểu Đồ Thiên Tai\n
                        </h2>\n
                    </div>\n
                    <div class="intro-y box mt-3 p-5 flex flex-1 items-center bg-white border border-gray-100 rounded-2xl justify-center">\n
                       \n
                        <div class="w-2/3 flex flex-col items-center justify-center h-full">\n
                            <div id="disaster-chart" class="h-[370px] w-full"></div>\n
                            <p class="mt-2 text-center text-sm text-gray-600">Biểu đồ thể hiện số lượng thiên tai theo loại\n
                                hình thiên tai</p>\n
                        </div>\n
                       \n
                        <div class="w-1/3 pl-3 flex flex-col justify-center gap-2">\n
                                                                                                                                    <div class="flex items-center">\n
                                        <div class="mr-2 h-2 w-2 rounded-full"\n
                                            style="background-color: #2563eb;"></div>\n
                                        <span class="truncate text-lg font-medium">Sạt Lở</span>\n
                                        <span class="ml-auto font-semibold text-lg">0%</span>\n
                                    </div>\n
                                                                                                        <div class="flex items-center">\n
                                        <div class="mr-2 h-2 w-2 rounded-full"\n
                                            style="background-color: #f59e0b;"></div>\n
                                        <span class="truncate text-lg font-medium">Ngập Lụt</span>\n
                                        <span class="ml-auto font-semibold text-lg">0%</span>\n
                                    </div>\n
                                                                                                        <div class="flex items-center">\n
                                        <div class="mr-2 h-2 w-2 rounded-full"\n
                                            style="background-color: #ef4444;"></div>\n
                                        <span class="truncate text-lg font-medium">Bão</span>\n
                                        <span class="ml-auto font-semibold text-lg">0%</span>\n
                                    </div>\n
                                                                                    </div>\n
                    </div>\n
                </div>\n
                \n
                <div class="col-span-12 xl:col-span-12 flex flex-col mt-4">\n
                    <div class="intro-y flex h-10 items-center">\n
                        <h2 class="flex items-center mr-5 uppercase text-lg font-medium">\n
                            <svg class="lucide w-5 h-5 mr-2" xmlns="http://www.w3.org/2000/svg" fill="none" stroke="currentColor" stroke-width="2" stroke-linecap="round" stroke-linejoin="round" viewBox="0 0 24 24"><path d="M21 10a9 9 0 1 1-18 0a9 9 0 0 1 18 0z"/><circle cx="12" cy="10" r="3"/></svg>\n
                            Bản Đồ Cảnh Báo Thiên Tai 7 Ngày Gần Nhất\n
                        </h2>\n
                    </div>\n
                    <div class="intro-y flex items-center flex-wrap gap-x-4 mt-4">\n
                        \n
                                               \n
                        <div class="flex flex-wrap gap-x-4">\n
                                                            <label class="flex items-center space-x-2">\n
                                    <input type="checkbox" id="toggle-sat-lo"\n
                                        class="form-checkbox h-5 w-5 text-blue-600" checked>\n
                                    <span>Sạt Lở</span>\n
                                </label>\n
                                                            <label class="flex items-center space-x-2">\n
                                    <input type="checkbox" id="toggle-ngap-lut"\n
                                        class="form-checkbox h-5 w-5 text-blue-600" checked>\n
                                    <span>Ngập Lụt</span>\n
                                </label>\n
                                                            <label class="flex items-center space-x-2">\n
                                    <input type="checkbox" id="toggle-bao"\n
                                        class="form-checkbox h-5 w-5 text-blue-600" checked>\n
                                    <span>Bão</span>\n
                                </label>\n
                                                    </div>\n
                    </div>\n
                   \n
                    <div class="intro-y box mt-4 p-5 flex flex-col items-center justify-center space-y-4">\n
                        <div id="map" class="w-full h-[500px] md:h-[700px] rounded-lg border shadow-lg"></div>\n
                    </div>\n
                </div>\n
                \n
                <div class="col-span-12 xl:col-span-12 flex flex-col mt-5">\n
                    <div class="intro-y flex h-10 items-center">\n
                        <h2 class="flex items-center mr-5 uppercase text-lg font-medium">\n
                            <svg class="lucide w-5 h-5 mr-2" xmlns="http://www.w3.org/2000/svg" fill="none" stroke="currentColor" stroke-width="2" stroke-linecap="round" stroke-linejoin="round" viewBox="0 0 24 24"><path d="M21 10a9 9 0 1 1-18 0a9 9 0 0 1 18 0z"/><circle cx="12" cy="10" r="3"/></svg>\n
                            Bản Đồ Thời Tiết\n
                        </h2>\n
                    </div>\n
                    <div class="intro-y box mt-4 p-5 flex flex-1 items-center justify-center">\n
                        <iframe src="https://vrain.vn/52/overview?public_map=windy" width="100%" height="700px"\n
                            class="rounded-lg shadow-lg border" allowfullscreen>\n
                        </iframe>\n
                    </div>\n
                   \n
                </div>\n
                <div class="col-span-12 xl:col-span-12 mt-5">\n
                \n
                <div class="flex flex-col xl:flex-row gap-5">\n
                    \n
                    <div class="bg-white shadow rounded-lg p-4 sm:p-6 xl:p-8 w-full xl:w-1/2">\n
                        <div class="flex items-center">\n
                            <div class="flex-shrink-0">\n
                            <span class="text-2xl sm:text-3xl leading-none font-bold text-gray-900">0</span>\n
                            <h3 class="text-base font-normal text-gray-500">Người dân quan tâm thiên tai</h3>\n
                            </div>\n
                            \n
                            </div>\n
                        </div>\n
                    </div>\n
                </div>\n
            </div>\n
            </div>\n
\n
            </div>\n
        </div>\n
        <div\n
    data-tw-backdrop=""\n
    aria-hidden="true"\n
    tabindex="-1"\n
    id="large-modal-size-preview" class="modal group bg-black/60 transition-[visibility,opacity] w-screen h-screen fixed left-0 top-0 [&amp;:not(.show)]:duration-[0s,0.2s] [&amp;:not(.show)]:delay-[0.2s,0s] [&amp;:not(.show)]:invisible [&amp;:not(.show)]:opacity-0 [&amp;.show]:visible [&amp;.show]:opacity-100 [&amp;.show]:duration-[0s,0.4s]"\n
><div\n
    data-tw-merge\n
    class="w-[90%] mx-auto bg-white relative rounded-md shadow-md transition-[margin-top,transform] duration-[0.4s,0.3s] -mt-16 group-[.show]:mt-16 group-[.modal-static]:scale-[1.05]    sm:w-[600px] lg:w-[900px] p-5"\n
><form action="http://localhost/guest-disaster-subscribe" method="POST">\n
\n
                    <input type="hidden" name="_token" value="3bRVB1mq5e4qYVM6JvWsNqiUY147B2r9udpOHCYd" autocomplete="off">                    <div class="mb-4">\n
                        <label for="name" class="block text-sm font-medium text-gray-700 mb-1">Tên của bạn</label>\n
                        <input type="text" name="name" id="name" required\n
                            class="w-full border border-gray-300 rounded-md px-3 py-2 text-sm">\n
                    </div>\n
\n
                    <div class="mb-4">\n
                        <label for="email" class="block text-sm font-medium text-gray-700 mb-1">Email nhận thông tin</label>\n
                        <input type="email" name="email" id="email"\n
                            class="w-full border border-gray-300 rounded-md px-3 py-2 text-sm">\n
                            \n
                    </div>\n
                    <div class="text-right">\n
                        <button type="submit"\n
                            class="bg-blue-600 hover:bg-blue-700 text-white text-sm font-medium px-4 py-2 rounded-md">\n
                            Đăng ký\n
                        </button>\n
                    </div>\n
            </form></div></div>\n
\n
    </div>\n
            </div>\n
        </div>\n
    </div>\n
\n
</body>\n
\n
</html>\n
\n
<script>\n
    function openNotification() {\n
        console.log('openNotification');\n
        const dropdown = document.getElementById('notification-dropdown');\n
        if (dropdown) {\n
            dropdown.classList.toggle('hidden');\n
            \n
            // Nếu dropdown đang hiển thị, đánh dấu tất cả thông báo đã đọc\n
            if (!dropdown.classList.contains('hidden')) {\n
                markNotificationsAsRead();\n
            }\n
        }\n
    }\n
\n
    function markNotificationsAsRead() {\n
        // Gửi request để đánh dấu thông báo đã đọc\n
        fetch('/mark-notifications-as-read', {\n
            method: 'POST',\n
            headers: {\n
                'X-CSRF-TOKEN': document.querySelector('meta[name="csrf-token"]').getAttribute('content'),\n
                'Content-Type': 'application/json',\n
            },\n
        })\n
        .then(response => response.json())\n
        .then(data => {\n
            if (data.success) {\n
                // Ẩn badge số lượng thông báo\n
                const badge = document.getElementById('notification-badge');\n
                if (badge) {\n
                    badge.style.display = 'none';\n
                }\n
            }\n
        })\n
        .catch(error => {\n
            console.error('Error marking notifications as read:', error);\n
        });\n
    }\n
\n
    function markNotificationAsRead(notificationId, element) {\n
        // Gửi request để đánh dấu một thông báo cụ thể đã đọc\n
        fetch('/mark-notification-as-read', {\n
            method: 'POST',\n
            headers: {\n
                'X-CSRF-TOKEN': document.querySelector('meta[name="csrf-token"]').getAttribute('content'),\n
                'Content-Type': 'application/json',\n
            },\n
            body: JSON.stringify({\n
                notification_id: notificationId\n
            })\n
        })\n
        .then(response => response.json())\n
        .then(data => {\n
            if (data.success) {\n
                // Cập nhật giao diện\n
                element.classList.remove('bg-blue-50', 'border-l-4', 'border-blue-500');\n
                element.classList.add('bg-white');\n
                \n
                // Cập nhật màu text\n
                const titleElement = element.querySelector('.font-semibold');\n
                const messageElement = element.querySelector('.text-blue-700');\n
                if (titleElement) titleElement.classList.remove('text-blue-900');\n
                if (messageElement) messageElement.classList.remove('text-blue-700');\n
                \n
                // Ẩn dot xanh\n
                const dotElement = element.querySelector('.bg-blue-500');\n
                if (dotElement) dotElement.style.display = 'none';\n
                \n
                // Cập nhật badge số lượng\n
                updateNotificationBadge();\n
            }\n
        })\n
        .catch(error => {\n
            console.error('Error marking notification as read:', error);\n
        });\n
    }\n
\n
    function updateNotificationBadge() {\n
        // Đếm số thông báo chưa đọc còn lại\n
        const unreadItems = document.querySelectorAll('.bg-blue-50');\n
        const badge = document.getElementById('notification-badge');\n
        \n
        if (badge) {\n
            if (unreadItems.length === 0) {\n
                badge.style.display = 'none';\n
            } else {\n
                badge.textContent = unreadItems.length;\n
                badge.style.display = 'inline-block';\n
            }\n
        }\n
    }\n
\n
    document.addEventListener("DOMContentLoaded", function () {\n
        const toggles = document.querySelectorAll('.toggle-submenu');\n
\n
        toggles.forEach(toggle => {\n
            toggle.addEventListener('click', function (e) {\n
                e.preventDefault();\n
                const submenu = this.nextElementSibling;\n
\n
                document.querySelectorAll('.submenu').forEach(sm => {\n
                    if (sm !== submenu) sm.classList.add('hidden');\n
                });\n
\n
                if (submenu && submenu.classList.contains('submenu')) {\n
                    submenu.classList.toggle('hidden');\n
                }\n
            });\n
        });\n
        \n
        const btn = document.getElementById('user-menu-button');\n
        const dropdown = document.getElementById('user-dropdown');\n
\n
        if (btn && dropdown) {\n
            btn.addEventListener('click', function (e) {\n
                e.stopPropagation();\n
                dropdown.classList.toggle('hidden');\n
            });\n
\n
            document.addEventListener('click', function (e) {\n
                if (!dropdown.classList.contains('hidden') &&\n
                    !dropdown.contains(e.target) &&\n
                    !btn.contains(e.target)) {\n
                    dropdown.classList.add('hidden');\n
                }\n
            });\n
        }\n
\n
        // Thêm event listener để đóng dropdown thông báo khi click ra ngoài\n
        document.addEventListener('click', function (e) {\n
            const notificationDropdown = document.getElementById('notification-dropdown');\n
            const notificationButton = document.querySelector('[onclick="openNotification()"]');\n
            \n
            if (notificationDropdown && !notificationDropdown.classList.contains('hidden') &&\n
                !notificationDropdown.contains(e.target) &&\n
                !notificationButton.contains(e.target)) {\n
                notificationDropdown.classList.add('hidden');\n
            }\n
        });\n
    });\n
</script>\n


  To contain: Recent Calamity

  at tests\Feature\DashboardTest.php:40
     36▕         ]);
     37▕ 
     38▕         $response = $this->actingAs($user)->get('/');
     39▕         $response->assertStatus(200);
  ➜  40▕         $response->assertSee('Recent Calamity');
     41▕     }
     42▕ 
     43▕     public function test_authenticated_user_can_send_chat_message(): void
     44▕     {

  ─────────────────────────────────────────────────────────────────────────────────────────────────────  
   FAILED  Tests\Feature\DashboardTest > authenticated user can send chat message       QueryException   
  SQLSTATE[23000]: Integrity constraint violation: 19 NOT NULL constraint failed: messages.file (Connection: sqlite, SQL: insert into "messages" ("message", "sender_name", "updated_at", "created_at") values (Test message, Ms. Aubrey Mills III, 2025-07-13 09:49:58, 2025-07-13 09:49:58))

  at vendor\laravel\framework\src\Illuminate\Database\Connection.php:822
    818▕                     $this->getName(), $query, $this->prepareBindings($bindings), $e
    819▕                 );
    820▕             }
    821▕ 
  ➜ 822▕             throw new QueryException(
    823▕                 $this->getName(), $query, $this->prepareBindings($bindings), $e
    824▕             );
    825▕         }
    826▕     }

  1   vendor\laravel\framework\src\Illuminate\Database\Connection.php:822

  2   vendor\laravel\framework\src\Illuminate\Database\Connection.php:568
      NunoMaduro\Collision\Exceptions\TestException::("SQLSTATE[23000]: Integrity constraint violation: 19 NOT NULL constraint failed: messages.file")

  ─────────────────────────────────────────────────────────────────────────────────────────────────────  
   FAILED  Tests\Feature\DashboardTest > guest can send chat message                    QueryException   
  SQLSTATE[23000]: Integrity constraint violation: 19 NOT NULL constraint failed: messages.file (Connection: sqlite, SQL: insert into "messages" ("message", "sender_name", "updated_at", "created_at") values (Guest message, Người dân #1, 2025-07-13 09:49:59, 2025-07-13 09:49:59))

  at vendor\laravel\framework\src\Illuminate\Database\Connection.php:822
    818▕                     $this->getName(), $query, $this->prepareBindings($bindings), $e
    819▕                 );
    820▕             }
    821▕ 
  ➜ 822▕             throw new QueryException(
    823▕                 $this->getName(), $query, $this->prepareBindings($bindings), $e
    824▕             );
    825▕         }
    826▕     }

  1   vendor\laravel\framework\src\Illuminate\Database\Connection.php:822

  2   vendor\laravel\framework\src\Illuminate\Database\Connection.php:568
      NunoMaduro\Collision\Exceptions\TestException::("SQLSTATE[23000]: Integrity constraint violation: 19 NOT NULL constraint failed: messages.file")

  ─────────────────────────────────────────────────────────────────────────────────────────────────────  
   FAILED  Tests\Feature\DashboardTest > chat page displays messages            BadMethodCallException   
  Call to undefined method App\Models\Message::factory()

  at vendor\laravel\framework\src\Illuminate\Support\Traits\ForwardsCalls.php:67
     63▕      * @throws \BadMethodCallException
     64▕      */
     65▕     protected static function throwBadMethodCallException($method)
     66▕     {
  ➜  67▕         throw new BadMethodCallException(sprintf(
     68▕             'Call to undefined method %s::%s()', static::class, $method
     69▕         ));
     70▕     }
     71▕ }

  1   vendor\laravel\framework\src\Illuminate\Support\Traits\ForwardsCalls.php:67
  2   vendor\laravel\framework\src\Illuminate\Support\Traits\ForwardsCalls.php:36

  ─────────────────────────────────────────────────────────────────────────────────────────────────────  
   FAILED  Tests\Feature\DashboardTest > notification mark as read                               Error   
  Class "App\Models\Notification" not found

  at tests\Feature\DashboardTest.php:89
     85▕     {
     86▕         $user = User::factory()->create();
     87▕         
     88▕         // Tạo notification test
  ➜  89▕         $notification = Notification::create([
     90▕             'id' => \Illuminate\Support\Str::uuid(),
     91▕             'type' => 'App\Notifications\IncidentReportCreated',
     92▕             'notifiable_type' => 'App\Models\User',
     93▕             'notifiable_id' => $user->id,

  1   tests\Feature\DashboardTest.php:89

  ─────────────────────────────────────────────────────────────────────────────────────────────────────  
   FAILED  Tests\Feature\DashboardTest > single notification mark as read                        Error   
  Class "App\Models\Notification" not found

  at tests\Feature\DashboardTest.php:111
    107▕     {
    108▕         $user = User::factory()->create();
    109▕         
    110▕         // Tạo notification test
  ➜ 111▕         $notification = Notification::create([
    112▕             'id' => \Illuminate\Support\Str::uuid(),
    113▕             'type' => 'App\Notifications\IncidentReportCreated',
    114▕             'notifiable_type' => 'App\Models\User',
    115▕             'notifiable_id' => $user->id,

  1   tests\Feature\DashboardTest.php:111

  ─────────────────────────────────────────────────────────────────────────────────────────────────────  
   FAILED  Tests\Feature\ExampleTest > the application returns a successful response                     
  Expected response status code [200] but received 500.
Failed asserting that 500 is identical to 200.

The following exception occurred during the last request:

PDOException: SQLSTATE[HY000]: General error: 1 no such table: type_of_calamities in D:\DO_AN_TOT_NGHIEP\doan_calamity_manager\vendor\laravel\framework\src\Illuminate\Database\Connection.php:404
Stack trace:
#0 D:\DO_AN_TOT_NGHIEP\doan_calamity_manager\vendor\laravel\framework\src\Illuminate\Database\Connection.php(404): PDO->prepare()
#1 D:\DO_AN_TOT_NGHIEP\doan_calamity_manager\vendor\laravel\framework\src\Illuminate\Database\Connection.php(809): Illuminate\Database\Connection->Illuminate\Database\{closure}()
#2 D:\DO_AN_TOT_NGHIEP\doan_calamity_manager\vendor\laravel\framework\src\Illuminate\Database\Connection.php(776): Illuminate\Database\Connection->runQueryCallback()
#3 D:\DO_AN_TOT_NGHIEP\doan_calamity_manager\vendor\laravel\framework\src\Illuminate\Database\Connection.php(395): Illuminate\Database\Connection->run()
#4 D:\DO_AN_TOT_NGHIEP\doan_calamity_manager\vendor\laravel\framework\src\Illuminate\Database\Query\Builder.php(3131): Illuminate\Database\Connection->select()
#5 D:\DO_AN_TOT_NGHIEP\doan_calamity_manager\vendor\laravel\framework\src\Illuminate\Database\Query\Builder.php(3116): Illuminate\Database\Query\Builder->runSelect()
#6 D:\DO_AN_TOT_NGHIEP\doan_calamity_manager\vendor\laravel\framework\src\Illuminate\Database\Query\Builder.php(3706): Illuminate\Database\Query\Builder->Illuminate\Database\Query\{closure}()
#7 D:\DO_AN_TOT_NGHIEP\doan_calamity_manager\vendor\laravel\framework\src\Illuminate\Database\Query\Builder.php(3115): Illuminate\Database\Query\Builder->onceWithColumns()
#8 D:\DO_AN_TOT_NGHIEP\doan_calamity_manager\vendor\laravel\framework\src\Illuminate\Database\Eloquent\Builder.php(872): Illuminate\Database\Query\Builder->get()
#9 D:\DO_AN_TOT_NGHIEP\doan_calamity_manager\vendor\laravel\framework\src\Illuminate\Database\Eloquent\Builder.php(854): Illuminate\Database\Eloquent\Builder->getModels()
#10 D:\DO_AN_TOT_NGHIEP\doan_calamity_manager\app\Http\Controllers\AdminController.php(26): Illuminate\Database\Eloquent\Builder->get()
#11 D:\DO_AN_TOT_NGHIEP\doan_calamity_manager\vendor\laravel\framework\src\Illuminate\Routing\Controller.php(54): App\Http\Controllers\AdminController->dashboard()
#12 D:\DO_AN_TOT_NGHIEP\doan_calamity_manager\vendor\laravel\framework\src\Illuminate\Routing\ControllerDispatcher.php(43): Illuminate\Routing\Controller->callAction()
#13 D:\DO_AN_TOT_NGHIEP\doan_calamity_manager\vendor\laravel\framework\src\Illuminate\Routing\Route.php(265): Illuminate\Routing\ControllerDispatcher->dispatch()
#14 D:\DO_AN_TOT_NGHIEP\doan_calamity_manager\vendor\laravel\framework\src\Illuminate\Routing\Route.php(211): Illuminate\Routing\Route->runController()
#15 D:\DO_AN_TOT_NGHIEP\doan_calamity_manager\vendor\laravel\framework\src\Illuminate\Routing\Router.php(808): Illuminate\Routing\Route->run()
#16 D:\DO_AN_TOT_NGHIEP\doan_calamity_manager\vendor\laravel\framework\src\Illuminate\Pipeline\Pipeline.php(169): Illuminate\Routing\Router->Illuminate\Routing\{closure}()
#17 D:\DO_AN_TOT_NGHIEP\doan_calamity_manager\vendor\laravel\framework\src\Illuminate\Routing\Middleware\SubstituteBindings.php(50): Illuminate\Pipeline\Pipeline->Illuminate\Pipeline\{closure}()
#18 D:\DO_AN_TOT_NGHIEP\doan_calamity_manager\vendor\laravel\framework\src\Illuminate\Pipeline\Pipeline.php(208): Illuminate\Routing\Middleware\SubstituteBindings->handle()
#19 D:\DO_AN_TOT_NGHIEP\doan_calamity_manager\vendor\laravel\framework\src\Illuminate\Foundation\Http\Middleware\VerifyCsrfToken.php(87): Illuminate\Pipeline\Pipeline->Illuminate\Pipeline\{closure}()
#20 D:\DO_AN_TOT_NGHIEP\doan_calamity_manager\vendor\laravel\framework\src\Illuminate\Pipeline\Pipeline.php(208): Illuminate\Foundation\Http\Middleware\VerifyCsrfToken->handle()
#21 D:\DO_AN_TOT_NGHIEP\doan_calamity_manager\vendor\laravel\framework\src\Illuminate\View\Middleware\ShareErrorsFromSession.php(48): Illuminate\Pipeline\Pipeline->Illuminate\Pipeline\{closure}()
#22 D:\DO_AN_TOT_NGHIEP\doan_calamity_manager\vendor\laravel\framework\src\Illuminate\Pipeline\Pipeline.php(208): Illuminate\View\Middleware\ShareErrorsFromSession->handle()
#23 D:\DO_AN_TOT_NGHIEP\doan_calamity_manager\vendor\laravel\framework\src\Illuminate\Session\Middleware\StartSession.php(120): Illuminate\Pipeline\Pipeline->Illuminate\Pipeline\{closure}()
#24 D:\DO_AN_TOT_NGHIEP\doan_calamity_manager\vendor\laravel\framework\src\Illuminate\Session\Middleware\StartSession.php(63): Illuminate\Session\Middleware\StartSession->handleStatefulRequest()
#25 D:\DO_AN_TOT_NGHIEP\doan_calamity_manager\vendor\laravel\framework\src\Illuminate\Pipeline\Pipeline.php(208): Illuminate\Session\Middleware\StartSession->handle()
#26 D:\DO_AN_TOT_NGHIEP\doan_calamity_manager\vendor\laravel\framework\src\Illuminate\Cookie\Middleware\AddQueuedCookiesToResponse.php(36): Illuminate\Pipeline\Pipeline->Illuminate\Pipeline\{closure}()
#27 D:\DO_AN_TOT_NGHIEP\doan_calamity_manager\vendor\laravel\framework\src\Illuminate\Pipeline\Pipeline.php(208): Illuminate\Cookie\Middleware\AddQueuedCookiesToResponse->handle()
#28 D:\DO_AN_TOT_NGHIEP\doan_calamity_manager\vendor\laravel\framework\src\Illuminate\Cookie\Middleware\EncryptCookies.php(74): Illuminate\Pipeline\Pipeline->Illuminate\Pipeline\{closure}()
#29 D:\DO_AN_TOT_NGHIEP\doan_calamity_manager\vendor\laravel\framework\src\Illuminate\Pipeline\Pipeline.php(208): Illuminate\Cookie\Middleware\EncryptCookies->handle()
#30 D:\DO_AN_TOT_NGHIEP\doan_calamity_manager\vendor\laravel\framework\src\Illuminate\Pipeline\Pipeline.php(126): Illuminate\Pipeline\Pipeline->Illuminate\Pipeline\{closure}()
#31 D:\DO_AN_TOT_NGHIEP\doan_calamity_manager\vendor\laravel\framework\src\Illuminate\Routing\Router.php(807): Illuminate\Pipeline\Pipeline->then()
#32 D:\DO_AN_TOT_NGHIEP\doan_calamity_manager\vendor\laravel\framework\src\Illuminate\Routing\Router.php(786): Illuminate\Routing\Router->runRouteWithinStack()
#33 D:\DO_AN_TOT_NGHIEP\doan_calamity_manager\vendor\laravel\framework\src\Illuminate\Routing\Router.php(750): Illuminate\Routing\Router->runRoute()
#34 D:\DO_AN_TOT_NGHIEP\doan_calamity_manager\vendor\laravel\framework\src\Illuminate\Routing\Router.php(739): Illuminate\Routing\Router->dispatchToRoute()
#35 D:\DO_AN_TOT_NGHIEP\doan_calamity_manager\vendor\laravel\framework\src\Illuminate\Foundation\Http\Kernel.php(200): Illuminate\Routing\Router->dispatch()
#36 D:\DO_AN_TOT_NGHIEP\doan_calamity_manager\vendor\laravel\framework\src\Illuminate\Pipeline\Pipeline.php(169): Illuminate\Foundation\Http\Kernel->Illuminate\Foundation\Http\{closure}()
#37 D:\DO_AN_TOT_NGHIEP\doan_calamity_manager\vendor\laravel\framework\src\Illuminate\Foundation\Http\Middleware\TransformsRequest.php(21): Illuminate\Pipeline\Pipeline->Illuminate\Pipeline\{closure}()
#38 D:\DO_AN_TOT_NGHIEP\doan_calamity_manager\vendor\laravel\framework\src\Illuminate\Foundation\Http\Middleware\ConvertEmptyStringsToNull.php(31): Illuminate\Foundation\Http\Middleware\TransformsRequest->handle()
#39 D:\DO_AN_TOT_NGHIEP\doan_calamity_manager\vendor\laravel\framework\src\Illuminate\Pipeline\Pipeline.php(208): Illuminate\Foundation\Http\Middleware\ConvertEmptyStringsToNull->handle()
#40 D:\DO_AN_TOT_NGHIEP\doan_calamity_manager\vendor\laravel\framework\src\Illuminate\Foundation\Http\Middleware\TransformsRequest.php(21): Illuminate\Pipeline\Pipeline->Illuminate\Pipeline\{closure}()
#41 D:\DO_AN_TOT_NGHIEP\doan_calamity_manager\vendor\laravel\framework\src\Illuminate\Foundation\Http\Middleware\TrimStrings.php(51): Illuminate\Foundation\Http\Middleware\TransformsRequest->handle()
#42 D:\DO_AN_TOT_NGHIEP\doan_calamity_manager\vendor\laravel\framework\src\Illuminate\Pipeline\Pipeline.php(208): Illuminate\Foundation\Http\Middleware\TrimStrings->handle()
#43 D:\DO_AN_TOT_NGHIEP\doan_calamity_manager\vendor\laravel\framework\src\Illuminate\Http\Middleware\ValidatePostSize.php(27): Illuminate\Pipeline\Pipeline->Illuminate\Pipeline\{closure}()
#44 D:\DO_AN_TOT_NGHIEP\doan_calamity_manager\vendor\laravel\framework\src\Illuminate\Pipeline\Pipeline.php(208): Illuminate\Http\Middleware\ValidatePostSize->handle()
#45 D:\DO_AN_TOT_NGHIEP\doan_calamity_manager\vendor\laravel\framework\src\Illuminate\Foundation\Http\Middleware\PreventRequestsDuringMaintenance.php(109): Illuminate\Pipeline\Pipeline->Illuminate\Pipeline\{closure}()
#46 D:\DO_AN_TOT_NGHIEP\doan_calamity_manager\vendor\laravel\framework\src\Illuminate\Pipeline\Pipeline.php(208): Illuminate\Foundation\Http\Middleware\PreventRequestsDuringMaintenance->handle()
#47 D:\DO_AN_TOT_NGHIEP\doan_calamity_manager\vendor\laravel\framework\src\Illuminate\Http\Middleware\HandleCors.php(48): Illuminate\Pipeline\Pipeline->Illuminate\Pipeline\{closure}()
#48 D:\DO_AN_TOT_NGHIEP\doan_calamity_manager\vendor\laravel\framework\src\Illuminate\Pipeline\Pipeline.php(208): Illuminate\Http\Middleware\HandleCors->handle()
#49 D:\DO_AN_TOT_NGHIEP\doan_calamity_manager\vendor\laravel\framework\src\Illuminate\Http\Middleware\TrustProxies.php(58): Illuminate\Pipeline\Pipeline->Illuminate\Pipeline\{closure}()
#50 D:\DO_AN_TOT_NGHIEP\doan_calamity_manager\vendor\laravel\framework\src\Illuminate\Pipeline\Pipeline.php(208): Illuminate\Http\Middleware\TrustProxies->handle()
#51 D:\DO_AN_TOT_NGHIEP\doan_calamity_manager\vendor\laravel\framework\src\Illuminate\Foundation\Http\Middleware\InvokeDeferredCallbacks.php(22): Illuminate\Pipeline\Pipeline->Illuminate\Pipeline\{closure}()
#52 D:\DO_AN_TOT_NGHIEP\doan_calamity_manager\vendor\laravel\framework\src\Illuminate\Pipeline\Pipeline.php(208): Illuminate\Foundation\Http\Middleware\InvokeDeferredCallbacks->handle()
#53 D:\DO_AN_TOT_NGHIEP\doan_calamity_manager\vendor\laravel\framework\src\Illuminate\Http\Middleware\ValidatePathEncoding.php(26): Illuminate\Pipeline\Pipeline->Illuminate\Pipeline\{closure}()
#54 D:\DO_AN_TOT_NGHIEP\doan_calamity_manager\vendor\laravel\framework\src\Illuminate\Pipeline\Pipeline.php(208): Illuminate\Http\Middleware\ValidatePathEncoding->handle()
#55 D:\DO_AN_TOT_NGHIEP\doan_calamity_manager\vendor\laravel\framework\src\Illuminate\Pipeline\Pipeline.php(126): Illuminate\Pipeline\Pipeline->Illuminate\Pipeline\{closure}()
#56 D:\DO_AN_TOT_NGHIEP\doan_calamity_manager\vendor\laravel\framework\src\Illuminate\Foundation\Http\Kernel.php(175): Illuminate\Pipeline\Pipeline->then()
#57 D:\DO_AN_TOT_NGHIEP\doan_calamity_manager\vendor\laravel\framework\src\Illuminate\Foundation\Http\Kernel.php(144): Illuminate\Foundation\Http\Kernel->sendRequestThroughRouter()
#58 D:\DO_AN_TOT_NGHIEP\doan_calamity_manager\vendor\laravel\framework\src\Illuminate\Foundation\Testing\Concerns\MakesHttpRequests.php(607): Illuminate\Foundation\Http\Kernel->handle()
#59 D:\DO_AN_TOT_NGHIEP\doan_calamity_manager\vendor\laravel\framework\src\Illuminate\Foundation\Testing\Concerns\MakesHttpRequests.php(368): Illuminate\Foundation\Testing\TestCase->call()
#60 D:\DO_AN_TOT_NGHIEP\doan_calamity_manager\tests\Feature\ExampleTest.php(15): Illuminate\Foundation\Testing\TestCase->get()
#61 D:\DO_AN_TOT_NGHIEP\doan_calamity_manager\vendor\phpunit\phpunit\src\Framework\TestCase.php(1656): Tests\Feature\ExampleTest->test_the_application_returns_a_successful_response()
#62 D:\DO_AN_TOT_NGHIEP\doan_calamity_manager\vendor\phpunit\phpunit\src\Framework\TestCase.php(514): PHPUnit\Framework\TestCase->runTest()
#63 D:\DO_AN_TOT_NGHIEP\doan_calamity_manager\vendor\phpunit\phpunit\src\Framework\TestRunner\TestRunner.php(87): PHPUnit\Framework\TestCase->runBare()
#64 D:\DO_AN_TOT_NGHIEP\doan_calamity_manager\vendor\phpunit\phpunit\src\Framework\TestCase.php(361): PHPUnit\Framework\TestRunner->run()
#65 D:\DO_AN_TOT_NGHIEP\doan_calamity_manager\vendor\phpunit\phpunit\src\Framework\TestSuite.php(369): PHPUnit\Framework\TestCase->run()
#66 D:\DO_AN_TOT_NGHIEP\doan_calamity_manager\vendor\phpunit\phpunit\src\Framework\TestSuite.php(369): PHPUnit\Framework\TestSuite->run()
#67 D:\DO_AN_TOT_NGHIEP\doan_calamity_manager\vendor\phpunit\phpunit\src\Framework\TestSuite.php(369): PHPUnit\Framework\TestSuite->run()
#68 D:\DO_AN_TOT_NGHIEP\doan_calamity_manager\vendor\phpunit\phpunit\src\TextUI\TestRunner.php(64): PHPUnit\Framework\TestSuite->run()
#69 D:\DO_AN_TOT_NGHIEP\doan_calamity_manager\vendor\phpunit\phpunit\src\TextUI\Application.php(210): PHPUnit\TextUI\TestRunner->run()
#70 D:\DO_AN_TOT_NGHIEP\doan_calamity_manager\vendor\phpunit\phpunit\phpunit(104): PHPUnit\TextUI\Application->run()
#71 {main}

Next Illuminate\Database\QueryException: SQLSTATE[HY000]: General error: 1 no such table: type_of_calamities (Connection: sqlite, SQL: select "type_of_calamities".*, (select count(*) from "calamities" inner join "risk_levels" on "risk_levels"."id" = "calamities"."risk_level_id" where "type_of_calamities"."id" = "risk_levels"."type_of_calamity_id") as "calamities_count", (select count(*) from "constructions" inner join "risk_levels" on "risk_levels"."id" = "constructions"."risk_level_id" where "type_of_calamities"."id" = "risk_levels"."type_of_calamity_id") as "constructions_count" from "type_of_calamities") in D:\DO_AN_TOT_NGHIEP\doan_calamity_manager\vendor\laravel\framework\src\Illuminate\Database\Connection.php:822
Stack trace:
#0 D:\DO_AN_TOT_NGHIEP\doan_calamity_manager\vendor\laravel\framework\src\Illuminate\Database\Connection.php(776): Illuminate\Database\Connection->runQueryCallback()
#1 D:\DO_AN_TOT_NGHIEP\doan_calamity_manager\vendor\laravel\framework\src\Illuminate\Database\Connection.php(395): Illuminate\Database\Connection->run()
#2 D:\DO_AN_TOT_NGHIEP\doan_calamity_manager\vendor\laravel\framework\src\Illuminate\Database\Query\Builder.php(3131): Illuminate\Database\Connection->select()
#3 D:\DO_AN_TOT_NGHIEP\doan_calamity_manager\vendor\laravel\framework\src\Illuminate\Database\Query\Builder.php(3116): Illuminate\Database\Query\Builder->runSelect()
#4 D:\DO_AN_TOT_NGHIEP\doan_calamity_manager\vendor\laravel\framework\src\Illuminate\Database\Query\Builder.php(3706): Illuminate\Database\Query\Builder->Illuminate\Database\Query\{closure}()
#5 D:\DO_AN_TOT_NGHIEP\doan_calamity_manager\vendor\laravel\framework\src\Illuminate\Database\Query\Builder.php(3115): Illuminate\Database\Query\Builder->onceWithColumns()
#6 D:\DO_AN_TOT_NGHIEP\doan_calamity_manager\vendor\laravel\framework\src\Illuminate\Database\Eloquent\Builder.php(872): Illuminate\Database\Query\Builder->get()
#7 D:\DO_AN_TOT_NGHIEP\doan_calamity_manager\vendor\laravel\framework\src\Illuminate\Database\Eloquent\Builder.php(854): Illuminate\Database\Eloquent\Builder->getModels()
#8 D:\DO_AN_TOT_NGHIEP\doan_calamity_manager\app\Http\Controllers\AdminController.php(26): Illuminate\Database\Eloquent\Builder->get()
#9 D:\DO_AN_TOT_NGHIEP\doan_calamity_manager\vendor\laravel\framework\src\Illuminate\Routing\Controller.php(54): App\Http\Controllers\AdminController->dashboard()
#10 D:\DO_AN_TOT_NGHIEP\doan_calamity_manager\vendor\laravel\framework\src\Illuminate\Routing\ControllerDispatcher.php(43): Illuminate\Routing\Controller->callAction()
#11 D:\DO_AN_TOT_NGHIEP\doan_calamity_manager\vendor\laravel\framework\src\Illuminate\Routing\Route.php(265): Illuminate\Routing\ControllerDispatcher->dispatch()
#12 D:\DO_AN_TOT_NGHIEP\doan_calamity_manager\vendor\laravel\framework\src\Illuminate\Routing\Route.php(211): Illuminate\Routing\Route->runController()
#13 D:\DO_AN_TOT_NGHIEP\doan_calamity_manager\vendor\laravel\framework\src\Illuminate\Routing\Router.php(808): Illuminate\Routing\Route->run()
#14 D:\DO_AN_TOT_NGHIEP\doan_calamity_manager\vendor\laravel\framework\src\Illuminate\Pipeline\Pipeline.php(169): Illuminate\Routing\Router->Illuminate\Routing\{closure}()
#15 D:\DO_AN_TOT_NGHIEP\doan_calamity_manager\vendor\laravel\framework\src\Illuminate\Routing\Middleware\SubstituteBindings.php(50): Illuminate\Pipeline\Pipeline->Illuminate\Pipeline\{closure}()
#16 D:\DO_AN_TOT_NGHIEP\doan_calamity_manager\vendor\laravel\framework\src\Illuminate\Pipeline\Pipeline.php(208): Illuminate\Routing\Middleware\SubstituteBindings->handle()
#17 D:\DO_AN_TOT_NGHIEP\doan_calamity_manager\vendor\laravel\framework\src\Illuminate\Foundation\Http\Middleware\VerifyCsrfToken.php(87): Illuminate\Pipeline\Pipeline->Illuminate\Pipeline\{closure}()
#18 D:\DO_AN_TOT_NGHIEP\doan_calamity_manager\vendor\laravel\framework\src\Illuminate\Pipeline\Pipeline.php(208): Illuminate\Foundation\Http\Middleware\VerifyCsrfToken->handle()
#19 D:\DO_AN_TOT_NGHIEP\doan_calamity_manager\vendor\laravel\framework\src\Illuminate\View\Middleware\ShareErrorsFromSession.php(48): Illuminate\Pipeline\Pipeline->Illuminate\Pipeline\{closure}()
#20 D:\DO_AN_TOT_NGHIEP\doan_calamity_manager\vendor\laravel\framework\src\Illuminate\Pipeline\Pipeline.php(208): Illuminate\View\Middleware\ShareErrorsFromSession->handle()
#21 D:\DO_AN_TOT_NGHIEP\doan_calamity_manager\vendor\laravel\framework\src\Illuminate\Session\Middleware\StartSession.php(120): Illuminate\Pipeline\Pipeline->Illuminate\Pipeline\{closure}()
#22 D:\DO_AN_TOT_NGHIEP\doan_calamity_manager\vendor\laravel\framework\src\Illuminate\Session\Middleware\StartSession.php(63): Illuminate\Session\Middleware\StartSession->handleStatefulRequest()
#23 D:\DO_AN_TOT_NGHIEP\doan_calamity_manager\vendor\laravel\framework\src\Illuminate\Pipeline\Pipeline.php(208): Illuminate\Session\Middleware\StartSession->handle()
#24 D:\DO_AN_TOT_NGHIEP\doan_calamity_manager\vendor\laravel\framework\src\Illuminate\Cookie\Middleware\AddQueuedCookiesToResponse.php(36): Illuminate\Pipeline\Pipeline->Illuminate\Pipeline\{closure}()
#25 D:\DO_AN_TOT_NGHIEP\doan_calamity_manager\vendor\laravel\framework\src\Illuminate\Pipeline\Pipeline.php(208): Illuminate\Cookie\Middleware\AddQueuedCookiesToResponse->handle()
#26 D:\DO_AN_TOT_NGHIEP\doan_calamity_manager\vendor\laravel\framework\src\Illuminate\Cookie\Middleware\EncryptCookies.php(74): Illuminate\Pipeline\Pipeline->Illuminate\Pipeline\{closure}()
#27 D:\DO_AN_TOT_NGHIEP\doan_calamity_manager\vendor\laravel\framework\src\Illuminate\Pipeline\Pipeline.php(208): Illuminate\Cookie\Middleware\EncryptCookies->handle()
#28 D:\DO_AN_TOT_NGHIEP\doan_calamity_manager\vendor\laravel\framework\src\Illuminate\Pipeline\Pipeline.php(126): Illuminate\Pipeline\Pipeline->Illuminate\Pipeline\{closure}()
#29 D:\DO_AN_TOT_NGHIEP\doan_calamity_manager\vendor\laravel\framework\src\Illuminate\Routing\Router.php(807): Illuminate\Pipeline\Pipeline->then()
#30 D:\DO_AN_TOT_NGHIEP\doan_calamity_manager\vendor\laravel\framework\src\Illuminate\Routing\Router.php(786): Illuminate\Routing\Router->runRouteWithinStack()
#31 D:\DO_AN_TOT_NGHIEP\doan_calamity_manager\vendor\laravel\framework\src\Illuminate\Routing\Router.php(750): Illuminate\Routing\Router->runRoute()
#32 D:\DO_AN_TOT_NGHIEP\doan_calamity_manager\vendor\laravel\framework\src\Illuminate\Routing\Router.php(739): Illuminate\Routing\Router->dispatchToRoute()
#33 D:\DO_AN_TOT_NGHIEP\doan_calamity_manager\vendor\laravel\framework\src\Illuminate\Foundation\Http\Kernel.php(200): Illuminate\Routing\Router->dispatch()
#34 D:\DO_AN_TOT_NGHIEP\doan_calamity_manager\vendor\laravel\framework\src\Illuminate\Pipeline\Pipeline.php(169): Illuminate\Foundation\Http\Kernel->Illuminate\Foundation\Http\{closure}()
#35 D:\DO_AN_TOT_NGHIEP\doan_calamity_manager\vendor\laravel\framework\src\Illuminate\Foundation\Http\Middleware\TransformsRequest.php(21): Illuminate\Pipeline\Pipeline->Illuminate\Pipeline\{closure}()
#36 D:\DO_AN_TOT_NGHIEP\doan_calamity_manager\vendor\laravel\framework\src\Illuminate\Foundation\Http\Middleware\ConvertEmptyStringsToNull.php(31): Illuminate\Foundation\Http\Middleware\TransformsRequest->handle()
#37 D:\DO_AN_TOT_NGHIEP\doan_calamity_manager\vendor\laravel\framework\src\Illuminate\Pipeline\Pipeline.php(208): Illuminate\Foundation\Http\Middleware\ConvertEmptyStringsToNull->handle()
#38 D:\DO_AN_TOT_NGHIEP\doan_calamity_manager\vendor\laravel\framework\src\Illuminate\Foundation\Http\Middleware\TransformsRequest.php(21): Illuminate\Pipeline\Pipeline->Illuminate\Pipeline\{closure}()
#39 D:\DO_AN_TOT_NGHIEP\doan_calamity_manager\vendor\laravel\framework\src\Illuminate\Foundation\Http\Middleware\TrimStrings.php(51): Illuminate\Foundation\Http\Middleware\TransformsRequest->handle()
#40 D:\DO_AN_TOT_NGHIEP\doan_calamity_manager\vendor\laravel\framework\src\Illuminate\Pipeline\Pipeline.php(208): Illuminate\Foundation\Http\Middleware\TrimStrings->handle()
#41 D:\DO_AN_TOT_NGHIEP\doan_calamity_manager\vendor\laravel\framework\src\Illuminate\Http\Middleware\ValidatePostSize.php(27): Illuminate\Pipeline\Pipeline->Illuminate\Pipeline\{closure}()
#42 D:\DO_AN_TOT_NGHIEP\doan_calamity_manager\vendor\laravel\framework\src\Illuminate\Pipeline\Pipeline.php(208): Illuminate\Http\Middleware\ValidatePostSize->handle()
#43 D:\DO_AN_TOT_NGHIEP\doan_calamity_manager\vendor\laravel\framework\src\Illuminate\Foundation\Http\Middleware\PreventRequestsDuringMaintenance.php(109): Illuminate\Pipeline\Pipeline->Illuminate\Pipeline\{closure}()
#44 D:\DO_AN_TOT_NGHIEP\doan_calamity_manager\vendor\laravel\framework\src\Illuminate\Pipeline\Pipeline.php(208): Illuminate\Foundation\Http\Middleware\PreventRequestsDuringMaintenance->handle()
#45 D:\DO_AN_TOT_NGHIEP\doan_calamity_manager\vendor\laravel\framework\src\Illuminate\Http\Middleware\HandleCors.php(48): Illuminate\Pipeline\Pipeline->Illuminate\Pipeline\{closure}()
#46 D:\DO_AN_TOT_NGHIEP\doan_calamity_manager\vendor\laravel\framework\src\Illuminate\Pipeline\Pipeline.php(208): Illuminate\Http\Middleware\HandleCors->handle()
#47 D:\DO_AN_TOT_NGHIEP\doan_calamity_manager\vendor\laravel\framework\src\Illuminate\Http\Middleware\TrustProxies.php(58): Illuminate\Pipeline\Pipeline->Illuminate\Pipeline\{closure}()
#48 D:\DO_AN_TOT_NGHIEP\doan_calamity_manager\vendor\laravel\framework\src\Illuminate\Pipeline\Pipeline.php(208): Illuminate\Http\Middleware\TrustProxies->handle()
#49 D:\DO_AN_TOT_NGHIEP\doan_calamity_manager\vendor\laravel\framework\src\Illuminate\Foundation\Http\Middleware\InvokeDeferredCallbacks.php(22): Illuminate\Pipeline\Pipeline->Illuminate\Pipeline\{closure}()
#50 D:\DO_AN_TOT_NGHIEP\doan_calamity_manager\vendor\laravel\framework\src\Illuminate\Pipeline\Pipeline.php(208): Illuminate\Foundation\Http\Middleware\InvokeDeferredCallbacks->handle()
#51 D:\DO_AN_TOT_NGHIEP\doan_calamity_manager\vendor\laravel\framework\src\Illuminate\Http\Middleware\ValidatePathEncoding.php(26): Illuminate\Pipeline\Pipeline->Illuminate\Pipeline\{closure}()
#52 D:\DO_AN_TOT_NGHIEP\doan_calamity_manager\vendor\laravel\framework\src\Illuminate\Pipeline\Pipeline.php(208): Illuminate\Http\Middleware\ValidatePathEncoding->handle()
#53 D:\DO_AN_TOT_NGHIEP\doan_calamity_manager\vendor\laravel\framework\src\Illuminate\Pipeline\Pipeline.php(126): Illuminate\Pipeline\Pipeline->Illuminate\Pipeline\{closure}()
#54 D:\DO_AN_TOT_NGHIEP\doan_calamity_manager\vendor\laravel\framework\src\Illuminate\Foundation\Http\Kernel.php(175): Illuminate\Pipeline\Pipeline->then()
#55 D:\DO_AN_TOT_NGHIEP\doan_calamity_manager\vendor\laravel\framework\src\Illuminate\Foundation\Http\Kernel.php(144): Illuminate\Foundation\Http\Kernel->sendRequestThroughRouter()
#56 D:\DO_AN_TOT_NGHIEP\doan_calamity_manager\vendor\laravel\framework\src\Illuminate\Foundation\Testing\Concerns\MakesHttpRequests.php(607): Illuminate\Foundation\Http\Kernel->handle()
#57 D:\DO_AN_TOT_NGHIEP\doan_calamity_manager\vendor\laravel\framework\src\Illuminate\Foundation\Testing\Concerns\MakesHttpRequests.php(368): Illuminate\Foundation\Testing\TestCase->call()
#58 D:\DO_AN_TOT_NGHIEP\doan_calamity_manager\tests\Feature\ExampleTest.php(15): Illuminate\Foundation\Testing\TestCase->get()
#59 D:\DO_AN_TOT_NGHIEP\doan_calamity_manager\vendor\phpunit\phpunit\src\Framework\TestCase.php(1656): Tests\Feature\ExampleTest->test_the_application_returns_a_successful_response()
#60 D:\DO_AN_TOT_NGHIEP\doan_calamity_manager\vendor\phpunit\phpunit\src\Framework\TestCase.php(514): PHPUnit\Framework\TestCase->runTest()
#61 D:\DO_AN_TOT_NGHIEP\doan_calamity_manager\vendor\phpunit\phpunit\src\Framework\TestRunner\TestRunner.php(87): PHPUnit\Framework\TestCase->runBare()
#62 D:\DO_AN_TOT_NGHIEP\doan_calamity_manager\vendor\phpunit\phpunit\src\Framework\TestCase.php(361): PHPUnit\Framework\TestRunner->run()
#63 D:\DO_AN_TOT_NGHIEP\doan_calamity_manager\vendor\phpunit\phpunit\src\Framework\TestSuite.php(369): PHPUnit\Framework\TestCase->run()
#64 D:\DO_AN_TOT_NGHIEP\doan_calamity_manager\vendor\phpunit\phpunit\src\Framework\TestSuite.php(369): PHPUnit\Framework\TestSuite->run()
#65 D:\DO_AN_TOT_NGHIEP\doan_calamity_manager\vendor\phpunit\phpunit\src\Framework\TestSuite.php(369): PHPUnit\Framework\TestSuite->run()
#66 D:\DO_AN_TOT_NGHIEP\doan_calamity_manager\vendor\phpunit\phpunit\src\TextUI\TestRunner.php(64): PHPUnit\Framework\TestSuite->run()
#67 D:\DO_AN_TOT_NGHIEP\doan_calamity_manager\vendor\phpunit\phpunit\src\TextUI\Application.php(210): PHPUnit\TextUI\TestRunner->run()
#68 D:\DO_AN_TOT_NGHIEP\doan_calamity_manager\vendor\phpunit\phpunit\phpunit(104): PHPUnit\TextUI\Application->run()
#69 {main}

----------------------------------------------------------------------------------

SQLSTATE[HY000]: General error: 1 no such table: type_of_calamities (Connection: sqlite, SQL: select "type_of_calamities".*, (select count(*) from "calamities" inner join "risk_levels" on "risk_levels"."id" = "calamities"."risk_level_id" where "type_of_calamities"."id" = "risk_levels"."type_of_calamity_id") as "calamities_count", (select count(*) from "constructions" inner join "risk_levels" on "risk_levels"."id" = "constructions"."risk_level_id" where "type_of_calamities"."id" = "risk_levels"."type_of_calamity_id") as "constructions_count" from "type_of_calamities")

  at tests\Feature\ExampleTest.php:17
     13▕     public function test_the_application_returns_a_successful_response(): void
     14▕     {
     15▕         $response = $this->get('/');
     16▕ 
  ➜  17▕         $response->assertStatus(200);
     18▕     }
     19▕ }
     20▕

  ─────────────────────────────────────────────────────────────────────────────────────────────────────  
   FAILED  Tests\Feature\IncidentReportTest > authenticated user…   UniqueConstraintViolationException   
  SQLSTATE[23000]: Integrity constraint violation: 19 UNIQUE constraint failed: type_of_calamities.slug (Connection: sqlite, SQL: insert into "type_of_calamities" ("name", "slug", "description", "updated_at", "created_at") values (Ngập lụt, ngap-lut, Eum maxime dolores fuga ut dolorem ut., 2025-07-13 09:50:00, 2025-07-13 09:50:00))

  at vendor\laravel\framework\src\Illuminate\Database\Connection.php:817
    813▕         // message to include the bindings with SQL, which will make this exception a
    814▕         // lot more helpful to the developer instead of just the database's errors.
    815▕         catch (Exception $e) {
    816▕             if ($this->isUniqueConstraintError($e)) {
  ➜ 817▕                 throw new UniqueConstraintViolationException(
    818▕                     $this->getName(), $query, $this->prepareBindings($bindings), $e
    819▕                 );
    820▕             }
    821▕

  1   vendor\laravel\framework\src\Illuminate\Database\Connection.php:817

  2   vendor\laravel\framework\src\Illuminate\Database\Connection.php:568
      NunoMaduro\Collision\Exceptions\TestException::("SQLSTATE[23000]: Integrity constraint violation: 19 UNIQUE constraint failed: type_of_calamities.slug")

  ─────────────────────────────────────────────────────────────────────────────────────────────────────  
   FAILED  Tests\Feature\IncidentReportTest > can get sub type of calamities                             
  Unable to find JSON fragment: 

[{"id":1}]

within

[[]].
Failed asserting that false is true.

  at tests\Feature\IncidentReportTest.php:105
    101▕         ]);
    102▕ 
    103▕         $response = $this->get("/get-sub-type-of-calamities?type_of_calamity_id={$typeOfCalamity->id}");
    104▕         $response->assertStatus(200);
  ➜ 105▕         $response->assertJsonFragment(['id' => $subTypeOfCalamity->id]);
    106▕     }
    107▕ 
    108▕     public function test_can_get_communes_by_district(): void
    109▕     {

  ─────────────────────────────────────────────────────────────────────────────────────────────────────  
   FAILED  Tests\Feature\IncidentReportTest > incident report list displays data                         
  Expected: <!DOCTYPE html>\n
<html class="opacity-0" lang="vi">\n
\n
<head>\n
    <meta charset="utf-8">\n
    <meta name="csrf-token" content="tR7agWSvrtwvrmGE8YsSIYpa1IZrkCXTwMmiqMGe">\n
    <meta name="viewport" content="width=device-width, initial-scale=1">\n
    <meta name="author" content="LEFT4CODE">\n
    \n
    \n
    <script type="module" src="http://[::1]:5173/@vite/client"></script><script type="module" src="http://[::1]:5173/resources/js/vendors/dom.js"></script>    \n
    \n
    <script type="module" src="http://[::1]:5173/@vite/client"></script><script type="module" src="http://[::1]:5173/resources/js/components/base/theme-color.js"></script>    <script type="module" src="http://[::1]:5173/@vite/client"></script><link rel="stylesheet" href="http://[::1]:5173/resources/css/app.css" /><script type="module" src="http://[::1]:5173/resources/js/app.js"></script>\n
    <script>\r\n
\r\n
    document.addEventListener("DOMContentLoaded", function() {\r\n
        const calamitySelect = document.getElementById("type_of_calamity_id"); \r\n
        const subTypeOfCalamitySelect = document.querySelector("#sub-type-of-calamity-select"); \r\n
        \r\n
        if (calamitySelect && subTypeOfCalamitySelect) {\r\n
            calamitySelect.addEventListener("change", function() {\r\n
                const calamityId = calamitySelect.value;\r\n
                \r\n
               \r\n
                subTypeOfCalamitySelect.innerHTML = `<option value="">--Chọn thiên tai phụ--</option>`;\r\n
                \r\n
                if (!calamityId || calamityId === '--Chọn thiên tai--') {\r\n
                    return;\r\n
                }\r\n
                \r\n
                const subTypeUrl = `http://localhost/get-sub-type-of-calamities?calamity_id=${calamityId}`;\r\n
                \r\n
                fetch(subTypeUrl)\r\n
                .then(res => res.json())\r\n
                .then(data => {\r\n
                    subTypeOfCalamitySelect.innerHTML = `<option value="">--Chọn thiên tai phụ--</option>`;\r\n
                    data.forEach(item => {\r\n
                        const option = document.createElement("option");\r\n
                        option.value = item.id;\r\n
                        option.textContent = item.name;\r\n
                        subTypeOfCalamitySelect.appendChild(option);\r\n
                    });\r\n
                })\r\n
                .catch(error => {\r\n
                    console.error("Lỗi khi tải loại hình thiên tai:", error);\r\n
                });\r\n
            });\r\n
        }\r\n
    });\r\n
\r\n
    let map1, marker;\r\n
\r\n
    function initMap() {\r\n
        map1 = new google.maps.Map(document.getElementById('map1'), {\r\n
            center: { lat: 9.176, lng: 105.15 },\r\n
            zoom: 10\r\n
        });\r\n
\r\n
        marker = new google.maps.Marker({\r\n
            position: { lat: 9.176, lng: 105.15 },\r\n
            map: map1,\r\n
            draggable: true\r\n
        });\r\n
\r\n
        marker.addListener("dragend", function(event) {\r\n
            const coordinatesElement = document.getElementById("coordinates");\r\n
            if (coordinatesElement) {\r\n
                coordinatesElement.value = event.latLng.lat().toFixed(6) + ", " + event.latLng.lng().toFixed(6);\r\n
            }\r\n
        });\r\n
\r\n
        map1.addListener("click", function(event) {\r\n
            let lat = event.latLng.lat().toFixed(6);\r\n
            let lng = event.latLng.lng().toFixed(6);\r\n
\r\n
            const coordinatesElement = document.getElementById("coordinates");\r\n
            if (coordinatesElement) {\r\n
                coordinatesElement.value = lat + ", " + lng;\r\n
            }\r\n
            marker.setPosition(event.latLng);\r\n
        });\r\n
\r\n
        const getCurrentLocationBtn = document.getElementById("get-current-location");\r\n
        if (getCurrentLocationBtn) {\r\n
            getCurrentLocationBtn.addEventListener("click", function () {\r\n
                if (navigator.geolocation) {\r\n
                    navigator.geolocation.getCurrentPosition(\r\n
                        function (position) {\r\n
                            const lat = position.coords.latitude;\r\n
                            const lng = position.coords.longitude;\r\n
\r\n
                            const currentLocation = { lat: lat, lng: lng };\r\n
                            map1.setCenter(currentLocation);\r\n
                            map1.setZoom(15);\r\n
                            marker.setPosition(currentLocation);\r\n
\r\n
                            const coordinatesElement = document.getElementById("coordinates");\r\n
                            if (coordinatesElement) {\r\n
                                coordinatesElement.value = lat.toFixed(6) + ", " + lng.toFixed(6);\r\n
                            }\r\n
                        },\r\n
                        function (error) {\r\n
                            switch (error.code) {\r\n
                                case error.PERMISSION_DENIED:\r\n
                                    alert("Bạn đã từ chối chia sẻ vị trí.");\r\n
                                    break;\r\n
                                case error.POSITION_UNAVAILABLE:\r\n
                                    alert("Không thể xác định vị trí.");\r\n
                                    break;\r\n
                                case error.TIMEOUT:\r\n
                                    alert("Yêu cầu vị trí quá thời gian.");\r\n
                                    break;\r\n
                                default:\r\n
                                    alert("Lỗi không xác định.");\r\n
                                    break;\r\n
                            }\r\n
                        }\r\n
                    );\r\n
                } else {\r\n
                    alert("Trình duyệt không hỗ trợ lấy vị trí.");\r\n
                }\r\n
            });\r\n
        }\r\n
    }\r\n
\r\n
    function updateMapFromInput() {\r\n
        const coordinatesElement = document.getElementById("coordinates");\r\n
        if (!coordinatesElement) return;\r\n
        \r\n
        let inputVal = coordinatesElement.value.trim();\r\n
        let coords = inputVal.split(",");\r\n
\r\n
        if (coords.length === 2) {\r\n
            let lat = parseFloat(coords[0]);\r\n
            let lng = parseFloat(coords[1]);\r\n
\r\n
            if (!isNaN(lat) && !isNaN(lng) && lat >= -90 && lat <= 90 && lng >= -180 && lng <= 180) {\r\n
                let newLocation = { lat: lat, lng: lng };\r\n
                map1.setCenter(newLocation);\r\n
                map1.setZoom(15);\r\n
                marker.setPosition(newLocation);\r\n
            }\r\n
        }\r\n
    }\r\n
    function openVideoModal(videoUrl) {\r\n
        document.getElementById('videoSource').src = videoUrl;\r\n
        document.getElementById('videoPlayer').load();\r\n
        document.getElementById('videoModal').classList.remove('hidden');\r\n
    }\r\n
    document.addEventListener("DOMContentLoaded", function() {\r\n
        const videoModal = document.getElementById("videoModal");\r\n
        const videoPlayer = document.getElementById("videoPlayer");\r\n
       \r\n
        videoModal.addEventListener("click", function(event) {\r\n
            if (event.target === videoModal) {\r\n
                videoModal.classList.add("hidden");\r\n
                videoPlayer.pause();\r\n
            }\r\n
        });\r\n
    });\r\n
    function openImageModal(src) {\r\n
        const modal = document.getElementById('imageModal');\r\n
        const img = document.getElementById('imagePreview');\r\n
        img.src = src;\r\n
        modal.classList.remove('hidden');\r\n
    }\r\n
\r\n
    function closeImageModal() {\r\n
        const modal = document.getElementById('imageModal');\r\n
        modal.classList.add('hidden');\r\n
        document.getElementById('imagePreview').src = ''; \r\n
    }\r\n
   \r\n
</script>\r\n
<script async\r\n
        src="https://maps.googleapis.com/maps/api/js?key=AIzaSyDMhd9dHKpWfJ57Ndv2alnxEcSvP_-_uN8&libraries=places&callback=initMap">\r\n
    </script>\r\n
\r\n
</head>\n
\n
<body style="background-color: #1E3A8A;">\n
\n
    <div class=" px-5 sm:px-8 py-5 ">\n
        <div class="mobile-menu hidden lg:hidden fixed inset-0 bg-slate-900 text-white z-50 overflow-y-auto" style="background-color: #1E3A8A;">\n
    \n
    <div class="flex h-[70px] items-center px-4 sm:px-8 justify-between border-b border-slate-700 lg:hidden">\n
        <a href="http://localhost" class="flex items-center gap-2">\n
            <span class="font-semibold text-lg">Quản lý thiên tai</span>\n
        </a>\n
        <span role="button" class="mobile-menu-close cursor-pointer"\n
      onclick="document.querySelector('.mobile-menu')?.classList.add('hidden')">\n
    <svg class="lucide w-5 h-5 mr-2" xmlns="http://www.w3.org/2000/svg" fill="none" stroke="currentColor" stroke-width="2" stroke-linecap="round" stroke-linejoin="round" viewBox="0 0 24 24"><circle cx="12" cy="12" r="10"/><path d="M15 9l-6 6m0-6l6 6"/></svg>\n
    </span>\n
\n
    </div>\n
\n
    <ul class="py-4 px-4 space-y-2">\n
                                                        <li>\n
                        <a class="flex items-center justify-between px-4 py-3 hover:bg-slate-700 rounded transition "\n
                           href="http://localhost">\n
                            <div class="flex items-center gap-2">\n
                                <svg class="lucide w-5 h-5 mr-2" xmlns="http://www.w3.org/2000/svg" fill="none" stroke="currentColor" stroke-width="2" stroke-linecap="round" stroke-linejoin="round" viewBox="0 0 24 24"><path d="M12 22a10 10 0 1 0-10-10a10.011 10.011 0 0 0 10 10z"/><path d="M12.5 7h-1a1.5 1.5 0 0 0-1.5 1.5v6A1.5 1.5 0 0 0 11.5 16h1a1.5 1.5 0 0 0 .5-2.9V9.9A1.5 1.5 0 0 0 12.5 7z"/><circle cx="12" cy="19" r=".5"/></svg>\n
                                <span>Tổng Quan</span>\n
                            </div>\n
                                                    </a>\n
\n
                                            </li>\n
                                                                <li>\n
                        <a class="flex items-center justify-between px-4 py-3 hover:bg-slate-700 rounded transition toggle-submenu"\n
                           href="javascript:;">\n
                            <div class="flex items-center gap-2">\n
                                <svg class="lucide w-5 h-5 mr-2" xmlns="http://www.w3.org/2000/svg" fill="none" stroke="currentColor" stroke-width="2" stroke-linecap="round" stroke-linejoin="round" viewBox="0 0 24 24"><path d="M3 9l9-7l9 7v11a2 2 0 0 1-2 2H5a2 2 0 0 1-2-2V9z"/><polyline points="9 22 9 12 15 12 15 22"/></svg>\n
                                <span>Địa Điểm</span>\n
                            </div>\n
                                                            <svg class="lucide w-5 h-5 mr-2" xmlns="http://www.w3.org/2000/svg" fill="none" stroke="currentColor" stroke-width="2" stroke-linecap="round" stroke-linejoin="round" viewBox="0 0 24 24"><path d="M6 9l6 6l6-6"/></svg>\n
                                                    </a>\n
\n
                                                    <ul class="submenu ml-4 mt-1 hidden space-y-1">\n
                                                                    <li>\n
                                        <a class="flex items-center justify-between px-4 py-2 text-sm hover:bg-slate-700 rounded transition "\n
                                           href="http://localhost/list-city">\n
                                            <div class="flex items-center gap-2">\n
                                                <svg class="lucide w-5 h-5 mr-2" xmlns="http://www.w3.org/2000/svg" fill="none" stroke="currentColor" stroke-width="2" stroke-linecap="round" stroke-linejoin="round" viewBox="0 0 24 24"><path d="M12 22a10 10 0 1 0-10-10a10.011 10.011 0 0 0 10 10z"/><path d="M12.5 7h-1a1.5 1.5 0 0 0-1.5 1.5v6A1.5 1.5 0 0 0 11.5 16h1a1.5 1.5 0 0 0 .5-2.9V9.9A1.5 1.5 0 0 0 12.5 7z"/><circle cx="12" cy="19" r=".5"/></svg>\n
                                                <span>Tỉnh-Thành</span>\n
                                            </div>\n
                                                                                    </a>\n
\n
                                                                            </li>\n
                                                                    <li>\n
                                        <a class="flex items-center justify-between px-4 py-2 text-sm hover:bg-slate-700 rounded transition "\n
                                           href="http://localhost/list-district">\n
                                            <div class="flex items-center gap-2">\n
                                                <svg class="lucide w-5 h-5 mr-2" xmlns="http://www.w3.org/2000/svg" fill="none" stroke="currentColor" stroke-width="2" stroke-linecap="round" stroke-linejoin="round" viewBox="0 0 24 24"><path d="M12 22a10 10 0 1 0-10-10a10.011 10.011 0 0 0 10 10z"/><path d="M12.5 7h-1a1.5 1.5 0 0 0-1.5 1.5v6A1.5 1.5 0 0 0 11.5 16h1a1.5 1.5 0 0 0 .5-2.9V9.9A1.5 1.5 0 0 0 12.5 7z"/><circle cx="12" cy="19" r=".5"/></svg>\n
                                                <span>Quận-Huyện</span>\n
                                            </div>\n
                                                                                    </a>\n
\n
                                                                            </li>\n
                                                                    <li>\n
                                        <a class="flex items-center justify-between px-4 py-2 text-sm hover:bg-slate-700 rounded transition "\n
                                           href="http://localhost/list-commune">\n
                                            <div class="flex items-center gap-2">\n
                                                <svg class="lucide w-5 h-5 mr-2" xmlns="http://www.w3.org/2000/svg" fill="none" stroke="currentColor" stroke-width="2" stroke-linecap="round" stroke-linejoin="round" viewBox="0 0 24 24"><path d="M12 22a10 10 0 1 0-10-10a10.011 10.011 0 0 0 10 10z"/><path d="M12.5 7h-1a1.5 1.5 0 0 0-1.5 1.5v6A1.5 1.5 0 0 0 11.5 16h1a1.5 1.5 0 0 0 .5-2.9V9.9A1.5 1.5 0 0 0 12.5 7z"/><circle cx="12" cy="19" r=".5"/></svg>\n
                                                <span>Phường-Xã</span>\n
                                            </div>\n
                                                                                    </a>\n
\n
                                                                            </li>\n
                                                            </ul>\n
                                            </li>\n
                                                                <li>\n
                        <a class="flex items-center justify-between px-4 py-3 hover:bg-slate-700 rounded transition toggle-submenu"\n
                           href="javascript:;">\n
                            <div class="flex items-center gap-2">\n
                                <svg class="lucide w-5 h-5 mr-2" xmlns="http://www.w3.org/2000/svg" fill="none" stroke="currentColor" stroke-width="2" stroke-linecap="round" stroke-linejoin="round" viewBox="0 0 24 24"><path d="M16 21v-2a4 4 0 0 0-8 0v2"/><circle cx="12" cy="7" r="4"/><path d="M20.88 18.5A3.5 3.5 0 0 1 17.5 22H6.5a3.5 3.5 0 0 1-3.38-2.5"/></svg>\n
                                <span>Loại Thiên Tai</span>\n
                            </div>\n
                                                            <svg class="lucide w-5 h-5 mr-2" xmlns="http://www.w3.org/2000/svg" fill="none" stroke="currentColor" stroke-width="2" stroke-linecap="round" stroke-linejoin="round" viewBox="0 0 24 24"><path d="M6 9l6 6l6-6"/></svg>\n
                                                    </a>\n
\n
                                                    <ul class="submenu ml-4 mt-1 hidden space-y-1">\n
                                                                    <li>\n
                                        <a class="flex items-center justify-between px-4 py-2 text-sm hover:bg-slate-700 rounded transition "\n
                                           href="http://localhost/list-type-of-calamity">\n
                                            <div class="flex items-center gap-2">\n
                                                <svg class="lucide w-5 h-5 mr-2" xmlns="http://www.w3.org/2000/svg" fill="none" stroke="currentColor" stroke-width="2" stroke-linecap="round" stroke-linejoin="round" viewBox="0 0 24 24"><path d="M12 22a10 10 0 1 0-10-10a10.011 10.011 0 0 0 10 10z"/><path d="M12.5 7h-1a1.5 1.5 0 0 0-1.5 1.5v6A1.5 1.5 0 0 0 11.5 16h1a1.5 1.5 0 0 0 .5-2.9V9.9A1.5 1.5 0 0 0 12.5 7z"/><circle cx="12" cy="19" r=".5"/></svg>\n
                                                <span>Loại Thiên Tai</span>\n
                                            </div>\n
                                                                                    </a>\n
\n
                                                                            </li>\n
                                                                    <li>\n
                                        <a class="flex items-center justify-between px-4 py-2 text-sm hover:bg-slate-700 rounded transition "\n
                                           href="http://localhost/list-sub-type-of-calamity">\n
                                            <div class="flex items-center gap-2">\n
                                                <svg class="lucide w-5 h-5 mr-2" xmlns="http://www.w3.org/2000/svg" fill="none" stroke="currentColor" stroke-width="2" stroke-linecap="round" stroke-linejoin="round" viewBox="0 0 24 24"><path d="M12 22a10 10 0 1 0-10-10a10.011 10.011 0 0 0 10 10z"/><path d="M12.5 7h-1a1.5 1.5 0 0 0-1.5 1.5v6A1.5 1.5 0 0 0 11.5 16h1a1.5 1.5 0 0 0 .5-2.9V9.9A1.5 1.5 0 0 0 12.5 7z"/><circle cx="12" cy="19" r=".5"/></svg>\n
                                                <span>Loại Thiên Tai Phụ</span>\n
                                            </div>\n
                                                                                    </a>\n
\n
                                                                            </li>\n
                                                                    <li>\n
                                        <a class="flex items-center justify-between px-4 py-2 text-sm hover:bg-slate-700 rounded transition "\n
                                           href="http://localhost/list-risk-level">\n
                                            <div class="flex items-center gap-2">\n
                                                <svg class="lucide w-5 h-5 mr-2" xmlns="http://www.w3.org/2000/svg" fill="none" stroke="currentColor" stroke-width="2" stroke-linecap="round" stroke-linejoin="round" viewBox="0 0 24 24"><path d="M12 22a10 10 0 1 0-10-10a10.011 10.011 0 0 0 10 10z"/><path d="M12.5 7h-1a1.5 1.5 0 0 0-1.5 1.5v6A1.5 1.5 0 0 0 11.5 16h1a1.5 1.5 0 0 0 .5-2.9V9.9A1.5 1.5 0 0 0 12.5 7z"/><circle cx="12" cy="19" r=".5"/></svg>\n
                                                <span>Cấp Độ Thiên Tai</span>\n
                                            </div>\n
                                                                                    </a>\n
\n
                                                                            </li>\n
                                                                    <li>\n
                                        <a class="flex items-center justify-between px-4 py-2 text-sm hover:bg-slate-700 rounded transition "\n
                                           href="http://localhost/list-type-of-construction">\n
                                            <div class="flex items-center gap-2">\n
                                                <svg class="lucide w-5 h-5 mr-2" xmlns="http://www.w3.org/2000/svg" fill="none" stroke="currentColor" stroke-width="2" stroke-linecap="round" stroke-linejoin="round" viewBox="0 0 24 24"><path d="M12 22a10 10 0 1 0-10-10a10.011 10.011 0 0 0 10 10z"/><path d="M12.5 7h-1a1.5 1.5 0 0 0-1.5 1.5v6A1.5 1.5 0 0 0 11.5 16h1a1.5 1.5 0 0 0 .5-2.9V9.9A1.5 1.5 0 0 0 12.5 7z"/><circle cx="12" cy="19" r=".5"/></svg>\n
                                                <span>Loại Công Trình</span>\n
                                            </div>\n
                                                                                    </a>\n
\n
                                                                            </li>\n
                                                                    <li>\n
                                        <a class="flex items-center justify-between px-4 py-2 text-sm hover:bg-slate-700 rounded transition "\n
                                           href="http://localhost/list-scenarios">\n
                                            <div class="flex items-center gap-2">\n
                                                <svg class="lucide w-5 h-5 mr-2" xmlns="http://www.w3.org/2000/svg" fill="none" stroke="currentColor" stroke-width="2" stroke-linecap="round" stroke-linejoin="round" viewBox="0 0 24 24"><path d="M12 22a10 10 0 1 0-10-10a10.011 10.011 0 0 0 10 10z"/><path d="M12.5 7h-1a1.5 1.5 0 0 0-1.5 1.5v6A1.5 1.5 0 0 0 11.5 16h1a1.5 1.5 0 0 0 .5-2.9V9.9A1.5 1.5 0 0 0 12.5 7z"/><circle cx="12" cy="19" r=".5"/></svg>\n
                                                <span>Phương Án Ứng Phó</span>\n
                                            </div>\n
                                                                                    </a>\n
\n
                                                                            </li>\n
                                                            </ul>\n
                                            </li>\n
                                                                <li>\n
                        <a class="flex items-center justify-between px-4 py-3 hover:bg-slate-700 rounded transition toggle-submenu"\n
                           href="javascript:;">\n
                            <div class="flex items-center gap-2">\n
                                <svg class="lucide w-5 h-5 mr-2" xmlns="http://www.w3.org/2000/svg" fill="none" stroke="currentColor" stroke-width="2" stroke-linecap="round" stroke-linejoin="round" viewBox="0 0 24 24"><path d="M16 21v-2a4 4 0 0 0-8 0v2"/><circle cx="12" cy="7" r="4"/><path d="M20.88 18.5A3.5 3.5 0 0 1 17.5 22H6.5a3.5 3.5 0 0 1-3.38-2.5"/></svg>\n
                                <span>Dữ Liệu Thiên Tai</span>\n
                            </div>\n
                                                            <svg class="lucide w-5 h-5 mr-2" xmlns="http://www.w3.org/2000/svg" fill="none" stroke="currentColor" stroke-width="2" stroke-linecap="round" stroke-linejoin="round" viewBox="0 0 24 24"><path d="M6 9l6 6l6-6"/></svg>\n
                                                    </a>\n
\n
                                                    <ul class="submenu ml-4 mt-1 hidden space-y-1">\n
                                                                    <li>\n
                                        <a class="flex items-center justify-between px-4 py-2 text-sm hover:bg-slate-700 rounded transition "\n
                                           href="http://localhost/calamity/list-river-bank">\n
                                            <div class="flex items-center gap-2">\n
                                                <svg class="lucide w-5 h-5 mr-2" xmlns="http://www.w3.org/2000/svg" fill="none" stroke="currentColor" stroke-width="2" stroke-linecap="round" stroke-linejoin="round" viewBox="0 0 24 24"><path d="M12 22a10 10 0 1 0-10-10a10.011 10.011 0 0 0 10 10z"/><path d="M12.5 7h-1a1.5 1.5 0 0 0-1.5 1.5v6A1.5 1.5 0 0 0 11.5 16h1a1.5 1.5 0 0 0 .5-2.9V9.9A1.5 1.5 0 0 0 12.5 7z"/><circle cx="12" cy="19" r=".5"/></svg>\n
                                                <span>Sạt Lở</span>\n
                                            </div>\n
                                                                                    </a>\n
\n
                                                                            </li>\n
                                                                    <li>\n
                                        <a class="flex items-center justify-between px-4 py-2 text-sm hover:bg-slate-700 rounded transition "\n
                                           href="http://localhost/calamity/list-flooding">\n
                                            <div class="flex items-center gap-2">\n
                                                <svg class="lucide w-5 h-5 mr-2" xmlns="http://www.w3.org/2000/svg" fill="none" stroke="currentColor" stroke-width="2" stroke-linecap="round" stroke-linejoin="round" viewBox="0 0 24 24"><path d="M12 22a10 10 0 1 0-10-10a10.011 10.011 0 0 0 10 10z"/><path d="M12.5 7h-1a1.5 1.5 0 0 0-1.5 1.5v6A1.5 1.5 0 0 0 11.5 16h1a1.5 1.5 0 0 0 .5-2.9V9.9A1.5 1.5 0 0 0 12.5 7z"/><circle cx="12" cy="19" r=".5"/></svg>\n
                                                <span>Ngập Lụt</span>\n
                                            </div>\n
                                                                                    </a>\n
\n
                                                                            </li>\n
                                                                    <li>\n
                                        <a class="flex items-center justify-between px-4 py-2 text-sm hover:bg-slate-700 rounded transition "\n
                                           href="http://localhost/calamity/list-storm">\n
                                            <div class="flex items-center gap-2">\n
                                                <svg class="lucide w-5 h-5 mr-2" xmlns="http://www.w3.org/2000/svg" fill="none" stroke="currentColor" stroke-width="2" stroke-linecap="round" stroke-linejoin="round" viewBox="0 0 24 24"><path d="M12 22a10 10 0 1 0-10-10a10.011 10.011 0 0 0 10 10z"/><path d="M12.5 7h-1a1.5 1.5 0 0 0-1.5 1.5v6A1.5 1.5 0 0 0 11.5 16h1a1.5 1.5 0 0 0 .5-2.9V9.9A1.5 1.5 0 0 0 12.5 7z"/><circle cx="12" cy="19" r=".5"/></svg>\n
                                                <span>Bão và ATNĐ</span>\n
                                            </div>\n
                                                                                    </a>\n
\n
                                                                            </li>\n
                                                            </ul>\n
                                            </li>\n
                                                                <li>\n
                        <a class="flex items-center justify-between px-4 py-3 hover:bg-slate-700 rounded transition toggle-submenu"\n
                           href="javascript:;">\n
                            <div class="flex items-center gap-2">\n
                                <svg xmlns="http://www.w3.org/2000/svg" width="24" height="24" viewBox="0 0 24 24" fill="none" stroke="currentColor" stroke-width="2" stroke-linecap="round" stroke-linejoin="round" class="lucide lucide-construction-icon lucide-construction"><rect x="2" y="6" width="20" height="8" rx="1"/><path d="M17 14v7"/><path d="M7 14v7"/><path d="M17 3v3"/><path d="M7 3v3"/><path d="M10 14 2.3 6.3"/><path d="m14 6 7.7 7.7"/><path d="m8 6 8 8"/></svg>\n
                                <span>Công Trình PCTT</span>\n
                            </div>\n
                                                            <svg class="lucide w-5 h-5 mr-2" xmlns="http://www.w3.org/2000/svg" fill="none" stroke="currentColor" stroke-width="2" stroke-linecap="round" stroke-linejoin="round" viewBox="0 0 24 24"><path d="M6 9l6 6l6-6"/></svg>\n
                                                    </a>\n
\n
                                                    <ul class="submenu ml-4 mt-1 hidden space-y-1">\n
                                                                    <li>\n
                                        <a class="flex items-center justify-between px-4 py-2 text-sm hover:bg-slate-700 rounded transition "\n
                                           href="http://localhost/construction/list-river-bank">\n
                                            <div class="flex items-center gap-2">\n
                                                <svg class="lucide w-5 h-5 mr-2" xmlns="http://www.w3.org/2000/svg" fill="none" stroke="currentColor" stroke-width="2" stroke-linecap="round" stroke-linejoin="round" viewBox="0 0 24 24"><path d="M12 22a10 10 0 1 0-10-10a10.011 10.011 0 0 0 10 10z"/><path d="M12.5 7h-1a1.5 1.5 0 0 0-1.5 1.5v6A1.5 1.5 0 0 0 11.5 16h1a1.5 1.5 0 0 0 .5-2.9V9.9A1.5 1.5 0 0 0 12.5 7z"/><circle cx="12" cy="19" r=".5"/></svg>\n
                                                <span>Sạt Lở</span>\n
                                            </div>\n
                                                                                    </a>\n
\n
                                                                            </li>\n
                                                                    <li>\n
                                        <a class="flex items-center justify-between px-4 py-2 text-sm hover:bg-slate-700 rounded transition "\n
                                           href="http://localhost/construction/list-flooding">\n
                                            <div class="flex items-center gap-2">\n
                                                <svg class="lucide w-5 h-5 mr-2" xmlns="http://www.w3.org/2000/svg" fill="none" stroke="currentColor" stroke-width="2" stroke-linecap="round" stroke-linejoin="round" viewBox="0 0 24 24"><path d="M12 22a10 10 0 1 0-10-10a10.011 10.011 0 0 0 10 10z"/><path d="M12.5 7h-1a1.5 1.5 0 0 0-1.5 1.5v6A1.5 1.5 0 0 0 11.5 16h1a1.5 1.5 0 0 0 .5-2.9V9.9A1.5 1.5 0 0 0 12.5 7z"/><circle cx="12" cy="19" r=".5"/></svg>\n
                                                <span>Ngập Lụt</span>\n
                                            </div>\n
                                                                                    </a>\n
\n
                                                                            </li>\n
                                                                    <li>\n
                                        <a class="flex items-center justify-between px-4 py-2 text-sm hover:bg-slate-700 rounded transition "\n
                                           href="http://localhost/construction/list-storm">\n
                                            <div class="flex items-center gap-2">\n
                                                <svg class="lucide w-5 h-5 mr-2" xmlns="http://www.w3.org/2000/svg" fill="none" stroke="currentColor" stroke-width="2" stroke-linecap="round" stroke-linejoin="round" viewBox="0 0 24 24"><path d="M12 22a10 10 0 1 0-10-10a10.011 10.011 0 0 0 10 10z"/><path d="M12.5 7h-1a1.5 1.5 0 0 0-1.5 1.5v6A1.5 1.5 0 0 0 11.5 16h1a1.5 1.5 0 0 0 .5-2.9V9.9A1.5 1.5 0 0 0 12.5 7z"/><circle cx="12" cy="19" r=".5"/></svg>\n
                                                <span>Bão và ATNĐ</span>\n
                                            </div>\n
                                                                                    </a>\n
\n
                                                                            </li>\n
                                                            </ul>\n
                                            </li>\n
                                                                <li>\n
                        <a class="flex items-center justify-between px-4 py-3 hover:bg-slate-700 rounded transition toggle-submenu"\n
                           href="javascript:;">\n
                            <div class="flex items-center gap-2">\n
                                <svg class="lucide w-5 h-5 mr-2" xmlns="http://www.w3.org/2000/svg" fill="none" stroke="currentColor" stroke-width="2" stroke-linecap="round" stroke-linejoin="round" viewBox="0 0 24 24"><path d="M16 21v-2a4 4 0 0 0-8 0v2"/><circle cx="12" cy="7" r="4"/><path d="M20.88 18.5A3.5 3.5 0 0 1 17.5 22H6.5a3.5 3.5 0 0 1-3.38-2.5"/></svg>\n
                                <span>Địa danh hành chính</span>\n
                            </div>\n
                                                            <svg class="lucide w-5 h-5 mr-2" xmlns="http://www.w3.org/2000/svg" fill="none" stroke="currentColor" stroke-width="2" stroke-linecap="round" stroke-linejoin="round" viewBox="0 0 24 24"><path d="M6 9l6 6l6-6"/></svg>\n
                                                    </a>\n
\n
                                                    <ul class="submenu ml-4 mt-1 hidden space-y-1">\n
                                                                    <li>\n
                                        <a class="flex items-center justify-between px-4 py-2 text-sm hover:bg-slate-700 rounded transition "\n
                                           href="http://localhost/administrative/list-school">\n
                                            <div class="flex items-center gap-2">\n
                                                <svg xmlns="http://www.w3.org/2000/svg" width="24" height="24" viewBox="0 0 24 24" fill="none" stroke="currentColor" stroke-width="2" stroke-linecap="round" stroke-linejoin="round" class="lucide lucide-school-icon lucide-school"><path d="M14 22v-4a2 2 0 1 0-4 0v4"/><path d="m18 10 3.447 1.724a1 1 0 0 1 .553.894V20a2 2 0 0 1-2 2H4a2 2 0 0 1-2-2v-7.382a1 1 0 0 1 .553-.894L6 10"/><path d="M18 5v17"/><path d="m4 6 7.106-3.553a2 2 0 0 1 1.788 0L20 6"/><path d="M6 5v17"/><circle cx="12" cy="9" r="2"/></svg>\n
                                                <span>Trường Học</span>\n
                                            </div>\n
                                                                                    </a>\n
\n
                                                                            </li>\n
                                                                    <li>\n
                                        <a class="flex items-center justify-between px-4 py-2 text-sm hover:bg-slate-700 rounded transition "\n
                                           href="http://localhost/administrative/list-medical">\n
                                            <div class="flex items-center gap-2">\n
                                                <svg xmlns="http://www.w3.org/2000/svg" width="24" height="24" viewBox="0 0 24 24" fill="none" stroke="currentColor" stroke-width="2" stroke-linecap="round" stroke-linejoin="round" class="lucide lucide-hospital-icon lucide-hospital"><path d="M12 6v4"/><path d="M14 14h-4"/><path d="M14 18h-4"/><path d="M14 8h-4"/><path d="M18 12h2a2 2 0 0 1 2 2v6a2 2 0 0 1-2 2H4a2 2 0 0 1-2-2v-9a2 2 0 0 1 2-2h2"/><path d="M18 22V4a2 2 0 0 0-2-2H8a2 2 0 0 0-2 2v18"/></svg>\n
                                                <span>Địa Điểm Y Tế</span>\n
                                            </div>\n
                                                                                    </a>\n
\n
                                                                            </li>\n
                                                                    <li>\n
                                        <a class="flex items-center justify-between px-4 py-2 text-sm hover:bg-slate-700 rounded transition "\n
                                           href="http://localhost/administrative/list-center">\n
                                            <div class="flex items-center gap-2">\n
                                                <svg xmlns="http://www.w3.org/2000/svg" width="24" height="24" viewBox="0 0 24 24" fill="none" stroke="currentColor" stroke-width="2" stroke-linecap="round" stroke-linejoin="round" class="lucide lucide-university-icon lucide-university"><path d="M14 21v-3a2 2 0 0 0-4 0v3"/><path d="M18 12h.01"/><path d="M18 16h.01"/><path d="M22 7a1 1 0 0 0-1-1h-2a2 2 0 0 1-1.143-.359L13.143 2.36a2 2 0 0 0-2.286-.001L6.143 5.64A2 2 0 0 1 5 6H3a1 1 0 0 0-1 1v12a2 2 0 0 0 2 2h16a2 2 0 0 0 2-2z"/><path d="M6 12h.01"/><path d="M6 16h.01"/><circle cx="12" cy="10" r="2"/></svg>\n
                                                <span>TTHC và Khác</span>\n
                                            </div>\n
                                                                                    </a>\n
\n
                                                                            </li>\n
                                                            </ul>\n
                                            </li>\n
                                                                <li>\n
                        <a class="flex items-center justify-between px-4 py-3 hover:bg-slate-700 rounded transition toggle-submenu"\n
                           href="javascript:;">\n
                            <div class="flex items-center gap-2">\n
                                <svg class="lucide w-5 h-5 mr-2" xmlns="http://www.w3.org/2000/svg" fill="none" stroke="currentColor" stroke-width="2" stroke-linecap="round" stroke-linejoin="round" viewBox="0 0 24 24"><path d="M16 21v-2a4 4 0 0 0-8 0v2"/><circle cx="12" cy="7" r="4"/><path d="M20.88 18.5A3.5 3.5 0 0 1 17.5 22H6.5a3.5 3.5 0 0 1-3.38-2.5"/></svg>\n
                                <span>Dữ Liệu Khác</span>\n
                            </div>\n
                                                            <svg class="lucide w-5 h-5 mr-2" xmlns="http://www.w3.org/2000/svg" fill="none" stroke="currentColor" stroke-width="2" stroke-linecap="round" stroke-linejoin="round" viewBox="0 0 24 24"><path d="M6 9l6 6l6-6"/></svg>\n
                                                    </a>\n
\n
                                                    <ul class="submenu ml-4 mt-1 hidden space-y-1">\n
                                                                    <li>\n
                                        <a class="flex items-center justify-between px-4 py-2 text-sm hover:bg-slate-700 rounded transition "\n
                                           href="http://localhost/geographical/list-erosion">\n
                                            <div class="flex items-center gap-2">\n
                                                <svg class="lucide w-5 h-5 mr-2" xmlns="http://www.w3.org/2000/svg" fill="none" stroke="currentColor" stroke-width="2" stroke-linecap="round" stroke-linejoin="round" viewBox="0 0 24 24"><path d="M12 22a10 10 0 1 0-10-10a10.011 10.011 0 0 0 10 10z"/><path d="M12.5 7h-1a1.5 1.5 0 0 0-1.5 1.5v6A1.5 1.5 0 0 0 11.5 16h1a1.5 1.5 0 0 0 .5-2.9V9.9A1.5 1.5 0 0 0 12.5 7z"/><circle cx="12" cy="19" r=".5"/></svg>\n
                                                <span>Khu vực xói, bồi</span>\n
                                            </div>\n
                                                                                    </a>\n
\n
                                                                            </li>\n
                                                                    <li>\n
                                        <a class="flex items-center justify-between px-4 py-2 text-sm hover:bg-slate-700 rounded transition "\n
                                           href="http://localhost/geographical/list-shoreline">\n
                                            <div class="flex items-center gap-2">\n
                                                <svg class="lucide w-5 h-5 mr-2" xmlns="http://www.w3.org/2000/svg" fill="none" stroke="currentColor" stroke-width="2" stroke-linecap="round" stroke-linejoin="round" viewBox="0 0 24 24"><path d="M12 22a10 10 0 1 0-10-10a10.011 10.011 0 0 0 10 10z"/><path d="M12.5 7h-1a1.5 1.5 0 0 0-1.5 1.5v6A1.5 1.5 0 0 0 11.5 16h1a1.5 1.5 0 0 0 .5-2.9V9.9A1.5 1.5 0 0 0 12.5 7z"/><circle cx="12" cy="19" r=".5"/></svg>\n
                                                <span>Lịch sử đường bờ</span>\n
                                            </div>\n
                                                                                    </a>\n
\n
                                                                            </li>\n
                                                                    <li>\n
                                        <a class="flex items-center justify-between px-4 py-2 text-sm hover:bg-slate-700 rounded transition "\n
                                           href="http://localhost/geographical/list-cross-section">\n
                                            <div class="flex items-center gap-2">\n
                                                <svg class="lucide w-5 h-5 mr-2" xmlns="http://www.w3.org/2000/svg" fill="none" stroke="currentColor" stroke-width="2" stroke-linecap="round" stroke-linejoin="round" viewBox="0 0 24 24"><path d="M12 22a10 10 0 1 0-10-10a10.011 10.011 0 0 0 10 10z"/><path d="M12.5 7h-1a1.5 1.5 0 0 0-1.5 1.5v6A1.5 1.5 0 0 0 11.5 16h1a1.5 1.5 0 0 0 .5-2.9V9.9A1.5 1.5 0 0 0 12.5 7z"/><circle cx="12" cy="19" r=".5"/></svg>\n
                                                <span>Mặt cắt ngang</span>\n
                                            </div>\n
                                                                                    </a>\n
\n
                                                                            </li>\n
                                                                    <li>\n
                                        <a class="flex items-center justify-between px-4 py-2 text-sm hover:bg-slate-700 rounded transition "\n
                                           href="http://localhost/geographical/list-monitoring">\n
                                            <div class="flex items-center gap-2">\n
                                                <svg class="lucide w-5 h-5 mr-2" xmlns="http://www.w3.org/2000/svg" fill="none" stroke="currentColor" stroke-width="2" stroke-linecap="round" stroke-linejoin="round" viewBox="0 0 24 24"><path d="M12 22a10 10 0 1 0-10-10a10.011 10.011 0 0 0 10 10z"/><path d="M12.5 7h-1a1.5 1.5 0 0 0-1.5 1.5v6A1.5 1.5 0 0 0 11.5 16h1a1.5 1.5 0 0 0 .5-2.9V9.9A1.5 1.5 0 0 0 12.5 7z"/><circle cx="12" cy="19" r=".5"/></svg>\n
                                                <span>Mốc quan trắc</span>\n
                                            </div>\n
                                                                                    </a>\n
\n
                                                                            </li>\n
                                                            </ul>\n
                                            </li>\n
                                                                <li>\n
                        <a class="flex items-center justify-between px-4 py-3 hover:bg-slate-700 rounded transition "\n
                           href="http://localhost/map">\n
                            <div class="flex items-center gap-2">\n
                                <svg xmlns="http://www.w3.org/2000/svg" width="24" height="24" viewBox="0 0 24 24" fill="none" stroke="currentColor" stroke-width="2" stroke-linecap="round" stroke-linejoin="round" class="lucide lucide-map-icon lucide-map"><path d="M14.106 5.553a2 2 0 0 0 1.788 0l3.659-1.83A1 1 0 0 1 21 4.619v12.764a1 1 0 0 1-.553.894l-4.553 2.277a2 2 0 0 1-1.788 0l-4.212-2.106a2 2 0 0 0-1.788 0l-3.659 1.83A1 1 0 0 1 3 19.381V6.618a1 1 0 0 1 .553-.894l4.553-2.277a2 2 0 0 1 1.788 0z"/><path d="M15 5.764v15"/><path d="M9 3.236v15"/></svg>\n
                                <span>Bản Đồ</span>\n
                            </div>\n
                                                    </a>\n
\n
                                            </li>\n
                                                                <li>\n
                        <a class="flex items-center justify-between px-4 py-3 hover:bg-slate-700 rounded transition "\n
                           href="http://localhost/chat">\n
                            <div class="flex items-center gap-2">\n
                                <svg xmlns="http://www.w3.org/2000/svg" width="24" height="24" viewBox="0 0 24 24" fill="none" stroke="currentColor" stroke-width="2" stroke-linecap="round" stroke-linejoin="round" class="lucide lucide-message-circle-icon lucide-message-circle"><path d="M7.9 20A9 9 0 1 0 4 16.1L2 22Z"/></svg>\n
                                <span>Tham gia cộng đồng</span>\n
                            </div>\n
                                                    </a>\n
\n
                                            </li>\n
                                                                <li>\n
                        <a class="flex items-center justify-between px-4 py-3 hover:bg-slate-700 rounded transition "\n
                           href="http://localhost/incident-report">\n
                            <div class="flex items-center gap-2">\n
                                <svg xmlns="http://www.w3.org/2000/svg" width="24" height="24" viewBox="0 0 24 24" fill="none" stroke="currentColor" stroke-width="2" stroke-linecap="round" stroke-linejoin="round" class="lucide lucide-message-square-warning-icon lucide-message-square-warning"><path d="M21 15a2 2 0 0 1-2 2H7l-4 4V5a2 2 0 0 1 2-2h14a2 2 0 0 1 2 2z"/><path d="M12 7v2"/><path d="M12 13h.01"/></svg>\n
                                <span>Báo cáo sự cố</span>\n
                            </div>\n
                                                    </a>\n
\n
                                            </li>\n
                                        </ul>\n
</div>\n
\n
<div class="flex h-[10px] items-center px-3 sm:px-8 md:hidden" >\n
    <a class="mr-auto flex" href="http://localhost">\n
        <img class="w-6" src="http://[::1]:5173/resources/images/logo.svg" alt="Logo" />\n
    </a>\n
    <a class="mobile-menu-toggler text-white" href="#" onclick="document.querySelector('.mobile-menu')?.classList.remove('hidden')">\n
        <svg xmlns="http://www.w3.org/2000/svg" width="24" height="24" viewBox="0 0 24 24" fill="none" stroke="currentColor" stroke-width="2" stroke-linecap="round" stroke-linejoin="round" class="lucide lucide-square-menu-icon lucide-square-menu"><rect width="18" height="18" x="3" y="3" rx="2"/><path d="M7 8h10"/><path d="M7 12h10"/><path d="M7 16h10"/></svg>\n
    </a>\n
</div>\n
\n
\n
\n
        <div class="mt-7 flex md:mt-0">\n
            <nav class=" hidden w-[80px] overflow-x-hidden pb-16 pr-5 md:block xl:w-[230px]">\n
                <a class="intro-x flex items-center pl-5 pt-4" href="/">\n
                    <span class=" lg:text-2xl xl:text-3xl  font-bold uppercase text-transparent bg-clip-text bg-gradient-to-r from-sky-400 to-emerald-600">Quản lý thiên tai</span>\n
                </a>\n
                <div class=" my-3"></div>\n
                <ul >\n
                                                                                            <li>\n
                                <a class="flex items-center justify-between px-4 py-3 hover:bg-white hover:text-black text-white transition rounded cursor-pointer "\n
                                    href="http://localhost">\n
                                    \n
                                    <div class="flex items-center gap-2" title="Tổng Quan">\n
                                        <div title="Tổng Quan"><svg class="lucide w-5 h-5 mr-2" xmlns="http://www.w3.org/2000/svg" fill="none" stroke="currentColor" stroke-width="2" stroke-linecap="round" stroke-linejoin="round" viewBox="0 0 24 24"><path d="M12 22a10 10 0 1 0-10-10a10.011 10.011 0 0 0 10 10z"/><path d="M12.5 7h-1a1.5 1.5 0 0 0-1.5 1.5v6A1.5 1.5 0 0 0 11.5 16h1a1.5 1.5 0 0 0 .5-2.9V9.9A1.5 1.5 0 0 0 12.5 7z"/><circle cx="12" cy="19" r=".5"/></svg></div>\n
                                        <span class="hidden xl:inline" >Tổng Quan</span>\n
                                    </div>\n
\n
                                                                    </a>\n
                                                            </li>\n
                                                                                                <li>\n
                                <a class="flex items-center justify-between px-4 py-3 hover:bg-white hover:text-black text-white transition rounded cursor-pointer toggle-submenu"\n
                                    href="javascript:;">\n
                                    \n
                                    <div class="flex items-center gap-2" title="Địa Điểm">\n
                                        <div title="Địa Điểm"><svg class="lucide w-5 h-5 mr-2" xmlns="http://www.w3.org/2000/svg" fill="none" stroke="currentColor" stroke-width="2" stroke-linecap="round" stroke-linejoin="round" viewBox="0 0 24 24"><path d="M3 9l9-7l9 7v11a2 2 0 0 1-2 2H5a2 2 0 0 1-2-2V9z"/><polyline points="9 22 9 12 15 12 15 22"/></svg></div>\n
                                        <span class="hidden xl:inline" >Địa Điểm</span>\n
                                    </div>\n
\n
                                                                            <span class="hidden xl:inline"><svg class="lucide w-5 h-5 mr-2" xmlns="http://www.w3.org/2000/svg" fill="none" stroke="currentColor" stroke-width="2" stroke-linecap="round" stroke-linejoin="round" viewBox="0 0 24 24"><path d="M6 9l6 6l6-6"/></svg></span>\n
                                                                    </a>\n
                                                                    <ul class="submenu ml-6 mt-1 hidden">\n
                                                                                    <li  class="group relative">\n
                                                <a class="flex items-center justify-between px-4 py-2 text-sm text-slate-300 hover:text-white hover:bg-slate-700 rounded transition "\n
                                                    href="http://localhost/list-city">\n
                                                   <div class="flex items-center gap-2">\n
                                                        <svg class="lucide w-5 h-5 mr-2" xmlns="http://www.w3.org/2000/svg" fill="none" stroke="currentColor" stroke-width="2" stroke-linecap="round" stroke-linejoin="round" viewBox="0 0 24 24"><path d="M12 22a10 10 0 1 0-10-10a10.011 10.011 0 0 0 10 10z"/><path d="M12.5 7h-1a1.5 1.5 0 0 0-1.5 1.5v6A1.5 1.5 0 0 0 11.5 16h1a1.5 1.5 0 0 0 .5-2.9V9.9A1.5 1.5 0 0 0 12.5 7z"/><circle cx="12" cy="19" r=".5"/></svg>\n
                                                        <span class="hidden xl:inline">Tỉnh-Thành</span>\n
                                                    </div>\n
                                                                                                    </a>\n
                                                                                            </li>\n
                                                                                    <li  class="group relative">\n
                                                <a class="flex items-center justify-between px-4 py-2 text-sm text-slate-300 hover:text-white hover:bg-slate-700 rounded transition "\n
                                                    href="http://localhost/list-district">\n
                                                   <div class="flex items-center gap-2">\n
                                                        <svg class="lucide w-5 h-5 mr-2" xmlns="http://www.w3.org/2000/svg" fill="none" stroke="currentColor" stroke-width="2" stroke-linecap="round" stroke-linejoin="round" viewBox="0 0 24 24"><path d="M12 22a10 10 0 1 0-10-10a10.011 10.011 0 0 0 10 10z"/><path d="M12.5 7h-1a1.5 1.5 0 0 0-1.5 1.5v6A1.5 1.5 0 0 0 11.5 16h1a1.5 1.5 0 0 0 .5-2.9V9.9A1.5 1.5 0 0 0 12.5 7z"/><circle cx="12" cy="19" r=".5"/></svg>\n
                                                        <span class="hidden xl:inline">Quận-Huyện</span>\n
                                                    </div>\n
                                                                                                    </a>\n
                                                                                            </li>\n
                                                                                    <li  class="group relative">\n
                                                <a class="flex items-center justify-between px-4 py-2 text-sm text-slate-300 hover:text-white hover:bg-slate-700 rounded transition "\n
                                                    href="http://localhost/list-commune">\n
                                                   <div class="flex items-center gap-2">\n
                                                        <svg class="lucide w-5 h-5 mr-2" xmlns="http://www.w3.org/2000/svg" fill="none" stroke="currentColor" stroke-width="2" stroke-linecap="round" stroke-linejoin="round" viewBox="0 0 24 24"><path d="M12 22a10 10 0 1 0-10-10a10.011 10.011 0 0 0 10 10z"/><path d="M12.5 7h-1a1.5 1.5 0 0 0-1.5 1.5v6A1.5 1.5 0 0 0 11.5 16h1a1.5 1.5 0 0 0 .5-2.9V9.9A1.5 1.5 0 0 0 12.5 7z"/><circle cx="12" cy="19" r=".5"/></svg>\n
                                                        <span class="hidden xl:inline">Phường-Xã</span>\n
                                                    </div>\n
                                                                                                    </a>\n
                                                                                            </li>\n
                                                                            </ul>\n
                                                            </li>\n
                                                                                                <li>\n
                                <a class="flex items-center justify-between px-4 py-3 hover:bg-white hover:text-black text-white transition rounded cursor-pointer toggle-submenu"\n
                                    href="javascript:;">\n
                                    \n
                                    <div class="flex items-center gap-2" title="Loại Thiên Tai">\n
                                        <div title="Loại Thiên Tai"><svg class="lucide w-5 h-5 mr-2" xmlns="http://www.w3.org/2000/svg" fill="none" stroke="currentColor" stroke-width="2" stroke-linecap="round" stroke-linejoin="round" viewBox="0 0 24 24"><path d="M16 21v-2a4 4 0 0 0-8 0v2"/><circle cx="12" cy="7" r="4"/><path d="M20.88 18.5A3.5 3.5 0 0 1 17.5 22H6.5a3.5 3.5 0 0 1-3.38-2.5"/></svg></div>\n
                                        <span class="hidden xl:inline" >Loại Thiên Tai</span>\n
                                    </div>\n
\n
                                                                            <span class="hidden xl:inline"><svg class="lucide w-5 h-5 mr-2" xmlns="http://www.w3.org/2000/svg" fill="none" stroke="currentColor" stroke-width="2" stroke-linecap="round" stroke-linejoin="round" viewBox="0 0 24 24"><path d="M6 9l6 6l6-6"/></svg></span>\n
                                                                    </a>\n
                                                                    <ul class="submenu ml-6 mt-1 hidden">\n
                                                                                    <li  class="group relative">\n
                                                <a class="flex items-center justify-between px-4 py-2 text-sm text-slate-300 hover:text-white hover:bg-slate-700 rounded transition "\n
                                                    href="http://localhost/list-type-of-calamity">\n
                                                   <div class="flex items-center gap-2">\n
                                                        <svg class="lucide w-5 h-5 mr-2" xmlns="http://www.w3.org/2000/svg" fill="none" stroke="currentColor" stroke-width="2" stroke-linecap="round" stroke-linejoin="round" viewBox="0 0 24 24"><path d="M12 22a10 10 0 1 0-10-10a10.011 10.011 0 0 0 10 10z"/><path d="M12.5 7h-1a1.5 1.5 0 0 0-1.5 1.5v6A1.5 1.5 0 0 0 11.5 16h1a1.5 1.5 0 0 0 .5-2.9V9.9A1.5 1.5 0 0 0 12.5 7z"/><circle cx="12" cy="19" r=".5"/></svg>\n
                                                        <span class="hidden xl:inline">Loại Thiên Tai</span>\n
                                                    </div>\n
                                                                                                    </a>\n
                                                                                            </li>\n
                                                                                    <li  class="group relative">\n
                                                <a class="flex items-center justify-between px-4 py-2 text-sm text-slate-300 hover:text-white hover:bg-slate-700 rounded transition "\n
                                                    href="http://localhost/list-sub-type-of-calamity">\n
                                                   <div class="flex items-center gap-2">\n
                                                        <svg class="lucide w-5 h-5 mr-2" xmlns="http://www.w3.org/2000/svg" fill="none" stroke="currentColor" stroke-width="2" stroke-linecap="round" stroke-linejoin="round" viewBox="0 0 24 24"><path d="M12 22a10 10 0 1 0-10-10a10.011 10.011 0 0 0 10 10z"/><path d="M12.5 7h-1a1.5 1.5 0 0 0-1.5 1.5v6A1.5 1.5 0 0 0 11.5 16h1a1.5 1.5 0 0 0 .5-2.9V9.9A1.5 1.5 0 0 0 12.5 7z"/><circle cx="12" cy="19" r=".5"/></svg>\n
                                                        <span class="hidden xl:inline">Loại Thiên Tai Phụ</span>\n
                                                    </div>\n
                                                                                                    </a>\n
                                                                                            </li>\n
                                                                                    <li  class="group relative">\n
                                                <a class="flex items-center justify-between px-4 py-2 text-sm text-slate-300 hover:text-white hover:bg-slate-700 rounded transition "\n
                                                    href="http://localhost/list-risk-level">\n
                                                   <div class="flex items-center gap-2">\n
                                                        <svg class="lucide w-5 h-5 mr-2" xmlns="http://www.w3.org/2000/svg" fill="none" stroke="currentColor" stroke-width="2" stroke-linecap="round" stroke-linejoin="round" viewBox="0 0 24 24"><path d="M12 22a10 10 0 1 0-10-10a10.011 10.011 0 0 0 10 10z"/><path d="M12.5 7h-1a1.5 1.5 0 0 0-1.5 1.5v6A1.5 1.5 0 0 0 11.5 16h1a1.5 1.5 0 0 0 .5-2.9V9.9A1.5 1.5 0 0 0 12.5 7z"/><circle cx="12" cy="19" r=".5"/></svg>\n
                                                        <span class="hidden xl:inline">Cấp Độ Thiên Tai</span>\n
                                                    </div>\n
                                                                                                    </a>\n
                                                                                            </li>\n
                                                                                    <li  class="group relative">\n
                                                <a class="flex items-center justify-between px-4 py-2 text-sm text-slate-300 hover:text-white hover:bg-slate-700 rounded transition "\n
                                                    href="http://localhost/list-type-of-construction">\n
                                                   <div class="flex items-center gap-2">\n
                                                        <svg class="lucide w-5 h-5 mr-2" xmlns="http://www.w3.org/2000/svg" fill="none" stroke="currentColor" stroke-width="2" stroke-linecap="round" stroke-linejoin="round" viewBox="0 0 24 24"><path d="M12 22a10 10 0 1 0-10-10a10.011 10.011 0 0 0 10 10z"/><path d="M12.5 7h-1a1.5 1.5 0 0 0-1.5 1.5v6A1.5 1.5 0 0 0 11.5 16h1a1.5 1.5 0 0 0 .5-2.9V9.9A1.5 1.5 0 0 0 12.5 7z"/><circle cx="12" cy="19" r=".5"/></svg>\n
                                                        <span class="hidden xl:inline">Loại Công Trình</span>\n
                                                    </div>\n
                                                                                                    </a>\n
                                                                                            </li>\n
                                                                                    <li  class="group relative">\n
                                                <a class="flex items-center justify-between px-4 py-2 text-sm text-slate-300 hover:text-white hover:bg-slate-700 rounded transition "\n
                                                    href="http://localhost/list-scenarios">\n
                                                   <div class="flex items-center gap-2">\n
                                                        <svg class="lucide w-5 h-5 mr-2" xmlns="http://www.w3.org/2000/svg" fill="none" stroke="currentColor" stroke-width="2" stroke-linecap="round" stroke-linejoin="round" viewBox="0 0 24 24"><path d="M12 22a10 10 0 1 0-10-10a10.011 10.011 0 0 0 10 10z"/><path d="M12.5 7h-1a1.5 1.5 0 0 0-1.5 1.5v6A1.5 1.5 0 0 0 11.5 16h1a1.5 1.5 0 0 0 .5-2.9V9.9A1.5 1.5 0 0 0 12.5 7z"/><circle cx="12" cy="19" r=".5"/></svg>\n
                                                        <span class="hidden xl:inline">Phương Án Ứng Phó</span>\n
                                                    </div>\n
                                                                                                    </a>\n
                                                                                            </li>\n
                                                                            </ul>\n
                                                            </li>\n
                                                                                                <li>\n
                                <a class="flex items-center justify-between px-4 py-3 hover:bg-white hover:text-black text-white transition rounded cursor-pointer toggle-submenu"\n
                                    href="javascript:;">\n
                                    \n
                                    <div class="flex items-center gap-2" title="Dữ Liệu Thiên Tai">\n
                                        <div title="Dữ Liệu Thiên Tai"><svg class="lucide w-5 h-5 mr-2" xmlns="http://www.w3.org/2000/svg" fill="none" stroke="currentColor" stroke-width="2" stroke-linecap="round" stroke-linejoin="round" viewBox="0 0 24 24"><path d="M16 21v-2a4 4 0 0 0-8 0v2"/><circle cx="12" cy="7" r="4"/><path d="M20.88 18.5A3.5 3.5 0 0 1 17.5 22H6.5a3.5 3.5 0 0 1-3.38-2.5"/></svg></div>\n
                                        <span class="hidden xl:inline" >Dữ Liệu Thiên Tai</span>\n
                                    </div>\n
\n
                                                                            <span class="hidden xl:inline"><svg class="lucide w-5 h-5 mr-2" xmlns="http://www.w3.org/2000/svg" fill="none" stroke="currentColor" stroke-width="2" stroke-linecap="round" stroke-linejoin="round" viewBox="0 0 24 24"><path d="M6 9l6 6l6-6"/></svg></span>\n
                                                                    </a>\n
                                                                    <ul class="submenu ml-6 mt-1 hidden">\n
                                                                                    <li  class="group relative">\n
                                                <a class="flex items-center justify-between px-4 py-2 text-sm text-slate-300 hover:text-white hover:bg-slate-700 rounded transition "\n
                                                    href="http://localhost/calamity/list-river-bank">\n
                                                   <div class="flex items-center gap-2">\n
                                                        <svg class="lucide w-5 h-5 mr-2" xmlns="http://www.w3.org/2000/svg" fill="none" stroke="currentColor" stroke-width="2" stroke-linecap="round" stroke-linejoin="round" viewBox="0 0 24 24"><path d="M12 22a10 10 0 1 0-10-10a10.011 10.011 0 0 0 10 10z"/><path d="M12.5 7h-1a1.5 1.5 0 0 0-1.5 1.5v6A1.5 1.5 0 0 0 11.5 16h1a1.5 1.5 0 0 0 .5-2.9V9.9A1.5 1.5 0 0 0 12.5 7z"/><circle cx="12" cy="19" r=".5"/></svg>\n
                                                        <span class="hidden xl:inline">Sạt Lở</span>\n
                                                    </div>\n
                                                                                                    </a>\n
                                                                                            </li>\n
                                                                                    <li  class="group relative">\n
                                                <a class="flex items-center justify-between px-4 py-2 text-sm text-slate-300 hover:text-white hover:bg-slate-700 rounded transition "\n
                                                    href="http://localhost/calamity/list-flooding">\n
                                                   <div class="flex items-center gap-2">\n
                                                        <svg class="lucide w-5 h-5 mr-2" xmlns="http://www.w3.org/2000/svg" fill="none" stroke="currentColor" stroke-width="2" stroke-linecap="round" stroke-linejoin="round" viewBox="0 0 24 24"><path d="M12 22a10 10 0 1 0-10-10a10.011 10.011 0 0 0 10 10z"/><path d="M12.5 7h-1a1.5 1.5 0 0 0-1.5 1.5v6A1.5 1.5 0 0 0 11.5 16h1a1.5 1.5 0 0 0 .5-2.9V9.9A1.5 1.5 0 0 0 12.5 7z"/><circle cx="12" cy="19" r=".5"/></svg>\n
                                                        <span class="hidden xl:inline">Ngập Lụt</span>\n
                                                    </div>\n
                                                                                                    </a>\n
                                                                                            </li>\n
                                                                                    <li  class="group relative">\n
                                                <a class="flex items-center justify-between px-4 py-2 text-sm text-slate-300 hover:text-white hover:bg-slate-700 rounded transition "\n
                                                    href="http://localhost/calamity/list-storm">\n
                                                   <div class="flex items-center gap-2">\n
                                                        <svg class="lucide w-5 h-5 mr-2" xmlns="http://www.w3.org/2000/svg" fill="none" stroke="currentColor" stroke-width="2" stroke-linecap="round" stroke-linejoin="round" viewBox="0 0 24 24"><path d="M12 22a10 10 0 1 0-10-10a10.011 10.011 0 0 0 10 10z"/><path d="M12.5 7h-1a1.5 1.5 0 0 0-1.5 1.5v6A1.5 1.5 0 0 0 11.5 16h1a1.5 1.5 0 0 0 .5-2.9V9.9A1.5 1.5 0 0 0 12.5 7z"/><circle cx="12" cy="19" r=".5"/></svg>\n
                                                        <span class="hidden xl:inline">Bão và ATNĐ</span>\n
                                                    </div>\n
                                                                                                    </a>\n
                                                                                            </li>\n
                                                                            </ul>\n
                                                            </li>\n
                                                                                                <li>\n
                                <a class="flex items-center justify-between px-4 py-3 hover:bg-white hover:text-black text-white transition rounded cursor-pointer toggle-submenu"\n
                                    href="javascript:;">\n
                                    \n
                                    <div class="flex items-center gap-2" title="Công Trình PCTT">\n
                                        <div title="Công Trình PCTT"><svg xmlns="http://www.w3.org/2000/svg" width="24" height="24" viewBox="0 0 24 24" fill="none" stroke="currentColor" stroke-width="2" stroke-linecap="round" stroke-linejoin="round" class="lucide lucide-construction-icon lucide-construction"><rect x="2" y="6" width="20" height="8" rx="1"/><path d="M17 14v7"/><path d="M7 14v7"/><path d="M17 3v3"/><path d="M7 3v3"/><path d="M10 14 2.3 6.3"/><path d="m14 6 7.7 7.7"/><path d="m8 6 8 8"/></svg></div>\n
                                        <span class="hidden xl:inline" >Công Trình PCTT</span>\n
                                    </div>\n
\n
                                                                            <span class="hidden xl:inline"><svg class="lucide w-5 h-5 mr-2" xmlns="http://www.w3.org/2000/svg" fill="none" stroke="currentColor" stroke-width="2" stroke-linecap="round" stroke-linejoin="round" viewBox="0 0 24 24"><path d="M6 9l6 6l6-6"/></svg></span>\n
                                                                    </a>\n
                                                                    <ul class="submenu ml-6 mt-1 hidden">\n
                                                                                    <li  class="group relative">\n
                                                <a class="flex items-center justify-between px-4 py-2 text-sm text-slate-300 hover:text-white hover:bg-slate-700 rounded transition "\n
                                                    href="http://localhost/construction/list-river-bank">\n
                                                   <div class="flex items-center gap-2">\n
                                                        <svg class="lucide w-5 h-5 mr-2" xmlns="http://www.w3.org/2000/svg" fill="none" stroke="currentColor" stroke-width="2" stroke-linecap="round" stroke-linejoin="round" viewBox="0 0 24 24"><path d="M12 22a10 10 0 1 0-10-10a10.011 10.011 0 0 0 10 10z"/><path d="M12.5 7h-1a1.5 1.5 0 0 0-1.5 1.5v6A1.5 1.5 0 0 0 11.5 16h1a1.5 1.5 0 0 0 .5-2.9V9.9A1.5 1.5 0 0 0 12.5 7z"/><circle cx="12" cy="19" r=".5"/></svg>\n
                                                        <span class="hidden xl:inline">Sạt Lở</span>\n
                                                    </div>\n
                                                                                                    </a>\n
                                                                                            </li>\n
                                                                                    <li  class="group relative">\n
                                                <a class="flex items-center justify-between px-4 py-2 text-sm text-slate-300 hover:text-white hover:bg-slate-700 rounded transition "\n
                                                    href="http://localhost/construction/list-flooding">\n
                                                   <div class="flex items-center gap-2">\n
                                                        <svg class="lucide w-5 h-5 mr-2" xmlns="http://www.w3.org/2000/svg" fill="none" stroke="currentColor" stroke-width="2" stroke-linecap="round" stroke-linejoin="round" viewBox="0 0 24 24"><path d="M12 22a10 10 0 1 0-10-10a10.011 10.011 0 0 0 10 10z"/><path d="M12.5 7h-1a1.5 1.5 0 0 0-1.5 1.5v6A1.5 1.5 0 0 0 11.5 16h1a1.5 1.5 0 0 0 .5-2.9V9.9A1.5 1.5 0 0 0 12.5 7z"/><circle cx="12" cy="19" r=".5"/></svg>\n
                                                        <span class="hidden xl:inline">Ngập Lụt</span>\n
                                                    </div>\n
                                                                                                    </a>\n
                                                                                            </li>\n
                                                                                    <li  class="group relative">\n
                                                <a class="flex items-center justify-between px-4 py-2 text-sm text-slate-300 hover:text-white hover:bg-slate-700 rounded transition "\n
                                                    href="http://localhost/construction/list-storm">\n
                                                   <div class="flex items-center gap-2">\n
                                                        <svg class="lucide w-5 h-5 mr-2" xmlns="http://www.w3.org/2000/svg" fill="none" stroke="currentColor" stroke-width="2" stroke-linecap="round" stroke-linejoin="round" viewBox="0 0 24 24"><path d="M12 22a10 10 0 1 0-10-10a10.011 10.011 0 0 0 10 10z"/><path d="M12.5 7h-1a1.5 1.5 0 0 0-1.5 1.5v6A1.5 1.5 0 0 0 11.5 16h1a1.5 1.5 0 0 0 .5-2.9V9.9A1.5 1.5 0 0 0 12.5 7z"/><circle cx="12" cy="19" r=".5"/></svg>\n
                                                        <span class="hidden xl:inline">Bão và ATNĐ</span>\n
                                                    </div>\n
                                                                                                    </a>\n
                                                                                            </li>\n
                                                                            </ul>\n
                                                            </li>\n
                                                                                                <li>\n
                                <a class="flex items-center justify-between px-4 py-3 hover:bg-white hover:text-black text-white transition rounded cursor-pointer toggle-submenu"\n
                                    href="javascript:;">\n
                                    \n
                                    <div class="flex items-center gap-2" title="Địa danh hành chính">\n
                                        <div title="Địa danh hành chính"><svg class="lucide w-5 h-5 mr-2" xmlns="http://www.w3.org/2000/svg" fill="none" stroke="currentColor" stroke-width="2" stroke-linecap="round" stroke-linejoin="round" viewBox="0 0 24 24"><path d="M16 21v-2a4 4 0 0 0-8 0v2"/><circle cx="12" cy="7" r="4"/><path d="M20.88 18.5A3.5 3.5 0 0 1 17.5 22H6.5a3.5 3.5 0 0 1-3.38-2.5"/></svg></div>\n
                                        <span class="hidden xl:inline" >Địa danh hành chính</span>\n
                                    </div>\n
\n
                                                                            <span class="hidden xl:inline"><svg class="lucide w-5 h-5 mr-2" xmlns="http://www.w3.org/2000/svg" fill="none" stroke="currentColor" stroke-width="2" stroke-linecap="round" stroke-linejoin="round" viewBox="0 0 24 24"><path d="M6 9l6 6l6-6"/></svg></span>\n
                                                                    </a>\n
                                                                    <ul class="submenu ml-6 mt-1 hidden">\n
                                                                                    <li  class="group relative">\n
                                                <a class="flex items-center justify-between px-4 py-2 text-sm text-slate-300 hover:text-white hover:bg-slate-700 rounded transition "\n
                                                    href="http://localhost/administrative/list-school">\n
                                                   <div class="flex items-center gap-2">\n
                                                        <svg xmlns="http://www.w3.org/2000/svg" width="24" height="24" viewBox="0 0 24 24" fill="none" stroke="currentColor" stroke-width="2" stroke-linecap="round" stroke-linejoin="round" class="lucide lucide-school-icon lucide-school"><path d="M14 22v-4a2 2 0 1 0-4 0v4"/><path d="m18 10 3.447 1.724a1 1 0 0 1 .553.894V20a2 2 0 0 1-2 2H4a2 2 0 0 1-2-2v-7.382a1 1 0 0 1 .553-.894L6 10"/><path d="M18 5v17"/><path d="m4 6 7.106-3.553a2 2 0 0 1 1.788 0L20 6"/><path d="M6 5v17"/><circle cx="12" cy="9" r="2"/></svg>\n
                                                        <span class="hidden xl:inline">Trường Học</span>\n
                                                    </div>\n
                                                                                                    </a>\n
                                                                                            </li>\n
                                                                                    <li  class="group relative">\n
                                                <a class="flex items-center justify-between px-4 py-2 text-sm text-slate-300 hover:text-white hover:bg-slate-700 rounded transition "\n
                                                    href="http://localhost/administrative/list-medical">\n
                                                   <div class="flex items-center gap-2">\n
                                                        <svg xmlns="http://www.w3.org/2000/svg" width="24" height="24" viewBox="0 0 24 24" fill="none" stroke="currentColor" stroke-width="2" stroke-linecap="round" stroke-linejoin="round" class="lucide lucide-hospital-icon lucide-hospital"><path d="M12 6v4"/><path d="M14 14h-4"/><path d="M14 18h-4"/><path d="M14 8h-4"/><path d="M18 12h2a2 2 0 0 1 2 2v6a2 2 0 0 1-2 2H4a2 2 0 0 1-2-2v-9a2 2 0 0 1 2-2h2"/><path d="M18 22V4a2 2 0 0 0-2-2H8a2 2 0 0 0-2 2v18"/></svg>\n
                                                        <span class="hidden xl:inline">Địa Điểm Y Tế</span>\n
                                                    </div>\n
                                                                                                    </a>\n
                                                                                            </li>\n
                                                                                    <li  class="group relative">\n
                                                <a class="flex items-center justify-between px-4 py-2 text-sm text-slate-300 hover:text-white hover:bg-slate-700 rounded transition "\n
                                                    href="http://localhost/administrative/list-center">\n
                                                   <div class="flex items-center gap-2">\n
                                                        <svg xmlns="http://www.w3.org/2000/svg" width="24" height="24" viewBox="0 0 24 24" fill="none" stroke="currentColor" stroke-width="2" stroke-linecap="round" stroke-linejoin="round" class="lucide lucide-university-icon lucide-university"><path d="M14 21v-3a2 2 0 0 0-4 0v3"/><path d="M18 12h.01"/><path d="M18 16h.01"/><path d="M22 7a1 1 0 0 0-1-1h-2a2 2 0 0 1-1.143-.359L13.143 2.36a2 2 0 0 0-2.286-.001L6.143 5.64A2 2 0 0 1 5 6H3a1 1 0 0 0-1 1v12a2 2 0 0 0 2 2h16a2 2 0 0 0 2-2z"/><path d="M6 12h.01"/><path d="M6 16h.01"/><circle cx="12" cy="10" r="2"/></svg>\n
                                                        <span class="hidden xl:inline">TTHC và Khác</span>\n
                                                    </div>\n
                                                                                                    </a>\n
                                                                                            </li>\n
                                                                            </ul>\n
                                                            </li>\n
                                                                                                <li>\n
                                <a class="flex items-center justify-between px-4 py-3 hover:bg-white hover:text-black text-white transition rounded cursor-pointer toggle-submenu"\n
                                    href="javascript:;">\n
                                    \n
                                    <div class="flex items-center gap-2" title="Dữ Liệu Khác">\n
                                        <div title="Dữ Liệu Khác"><svg class="lucide w-5 h-5 mr-2" xmlns="http://www.w3.org/2000/svg" fill="none" stroke="currentColor" stroke-width="2" stroke-linecap="round" stroke-linejoin="round" viewBox="0 0 24 24"><path d="M16 21v-2a4 4 0 0 0-8 0v2"/><circle cx="12" cy="7" r="4"/><path d="M20.88 18.5A3.5 3.5 0 0 1 17.5 22H6.5a3.5 3.5 0 0 1-3.38-2.5"/></svg></div>\n
                                        <span class="hidden xl:inline" >Dữ Liệu Khác</span>\n
                                    </div>\n
\n
                                                                            <span class="hidden xl:inline"><svg class="lucide w-5 h-5 mr-2" xmlns="http://www.w3.org/2000/svg" fill="none" stroke="currentColor" stroke-width="2" stroke-linecap="round" stroke-linejoin="round" viewBox="0 0 24 24"><path d="M6 9l6 6l6-6"/></svg></span>\n
                                                                    </a>\n
                                                                    <ul class="submenu ml-6 mt-1 hidden">\n
                                                                                    <li  class="group relative">\n
                                                <a class="flex items-center justify-between px-4 py-2 text-sm text-slate-300 hover:text-white hover:bg-slate-700 rounded transition "\n
                                                    href="http://localhost/geographical/list-erosion">\n
                                                   <div class="flex items-center gap-2">\n
                                                        <svg class="lucide w-5 h-5 mr-2" xmlns="http://www.w3.org/2000/svg" fill="none" stroke="currentColor" stroke-width="2" stroke-linecap="round" stroke-linejoin="round" viewBox="0 0 24 24"><path d="M12 22a10 10 0 1 0-10-10a10.011 10.011 0 0 0 10 10z"/><path d="M12.5 7h-1a1.5 1.5 0 0 0-1.5 1.5v6A1.5 1.5 0 0 0 11.5 16h1a1.5 1.5 0 0 0 .5-2.9V9.9A1.5 1.5 0 0 0 12.5 7z"/><circle cx="12" cy="19" r=".5"/></svg>\n
                                                        <span class="hidden xl:inline">Khu vực xói, bồi</span>\n
                                                    </div>\n
                                                                                                    </a>\n
                                                                                            </li>\n
                                                                                    <li  class="group relative">\n
                                                <a class="flex items-center justify-between px-4 py-2 text-sm text-slate-300 hover:text-white hover:bg-slate-700 rounded transition "\n
                                                    href="http://localhost/geographical/list-shoreline">\n
                                                   <div class="flex items-center gap-2">\n
                                                        <svg class="lucide w-5 h-5 mr-2" xmlns="http://www.w3.org/2000/svg" fill="none" stroke="currentColor" stroke-width="2" stroke-linecap="round" stroke-linejoin="round" viewBox="0 0 24 24"><path d="M12 22a10 10 0 1 0-10-10a10.011 10.011 0 0 0 10 10z"/><path d="M12.5 7h-1a1.5 1.5 0 0 0-1.5 1.5v6A1.5 1.5 0 0 0 11.5 16h1a1.5 1.5 0 0 0 .5-2.9V9.9A1.5 1.5 0 0 0 12.5 7z"/><circle cx="12" cy="19" r=".5"/></svg>\n
                                                        <span class="hidden xl:inline">Lịch sử đường bờ</span>\n
                                                    </div>\n
                                                                                                    </a>\n
                                                                                            </li>\n
                                                                                    <li  class="group relative">\n
                                                <a class="flex items-center justify-between px-4 py-2 text-sm text-slate-300 hover:text-white hover:bg-slate-700 rounded transition "\n
                                                    href="http://localhost/geographical/list-cross-section">\n
                                                   <div class="flex items-center gap-2">\n
                                                        <svg class="lucide w-5 h-5 mr-2" xmlns="http://www.w3.org/2000/svg" fill="none" stroke="currentColor" stroke-width="2" stroke-linecap="round" stroke-linejoin="round" viewBox="0 0 24 24"><path d="M12 22a10 10 0 1 0-10-10a10.011 10.011 0 0 0 10 10z"/><path d="M12.5 7h-1a1.5 1.5 0 0 0-1.5 1.5v6A1.5 1.5 0 0 0 11.5 16h1a1.5 1.5 0 0 0 .5-2.9V9.9A1.5 1.5 0 0 0 12.5 7z"/><circle cx="12" cy="19" r=".5"/></svg>\n
                                                        <span class="hidden xl:inline">Mặt cắt ngang</span>\n
                                                    </div>\n
                                                                                                    </a>\n
                                                                                            </li>\n
                                                                                    <li  class="group relative">\n
                                                <a class="flex items-center justify-between px-4 py-2 text-sm text-slate-300 hover:text-white hover:bg-slate-700 rounded transition "\n
                                                    href="http://localhost/geographical/list-monitoring">\n
                                                   <div class="flex items-center gap-2">\n
                                                        <svg class="lucide w-5 h-5 mr-2" xmlns="http://www.w3.org/2000/svg" fill="none" stroke="currentColor" stroke-width="2" stroke-linecap="round" stroke-linejoin="round" viewBox="0 0 24 24"><path d="M12 22a10 10 0 1 0-10-10a10.011 10.011 0 0 0 10 10z"/><path d="M12.5 7h-1a1.5 1.5 0 0 0-1.5 1.5v6A1.5 1.5 0 0 0 11.5 16h1a1.5 1.5 0 0 0 .5-2.9V9.9A1.5 1.5 0 0 0 12.5 7z"/><circle cx="12" cy="19" r=".5"/></svg>\n
                                                        <span class="hidden xl:inline">Mốc quan trắc</span>\n
                                                    </div>\n
                                                                                                    </a>\n
                                                                                            </li>\n
                                                                            </ul>\n
                                                            </li>\n
                                                                                                <li>\n
                                <a class="flex items-center justify-between px-4 py-3 hover:bg-white hover:text-black text-white transition rounded cursor-pointer "\n
                                    href="http://localhost/map">\n
                                    \n
                                    <div class="flex items-center gap-2" title="Bản Đồ">\n
                                        <div title="Bản Đồ"><svg xmlns="http://www.w3.org/2000/svg" width="24" height="24" viewBox="0 0 24 24" fill="none" stroke="currentColor" stroke-width="2" stroke-linecap="round" stroke-linejoin="round" class="lucide lucide-map-icon lucide-map"><path d="M14.106 5.553a2 2 0 0 0 1.788 0l3.659-1.83A1 1 0 0 1 21 4.619v12.764a1 1 0 0 1-.553.894l-4.553 2.277a2 2 0 0 1-1.788 0l-4.212-2.106a2 2 0 0 0-1.788 0l-3.659 1.83A1 1 0 0 1 3 19.381V6.618a1 1 0 0 1 .553-.894l4.553-2.277a2 2 0 0 1 1.788 0z"/><path d="M15 5.764v15"/><path d="M9 3.236v15"/></svg></div>\n
                                        <span class="hidden xl:inline" >Bản Đồ</span>\n
                                    </div>\n
\n
                                                                    </a>\n
                                                            </li>\n
                                                                                                <li>\n
                                <a class="flex items-center justify-between px-4 py-3 hover:bg-white hover:text-black text-white transition rounded cursor-pointer "\n
                                    href="http://localhost/chat">\n
                                    \n
                                    <div class="flex items-center gap-2" title="Tham gia cộng đồng">\n
                                        <div title="Tham gia cộng đồng"><svg xmlns="http://www.w3.org/2000/svg" width="24" height="24" viewBox="0 0 24 24" fill="none" stroke="currentColor" stroke-width="2" stroke-linecap="round" stroke-linejoin="round" class="lucide lucide-message-circle-icon lucide-message-circle"><path d="M7.9 20A9 9 0 1 0 4 16.1L2 22Z"/></svg></div>\n
                                        <span class="hidden xl:inline" >Tham gia cộng đồng</span>\n
                                    </div>\n
\n
                                                                    </a>\n
                                                            </li>\n
                                                                                                <li>\n
                                <a class="flex items-center justify-between px-4 py-3 hover:bg-white hover:text-black text-white transition rounded cursor-pointer "\n
                                    href="http://localhost/incident-report">\n
                                    \n
                                    <div class="flex items-center gap-2" title="Báo cáo sự cố">\n
                                        <div title="Báo cáo sự cố"><svg xmlns="http://www.w3.org/2000/svg" width="24" height="24" viewBox="0 0 24 24" fill="none" stroke="currentColor" stroke-width="2" stroke-linecap="round" stroke-linejoin="round" class="lucide lucide-message-square-warning-icon lucide-message-square-warning"><path d="M21 15a2 2 0 0 1-2 2H7l-4 4V5a2 2 0 0 1 2-2h14a2 2 0 0 1 2 2z"/><path d="M12 7v2"/><path d="M12 13h.01"/></svg></div>\n
                                        <span class="hidden xl:inline" >Báo cáo sự cố</span>\n
                                    </div>\n
\n
                                                                    </a>\n
                                                            </li>\n
                                                                \n
                                </ul>\n
            </nav>\n
            <div class="md:max-w-auto overflow-x-hidden overflow-y-auto max-h-[100vh] min-w-0 max-w-full flex-1 rounded-[30px] bg-slate-100 px-4 pb-10 before:block before:h-px before:w-full before:content-[''] md:px-[22px]">\n
                <div class="relative sticky top-0 z-2 flex items-center h-[68px] px-4 border-b border-slate-100 bg-slate-100">\n
  \n
                    <div class="mr-auto"> \n
                       <div class="rounded-[8px] overflow-hidden w-[200px] md:w-[325px] h-[40px] bg-[#1E3A8A] border-[2px] border-[#133086] shadow-[0_2px_6px_rgba(0,0,0,0.1)] flex items-center justify-center">\n
                  \n
                    <iframe src="https://thoitiet247.vn/widget/embed/ca-mau?style=6&day=7&td=%232e0000&ntd=%231e3a8a&mvb=%23000205&mv=%231e3a8a&mdk=%23000000&htd=true" \n
                        id="widgeturl" class = "w-[200px] md:w-[325px]" height="55px" scrolling="no" frameborder="0" allowtransparency="true" style="border:none;overflow:hidden;"></iframe><!-- End thoitiet.app widget -->\n
                    </div>\n
\n
                    </div>\n
                    \n
                    <div class="relative flex items-center gap-2">\n
                        \n
                                                    <a href="http://localhost/login" class="text-sm text-gray-700 hover:underline">\n
                                <button>Đăng nhập</button>\n
                            </a>\n
                                            </div>\n
                </div>\n
                \n
                \r\n
\r\n
<form enctype="multipart/form-data" class="validate-form" action="http://localhost/create-incident-report" method="post">\r\n
    <input type="hidden" name="_token" value="tR7agWSvrtwvrmGE8YsSIYpa1IZrkCXTwMmiqMGe" autocomplete="off">    <div class="intro-y box">\r\n
        <div class="rounded-md border border-slate-200/60 p-5">\r\n
            <div\r\n
                class="flex items-center border-b border-slate-200/60 pb-5 text-base font-medium">\r\n
                Thông Tin Báo Cáo Thiên tai\r\n
            </div>\r\n
            <div class="mt-5 grid grid-cols-1 md:grid-cols-2 gap-6">\r\n
                \r\n
                <div>\r\n
                \r\n
                    <div class="flex-col md:flex-row items-start pt-5 first:mt-0 first:pt-0"\r\n
                        formInline>\r\n
                        <label class="md:w-80">\r\n
                            <div class="text-left">\r\n
                                <div class="flex items-center">\r\n
                                    <div class="font-medium">Tên người gửi thông báo</div>\r\n
                                    <div class="ml-2 text-red-500 text-xl font-bold">*</div>\r\n
                                </div>\r\n
                            </div>\r\n
                        </label>\r\n
                        <div class="w-full">\r\n
                            <input name="reporter_name" id="reporter_name" type="text"\r\n
                                placeholder="Tên người gửi" />\r\n
                                                    </div>\r\n
                    </div>\r\n
                 \r\n
                    <div class="flex-col md:flex-row items-start pt-5 first:mt-0 first:pt-0"\r\n
                        formInline>\r\n
                        <label class="md:w-80">\r\n
                            <div class="text-left">\r\n
                                <div class="flex items-center">\r\n
                                    <div class="font-medium">Thiên Tai</div>\r\n
                                    <div class="ml-2 text-red-500 text-xl font-bold">*</div>\r\n
                                </div>\r\n
                            </div>\r\n
                        </label>\r\n
                        <div class="w-full">\r\n
                            <select class="w-full" id="type_of_calamity_id"\r\n
                                name="type_of_calamity_id">\r\n
                                <option>--Chọn thiên tai--</option>\r\n
                                                                    <option value="1">\r\n
                                        Sạt lở bờ sông</option>\r\n
                                                            </select>\r\n
                                                    </div>\r\n
                    </div>\r\n
\r\n
                    <div class="flex-col md:flex-row items-start pt-5 first:mt-0 first:pt-0"\r\n
                        formInline>\r\n
                        <label class="md:w-80">\r\n
                            <div class="text-left">\r\n
                                <div class="flex items-center">\r\n
                                    <div class="font-medium">Bản đồ</div>\r\n
                                    <div class="ml-2 text-red-500 text-xl font-bold">*</div>\r\n
\r\n
                                </div>\r\n
                            </div>\r\n
                        </label>\r\n
                        <div class="w-full">\r\n
                            <div class="relative">\r\n
                                <input type="text" id="coordinates" name="coordinates"\r\n
                                placeholder="Nhập tọa độ (VD: 10.7769, 106.7009)"\r\n
                                onblur="updateMapFromInput()"\r\n
                                 class="block w-full p-4 ps-10 text-sm text-gray-900 border border-gray-300 rounded-lg bg-gray-50 focus:ring-blue-500 focus:border-blue-500" />\r\n
                                <button type="button" id="get-current-location" class="text-white absolute end-2.5 bottom-2.5 bg-blue-700 hover:bg-blue-800 focus:ring-4 focus:outline-none focus:ring-blue-300 font-medium rounded-lg text-sm px-4 py-2"><svg xmlns="http://www.w3.org/2000/svg" width="24" height="24" viewBox="0 0 24 24" fill="none" stroke="currentColor" stroke-width="2" stroke-linecap="round" stroke-linejoin="round" class="lucide lucide-map-pin-house-icon lucide-map-pin-house"><path d="M15 22a1 1 0 0 1-1-1v-4a1 1 0 0 1 .445-.832l3-2a1 1 0 0 1 1.11 0l3 2A1 1 0 0 1 22 17v4a1 1 0 0 1-1 1z"/><path d="M18 10a8 8 0 0 0-16 0c0 4.993 5.539 10.193 7.399 11.799a1 1 0 0 0 .601.2"/><path d="M18 22v-3"/><circle cx="10" cy="10" r="3"/></svg></button>\r\n
                            </div>\r\n
                        </div>\r\n
                    </div>\r\n
\r\n
                    <div class="flex-col md:flex-row items-start pt-5 first:mt-0 first:pt-0"\r\n
                        formInline>\r\n
                        <label class="md:w-80">\r\n
                            <div class="text-left">\r\n
                                <div class="flex items-center">\r\n
                                    <div class="font-medium">Xã</div>\r\n
                                    <div class="ml-2 text-red-500 text-xl font-bold">*</div>\r\n
\r\n
                                </div>\r\n
                            </div>\r\n
                        </label>\r\n
                        <div class="w-full">\r\n
                            <select class="w-full" id="commune_id" name="commune_id">\r\n
                                <option value="">--Chọn Xã--</option>\r\n
                                                                    <option value="1">Alessandraburgh</option>\r\n
                                                            </select>\r\n
                        </div>\r\n
                    </div>\r\n
                </div>\r\n
               \r\n
                <div>\r\n
                    <div class="flex-col md:flex-row items-start pt-5 first:mt-0 first:pt-0"\r\n
                        formInline>\r\n
                        <label class="md:w-80">\r\n
                            <div class="text-left">\r\n
                                <div class="flex items-center">\r\n
                                    <div class="font-medium">Số điện thoại</div>\r\n
                                    <div class="ml-2 text-red-500 text-xl font-bold">*</div>\r\n
                                </div>\r\n
                            </div>\r\n
                        </label>\r\n
                        <div class="w-full">\r\n
                            <input name="contact_number" id="contact_number" type="text"\r\n
                                placeholder="Số điện thoại" />\r\n
                                                    </div>\r\n
                    </div>\r\n
                   \r\n
                    <div class="flex-col md:flex-row items-start pt-5 first:mt-0 first:pt-0"\r\n
                        formInline>\r\n
                        <label class="md:w-80">\r\n
                            <div class="text-left">\r\n
                                <div class="flex items-center">\r\n
                                    <div class="font-medium">Loại thiên tai phụ</div>\r\n
                                    <div class="ml-2 text-red-500 text-xl font-bold">*</div>\r\n
                                </div>\r\n
                            </div>\r\n
                        </label>\r\n
                        <div class="w-full">\r\n
                            <select class="w-full" id="sub-type-of-calamity-select"\r\n
                                name="sub_type_of_calamity_id">\r\n
                                <option value="">--Chọn thiên tai phụ--</option>\r\n
                            </select>\r\n
                                                    </div>\r\n
                    </div>\r\n
                    <div class="flex-col md:flex-row items-start pt-5 first:mt-0 first:pt-0"\r\n
                        formInline>\r\n
                        <label class="md:w-80">\r\n
                            <div class="text-left">\r\n
                                <div class="flex items-center">\r\n
                                    <div class="font-medium">Địa chỉ</div>\r\n
                                    <div class="ml-2 text-red-500 text-xl font-bold">*</div>\r\n
                                </div>\r\n
                            </div>\r\n
                        </label>\r\n
                        <div class="w-full">\r\n
                            <input name="address" id="address" type="text"\r\n
                                placeholder="Địa chỉ" />\r\n
                                                    </div>\r\n
                    </div>\r\n
                    <div class="flex-col md:flex-row items-start pt-5 first:mt-0 first:pt-0"\r\n
                        formInline>\r\n
                        <label class="md:w-80">\r\n
                            <div class="text-left">\r\n
                                <div class="flex items-center">\r\n
                                    <div class="font-medium">Hình ảnh/Video mô tả</div>\r\n
                                    <div class="ml-2 text-red-500 text-xl font-bold">*</div>\r\n
                                </div>\r\n
                            </div>\r\n
                        </label>\r\n
                        <div class="w-full">\r\n
                            <input type="file" name="attachment[]" id="attachment" accept="image/*,video/*,.pdf" multiple\r\n
                                            class="block w-full text-sm text-gray-900\r\n
                                            file:mr-2 file:py-1 file:px-3\r\n
                                            file:rounded file:border-0\r\n
                                            file:text-sm file:font-medium\r\n
                                            file:bg-blue-100 file:text-blue-700\r\n
                                            hover:file:bg-blue-200 border border-gray-300 rounded-md">\r\n
                            <p class="text-xs text-gray-500 mt-1">Có thể chọn nhiều file (hình ảnh, video, PDF)</p>\r\n
                            <div id="file-progress" class="hidden mt-2">\r\n
                                <div class="w-full bg-gray-200 rounded-full h-2">\r\n
                                    <div id="progress-bar" class="bg-blue-600 h-2 rounded-full transition-all duration-300" style="width: 0%"></div>\r\n
                                </div>\r\n
                                <p id="progress-text" class="text-xs text-gray-600 mt-1">Đang tải file...</p>\r\n
                            </div>\r\n
                                                    </div>\r\n
                    </div>\r\n
                    \r\n
                </div>\r\n
            </div>\r\n
            <div id="map1" class="rounded-lg border shadow-lg"\r\n
                style="width: 100%; height: 400px; margin-top: 30px;"></div>\r\n
        </div>\r\n
    </div>\r\n
    \r\n
    <div class="mt-5 flex flex-col justify-end gap-2 md:flex-row">\r\n
        <a href="http://localhost/calamity/list-storm">\r\n
            <button type="button"\r\n
            class="text-gray-900 bg-white border border-gray-300 focus:outline-none hover:bg-gray-100 focus:ring-4 focus:ring-gray-100 font-medium rounded-lg text-sm px-5 py-2.5 me-2 mb-2">\r\n
            Huỷ Bỏ</button>\r\n
        </a>\r\n
        <button type="submit" class="text-white bg-blue-700 hover:bg-blue-800 focus:ring-4 focus:ring-blue-300 font-medium rounded-lg text-sm px-5 py-2.5 me-2 mb-2 focus:outline-none">\r\n
            Gửi\r\n
        </button>\r\n
    </div>\r\n
</form>\r\n
\r\n
\r\n
\r\n
            </div>\n
        </div>\n
    </div>\n
\n
</body>\n
\n
</html>\n
\n
<script>\n
    function openNotification() {\n
        console.log('openNotification');\n
        const dropdown = document.getElementById('notification-dropdown');\n
        if (dropdown) {\n
            dropdown.classList.toggle('hidden');\n
            \n
            // Nếu dropdown đang hiển thị, đánh dấu tất cả thông báo đã đọc\n
            if (!dropdown.classList.contains('hidden')) {\n
                markNotificationsAsRead();\n
            }\n
        }\n
    }\n
\n
    function markNotificationsAsRead() {\n
        // Gửi request để đánh dấu thông báo đã đọc\n
        fetch('/mark-notifications-as-read', {\n
            method: 'POST',\n
            headers: {\n
                'X-CSRF-TOKEN': document.querySelector('meta[name="csrf-token"]').getAttribute('content'),\n
                'Content-Type': 'application/json',\n
            },\n
        })\n
        .then(response => response.json())\n
        .then(data => {\n
            if (data.success) {\n
                // Ẩn badge số lượng thông báo\n
                const badge = document.getElementById('notification-badge');\n
                if (badge) {\n
                    badge.style.display = 'none';\n
                }\n
            }\n
        })\n
        .catch(error => {\n
            console.error('Error marking notifications as read:', error);\n
        });\n
    }\n
\n
    function markNotificationAsRead(notificationId, element) {\n
        // Gửi request để đánh dấu một thông báo cụ thể đã đọc\n
        fetch('/mark-notification-as-read', {\n
            method: 'POST',\n
            headers: {\n
                'X-CSRF-TOKEN': document.querySelector('meta[name="csrf-token"]').getAttribute('content'),\n
                'Content-Type': 'application/json',\n
            },\n
            body: JSON.stringify({\n
                notification_id: notificationId\n
            })\n
        })\n
        .then(response => response.json())\n
        .then(data => {\n
            if (data.success) {\n
                // Cập nhật giao diện\n
                element.classList.remove('bg-blue-50', 'border-l-4', 'border-blue-500');\n
                element.classList.add('bg-white');\n
                \n
                // Cập nhật màu text\n
                const titleElement = element.querySelector('.font-semibold');\n
                const messageElement = element.querySelector('.text-blue-700');\n
                if (titleElement) titleElement.classList.remove('text-blue-900');\n
                if (messageElement) messageElement.classList.remove('text-blue-700');\n
                \n
                // Ẩn dot xanh\n
                const dotElement = element.querySelector('.bg-blue-500');\n
                if (dotElement) dotElement.style.display = 'none';\n
                \n
                // Cập nhật badge số lượng\n
                updateNotificationBadge();\n
            }\n
        })\n
        .catch(error => {\n
            console.error('Error marking notification as read:', error);\n
        });\n
    }\n
\n
    function updateNotificationBadge() {\n
        // Đếm số thông báo chưa đọc còn lại\n
        const unreadItems = document.querySelectorAll('.bg-blue-50');\n
        const badge = document.getElementById('notification-badge');\n
        \n
        if (badge) {\n
            if (unreadItems.length === 0) {\n
                badge.style.display = 'none';\n
            } else {\n
                badge.textContent = unreadItems.length;\n
                badge.style.display = 'inline-block';\n
            }\n
        }\n
    }\n
\n
    document.addEventListener("DOMContentLoaded", function () {\n
        const toggles = document.querySelectorAll('.toggle-submenu');\n
\n
        toggles.forEach(toggle => {\n
            toggle.addEventListener('click', function (e) {\n
                e.preventDefault();\n
                const submenu = this.nextElementSibling;\n
\n
                document.querySelectorAll('.submenu').forEach(sm => {\n
                    if (sm !== submenu) sm.classList.add('hidden');\n
                });\n
\n
                if (submenu && submenu.classList.contains('submenu')) {\n
                    submenu.classList.toggle('hidden');\n
                }\n
            });\n
        });\n
        \n
        const btn = document.getElementById('user-menu-button');\n
        const dropdown = document.getElementById('user-dropdown');\n
\n
        if (btn && dropdown) {\n
            btn.addEventListener('click', function (e) {\n
                e.stopPropagation();\n
                dropdown.classList.toggle('hidden');\n
            });\n
\n
            document.addEventListener('click', function (e) {\n
                if (!dropdown.classList.contains('hidden') &&\n
                    !dropdown.contains(e.target) &&\n
                    !btn.contains(e.target)) {\n
                    dropdown.classList.add('hidden');\n
                }\n
            });\n
        }\n
\n
        // Thêm event listener để đóng dropdown thông báo khi click ra ngoài\n
        document.addEventListener('click', function (e) {\n
            const notificationDropdown = document.getElementById('notification-dropdown');\n
            const notificationButton = document.querySelector('[onclick="openNotification()"]');\n
            \n
            if (notificationDropdown && !notificationDropdown.classList.contains('hidden') &&\n
                !notificationDropdown.contains(e.target) &&\n
                !notificationButton.contains(e.target)) {\n
                notificationDropdown.classList.add('hidden');\n
            }\n
        });\n
    });\n
</script>\n


  To contain: Test User

  at tests\Feature\IncidentReportTest.php:126
    122▕         ]);
    123▕ 
    124▕         $response = $this->get('/incident-report');
    125▕         $response->assertStatus(200);
  ➜ 126▕         $response->assertSee('Test User');
    127▕         $response->assertSee('Test Description');
    128▕     }
    129▕ 
    130▕     public function test_guest_cannot_delete_incident_reports(): void

  ─────────────────────────────────────────────────────────────────────────────────────────────────────  
   FAILED  Tests\Feature\IncidentReportTest > guest cannot delete incident reports                       
  Failed asserting that two strings are equal.
--- Expected
+++ Actual
@@ @@
-'http://localhost/login'
+'http://localhost'

  at tests\Feature\IncidentReportTest.php:135
    131▕     {
    132▕         $incidentReport = IncidentReport::factory()->create();
    133▕ 
    134▕         $response = $this->get("/delete-incident-report/{$incidentReport->id}");
  ➜ 135▕         $response->assertRedirect('/login');
    136▕     }
    137▕ }

  ─────────────────────────────────────────────────────────────────────────────────────────────────────  
   FAILED  Tests\Feature\IntegrationTest > complete workflow from…  UniqueConstraintViolationException   
  SQLSTATE[23000]: Integrity constraint violation: 19 UNIQUE constraint failed: type_of_calamities.slug (Connection: sqlite, SQL: insert into "type_of_calamities" ("name", "slug", "description", "updated_at", "created_at") values (Bão, bao, Itaque nulla aut qui impedit vitae nostrum., 2025-07-13 09:50:00, 2025-07-13 09:50:00))

  at vendor\laravel\framework\src\Illuminate\Database\Connection.php:817
    813▕         // message to include the bindings with SQL, which will make this exception a
    814▕         // lot more helpful to the developer instead of just the database's errors.
    815▕         catch (Exception $e) {
    816▕             if ($this->isUniqueConstraintError($e)) {
  ➜ 817▕                 throw new UniqueConstraintViolationException(
    818▕                     $this->getName(), $query, $this->prepareBindings($bindings), $e
    819▕                 );
    820▕             }
    821▕

  1   vendor\laravel\framework\src\Illuminate\Database\Connection.php:817

  2   vendor\laravel\framework\src\Illuminate\Database\Connection.php:568
      NunoMaduro\Collision\Exceptions\TestException::("SQLSTATE[23000]: Integrity constraint violation: 19 UNIQUE constraint failed: type_of_calamities.slug")

  ─────────────────────────────────────────────────────────────────────────────────────────────────────  
   FAILED  Tests\Feature\ProfileTest > profile page is displayed                                         
  Expected response status code [200] but received 404.
Failed asserting that 404 is identical to 200.

  at tests\Feature\ProfileTest.php:21
     17▕         $response = $this
     18▕             ->actingAs($user)
     19▕             ->get('/profile');
     20▕ 
  ➜  21▕         $response->assertOk();
     22▕     }
     23▕ 
     24▕     public function test_profile_information_can_be_updated(): void
     25▕     {

  ─────────────────────────────────────────────────────────────────────────────────────────────────────  
   FAILED  Tests\Feature\ProfileTest > profile information can be updated                                
  Expected response status code [201, 301, 302, 303, 307, 308] but received 404.
Failed asserting that false is true.

  at tests\Feature\ProfileTest.php:37
     33▕             ]);
     34▕ 
     35▕         $response
     36▕             ->assertSessionHasNoErrors()
  ➜  37▕             ->assertRedirect('/profile');
     38▕ 
     39▕         $user->refresh();
     40▕ 
     41▕         $this->assertSame('Test User', $user->name);

  ─────────────────────────────────────────────────────────────────────────────────────────────────────  
   FAILED  Tests\Feature\ProfileTest > email verification status is unchanged when the email address…    
  Expected response status code [201, 301, 302, 303, 307, 308] but received 404.
Failed asserting that false is true.

  at tests\Feature\ProfileTest.php:59
     55▕             ]);
     56▕ 
     57▕         $response
     58▕             ->assertSessionHasNoErrors()
  ➜  59▕             ->assertRedirect('/profile');
     60▕ 
     61▕         $this->assertNotNull($user->refresh()->email_verified_at);
     62▕     }
     63▕

  ─────────────────────────────────────────────────────────────────────────────────────────────────────  
   FAILED  Tests\Feature\ProfileTest > user can delete their account                                     
  Expected response status code [201, 301, 302, 303, 307, 308] but received 404.
Failed asserting that false is true.

  at tests\Feature\ProfileTest.php:76
     72▕             ]);
     73▕ 
     74▕         $response
     75▕             ->assertSessionHasNoErrors()
  ➜  76▕             ->assertRedirect('/');
     77▕ 
     78▕         $this->assertGuest();
     79▕         $this->assertNull($user->fresh());
     80▕     }

  ─────────────────────────────────────────────────────────────────────────────────────────────────────  
   FAILED  Tests\Feature\ProfileTest > correct password must be provided to delete account               
  Session is missing expected key [errors].
Failed asserting that false is true.

  at tests\Feature\ProfileTest.php:94
     90▕                 'password' => 'wrong-password',
     91▕             ]);
     92▕ 
     93▕         $response
  ➜  94▕             ->assertSessionHasErrorsIn('userDeletion', 'password')
     95▕             ->assertRedirect('/profile');
     96▕ 
     97▕         $this->assertNotNull($user->fresh());
     98▕     }


  Tests:    35 failed, 54 passed (175 assertions)
  Duration: 7.94s

Time: 00:07.932, Memory: 64.00 MB

Auth (Tests\Feature\Auth)
 ✔ User can view login page
 ✔ User can login with valid credentials
 ✔ User cannot login with invalid credentials
 ✔ User can logout
 ✔ User can view edit profile page
 ✘ User can update profile
   │
   │ Failed asserting that two strings are equal.
   │ --- Expected
   │ +++ Actual
   │ @@ @@
   │ -'updateduser'
   │ +'cristobal78'
   │
   │ D:\DO_AN_TOT_NGHIEP\doan_calamity_manager\tests\Feature\AuthTest.php:87
   │
 ✔ User cannot update profile with duplicate username

Authentication (Tests\Feature\Auth\Authentication)
 ✔ Login screen can be rendered
 ✘ Users can authenticate using the login screen
   │
   │ The user is not authenticated
   │ Failed asserting that false is true.
   │
   │ D:\DO_AN_TOT_NGHIEP\doan_calamity_manager\vendor\laravel\framework\src\Illuminate\Foundation\Testing\Concerns\InteractsWithAuthentication.php:49
   │ D:\DO_AN_TOT_NGHIEP\doan_calamity_manager\tests\Feature\Auth\AuthenticationTest.php:29
   │
 ✔ Users can not authenticate with invalid password
 ✘ Users can logout
   │
   │ The user is authenticated
   │ Failed asserting that true is false.
   │
   │ D:\DO_AN_TOT_NGHIEP\doan_calamity_manager\vendor\laravel\framework\src\Illuminate\Foundation\Testing\Concerns\InteractsWithAuthentication.php:62
   │ D:\DO_AN_TOT_NGHIEP\doan_calamity_manager\tests\Feature\Auth\AuthenticationTest.php:51
   │

Basic (Tests\Feature\Basic)
 ✔ Homepage works
 ✔ Login page works
 ✔ User can login
 ✔ User can logout
 ✔ City management works
 ✔ User management works
 ✔ Incident report works
 ✔ Chat functionality works
 ✔ Guest can subscribe to disaster alerts
 ✔ Basic factories work
 ✔ Public pages are accessible

City Management (Tests\Feature\CityManagement)
 ✔ Guest can view city list
 ✔ Authenticated user can view create city form
 ✔ Authenticated user can create new city
 ✔ Cannot create city with duplicate name
 ✔ Cannot create city with duplicate code
 ✔ Authenticated user can view edit city form
 ✔ Authenticated user can update city
 ✔ Authenticated user can delete city
 ✔ Authenticated user can delete multiple cities
 ✔ City list can be searched
 ✔ Guest cannot access create city form

Dashboard (Tests\Feature\Dashboard)
 ✘ Dashboard displays calamity statistics
   │
   │ Illuminate\Database\UniqueConstraintViolationException: SQLSTATE[23000]: Integrity constraint violation: 19 UNIQUE constraint failed: type_of_calamities.slug (Connection: sqlite, SQL: insert into "type_of_calamities" ("name", "slug", "description", "updated_at", "created_at") values (Lũ quét, lu-quet, Qui et temporibus tempora neque culpa occaecati., 2025-07-13 09:49:58, 2025-07-13 09:49:58))
   │
   │ D:\DO_AN_TOT_NGHIEP\doan_calamity_manager\vendor\laravel\framework\src\Illuminate\Database\Connection.php:817
   │ D:\DO_AN_TOT_NGHIEP\doan_calamity_manager\vendor\laravel\framework\src\Illuminate\Database\Connection.php:776
   │ D:\DO_AN_TOT_NGHIEP\doan_calamity_manager\vendor\laravel\framework\src\Illuminate\Database\Connection.php:557
   │ D:\DO_AN_TOT_NGHIEP\doan_calamity_manager\vendor\laravel\framework\src\Illuminate\Database\Connection.php:521
   │ D:\DO_AN_TOT_NGHIEP\doan_calamity_manager\vendor\laravel\framework\src\Illuminate\Database\Query\Processors\Processor.php:32
   │ D:\DO_AN_TOT_NGHIEP\doan_calamity_manager\vendor\laravel\framework\src\Illuminate\Database\Query\Builder.php:3796
   │ D:\DO_AN_TOT_NGHIEP\doan_calamity_manager\vendor\laravel\framework\src\Illuminate\Database\Eloquent\Builder.php:2205
   │ D:\DO_AN_TOT_NGHIEP\doan_calamity_manager\vendor\laravel\framework\src\Illuminate\Database\Eloquent\Model.php:1410
   │ D:\DO_AN_TOT_NGHIEP\doan_calamity_manager\vendor\laravel\framework\src\Illuminate\Database\Eloquent\Model.php:1375
   │ D:\DO_AN_TOT_NGHIEP\doan_calamity_manager\vendor\laravel\framework\src\Illuminate\Database\Eloquent\Model.php:1214
   │ D:\DO_AN_TOT_NGHIEP\doan_calamity_manager\vendor\laravel\framework\src\Illuminate\Database\Eloquent\Factories\Factory.php:350
   │ D:\DO_AN_TOT_NGHIEP\doan_calamity_manager\vendor\laravel\framework\src\Illuminate\Collections\Traits\EnumeratesValues.php:271
   │ D:\DO_AN_TOT_NGHIEP\doan_calamity_manager\vendor\laravel\framework\src\Illuminate\Database\Eloquent\Factories\Factory.php:345
   │ D:\DO_AN_TOT_NGHIEP\doan_calamity_manager\vendor\laravel\framework\src\Illuminate\Database\Eloquent\Factories\Factory.php:301
   │ D:\DO_AN_TOT_NGHIEP\doan_calamity_manager\vendor\laravel\framework\src\Illuminate\Database\Eloquent\Factories\Factory.php:496
   │ D:\DO_AN_TOT_NGHIEP\doan_calamity_manager\vendor\laravel\framework\src\Illuminate\Collections\Arr.php:749
   │ D:\DO_AN_TOT_NGHIEP\doan_calamity_manager\vendor\laravel\framework\src\Illuminate\Collections\Collection.php:809
   │ D:\DO_AN_TOT_NGHIEP\doan_calamity_manager\vendor\laravel\framework\src\Illuminate\Database\Eloquent\Factories\Factory.php:491
   │ D:\DO_AN_TOT_NGHIEP\doan_calamity_manager\vendor\laravel\framework\src\Illuminate\Database\Eloquent\Factories\Factory.php:445
   │ D:\DO_AN_TOT_NGHIEP\doan_calamity_manager\vendor\laravel\framework\src\Illuminate\Database\Eloquent\Factories\Factory.php:429
   │ D:\DO_AN_TOT_NGHIEP\doan_calamity_manager\vendor\laravel\framework\src\Illuminate\Database\Eloquent\Concerns\GuardsAttributes.php:151
   │ D:\DO_AN_TOT_NGHIEP\doan_calamity_manager\vendor\laravel\framework\src\Illuminate\Database\Eloquent\Factories\Factory.php:428
   │ D:\DO_AN_TOT_NGHIEP\doan_calamity_manager\vendor\laravel\framework\src\Illuminate\Database\Eloquent\Factories\Factory.php:402
   │ D:\DO_AN_TOT_NGHIEP\doan_calamity_manager\vendor\laravel\framework\src\Illuminate\Database\Eloquent\Factories\Factory.php:298
   │ D:\DO_AN_TOT_NGHIEP\doan_calamity_manager\vendor\laravel\framework\src\Illuminate\Database\Eloquent\Factories\Factory.php:496
   │ D:\DO_AN_TOT_NGHIEP\doan_calamity_manager\vendor\laravel\framework\src\Illuminate\Collections\Arr.php:749
   │ D:\DO_AN_TOT_NGHIEP\doan_calamity_manager\vendor\laravel\framework\src\Illuminate\Collections\Collection.php:809
   │ D:\DO_AN_TOT_NGHIEP\doan_calamity_manager\vendor\laravel\framework\src\Illuminate\Database\Eloquent\Factories\Factory.php:491
   │ D:\DO_AN_TOT_NGHIEP\doan_calamity_manager\vendor\laravel\framework\src\Illuminate\Database\Eloquent\Factories\Factory.php:445
   │ D:\DO_AN_TOT_NGHIEP\doan_calamity_manager\vendor\laravel\framework\src\Illuminate\Database\Eloquent\Factories\Factory.php:429
   │ D:\DO_AN_TOT_NGHIEP\doan_calamity_manager\vendor\laravel\framework\src\Illuminate\Database\Eloquent\Concerns\GuardsAttributes.php:157
   │ D:\DO_AN_TOT_NGHIEP\doan_calamity_manager\vendor\laravel\framework\src\Illuminate\Database\Eloquent\Factories\Factory.php:428
   │ D:\DO_AN_TOT_NGHIEP\doan_calamity_manager\vendor\laravel\framework\src\Illuminate\Database\Eloquent\Factories\Factory.php:412
   │ D:\DO_AN_TOT_NGHIEP\doan_calamity_manager\vendor\laravel\framework\src\Illuminate\Database\Eloquent\Factories\Factory.php:411
   │ D:\DO_AN_TOT_NGHIEP\doan_calamity_manager\vendor\laravel\framework\src\Illuminate\Database\Eloquent\Factories\Factory.php:298
   │ D:\DO_AN_TOT_NGHIEP\doan_calamity_manager\tests\Feature\DashboardTest.php:21
   │
 ✘ Dashboard shows recent calamities
   │
   │ Failed asserting that '<!DOCTYPE html>\n
   │ <html class="opacity-0" lang="vi">\n
   │ \n
   │ <head>\n
   │     <meta charset="utf-8">\n
   │     <meta name="csrf-token" content="3bRVB1mq5e4qYVM6JvWsNqiUY147B2r9udpOHCYd">\n
   │     <meta name="viewport" content="width=device-width, initial-scale=1">\n
   │     <meta name="author" content="LEFT4CODE">\n
   │     \n
   │     \n
   │     <script type="module" src="http://[::1]:5173/@vite/client"></script><script type="module" src="http://[::1]:5173/resources/js/vendors/dom.js"></script>    \n
   │         <script type="module" src="http://[::1]:5173/@vite/client"></script><script type="module" src="http://[::1]:5173/resources/js/vendors/modal.js"></script>\n
   │     <script type="module" src="http://[::1]:5173/@vite/client"></script><script type="module" src="http://[::1]:5173/resources/js/components/base/theme-color.js"></script>    <script type="module" src="http://[::1]:5173/@vite/client"></script><link rel="stylesheet" href="http://[::1]:5173/resources/css/app.css" /><script type="module" src="http://[::1]:5173/resources/js/app.js"></script>\n
   │         <script src="https://cdn.jsdelivr.net/npm/apexcharts"></script>\n
   │     <script>\n
   │ \n
   │         document.addEventListener("DOMContentLoaded", function() {\n
   │             var disasterData = [{"type":"S\u1ea1t L\u1edf","count":0,"percentage":0},{"type":"Ng\u1eadp L\u1ee5t","count":0,"percentage":0},{"type":"B\u00e3o","count":0,"percentage":0}];\n
   │             var labels = disasterData.map(item => item.type);\n
   │             var series = disasterData.map(item => item.count);\n
   │             \n
   │             var colors = ['#2563eb', '#f59e0b', '#ef4444'];\n
   │             if (series.reduce((a, b) => a + b, 0) === 0) {\n
   │                 document.getElementById("disaster-chart").innerHTML =\n
   │                     "<p class='text-gray-500 text-center'>Không có dữ liệu để hiển thị</p>";\n
   │             } else {\n
   │                 var options = {\n
   │                     series: series,\n
   │                     chart: {\n
   │                         type: 'pie',\n
   │                         height: 370\n
   │                     },\n
   │                     labels: labels,\n
   │                     colors: colors,\n
   │                     legend: {\n
   │                         show: false\n
   │                     },\n
   │                     stroke: {\n
   │                         show: true,\n
   │                         width: 2,\n
   │                         colors: ['#ffffff']\n
   │                     }\n
   │                 };\n
   │                 var chart = new ApexCharts(document.querySelector("#disaster-chart"), options);\n
   │                 chart.render();\n
   │             }\n
   │         });\n
   │ \n
   │         document.addEventListener("DOMContentLoaded", function() {\n
   │             if (typeof google === "undefined" || typeof google.maps === "undefined") {\n
   │                 console.warn("Google Maps API chưa tải xong, đợi 1 giây...");\n
   │                 let checkGoogleMaps = setInterval(() => {\n
   │                     if (typeof google !== "undefined" && typeof google.maps !== "undefined") {\n
   │                         clearInterval(checkGoogleMaps);\n
   │                         console.log("Google Maps API đã sẵn sàng!");\n
   │                         initializeApp();\n
   │                     }\n
   │                 }, 1000);\n
   │             } else {\n
   │                 console.log("Google Maps API đã sẵn sàng!");\n
   │                 initializeApp();\n
   │             }\n
   │         });\n
   │         let calamitiesData = [{"type":"S\u1ea1t L\u1edf","data":[]},{"type":"Ng\u1eadp L\u1ee5t","data":[]},{"type":"B\u00e3o","data":[]}]\n
   │         let map;\n
   │         let markers = {}; \n
   │         let kmlLayers = {}; \n
   │         let map1, marker;\n
   │ \n
   │         function initializeApp() {\n
   │             initMap();\n
   │             addMarkersAndKML()\n
   │             setupCheckboxListeners()\n
   │         }\n
   │ \n
   │         function initMap() {\n
   │             \n
   │             map = new google.maps.Map(document.getElementById('map'), {\n
   │                 center: {\n
   │                     lat: 9.176,\n
   │                     lng: 105.15\n
   │                 },\n
   │                 zoom: 10\n
   │             });\n
   │             addDistrictLabels();\n
   │ \n
   │         }\n
   │ \n
   │         function addDistrictLabels() {\n
   │             const districts = [{\n
   │                     name: "TP.Cà Mau",\n
   │                     lat: 9.180768,\n
   │                     lng: 105.191980\n
   │                 },\n
   │                 {\n
   │                     name: "H.U Minh",\n
   │                     lat: 9.3458,\n
   │                     lng: 104.9432\n
   │                 },\n
   │                 {\n
   │                     name: "H.Thới Bình",\n
   │                     lat: 9.340954,\n
   │                     lng: 105.163154\n
   │                 },\n
   │                 {\n
   │                     name: "H.Trần Văn Thời",\n
   │                     lat: 9.139329,\n
   │                     lng: 104.916711\n
   │                 },\n
   │                 {\n
   │                     name: "H.Cái Nước",\n
   │                     lat: 9.028582,\n
   │                     lng: 105.046749\n
   │                 },\n
   │                 {\n
   │                     name: "H.Đầm Dơi",\n
   │                     lat: 8.965907,\n
   │                     lng: 105.243772\n
   │                 },\n
   │                 {\n
   │                     name: "H.Năm Căn",\n
   │                     lat: 8.7815,\n
   │                     lng: 104.9735\n
   │                 },\n
   │                 {\n
   │                     name: "H.Phú Tân",\n
   │                     lat: 8.889554,\n
   │                     lng: 104.877030\n
   │                 },\n
   │                 {\n
   │                     name: "H.Ngọc Hiển",\n
   │                     lat: 8.6235,\n
   │                     lng: 104.8435\n
   │                 }\n
   │             ];\n
   │             districts.forEach(district => {\n
   │                 new google.maps.Marker({\n
   │                     position: {\n
   │                         lat: district.lat,\n
   │                         lng: district.lng\n
   │                     },\n
   │                     map,\n
   │                     label: {\n
   │                         text: district.name,\n
   │                         color: "black",\n
   │                         fontSize: "12px"\n
   │                     },\n
   │                     icon: {\n
   │                         path: google.maps.SymbolPath.CIRCLE,\n
   │                         scale: 0\n
   │                     },\n
   │                 });\n
   │             });\n
   │         }\n
   │ \n
   │         function removeVietnameseTones(str) {\n
   │             return str.normalize("NFD").replace(/[\u0300-\u036f]/g, "") \n
   │                 .replace(/đ/g, "d").replace(/Đ/g, "D") \n
   │                 .replace(/\s+/g, '-').toLowerCase(); \n
   │         }\n
   │ \n
   │         function addMarkersAndKML() {\n
   │             markers = {}; \n
   │             let sharedInfoWindow = new google.maps.InfoWindow();\n
   │             calamitiesData.forEach(disaster => {\n
   │                 disaster.data.forEach(item => {\n
   │                     console.log("📍 Marker:", item.name, item.coordinates);\n
   │                 });\n
   │ \n
   │                 let type = disaster.type;\n
   │                 let slug = removeVietnameseTones(type); \n
   │                 markers[slug] = [];\n
   │                 \n
   │                 let iconUrl = "";\n
   │                 switch (type.toLowerCase()) {\n
   │                     case "sạt lở":\n
   │                         iconUrl = "/uploads/map/falling_rocks.png";\n
   │                         break;\n
   │                     case "ngập lụt":\n
   │                         iconUrl = "/uploads/map/swimming.png";\n
   │                         break;\n
   │                     case "bão":\n
   │                         iconUrl = "/uploads/map/caution.png";\n
   │                         break;\n
   │                     default:\n
   │                         iconUrl = "https://maps.google.com/mapfiles/kml/shapes/info-i_maps.png"; \n
   │                 }\n
   │                 \n
   │                 if (Array.isArray(disaster.data)) {\n
   │                     disaster.data.forEach(item => {\n
   │                         if (item.coordinates) {\n
   │                             let [lat, lng] = item.coordinates.split(',').map(coord => parseFloat(coord\n
   │                                 .trim()));\n
   │                             let marker = new google.maps.Marker({\n
   │                                 position: {\n
   │                                     lat,\n
   │                                     lng\n
   │                                 },\n
   │                                 map: map,\n
   │                                 icon: {\n
   │                                     url: iconUrl,\n
   │                                     scaledSize: new google.maps.Size(25, 25)\n
   │                                 }\n
   │                             });\n
   │                             marker.addListener("click", () => {\n
   │                                 sharedInfoWindow.setContent(generateContent(item, type));\n
   │                                 sharedInfoWindow.open(map, marker);\n
   │                             });\n
   │                             google.maps.event.addListener(sharedInfoWindow, "domready", function() {\n
   │                                 const closeBtn = document.querySelector(".gm-ui-hover-effect");\n
   │                                 if (closeBtn) closeBtn.style.display = "none";\n
   │                                 const customClose = document.getElementById("custom-close-btn");\n
   │                                 if (customClose) {\n
   │                                     customClose.addEventListener("click", () => {\n
   │                                         sharedInfoWindow.close();\n
   │                                     });\n
   │                                 }\n
   │                             });\n
   │                             markers[slug].push(marker);\n
   │                         }\n
   │                     });\n
   │                 }\n
   │             });\n
   │         }\n
   │ \n
   │         function generateContent(calamity, type) {\n
   │             let headerColor = "linear-gradient(to right, #95a5a6, #7f8c8d)";\n
   │             if (type === "Sạt Lở") {\n
   │                 headerColor = "linear-gradient(to right, #e74c3c, #c0392b)";\n
   │             } else if (type === "Ngập Lụt") {\n
   │                 headerColor = "linear-gradient(to right, #3498db, #2980b9)";\n
   │             } else if (type === "Bão") {\n
   │                 headerColor = "linear-gradient(to right, #f39c12, #e67e22)";\n
   │             }\n
   │             const content = `\n
   │                     <div style="max-width: 320px; font-family: 'Segoe UI', sans-serif; border-radius: 16px; overflow: hidden; box-shadow: 0 8px 20px rgba(0,0,0,0.15); background: #fff; position: relative;">\n
   │                         <button id="custom-close-btn"\n
   │                             style="position: absolute; top: 10px; right: 10px; background: rgba(255,255,255,0.9); border: none; border-radius: 50%; padding: 6px 10px; font-size: 16px; cursor: pointer; box-shadow: 0 2px 6px rgba(0,0,0,0.2); z-index: 2;">\n
   │                             ✕\n
   │                         </button>\n
   │                         <div style="background: ${headerColor}; color: white; padding: 14px 20px; text-align: center;">\n
   │                             <div style="font-size: 17px; font-weight: bold; letter-spacing: 0.5px;">\n
   │                                 ${calamity.name || "Không có tên"} (${type})\n
   │                             </div>\n
   │                         </div>\n
   │                     <div style="padding: 16px 20px; font-size: 14.5px; color: #333; line-height: 1.8;">\n
   │                             <div style="margin-bottom: 6px;"><strong>🌍 Thiên tai:</strong> ${calamity.risk_level.type_of_calamities.name || "Không có"}</div>\n
   │                             <div style="margin-bottom: 6px;"><strong>🌀 Tác nhân:</strong> ${calamity.sub_type_of_calamities[0].name || "Không có"}</div>\n
   │                             <div style="margin-bottom: 6px;"><strong>⚠️ Cấp độ:</strong> ${calamity.risk_level.name || "Không có"}</div>\n
   │                             <div style="margin-bottom: 6px;"><strong>📍 Địa chỉ:</strong> ${calamity.address || "Không có"}</div>\n
   │                             <div style="margin-bottom: 6px;"><strong>🏘️ Xã:</strong> ${calamity.communes?.[0]?.name || "Không có"}</div>\n
   │                             <div style="margin-bottom: 6px;"><strong>🏞️ Huyện:</strong> ${calamity.communes?.[0]?.district?.name || "Không có"}</div>\n
   │                         </div>\n
   │                     </div>\n
   │                     `;\n
   │             return content;\n
   │         }\n
   │ \n
   │         function setupCheckboxListeners() {\n
   │             document.querySelectorAll("input[type='checkbox']").forEach(checkbox => {\n
   │                 checkbox.addEventListener("change", function() {\n
   │                     let typeSlug = this.id.replace("toggle-", "");\n
   │                     if (this.checked) {\n
   │                         if (markers[typeSlug]) {\n
   │                             markers[typeSlug].forEach(marker => marker.setVisible(true));\n
   │                         }\n
   │                         if (kmlLayers[typeSlug]) {\n
   │                             kmlLayers[typeSlug].forEach(layer => layer.setMap(map));\n
   │                         }\n
   │                     } else {\n
   │                         if (markers[typeSlug]) {\n
   │                             markers[typeSlug].forEach(marker => marker.setVisible(false));\n
   │                         }\n
   │                         if (kmlLayers[typeSlug]) {\n
   │                             kmlLayers[typeSlug].forEach(layer => layer.setMap(null));\n
   │                         }\n
   │                     }\n
   │                 });\n
   │             });\n
   │         }\n
   │ \n
   │         function showToast(message) {\n
   │             let toast = document.createElement("div");\n
   │             toast.innerText = message;\n
   │             toast.style.position = "fixed";\n
   │             toast.style.bottom = "20px";\n
   │             toast.style.left = "50%";\n
   │             toast.style.transform = "translateX(-50%)";\n
   │             toast.style.background = "#ff4d4d";\n
   │             toast.style.color = "white";\n
   │             toast.style.padding = "10px 20px";\n
   │             toast.style.borderRadius = "5px";\n
   │             toast.style.zIndex = "1000";\n
   │             document.body.appendChild(toast);\n
   │ \n
   │             setTimeout(() => {\n
   │                 toast.remove();\n
   │             }, 3000);\n
   │         }\n
   │     </script>\n
   │     <script async\n
   │         src="https://maps.googleapis.com/maps/api/js?key=AIzaSyDMhd9dHKpWfJ57Ndv2alnxEcSvP_-_uN8&libraries=places&callback=initMap">\n
   │     </script>\n
   │     \n
   │ </head>\n
   │ \n
   │ <body style="background-color: #1E3A8A;">\n
   │ \n
   │     <div class=" px-5 sm:px-8 py-5 ">\n
   │         <div class="mobile-menu hidden lg:hidden fixed inset-0 bg-slate-900 text-white z-50 overflow-y-auto" style="background-color: #1E3A8A;">\n
   │     \n
   │     <div class="flex h-[70px] items-center px-4 sm:px-8 justify-between border-b border-slate-700 lg:hidden">\n
   │         <a href="http://localhost" class="flex items-center gap-2">\n
   │             <span class="font-semibold text-lg">Quản lý thiên tai</span>\n
   │         </a>\n
   │         <span role="button" class="mobile-menu-close cursor-pointer"\n
   │       onclick="document.querySelector('.mobile-menu')?.classList.add('hidden')">\n
   │     <svg class="lucide w-5 h-5 mr-2" xmlns="http://www.w3.org/2000/svg" fill="none" stroke="currentColor" stroke-width="2" stroke-linecap="round" stroke-linejoin="round" viewBox="0 0 24 24"><circle cx="12" cy="12" r="10"/><path d="M15 9l-6 6m0-6l6 6"/></svg>\n
   │     </span>\n
   │ \n
   │     </div>\n
   │ \n
   │     <ul class="py-4 px-4 space-y-2">\n
   │                                                         <li>\n
   │                         <a class="flex items-center justify-between px-4 py-3 hover:bg-slate-700 rounded transition "\n
   │                            href="http://localhost">\n
   │                             <div class="flex items-center gap-2">\n
   │                                 <svg class="lucide w-5 h-5 mr-2" xmlns="http://www.w3.org/2000/svg" fill="none" stroke="currentColor" stroke-width="2" stroke-linecap="round" stroke-linejoin="round" viewBox="0 0 24 24"><path d="M12 22a10 10 0 1 0-10-10a10.011 10.011 0 0 0 10 10z"/><path d="M12.5 7h-1a1.5 1.5 0 0 0-1.5 1.5v6A1.5 1.5 0 0 0 11.5 16h1a1.5 1.5 0 0 0 .5-2.9V9.9A1.5 1.5 0 0 0 12.5 7z"/><circle cx="12" cy="19" r=".5"/></svg>\n
   │                                 <span>Tổng Quan</span>\n
   │                             </div>\n
   │                                                     </a>\n
   │ \n
   │                                             </li>\n
   │                                                                 <li>\n
   │                         <a class="flex items-center justify-between px-4 py-3 hover:bg-slate-700 rounded transition toggle-submenu"\n
   │                            href="javascript:;">\n
   │                             <div class="flex items-center gap-2">\n
   │                                 <svg class="lucide w-5 h-5 mr-2" xmlns="http://www.w3.org/2000/svg" fill="none" stroke="currentColor" stroke-width="2" stroke-linecap="round" stroke-linejoin="round" viewBox="0 0 24 24"><path d="M3 9l9-7l9 7v11a2 2 0 0 1-2 2H5a2 2 0 0 1-2-2V9z"/><polyline points="9 22 9 12 15 12 15 22"/></svg>\n
   │                                 <span>Địa Điểm</span>\n
   │                             </div>\n
   │                                                             <svg class="lucide w-5 h-5 mr-2" xmlns="http://www.w3.org/2000/svg" fill="none" stroke="currentColor" stroke-width="2" stroke-linecap="round" stroke-linejoin="round" viewBox="0 0 24 24"><path d="M6 9l6 6l6-6"/></svg>\n
   │                                                     </a>\n
   │ \n
   │                                                     <ul class="submenu ml-4 mt-1 hidden space-y-1">\n
   │                                                                     <li>\n
   │                                         <a class="flex items-center justify-between px-4 py-2 text-sm hover:bg-slate-700 rounded transition "\n
   │                                            href="http://localhost/list-city">\n
   │                                             <div class="flex items-center gap-2">\n
   │                                                 <svg class="lucide w-5 h-5 mr-2" xmlns="http://www.w3.org/2000/svg" fill="none" stroke="currentColor" stroke-width="2" stroke-linecap="round" stroke-linejoin="round" viewBox="0 0 24 24"><path d="M12 22a10 10 0 1 0-10-10a10.011 10.011 0 0 0 10 10z"/><path d="M12.5 7h-1a1.5 1.5 0 0 0-1.5 1.5v6A1.5 1.5 0 0 0 11.5 16h1a1.5 1.5 0 0 0 .5-2.9V9.9A1.5 1.5 0 0 0 12.5 7z"/><circle cx="12" cy="19" r=".5"/></svg>\n
   │                                                 <span>Tỉnh-Thành</span>\n
   │                                             </div>\n
   │                                                                                     </a>\n
   │ \n
   │                                                                             </li>\n
   │                                                                     <li>\n
   │                                         <a class="flex items-center justify-between px-4 py-2 text-sm hover:bg-slate-700 rounded transition "\n
   │                                            href="http://localhost/list-district">\n
   │                                             <div class="flex items-center gap-2">\n
   │                                                 <svg class="lucide w-5 h-5 mr-2" xmlns="http://www.w3.org/2000/svg" fill="none" stroke="currentColor" stroke-width="2" stroke-linecap="round" stroke-linejoin="round" viewBox="0 0 24 24"><path d="M12 22a10 10 0 1 0-10-10a10.011 10.011 0 0 0 10 10z"/><path d="M12.5 7h-1a1.5 1.5 0 0 0-1.5 1.5v6A1.5 1.5 0 0 0 11.5 16h1a1.5 1.5 0 0 0 .5-2.9V9.9A1.5 1.5 0 0 0 12.5 7z"/><circle cx="12" cy="19" r=".5"/></svg>\n
   │                                                 <span>Quận-Huyện</span>\n
   │                                             </div>\n
   │                                                                                     </a>\n
   │ \n
   │                                                                             </li>\n
   │                                                                     <li>\n
   │                                         <a class="flex items-center justify-between px-4 py-2 text-sm hover:bg-slate-700 rounded transition "\n
   │                                            href="http://localhost/list-commune">\n
   │                                             <div class="flex items-center gap-2">\n
   │                                                 <svg class="lucide w-5 h-5 mr-2" xmlns="http://www.w3.org/2000/svg" fill="none" stroke="currentColor" stroke-width="2" stroke-linecap="round" stroke-linejoin="round" viewBox="0 0 24 24"><path d="M12 22a10 10 0 1 0-10-10a10.011 10.011 0 0 0 10 10z"/><path d="M12.5 7h-1a1.5 1.5 0 0 0-1.5 1.5v6A1.5 1.5 0 0 0 11.5 16h1a1.5 1.5 0 0 0 .5-2.9V9.9A1.5 1.5 0 0 0 12.5 7z"/><circle cx="12" cy="19" r=".5"/></svg>\n
   │                                                 <span>Phường-Xã</span>\n
   │                                             </div>\n
   │                                                                                     </a>\n
   │ \n
   │                                                                             </li>\n
   │                                                             </ul>\n
   │                                             </li>\n
   │                                                                 <li>\n
   │                         <a class="flex items-center justify-between px-4 py-3 hover:bg-slate-700 rounded transition toggle-submenu"\n
   │                            href="javascript:;">\n
   │                             <div class="flex items-center gap-2">\n
   │                                 <svg class="lucide w-5 h-5 mr-2" xmlns="http://www.w3.org/2000/svg" fill="none" stroke="currentColor" stroke-width="2" stroke-linecap="round" stroke-linejoin="round" viewBox="0 0 24 24"><path d="M16 21v-2a4 4 0 0 0-8 0v2"/><circle cx="12" cy="7" r="4"/><path d="M20.88 18.5A3.5 3.5 0 0 1 17.5 22H6.5a3.5 3.5 0 0 1-3.38-2.5"/></svg>\n
   │                                 <span>Loại Thiên Tai</span>\n
   │                             </div>\n
   │                                                             <svg class="lucide w-5 h-5 mr-2" xmlns="http://www.w3.org/2000/svg" fill="none" stroke="currentColor" stroke-width="2" stroke-linecap="round" stroke-linejoin="round" viewBox="0 0 24 24"><path d="M6 9l6 6l6-6"/></svg>\n
   │                                                     </a>\n
   │ \n
   │                                                     <ul class="submenu ml-4 mt-1 hidden space-y-1">\n
   │                                                                     <li>\n
   │                                         <a class="flex items-center justify-between px-4 py-2 text-sm hover:bg-slate-700 rounded transition "\n
   │                                            href="http://localhost/list-type-of-calamity">\n
   │                                             <div class="flex items-center gap-2">\n
   │                                                 <svg class="lucide w-5 h-5 mr-2" xmlns="http://www.w3.org/2000/svg" fill="none" stroke="currentColor" stroke-width="2" stroke-linecap="round" stroke-linejoin="round" viewBox="0 0 24 24"><path d="M12 22a10 10 0 1 0-10-10a10.011 10.011 0 0 0 10 10z"/><path d="M12.5 7h-1a1.5 1.5 0 0 0-1.5 1.5v6A1.5 1.5 0 0 0 11.5 16h1a1.5 1.5 0 0 0 .5-2.9V9.9A1.5 1.5 0 0 0 12.5 7z"/><circle cx="12" cy="19" r=".5"/></svg>\n
   │                                                 <span>Loại Thiên Tai</span>\n
   │                                             </div>\n
   │                                                                                     </a>\n
   │ \n
   │                                                                             </li>\n
   │                                                                     <li>\n
   │                                         <a class="flex items-center justify-between px-4 py-2 text-sm hover:bg-slate-700 rounded transition "\n
   │                                            href="http://localhost/list-sub-type-of-calamity">\n
   │                                             <div class="flex items-center gap-2">\n
   │                                                 <svg class="lucide w-5 h-5 mr-2" xmlns="http://www.w3.org/2000/svg" fill="none" stroke="currentColor" stroke-width="2" stroke-linecap="round" stroke-linejoin="round" viewBox="0 0 24 24"><path d="M12 22a10 10 0 1 0-10-10a10.011 10.011 0 0 0 10 10z"/><path d="M12.5 7h-1a1.5 1.5 0 0 0-1.5 1.5v6A1.5 1.5 0 0 0 11.5 16h1a1.5 1.5 0 0 0 .5-2.9V9.9A1.5 1.5 0 0 0 12.5 7z"/><circle cx="12" cy="19" r=".5"/></svg>\n
   │                                                 <span>Loại Thiên Tai Phụ</span>\n
   │                                             </div>\n
   │                                                                                     </a>\n
   │ \n
   │                                                                             </li>\n
   │                                                                     <li>\n
   │                                         <a class="flex items-center justify-between px-4 py-2 text-sm hover:bg-slate-700 rounded transition "\n
   │                                            href="http://localhost/list-risk-level">\n
   │                                             <div class="flex items-center gap-2">\n
   │                                                 <svg class="lucide w-5 h-5 mr-2" xmlns="http://www.w3.org/2000/svg" fill="none" stroke="currentColor" stroke-width="2" stroke-linecap="round" stroke-linejoin="round" viewBox="0 0 24 24"><path d="M12 22a10 10 0 1 0-10-10a10.011 10.011 0 0 0 10 10z"/><path d="M12.5 7h-1a1.5 1.5 0 0 0-1.5 1.5v6A1.5 1.5 0 0 0 11.5 16h1a1.5 1.5 0 0 0 .5-2.9V9.9A1.5 1.5 0 0 0 12.5 7z"/><circle cx="12" cy="19" r=".5"/></svg>\n
   │                                                 <span>Cấp Độ Thiên Tai</span>\n
   │                                             </div>\n
   │                                                                                     </a>\n
   │ \n
   │                                                                             </li>\n
   │                                                                     <li>\n
   │                                         <a class="flex items-center justify-between px-4 py-2 text-sm hover:bg-slate-700 rounded transition "\n
   │                                            href="http://localhost/list-type-of-construction">\n
   │                                             <div class="flex items-center gap-2">\n
   │                                                 <svg class="lucide w-5 h-5 mr-2" xmlns="http://www.w3.org/2000/svg" fill="none" stroke="currentColor" stroke-width="2" stroke-linecap="round" stroke-linejoin="round" viewBox="0 0 24 24"><path d="M12 22a10 10 0 1 0-10-10a10.011 10.011 0 0 0 10 10z"/><path d="M12.5 7h-1a1.5 1.5 0 0 0-1.5 1.5v6A1.5 1.5 0 0 0 11.5 16h1a1.5 1.5 0 0 0 .5-2.9V9.9A1.5 1.5 0 0 0 12.5 7z"/><circle cx="12" cy="19" r=".5"/></svg>\n
   │                                                 <span>Loại Công Trình</span>\n
   │                                             </div>\n
   │                                                                                     </a>\n
   │ \n
   │                                                                             </li>\n
   │                                                                     <li>\n
   │                                         <a class="flex items-center justify-between px-4 py-2 text-sm hover:bg-slate-700 rounded transition "\n
   │                                            href="http://localhost/list-scenarios">\n
   │                                             <div class="flex items-center gap-2">\n
   │                                                 <svg class="lucide w-5 h-5 mr-2" xmlns="http://www.w3.org/2000/svg" fill="none" stroke="currentColor" stroke-width="2" stroke-linecap="round" stroke-linejoin="round" viewBox="0 0 24 24"><path d="M12 22a10 10 0 1 0-10-10a10.011 10.011 0 0 0 10 10z"/><path d="M12.5 7h-1a1.5 1.5 0 0 0-1.5 1.5v6A1.5 1.5 0 0 0 11.5 16h1a1.5 1.5 0 0 0 .5-2.9V9.9A1.5 1.5 0 0 0 12.5 7z"/><circle cx="12" cy="19" r=".5"/></svg>\n
   │                                                 <span>Phương Án Ứng Phó</span>\n
   │                                             </div>\n
   │                                                                                     </a>\n
   │ \n
   │                                                                             </li>\n
   │                                                             </ul>\n
   │                                             </li>\n
   │                                                                 <li>\n
   │                         <a class="flex items-center justify-between px-4 py-3 hover:bg-slate-700 rounded transition toggle-submenu"\n
   │                            href="javascript:;">\n
   │                             <div class="flex items-center gap-2">\n
   │                                 <svg class="lucide w-5 h-5 mr-2" xmlns="http://www.w3.org/2000/svg" fill="none" stroke="currentColor" stroke-width="2" stroke-linecap="round" stroke-linejoin="round" viewBox="0 0 24 24"><path d="M16 21v-2a4 4 0 0 0-8 0v2"/><circle cx="12" cy="7" r="4"/><path d="M20.88 18.5A3.5 3.5 0 0 1 17.5 22H6.5a3.5 3.5 0 0 1-3.38-2.5"/></svg>\n
   │                                 <span>Dữ Liệu Thiên Tai</span>\n
   │                             </div>\n
   │                                                             <svg class="lucide w-5 h-5 mr-2" xmlns="http://www.w3.org/2000/svg" fill="none" stroke="currentColor" stroke-width="2" stroke-linecap="round" stroke-linejoin="round" viewBox="0 0 24 24"><path d="M6 9l6 6l6-6"/></svg>\n
   │                                                     </a>\n
   │ \n
   │                                                     <ul class="submenu ml-4 mt-1 hidden space-y-1">\n
   │                                                                     <li>\n
   │                                         <a class="flex items-center justify-between px-4 py-2 text-sm hover:bg-slate-700 rounded transition "\n
   │                                            href="http://localhost/calamity/list-river-bank">\n
   │                                             <div class="flex items-center gap-2">\n
   │                                                 <svg class="lucide w-5 h-5 mr-2" xmlns="http://www.w3.org/2000/svg" fill="none" stroke="currentColor" stroke-width="2" stroke-linecap="round" stroke-linejoin="round" viewBox="0 0 24 24"><path d="M12 22a10 10 0 1 0-10-10a10.011 10.011 0 0 0 10 10z"/><path d="M12.5 7h-1a1.5 1.5 0 0 0-1.5 1.5v6A1.5 1.5 0 0 0 11.5 16h1a1.5 1.5 0 0 0 .5-2.9V9.9A1.5 1.5 0 0 0 12.5 7z"/><circle cx="12" cy="19" r=".5"/></svg>\n
   │                                                 <span>Sạt Lở</span>\n
   │                                             </div>\n
   │                                                                                     </a>\n
   │ \n
   │                                                                             </li>\n
   │                                                                     <li>\n
   │                                         <a class="flex items-center justify-between px-4 py-2 text-sm hover:bg-slate-700 rounded transition "\n
   │                                            href="http://localhost/calamity/list-flooding">\n
   │                                             <div class="flex items-center gap-2">\n
   │                                                 <svg class="lucide w-5 h-5 mr-2" xmlns="http://www.w3.org/2000/svg" fill="none" stroke="currentColor" stroke-width="2" stroke-linecap="round" stroke-linejoin="round" viewBox="0 0 24 24"><path d="M12 22a10 10 0 1 0-10-10a10.011 10.011 0 0 0 10 10z"/><path d="M12.5 7h-1a1.5 1.5 0 0 0-1.5 1.5v6A1.5 1.5 0 0 0 11.5 16h1a1.5 1.5 0 0 0 .5-2.9V9.9A1.5 1.5 0 0 0 12.5 7z"/><circle cx="12" cy="19" r=".5"/></svg>\n
   │                                                 <span>Ngập Lụt</span>\n
   │                                             </div>\n
   │                                                                                     </a>\n
   │ \n
   │                                                                             </li>\n
   │                                                                     <li>\n
   │                                         <a class="flex items-center justify-between px-4 py-2 text-sm hover:bg-slate-700 rounded transition "\n
   │                                            href="http://localhost/calamity/list-storm">\n
   │                                             <div class="flex items-center gap-2">\n
   │                                                 <svg class="lucide w-5 h-5 mr-2" xmlns="http://www.w3.org/2000/svg" fill="none" stroke="currentColor" stroke-width="2" stroke-linecap="round" stroke-linejoin="round" viewBox="0 0 24 24"><path d="M12 22a10 10 0 1 0-10-10a10.011 10.011 0 0 0 10 10z"/><path d="M12.5 7h-1a1.5 1.5 0 0 0-1.5 1.5v6A1.5 1.5 0 0 0 11.5 16h1a1.5 1.5 0 0 0 .5-2.9V9.9A1.5 1.5 0 0 0 12.5 7z"/><circle cx="12" cy="19" r=".5"/></svg>\n
   │                                                 <span>Bão và ATNĐ</span>\n
   │                                             </div>\n
   │                                                                                     </a>\n
   │ \n
   │                                                                             </li>\n
   │                                                             </ul>\n
   │                                             </li>\n
   │                                                                 <li>\n
   │                         <a class="flex items-center justify-between px-4 py-3 hover:bg-slate-700 rounded transition toggle-submenu"\n
   │                            href="javascript:;">\n
   │                             <div class="flex items-center gap-2">\n
   │                                 <svg xmlns="http://www.w3.org/2000/svg" width="24" height="24" viewBox="0 0 24 24" fill="none" stroke="currentColor" stroke-width="2" stroke-linecap="round" stroke-linejoin="round" class="lucide lucide-construction-icon lucide-construction"><rect x="2" y="6" width="20" height="8" rx="1"/><path d="M17 14v7"/><path d="M7 14v7"/><path d="M17 3v3"/><path d="M7 3v3"/><path d="M10 14 2.3 6.3"/><path d="m14 6 7.7 7.7"/><path d="m8 6 8 8"/></svg>\n
   │                                 <span>Công Trình PCTT</span>\n
   │                             </div>\n
   │                                                             <svg class="lucide w-5 h-5 mr-2" xmlns="http://www.w3.org/2000/svg" fill="none" stroke="currentColor" stroke-width="2" stroke-linecap="round" stroke-linejoin="round" viewBox="0 0 24 24"><path d="M6 9l6 6l6-6"/></svg>\n
   │                                                     </a>\n
   │ \n
   │                                                     <ul class="submenu ml-4 mt-1 hidden space-y-1">\n
   │                                                                     <li>\n
   │                                         <a class="flex items-center justify-between px-4 py-2 text-sm hover:bg-slate-700 rounded transition "\n
   │                                            href="http://localhost/construction/list-river-bank">\n
   │                                             <div class="flex items-center gap-2">\n
   │                                                 <svg class="lucide w-5 h-5 mr-2" xmlns="http://www.w3.org/2000/svg" fill="none" stroke="currentColor" stroke-width="2" stroke-linecap="round" stroke-linejoin="round" viewBox="0 0 24 24"><path d="M12 22a10 10 0 1 0-10-10a10.011 10.011 0 0 0 10 10z"/><path d="M12.5 7h-1a1.5 1.5 0 0 0-1.5 1.5v6A1.5 1.5 0 0 0 11.5 16h1a1.5 1.5 0 0 0 .5-2.9V9.9A1.5 1.5 0 0 0 12.5 7z"/><circle cx="12" cy="19" r=".5"/></svg>\n
   │                                                 <span>Sạt Lở</span>\n
   │                                             </div>\n
   │                                                                                     </a>\n
   │ \n
   │                                                                             </li>\n
   │                                                                     <li>\n
   │                                         <a class="flex items-center justify-between px-4 py-2 text-sm hover:bg-slate-700 rounded transition "\n
   │                                            href="http://localhost/construction/list-flooding">\n
   │                                             <div class="flex items-center gap-2">\n
   │                                                 <svg class="lucide w-5 h-5 mr-2" xmlns="http://www.w3.org/2000/svg" fill="none" stroke="currentColor" stroke-width="2" stroke-linecap="round" stroke-linejoin="round" viewBox="0 0 24 24"><path d="M12 22a10 10 0 1 0-10-10a10.011 10.011 0 0 0 10 10z"/><path d="M12.5 7h-1a1.5 1.5 0 0 0-1.5 1.5v6A1.5 1.5 0 0 0 11.5 16h1a1.5 1.5 0 0 0 .5-2.9V9.9A1.5 1.5 0 0 0 12.5 7z"/><circle cx="12" cy="19" r=".5"/></svg>\n
   │                                                 <span>Ngập Lụt</span>\n
   │                                             </div>\n
   │                                                                                     </a>\n
   │ \n
   │                                                                             </li>\n
   │                                                                     <li>\n
   │                                         <a class="flex items-center justify-between px-4 py-2 text-sm hover:bg-slate-700 rounded transition "\n
   │                                            href="http://localhost/construction/list-storm">\n
   │                                             <div class="flex items-center gap-2">\n
   │                                                 <svg class="lucide w-5 h-5 mr-2" xmlns="http://www.w3.org/2000/svg" fill="none" stroke="currentColor" stroke-width="2" stroke-linecap="round" stroke-linejoin="round" viewBox="0 0 24 24"><path d="M12 22a10 10 0 1 0-10-10a10.011 10.011 0 0 0 10 10z"/><path d="M12.5 7h-1a1.5 1.5 0 0 0-1.5 1.5v6A1.5 1.5 0 0 0 11.5 16h1a1.5 1.5 0 0 0 .5-2.9V9.9A1.5 1.5 0 0 0 12.5 7z"/><circle cx="12" cy="19" r=".5"/></svg>\n
   │                                                 <span>Bão và ATNĐ</span>\n
   │                                             </div>\n
   │                                                                                     </a>\n
   │ \n
   │                                                                             </li>\n
   │                                                             </ul>\n
   │                                             </li>\n
   │                                                                 <li>\n
   │                         <a class="flex items-center justify-between px-4 py-3 hover:bg-slate-700 rounded transition toggle-submenu"\n
   │                            href="javascript:;">\n
   │                             <div class="flex items-center gap-2">\n
   │                                 <svg class="lucide w-5 h-5 mr-2" xmlns="http://www.w3.org/2000/svg" fill="none" stroke="currentColor" stroke-width="2" stroke-linecap="round" stroke-linejoin="round" viewBox="0 0 24 24"><path d="M16 21v-2a4 4 0 0 0-8 0v2"/><circle cx="12" cy="7" r="4"/><path d="M20.88 18.5A3.5 3.5 0 0 1 17.5 22H6.5a3.5 3.5 0 0 1-3.38-2.5"/></svg>\n
   │                                 <span>Địa danh hành chính</span>\n
   │                             </div>\n
   │                                                             <svg class="lucide w-5 h-5 mr-2" xmlns="http://www.w3.org/2000/svg" fill="none" stroke="currentColor" stroke-width="2" stroke-linecap="round" stroke-linejoin="round" viewBox="0 0 24 24"><path d="M6 9l6 6l6-6"/></svg>\n
   │                                                     </a>\n
   │ \n
   │                                                     <ul class="submenu ml-4 mt-1 hidden space-y-1">\n
   │                                                                     <li>\n
   │                                         <a class="flex items-center justify-between px-4 py-2 text-sm hover:bg-slate-700 rounded transition "\n
   │                                            href="http://localhost/administrative/list-school">\n
   │                                             <div class="flex items-center gap-2">\n
   │                                                 <svg xmlns="http://www.w3.org/2000/svg" width="24" height="24" viewBox="0 0 24 24" fill="none" stroke="currentColor" stroke-width="2" stroke-linecap="round" stroke-linejoin="round" class="lucide lucide-school-icon lucide-school"><path d="M14 22v-4a2 2 0 1 0-4 0v4"/><path d="m18 10 3.447 1.724a1 1 0 0 1 .553.894V20a2 2 0 0 1-2 2H4a2 2 0 0 1-2-2v-7.382a1 1 0 0 1 .553-.894L6 10"/><path d="M18 5v17"/><path d="m4 6 7.106-3.553a2 2 0 0 1 1.788 0L20 6"/><path d="M6 5v17"/><circle cx="12" cy="9" r="2"/></svg>\n
   │                                                 <span>Trường Học</span>\n
   │                                             </div>\n
   │                                                                                     </a>\n
   │ \n
   │                                                                             </li>\n
   │                                                                     <li>\n
   │                                         <a class="flex items-center justify-between px-4 py-2 text-sm hover:bg-slate-700 rounded transition "\n
   │                                            href="http://localhost/administrative/list-medical">\n
   │                                             <div class="flex items-center gap-2">\n
   │                                                 <svg xmlns="http://www.w3.org/2000/svg" width="24" height="24" viewBox="0 0 24 24" fill="none" stroke="currentColor" stroke-width="2" stroke-linecap="round" stroke-linejoin="round" class="lucide lucide-hospital-icon lucide-hospital"><path d="M12 6v4"/><path d="M14 14h-4"/><path d="M14 18h-4"/><path d="M14 8h-4"/><path d="M18 12h2a2 2 0 0 1 2 2v6a2 2 0 0 1-2 2H4a2 2 0 0 1-2-2v-9a2 2 0 0 1 2-2h2"/><path d="M18 22V4a2 2 0 0 0-2-2H8a2 2 0 0 0-2 2v18"/></svg>\n
   │                                                 <span>Địa Điểm Y Tế</span>\n
   │                                             </div>\n
   │                                                                                     </a>\n
   │ \n
   │                                                                             </li>\n
   │                                                                     <li>\n
   │                                         <a class="flex items-center justify-between px-4 py-2 text-sm hover:bg-slate-700 rounded transition "\n
   │                                            href="http://localhost/administrative/list-center">\n
   │                                             <div class="flex items-center gap-2">\n
   │                                                 <svg xmlns="http://www.w3.org/2000/svg" width="24" height="24" viewBox="0 0 24 24" fill="none" stroke="currentColor" stroke-width="2" stroke-linecap="round" stroke-linejoin="round" class="lucide lucide-university-icon lucide-university"><path d="M14 21v-3a2 2 0 0 0-4 0v3"/><path d="M18 12h.01"/><path d="M18 16h.01"/><path d="M22 7a1 1 0 0 0-1-1h-2a2 2 0 0 1-1.143-.359L13.143 2.36a2 2 0 0 0-2.286-.001L6.143 5.64A2 2 0 0 1 5 6H3a1 1 0 0 0-1 1v12a2 2 0 0 0 2 2h16a2 2 0 0 0 2-2z"/><path d="M6 12h.01"/><path d="M6 16h.01"/><circle cx="12" cy="10" r="2"/></svg>\n
   │                                                 <span>TTHC và Khác</span>\n
   │                                             </div>\n
   │                                                                                     </a>\n
   │ \n
   │                                                                             </li>\n
   │                                                             </ul>\n
   │                                             </li>\n
   │                                                                 <li>\n
   │                         <a class="flex items-center justify-between px-4 py-3 hover:bg-slate-700 rounded transition toggle-submenu"\n
   │                            href="javascript:;">\n
   │                             <div class="flex items-center gap-2">\n
   │                                 <svg class="lucide w-5 h-5 mr-2" xmlns="http://www.w3.org/2000/svg" fill="none" stroke="currentColor" stroke-width="2" stroke-linecap="round" stroke-linejoin="round" viewBox="0 0 24 24"><path d="M16 21v-2a4 4 0 0 0-8 0v2"/><circle cx="12" cy="7" r="4"/><path d="M20.88 18.5A3.5 3.5 0 0 1 17.5 22H6.5a3.5 3.5 0 0 1-3.38-2.5"/></svg>\n
   │                                 <span>Dữ Liệu Khác</span>\n
   │                             </div>\n
   │                                                             <svg class="lucide w-5 h-5 mr-2" xmlns="http://www.w3.org/2000/svg" fill="none" stroke="currentColor" stroke-width="2" stroke-linecap="round" stroke-linejoin="round" viewBox="0 0 24 24"><path d="M6 9l6 6l6-6"/></svg>\n
   │                                                     </a>\n
   │ \n
   │                                                     <ul class="submenu ml-4 mt-1 hidden space-y-1">\n
   │                                                                     <li>\n
   │                                         <a class="flex items-center justify-between px-4 py-2 text-sm hover:bg-slate-700 rounded transition "\n
   │                                            href="http://localhost/geographical/list-erosion">\n
   │                                             <div class="flex items-center gap-2">\n
   │                                                 <svg class="lucide w-5 h-5 mr-2" xmlns="http://www.w3.org/2000/svg" fill="none" stroke="currentColor" stroke-width="2" stroke-linecap="round" stroke-linejoin="round" viewBox="0 0 24 24"><path d="M12 22a10 10 0 1 0-10-10a10.011 10.011 0 0 0 10 10z"/><path d="M12.5 7h-1a1.5 1.5 0 0 0-1.5 1.5v6A1.5 1.5 0 0 0 11.5 16h1a1.5 1.5 0 0 0 .5-2.9V9.9A1.5 1.5 0 0 0 12.5 7z"/><circle cx="12" cy="19" r=".5"/></svg>\n
   │                                                 <span>Khu vực xói, bồi</span>\n
   │                                             </div>\n
   │                                                                                     </a>\n
   │ \n
   │                                                                             </li>\n
   │                                                                     <li>\n
   │                                         <a class="flex items-center justify-between px-4 py-2 text-sm hover:bg-slate-700 rounded transition "\n
   │                                            href="http://localhost/geographical/list-shoreline">\n
   │                                             <div class="flex items-center gap-2">\n
   │                                                 <svg class="lucide w-5 h-5 mr-2" xmlns="http://www.w3.org/2000/svg" fill="none" stroke="currentColor" stroke-width="2" stroke-linecap="round" stroke-linejoin="round" viewBox="0 0 24 24"><path d="M12 22a10 10 0 1 0-10-10a10.011 10.011 0 0 0 10 10z"/><path d="M12.5 7h-1a1.5 1.5 0 0 0-1.5 1.5v6A1.5 1.5 0 0 0 11.5 16h1a1.5 1.5 0 0 0 .5-2.9V9.9A1.5 1.5 0 0 0 12.5 7z"/><circle cx="12" cy="19" r=".5"/></svg>\n
   │                                                 <span>Lịch sử đường bờ</span>\n
   │                                             </div>\n
   │                                                                                     </a>\n
   │ \n
   │                                                                             </li>\n
   │                                                                     <li>\n
   │                                         <a class="flex items-center justify-between px-4 py-2 text-sm hover:bg-slate-700 rounded transition "\n
   │                                            href="http://localhost/geographical/list-cross-section">\n
   │                                             <div class="flex items-center gap-2">\n
   │                                                 <svg class="lucide w-5 h-5 mr-2" xmlns="http://www.w3.org/2000/svg" fill="none" stroke="currentColor" stroke-width="2" stroke-linecap="round" stroke-linejoin="round" viewBox="0 0 24 24"><path d="M12 22a10 10 0 1 0-10-10a10.011 10.011 0 0 0 10 10z"/><path d="M12.5 7h-1a1.5 1.5 0 0 0-1.5 1.5v6A1.5 1.5 0 0 0 11.5 16h1a1.5 1.5 0 0 0 .5-2.9V9.9A1.5 1.5 0 0 0 12.5 7z"/><circle cx="12" cy="19" r=".5"/></svg>\n
   │                                                 <span>Mặt cắt ngang</span>\n
   │                                             </div>\n
   │                                                                                     </a>\n
   │ \n
   │                                                                             </li>\n
   │                                                                     <li>\n
   │                                         <a class="flex items-center justify-between px-4 py-2 text-sm hover:bg-slate-700 rounded transition "\n
   │                                            href="http://localhost/geographical/list-monitoring">\n
   │                                             <div class="flex items-center gap-2">\n
   │                                                 <svg class="lucide w-5 h-5 mr-2" xmlns="http://www.w3.org/2000/svg" fill="none" stroke="currentColor" stroke-width="2" stroke-linecap="round" stroke-linejoin="round" viewBox="0 0 24 24"><path d="M12 22a10 10 0 1 0-10-10a10.011 10.011 0 0 0 10 10z"/><path d="M12.5 7h-1a1.5 1.5 0 0 0-1.5 1.5v6A1.5 1.5 0 0 0 11.5 16h1a1.5 1.5 0 0 0 .5-2.9V9.9A1.5 1.5 0 0 0 12.5 7z"/><circle cx="12" cy="19" r=".5"/></svg>\n
   │                                                 <span>Mốc quan trắc</span>\n
   │                                             </div>\n
   │                                                                                     </a>\n
   │ \n
   │                                                                             </li>\n
   │                                                             </ul>\n
   │                                             </li>\n
   │                                                                 <li>\n
   │                         <a class="flex items-center justify-between px-4 py-3 hover:bg-slate-700 rounded transition "\n
   │                            href="http://localhost/map">\n
   │                             <div class="flex items-center gap-2">\n
   │                                 <svg xmlns="http://www.w3.org/2000/svg" width="24" height="24" viewBox="0 0 24 24" fill="none" stroke="currentColor" stroke-width="2" stroke-linecap="round" stroke-linejoin="round" class="lucide lucide-map-icon lucide-map"><path d="M14.106 5.553a2 2 0 0 0 1.788 0l3.659-1.83A1 1 0 0 1 21 4.619v12.764a1 1 0 0 1-.553.894l-4.553 2.277a2 2 0 0 1-1.788 0l-4.212-2.106a2 2 0 0 0-1.788 0l-3.659 1.83A1 1 0 0 1 3 19.381V6.618a1 1 0 0 1 .553-.894l4.553-2.277a2 2 0 0 1 1.788 0z"/><path d="M15 5.764v15"/><path d="M9 3.236v15"/></svg>\n
   │                                 <span>Bản Đồ</span>\n
   │                             </div>\n
   │                                                     </a>\n
   │ \n
   │                                             </li>\n
   │                                                                 <li>\n
   │                         <a class="flex items-center justify-between px-4 py-3 hover:bg-slate-700 rounded transition "\n
   │                            href="http://localhost/chat">\n
   │                             <div class="flex items-center gap-2">\n
   │                                 <svg xmlns="http://www.w3.org/2000/svg" width="24" height="24" viewBox="0 0 24 24" fill="none" stroke="currentColor" stroke-width="2" stroke-linecap="round" stroke-linejoin="round" class="lucide lucide-message-circle-icon lucide-message-circle"><path d="M7.9 20A9 9 0 1 0 4 16.1L2 22Z"/></svg>\n
   │                                 <span>Tham gia cộng đồng</span>\n
   │                             </div>\n
   │                                                     </a>\n
   │ \n
   │                                             </li>\n
   │                                                                 <li>\n
   │                         <a class="flex items-center justify-between px-4 py-3 hover:bg-slate-700 rounded transition "\n
   │                            href="http://localhost/incident-report">\n
   │                             <div class="flex items-center gap-2">\n
   │                                 <svg xmlns="http://www.w3.org/2000/svg" width="24" height="24" viewBox="0 0 24 24" fill="none" stroke="currentColor" stroke-width="2" stroke-linecap="round" stroke-linejoin="round" class="lucide lucide-message-square-warning-icon lucide-message-square-warning"><path d="M21 15a2 2 0 0 1-2 2H7l-4 4V5a2 2 0 0 1 2-2h14a2 2 0 0 1 2 2z"/><path d="M12 7v2"/><path d="M12 13h.01"/></svg>\n
   │                                 <span>Báo cáo sự cố</span>\n
   │                             </div>\n
   │                                                     </a>\n
   │ \n
   │                                             </li>\n
   │                                         </ul>\n
   │ </div>\n
   │ \n
   │ <div class="flex h-[10px] items-center px-3 sm:px-8 md:hidden" >\n
   │     <a class="mr-auto flex" href="http://localhost">\n
   │         <img class="w-6" src="http://[::1]:5173/resources/images/logo.svg" alt="Logo" />\n
   │     </a>\n
   │     <a class="mobile-menu-toggler text-white" href="#" onclick="document.querySelector('.mobile-menu')?.classList.remove('hidden')">\n
   │         <svg xmlns="http://www.w3.org/2000/svg" width="24" height="24" viewBox="0 0 24 24" fill="none" stroke="currentColor" stroke-width="2" stroke-linecap="round" stroke-linejoin="round" class="lucide lucide-square-menu-icon lucide-square-menu"><rect width="18" height="18" x="3" y="3" rx="2"/><path d="M7 8h10"/><path d="M7 12h10"/><path d="M7 16h10"/></svg>\n
   │     </a>\n
   │ </div>\n
   │ \n
   │ \n
   │ \n
   │         <div class="mt-7 flex md:mt-0">\n
   │             <nav class=" hidden w-[80px] overflow-x-hidden pb-16 pr-5 md:block xl:w-[230px]">\n
   │                 <a class="intro-x flex items-center pl-5 pt-4" href="/">\n
   │                     <span class=" lg:text-2xl xl:text-3xl  font-bold uppercase text-transparent bg-clip-text bg-gradient-to-r from-sky-400 to-emerald-600">Quản lý thiên tai</span>\n
   │                 </a>\n
   │                 <div class=" my-3"></div>\n
   │                 <ul >\n
   │                                                                                             <li>\n
   │                                 <a class="flex items-center justify-between px-4 py-3 hover:bg-white hover:text-black text-white transition rounded cursor-pointer "\n
   │                                     href="http://localhost">\n
   │                                     \n
   │                                     <div class="flex items-center gap-2" title="Tổng Quan">\n
   │                                         <div title="Tổng Quan"><svg class="lucide w-5 h-5 mr-2" xmlns="http://www.w3.org/2000/svg" fill="none" stroke="currentColor" stroke-width="2" stroke-linecap="round" stroke-linejoin="round" viewBox="0 0 24 24"><path d="M12 22a10 10 0 1 0-10-10a10.011 10.011 0 0 0 10 10z"/><path d="M12.5 7h-1a1.5 1.5 0 0 0-1.5 1.5v6A1.5 1.5 0 0 0 11.5 16h1a1.5 1.5 0 0 0 .5-2.9V9.9A1.5 1.5 0 0 0 12.5 7z"/><circle cx="12" cy="19" r=".5"/></svg></div>\n
   │                                         <span class="hidden xl:inline" >Tổng Quan</span>\n
   │                                     </div>\n
   │ \n
   │                                                                     </a>\n
   │                                                             </li>\n
   │                                                                                                 <li>\n
   │                                 <a class="flex items-center justify-between px-4 py-3 hover:bg-white hover:text-black text-white transition rounded cursor-pointer toggle-submenu"\n
   │                                     href="javascript:;">\n
   │                                     \n
   │                                     <div class="flex items-center gap-2" title="Địa Điểm">\n
   │                                         <div title="Địa Điểm"><svg class="lucide w-5 h-5 mr-2" xmlns="http://www.w3.org/2000/svg" fill="none" stroke="currentColor" stroke-width="2" stroke-linecap="round" stroke-linejoin="round" viewBox="0 0 24 24"><path d="M3 9l9-7l9 7v11a2 2 0 0 1-2 2H5a2 2 0 0 1-2-2V9z"/><polyline points="9 22 9 12 15 12 15 22"/></svg></div>\n
   │                                         <span class="hidden xl:inline" >Địa Điểm</span>\n
   │                                     </div>\n
   │ \n
   │                                                                             <span class="hidden xl:inline"><svg class="lucide w-5 h-5 mr-2" xmlns="http://www.w3.org/2000/svg" fill="none" stroke="currentColor" stroke-width="2" stroke-linecap="round" stroke-linejoin="round" viewBox="0 0 24 24"><path d="M6 9l6 6l6-6"/></svg></span>\n
   │                                                                     </a>\n
   │                                                                     <ul class="submenu ml-6 mt-1 hidden">\n
   │                                                                                     <li  class="group relative">\n
   │                                                 <a class="flex items-center justify-between px-4 py-2 text-sm text-slate-300 hover:text-white hover:bg-slate-700 rounded transition "\n
   │                                                     href="http://localhost/list-city">\n
   │                                                    <div class="flex items-center gap-2">\n
   │                                                         <svg class="lucide w-5 h-5 mr-2" xmlns="http://www.w3.org/2000/svg" fill="none" stroke="currentColor" stroke-width="2" stroke-linecap="round" stroke-linejoin="round" viewBox="0 0 24 24"><path d="M12 22a10 10 0 1 0-10-10a10.011 10.011 0 0 0 10 10z"/><path d="M12.5 7h-1a1.5 1.5 0 0 0-1.5 1.5v6A1.5 1.5 0 0 0 11.5 16h1a1.5 1.5 0 0 0 .5-2.9V9.9A1.5 1.5 0 0 0 12.5 7z"/><circle cx="12" cy="19" r=".5"/></svg>\n
   │                                                         <span class="hidden xl:inline">Tỉnh-Thành</span>\n
   │                                                     </div>\n
   │                                                                                                     </a>\n
   │                                                                                             </li>\n
   │                                                                                     <li  class="group relative">\n
   │                                                 <a class="flex items-center justify-between px-4 py-2 text-sm text-slate-300 hover:text-white hover:bg-slate-700 rounded transition "\n
   │                                                     href="http://localhost/list-district">\n
   │                                                    <div class="flex items-center gap-2">\n
   │                                                         <svg class="lucide w-5 h-5 mr-2" xmlns="http://www.w3.org/2000/svg" fill="none" stroke="currentColor" stroke-width="2" stroke-linecap="round" stroke-linejoin="round" viewBox="0 0 24 24"><path d="M12 22a10 10 0 1 0-10-10a10.011 10.011 0 0 0 10 10z"/><path d="M12.5 7h-1a1.5 1.5 0 0 0-1.5 1.5v6A1.5 1.5 0 0 0 11.5 16h1a1.5 1.5 0 0 0 .5-2.9V9.9A1.5 1.5 0 0 0 12.5 7z"/><circle cx="12" cy="19" r=".5"/></svg>\n
   │                                                         <span class="hidden xl:inline">Quận-Huyện</span>\n
   │                                                     </div>\n
   │                                                                                                     </a>\n
   │                                                                                             </li>\n
   │                                                                                     <li  class="group relative">\n
   │                                                 <a class="flex items-center justify-between px-4 py-2 text-sm text-slate-300 hover:text-white hover:bg-slate-700 rounded transition "\n
   │                                                     href="http://localhost/list-commune">\n
   │                                                    <div class="flex items-center gap-2">\n
   │                                                         <svg class="lucide w-5 h-5 mr-2" xmlns="http://www.w3.org/2000/svg" fill="none" stroke="currentColor" stroke-width="2" stroke-linecap="round" stroke-linejoin="round" viewBox="0 0 24 24"><path d="M12 22a10 10 0 1 0-10-10a10.011 10.011 0 0 0 10 10z"/><path d="M12.5 7h-1a1.5 1.5 0 0 0-1.5 1.5v6A1.5 1.5 0 0 0 11.5 16h1a1.5 1.5 0 0 0 .5-2.9V9.9A1.5 1.5 0 0 0 12.5 7z"/><circle cx="12" cy="19" r=".5"/></svg>\n
   │                                                         <span class="hidden xl:inline">Phường-Xã</span>\n
   │                                                     </div>\n
   │                                                                                                     </a>\n
   │                                                                                             </li>\n
   │                                                                             </ul>\n
   │                                                             </li>\n
   │                                                                                                 <li>\n
   │                                 <a class="flex items-center justify-between px-4 py-3 hover:bg-white hover:text-black text-white transition rounded cursor-pointer toggle-submenu"\n
   │                                     href="javascript:;">\n
   │                                     \n
   │                                     <div class="flex items-center gap-2" title="Loại Thiên Tai">\n
   │                                         <div title="Loại Thiên Tai"><svg class="lucide w-5 h-5 mr-2" xmlns="http://www.w3.org/2000/svg" fill="none" stroke="currentColor" stroke-width="2" stroke-linecap="round" stroke-linejoin="round" viewBox="0 0 24 24"><path d="M16 21v-2a4 4 0 0 0-8 0v2"/><circle cx="12" cy="7" r="4"/><path d="M20.88 18.5A3.5 3.5 0 0 1 17.5 22H6.5a3.5 3.5 0 0 1-3.38-2.5"/></svg></div>\n
   │                                         <span class="hidden xl:inline" >Loại Thiên Tai</span>\n
   │                                     </div>\n
   │ \n
   │                                                                             <span class="hidden xl:inline"><svg class="lucide w-5 h-5 mr-2" xmlns="http://www.w3.org/2000/svg" fill="none" stroke="currentColor" stroke-width="2" stroke-linecap="round" stroke-linejoin="round" viewBox="0 0 24 24"><path d="M6 9l6 6l6-6"/></svg></span>\n
   │                                                                     </a>\n
   │                                                                     <ul class="submenu ml-6 mt-1 hidden">\n
   │                                                                                     <li  class="group relative">\n
   │                                                 <a class="flex items-center justify-between px-4 py-2 text-sm text-slate-300 hover:text-white hover:bg-slate-700 rounded transition "\n
   │                                                     href="http://localhost/list-type-of-calamity">\n
   │                                                    <div class="flex items-center gap-2">\n
   │                                                         <svg class="lucide w-5 h-5 mr-2" xmlns="http://www.w3.org/2000/svg" fill="none" stroke="currentColor" stroke-width="2" stroke-linecap="round" stroke-linejoin="round" viewBox="0 0 24 24"><path d="M12 22a10 10 0 1 0-10-10a10.011 10.011 0 0 0 10 10z"/><path d="M12.5 7h-1a1.5 1.5 0 0 0-1.5 1.5v6A1.5 1.5 0 0 0 11.5 16h1a1.5 1.5 0 0 0 .5-2.9V9.9A1.5 1.5 0 0 0 12.5 7z"/><circle cx="12" cy="19" r=".5"/></svg>\n
   │                                                         <span class="hidden xl:inline">Loại Thiên Tai</span>\n
   │                                                     </div>\n
   │                                                                                                     </a>\n
   │                                                                                             </li>\n
   │                                                                                     <li  class="group relative">\n
   │                                                 <a class="flex items-center justify-between px-4 py-2 text-sm text-slate-300 hover:text-white hover:bg-slate-700 rounded transition "\n
   │                                                     href="http://localhost/list-sub-type-of-calamity">\n
   │                                                    <div class="flex items-center gap-2">\n
   │                                                         <svg class="lucide w-5 h-5 mr-2" xmlns="http://www.w3.org/2000/svg" fill="none" stroke="currentColor" stroke-width="2" stroke-linecap="round" stroke-linejoin="round" viewBox="0 0 24 24"><path d="M12 22a10 10 0 1 0-10-10a10.011 10.011 0 0 0 10 10z"/><path d="M12.5 7h-1a1.5 1.5 0 0 0-1.5 1.5v6A1.5 1.5 0 0 0 11.5 16h1a1.5 1.5 0 0 0 .5-2.9V9.9A1.5 1.5 0 0 0 12.5 7z"/><circle cx="12" cy="19" r=".5"/></svg>\n
   │                                                         <span class="hidden xl:inline">Loại Thiên Tai Phụ</span>\n
   │                                                     </div>\n
   │                                                                                                     </a>\n
   │                                                                                             </li>\n
   │                                                                                     <li  class="group relative">\n
   │                                                 <a class="flex items-center justify-between px-4 py-2 text-sm text-slate-300 hover:text-white hover:bg-slate-700 rounded transition "\n
   │                                                     href="http://localhost/list-risk-level">\n
   │                                                    <div class="flex items-center gap-2">\n
   │                                                         <svg class="lucide w-5 h-5 mr-2" xmlns="http://www.w3.org/2000/svg" fill="none" stroke="currentColor" stroke-width="2" stroke-linecap="round" stroke-linejoin="round" viewBox="0 0 24 24"><path d="M12 22a10 10 0 1 0-10-10a10.011 10.011 0 0 0 10 10z"/><path d="M12.5 7h-1a1.5 1.5 0 0 0-1.5 1.5v6A1.5 1.5 0 0 0 11.5 16h1a1.5 1.5 0 0 0 .5-2.9V9.9A1.5 1.5 0 0 0 12.5 7z"/><circle cx="12" cy="19" r=".5"/></svg>\n
   │                                                         <span class="hidden xl:inline">Cấp Độ Thiên Tai</span>\n
   │                                                     </div>\n
   │                                                                                                     </a>\n
   │                                                                                             </li>\n
   │                                                                                     <li  class="group relative">\n
   │                                                 <a class="flex items-center justify-between px-4 py-2 text-sm text-slate-300 hover:text-white hover:bg-slate-700 rounded transition "\n
   │                                                     href="http://localhost/list-type-of-construction">\n
   │                                                    <div class="flex items-center gap-2">\n
   │                                                         <svg class="lucide w-5 h-5 mr-2" xmlns="http://www.w3.org/2000/svg" fill="none" stroke="currentColor" stroke-width="2" stroke-linecap="round" stroke-linejoin="round" viewBox="0 0 24 24"><path d="M12 22a10 10 0 1 0-10-10a10.011 10.011 0 0 0 10 10z"/><path d="M12.5 7h-1a1.5 1.5 0 0 0-1.5 1.5v6A1.5 1.5 0 0 0 11.5 16h1a1.5 1.5 0 0 0 .5-2.9V9.9A1.5 1.5 0 0 0 12.5 7z"/><circle cx="12" cy="19" r=".5"/></svg>\n
   │                                                         <span class="hidden xl:inline">Loại Công Trình</span>\n
   │                                                     </div>\n
   │                                                                                                     </a>\n
   │                                                                                             </li>\n
   │                                                                                     <li  class="group relative">\n
   │                                                 <a class="flex items-center justify-between px-4 py-2 text-sm text-slate-300 hover:text-white hover:bg-slate-700 rounded transition "\n
   │                                                     href="http://localhost/list-scenarios">\n
   │                                                    <div class="flex items-center gap-2">\n
   │                                                         <svg class="lucide w-5 h-5 mr-2" xmlns="http://www.w3.org/2000/svg" fill="none" stroke="currentColor" stroke-width="2" stroke-linecap="round" stroke-linejoin="round" viewBox="0 0 24 24"><path d="M12 22a10 10 0 1 0-10-10a10.011 10.011 0 0 0 10 10z"/><path d="M12.5 7h-1a1.5 1.5 0 0 0-1.5 1.5v6A1.5 1.5 0 0 0 11.5 16h1a1.5 1.5 0 0 0 .5-2.9V9.9A1.5 1.5 0 0 0 12.5 7z"/><circle cx="12" cy="19" r=".5"/></svg>\n
   │                                                         <span class="hidden xl:inline">Phương Án Ứng Phó</span>\n
   │                                                     </div>\n
   │                                                                                                     </a>\n
   │                                                                                             </li>\n
   │                                                                             </ul>\n
   │                                                             </li>\n
   │                                                                                                 <li>\n
   │                                 <a class="flex items-center justify-between px-4 py-3 hover:bg-white hover:text-black text-white transition rounded cursor-pointer toggle-submenu"\n
   │                                     href="javascript:;">\n
   │                                     \n
   │                                     <div class="flex items-center gap-2" title="Dữ Liệu Thiên Tai">\n
   │                                         <div title="Dữ Liệu Thiên Tai"><svg class="lucide w-5 h-5 mr-2" xmlns="http://www.w3.org/2000/svg" fill="none" stroke="currentColor" stroke-width="2" stroke-linecap="round" stroke-linejoin="round" viewBox="0 0 24 24"><path d="M16 21v-2a4 4 0 0 0-8 0v2"/><circle cx="12" cy="7" r="4"/><path d="M20.88 18.5A3.5 3.5 0 0 1 17.5 22H6.5a3.5 3.5 0 0 1-3.38-2.5"/></svg></div>\n
   │                                         <span class="hidden xl:inline" >Dữ Liệu Thiên Tai</span>\n
   │                                     </div>\n
   │ \n
   │                                                                             <span class="hidden xl:inline"><svg class="lucide w-5 h-5 mr-2" xmlns="http://www.w3.org/2000/svg" fill="none" stroke="currentColor" stroke-width="2" stroke-linecap="round" stroke-linejoin="round" viewBox="0 0 24 24"><path d="M6 9l6 6l6-6"/></svg></span>\n
   │                                                                     </a>\n
   │                                                                     <ul class="submenu ml-6 mt-1 hidden">\n
   │                                                                                     <li  class="group relative">\n
   │                                                 <a class="flex items-center justify-between px-4 py-2 text-sm text-slate-300 hover:text-white hover:bg-slate-700 rounded transition "\n
   │                                                     href="http://localhost/calamity/list-river-bank">\n
   │                                                    <div class="flex items-center gap-2">\n
   │                                                         <svg class="lucide w-5 h-5 mr-2" xmlns="http://www.w3.org/2000/svg" fill="none" stroke="currentColor" stroke-width="2" stroke-linecap="round" stroke-linejoin="round" viewBox="0 0 24 24"><path d="M12 22a10 10 0 1 0-10-10a10.011 10.011 0 0 0 10 10z"/><path d="M12.5 7h-1a1.5 1.5 0 0 0-1.5 1.5v6A1.5 1.5 0 0 0 11.5 16h1a1.5 1.5 0 0 0 .5-2.9V9.9A1.5 1.5 0 0 0 12.5 7z"/><circle cx="12" cy="19" r=".5"/></svg>\n
   │                                                         <span class="hidden xl:inline">Sạt Lở</span>\n
   │                                                     </div>\n
   │                                                                                                     </a>\n
   │                                                                                             </li>\n
   │                                                                                     <li  class="group relative">\n
   │                                                 <a class="flex items-center justify-between px-4 py-2 text-sm text-slate-300 hover:text-white hover:bg-slate-700 rounded transition "\n
   │                                                     href="http://localhost/calamity/list-flooding">\n
   │                                                    <div class="flex items-center gap-2">\n
   │                                                         <svg class="lucide w-5 h-5 mr-2" xmlns="http://www.w3.org/2000/svg" fill="none" stroke="currentColor" stroke-width="2" stroke-linecap="round" stroke-linejoin="round" viewBox="0 0 24 24"><path d="M12 22a10 10 0 1 0-10-10a10.011 10.011 0 0 0 10 10z"/><path d="M12.5 7h-1a1.5 1.5 0 0 0-1.5 1.5v6A1.5 1.5 0 0 0 11.5 16h1a1.5 1.5 0 0 0 .5-2.9V9.9A1.5 1.5 0 0 0 12.5 7z"/><circle cx="12" cy="19" r=".5"/></svg>\n
   │                                                         <span class="hidden xl:inline">Ngập Lụt</span>\n
   │                                                     </div>\n
   │                                                                                                     </a>\n
   │                                                                                             </li>\n
   │                                                                                     <li  class="group relative">\n
   │                                                 <a class="flex items-center justify-between px-4 py-2 text-sm text-slate-300 hover:text-white hover:bg-slate-700 rounded transition "\n
   │                                                     href="http://localhost/calamity/list-storm">\n
   │                                                    <div class="flex items-center gap-2">\n
   │                                                         <svg class="lucide w-5 h-5 mr-2" xmlns="http://www.w3.org/2000/svg" fill="none" stroke="currentColor" stroke-width="2" stroke-linecap="round" stroke-linejoin="round" viewBox="0 0 24 24"><path d="M12 22a10 10 0 1 0-10-10a10.011 10.011 0 0 0 10 10z"/><path d="M12.5 7h-1a1.5 1.5 0 0 0-1.5 1.5v6A1.5 1.5 0 0 0 11.5 16h1a1.5 1.5 0 0 0 .5-2.9V9.9A1.5 1.5 0 0 0 12.5 7z"/><circle cx="12" cy="19" r=".5"/></svg>\n
   │                                                         <span class="hidden xl:inline">Bão và ATNĐ</span>\n
   │                                                     </div>\n
   │                                                                                                     </a>\n
   │                                                                                             </li>\n
   │                                                                             </ul>\n
   │                                                             </li>\n
   │                                                                                                 <li>\n
   │                                 <a class="flex items-center justify-between px-4 py-3 hover:bg-white hover:text-black text-white transition rounded cursor-pointer toggle-submenu"\n
   │                                     href="javascript:;">\n
   │                                     \n
   │                                     <div class="flex items-center gap-2" title="Công Trình PCTT">\n
   │                                         <div title="Công Trình PCTT"><svg xmlns="http://www.w3.org/2000/svg" width="24" height="24" viewBox="0 0 24 24" fill="none" stroke="currentColor" stroke-width="2" stroke-linecap="round" stroke-linejoin="round" class="lucide lucide-construction-icon lucide-construction"><rect x="2" y="6" width="20" height="8" rx="1"/><path d="M17 14v7"/><path d="M7 14v7"/><path d="M17 3v3"/><path d="M7 3v3"/><path d="M10 14 2.3 6.3"/><path d="m14 6 7.7 7.7"/><path d="m8 6 8 8"/></svg></div>\n
   │                                         <span class="hidden xl:inline" >Công Trình PCTT</span>\n
   │                                     </div>\n
   │ \n
   │                                                                             <span class="hidden xl:inline"><svg class="lucide w-5 h-5 mr-2" xmlns="http://www.w3.org/2000/svg" fill="none" stroke="currentColor" stroke-width="2" stroke-linecap="round" stroke-linejoin="round" viewBox="0 0 24 24"><path d="M6 9l6 6l6-6"/></svg></span>\n
   │                                                                     </a>\n
   │                                                                     <ul class="submenu ml-6 mt-1 hidden">\n
   │                                                                                     <li  class="group relative">\n
   │                                                 <a class="flex items-center justify-between px-4 py-2 text-sm text-slate-300 hover:text-white hover:bg-slate-700 rounded transition "\n
   │                                                     href="http://localhost/construction/list-river-bank">\n
   │                                                    <div class="flex items-center gap-2">\n
   │                                                         <svg class="lucide w-5 h-5 mr-2" xmlns="http://www.w3.org/2000/svg" fill="none" stroke="currentColor" stroke-width="2" stroke-linecap="round" stroke-linejoin="round" viewBox="0 0 24 24"><path d="M12 22a10 10 0 1 0-10-10a10.011 10.011 0 0 0 10 10z"/><path d="M12.5 7h-1a1.5 1.5 0 0 0-1.5 1.5v6A1.5 1.5 0 0 0 11.5 16h1a1.5 1.5 0 0 0 .5-2.9V9.9A1.5 1.5 0 0 0 12.5 7z"/><circle cx="12" cy="19" r=".5"/></svg>\n
   │                                                         <span class="hidden xl:inline">Sạt Lở</span>\n
   │                                                     </div>\n
   │                                                                                                     </a>\n
   │                                                                                             </li>\n
   │                                                                                     <li  class="group relative">\n
   │                                                 <a class="flex items-center justify-between px-4 py-2 text-sm text-slate-300 hover:text-white hover:bg-slate-700 rounded transition "\n
   │                                                     href="http://localhost/construction/list-flooding">\n
   │                                                    <div class="flex items-center gap-2">\n
   │                                                         <svg class="lucide w-5 h-5 mr-2" xmlns="http://www.w3.org/2000/svg" fill="none" stroke="currentColor" stroke-width="2" stroke-linecap="round" stroke-linejoin="round" viewBox="0 0 24 24"><path d="M12 22a10 10 0 1 0-10-10a10.011 10.011 0 0 0 10 10z"/><path d="M12.5 7h-1a1.5 1.5 0 0 0-1.5 1.5v6A1.5 1.5 0 0 0 11.5 16h1a1.5 1.5 0 0 0 .5-2.9V9.9A1.5 1.5 0 0 0 12.5 7z"/><circle cx="12" cy="19" r=".5"/></svg>\n
   │                                                         <span class="hidden xl:inline">Ngập Lụt</span>\n
   │                                                     </div>\n
   │                                                                                                     </a>\n
   │                                                                                             </li>\n
   │                                                                                     <li  class="group relative">\n
   │                                                 <a class="flex items-center justify-between px-4 py-2 text-sm text-slate-300 hover:text-white hover:bg-slate-700 rounded transition "\n
   │                                                     href="http://localhost/construction/list-storm">\n
   │                                                    <div class="flex items-center gap-2">\n
   │                                                         <svg class="lucide w-5 h-5 mr-2" xmlns="http://www.w3.org/2000/svg" fill="none" stroke="currentColor" stroke-width="2" stroke-linecap="round" stroke-linejoin="round" viewBox="0 0 24 24"><path d="M12 22a10 10 0 1 0-10-10a10.011 10.011 0 0 0 10 10z"/><path d="M12.5 7h-1a1.5 1.5 0 0 0-1.5 1.5v6A1.5 1.5 0 0 0 11.5 16h1a1.5 1.5 0 0 0 .5-2.9V9.9A1.5 1.5 0 0 0 12.5 7z"/><circle cx="12" cy="19" r=".5"/></svg>\n
   │                                                         <span class="hidden xl:inline">Bão và ATNĐ</span>\n
   │                                                     </div>\n
   │                                                                                                     </a>\n
   │                                                                                             </li>\n
   │                                                                             </ul>\n
   │                                                             </li>\n
   │                                                                                                 <li>\n
   │                                 <a class="flex items-center justify-between px-4 py-3 hover:bg-white hover:text-black text-white transition rounded cursor-pointer toggle-submenu"\n
   │                                     href="javascript:;">\n
   │                                     \n
   │                                     <div class="flex items-center gap-2" title="Địa danh hành chính">\n
   │                                         <div title="Địa danh hành chính"><svg class="lucide w-5 h-5 mr-2" xmlns="http://www.w3.org/2000/svg" fill="none" stroke="currentColor" stroke-width="2" stroke-linecap="round" stroke-linejoin="round" viewBox="0 0 24 24"><path d="M16 21v-2a4 4 0 0 0-8 0v2"/><circle cx="12" cy="7" r="4"/><path d="M20.88 18.5A3.5 3.5 0 0 1 17.5 22H6.5a3.5 3.5 0 0 1-3.38-2.5"/></svg></div>\n
   │                                         <span class="hidden xl:inline" >Địa danh hành chính</span>\n
   │                                     </div>\n
   │ \n
   │                                                                             <span class="hidden xl:inline"><svg class="lucide w-5 h-5 mr-2" xmlns="http://www.w3.org/2000/svg" fill="none" stroke="currentColor" stroke-width="2" stroke-linecap="round" stroke-linejoin="round" viewBox="0 0 24 24"><path d="M6 9l6 6l6-6"/></svg></span>\n
   │                                                                     </a>\n
   │                                                                     <ul class="submenu ml-6 mt-1 hidden">\n
   │                                                                                     <li  class="group relative">\n
   │                                                 <a class="flex items-center justify-between px-4 py-2 text-sm text-slate-300 hover:text-white hover:bg-slate-700 rounded transition "\n
   │                                                     href="http://localhost/administrative/list-school">\n
   │                                                    <div class="flex items-center gap-2">\n
   │                                                         <svg xmlns="http://www.w3.org/2000/svg" width="24" height="24" viewBox="0 0 24 24" fill="none" stroke="currentColor" stroke-width="2" stroke-linecap="round" stroke-linejoin="round" class="lucide lucide-school-icon lucide-school"><path d="M14 22v-4a2 2 0 1 0-4 0v4"/><path d="m18 10 3.447 1.724a1 1 0 0 1 .553.894V20a2 2 0 0 1-2 2H4a2 2 0 0 1-2-2v-7.382a1 1 0 0 1 .553-.894L6 10"/><path d="M18 5v17"/><path d="m4 6 7.106-3.553a2 2 0 0 1 1.788 0L20 6"/><path d="M6 5v17"/><circle cx="12" cy="9" r="2"/></svg>\n
   │                                                         <span class="hidden xl:inline">Trường Học</span>\n
   │                                                     </div>\n
   │                                                                                                     </a>\n
   │                                                                                             </li>\n
   │                                                                                     <li  class="group relative">\n
   │                                                 <a class="flex items-center justify-between px-4 py-2 text-sm text-slate-300 hover:text-white hover:bg-slate-700 rounded transition "\n
   │                                                     href="http://localhost/administrative/list-medical">\n
   │                                                    <div class="flex items-center gap-2">\n
   │                                                         <svg xmlns="http://www.w3.org/2000/svg" width="24" height="24" viewBox="0 0 24 24" fill="none" stroke="currentColor" stroke-width="2" stroke-linecap="round" stroke-linejoin="round" class="lucide lucide-hospital-icon lucide-hospital"><path d="M12 6v4"/><path d="M14 14h-4"/><path d="M14 18h-4"/><path d="M14 8h-4"/><path d="M18 12h2a2 2 0 0 1 2 2v6a2 2 0 0 1-2 2H4a2 2 0 0 1-2-2v-9a2 2 0 0 1 2-2h2"/><path d="M18 22V4a2 2 0 0 0-2-2H8a2 2 0 0 0-2 2v18"/></svg>\n
   │                                                         <span class="hidden xl:inline">Địa Điểm Y Tế</span>\n
   │                                                     </div>\n
   │                                                                                                     </a>\n
   │                                                                                             </li>\n
   │                                                                                     <li  class="group relative">\n
   │                                                 <a class="flex items-center justify-between px-4 py-2 text-sm text-slate-300 hover:text-white hover:bg-slate-700 rounded transition "\n
   │                                                     href="http://localhost/administrative/list-center">\n
   │                                                    <div class="flex items-center gap-2">\n
   │                                                         <svg xmlns="http://www.w3.org/2000/svg" width="24" height="24" viewBox="0 0 24 24" fill="none" stroke="currentColor" stroke-width="2" stroke-linecap="round" stroke-linejoin="round" class="lucide lucide-university-icon lucide-university"><path d="M14 21v-3a2 2 0 0 0-4 0v3"/><path d="M18 12h.01"/><path d="M18 16h.01"/><path d="M22 7a1 1 0 0 0-1-1h-2a2 2 0 0 1-1.143-.359L13.143 2.36a2 2 0 0 0-2.286-.001L6.143 5.64A2 2 0 0 1 5 6H3a1 1 0 0 0-1 1v12a2 2 0 0 0 2 2h16a2 2 0 0 0 2-2z"/><path d="M6 12h.01"/><path d="M6 16h.01"/><circle cx="12" cy="10" r="2"/></svg>\n
   │                                                         <span class="hidden xl:inline">TTHC và Khác</span>\n
   │                                                     </div>\n
   │                                                                                                     </a>\n
   │                                                                                             </li>\n
   │                                                                             </ul>\n
   │                                                             </li>\n
   │                                                                                                 <li>\n
   │                                 <a class="flex items-center justify-between px-4 py-3 hover:bg-white hover:text-black text-white transition rounded cursor-pointer toggle-submenu"\n
   │                                     href="javascript:;">\n
   │                                     \n
   │                                     <div class="flex items-center gap-2" title="Dữ Liệu Khác">\n
   │                                         <div title="Dữ Liệu Khác"><svg class="lucide w-5 h-5 mr-2" xmlns="http://www.w3.org/2000/svg" fill="none" stroke="currentColor" stroke-width="2" stroke-linecap="round" stroke-linejoin="round" viewBox="0 0 24 24"><path d="M16 21v-2a4 4 0 0 0-8 0v2"/><circle cx="12" cy="7" r="4"/><path d="M20.88 18.5A3.5 3.5 0 0 1 17.5 22H6.5a3.5 3.5 0 0 1-3.38-2.5"/></svg></div>\n
   │                                         <span class="hidden xl:inline" >Dữ Liệu Khác</span>\n
   │                                     </div>\n
   │ \n
   │                                                                             <span class="hidden xl:inline"><svg class="lucide w-5 h-5 mr-2" xmlns="http://www.w3.org/2000/svg" fill="none" stroke="currentColor" stroke-width="2" stroke-linecap="round" stroke-linejoin="round" viewBox="0 0 24 24"><path d="M6 9l6 6l6-6"/></svg></span>\n
   │                                                                     </a>\n
   │                                                                     <ul class="submenu ml-6 mt-1 hidden">\n
   │                                                                                     <li  class="group relative">\n
   │                                                 <a class="flex items-center justify-between px-4 py-2 text-sm text-slate-300 hover:text-white hover:bg-slate-700 rounded transition "\n
   │                                                     href="http://localhost/geographical/list-erosion">\n
   │                                                    <div class="flex items-center gap-2">\n
   │                                                         <svg class="lucide w-5 h-5 mr-2" xmlns="http://www.w3.org/2000/svg" fill="none" stroke="currentColor" stroke-width="2" stroke-linecap="round" stroke-linejoin="round" viewBox="0 0 24 24"><path d="M12 22a10 10 0 1 0-10-10a10.011 10.011 0 0 0 10 10z"/><path d="M12.5 7h-1a1.5 1.5 0 0 0-1.5 1.5v6A1.5 1.5 0 0 0 11.5 16h1a1.5 1.5 0 0 0 .5-2.9V9.9A1.5 1.5 0 0 0 12.5 7z"/><circle cx="12" cy="19" r=".5"/></svg>\n
   │                                                         <span class="hidden xl:inline">Khu vực xói, bồi</span>\n
   │                                                     </div>\n
   │                                                                                                     </a>\n
   │                                                                                             </li>\n
   │                                                                                     <li  class="group relative">\n
   │                                                 <a class="flex items-center justify-between px-4 py-2 text-sm text-slate-300 hover:text-white hover:bg-slate-700 rounded transition "\n
   │                                                     href="http://localhost/geographical/list-shoreline">\n
   │                                                    <div class="flex items-center gap-2">\n
   │                                                         <svg class="lucide w-5 h-5 mr-2" xmlns="http://www.w3.org/2000/svg" fill="none" stroke="currentColor" stroke-width="2" stroke-linecap="round" stroke-linejoin="round" viewBox="0 0 24 24"><path d="M12 22a10 10 0 1 0-10-10a10.011 10.011 0 0 0 10 10z"/><path d="M12.5 7h-1a1.5 1.5 0 0 0-1.5 1.5v6A1.5 1.5 0 0 0 11.5 16h1a1.5 1.5 0 0 0 .5-2.9V9.9A1.5 1.5 0 0 0 12.5 7z"/><circle cx="12" cy="19" r=".5"/></svg>\n
   │                                                         <span class="hidden xl:inline">Lịch sử đường bờ</span>\n
   │                                                     </div>\n
   │                                                                                                     </a>\n
   │                                                                                             </li>\n
   │                                                                                     <li  class="group relative">\n
   │                                                 <a class="flex items-center justify-between px-4 py-2 text-sm text-slate-300 hover:text-white hover:bg-slate-700 rounded transition "\n
   │                                                     href="http://localhost/geographical/list-cross-section">\n
   │                                                    <div class="flex items-center gap-2">\n
   │                                                         <svg class="lucide w-5 h-5 mr-2" xmlns="http://www.w3.org/2000/svg" fill="none" stroke="currentColor" stroke-width="2" stroke-linecap="round" stroke-linejoin="round" viewBox="0 0 24 24"><path d="M12 22a10 10 0 1 0-10-10a10.011 10.011 0 0 0 10 10z"/><path d="M12.5 7h-1a1.5 1.5 0 0 0-1.5 1.5v6A1.5 1.5 0 0 0 11.5 16h1a1.5 1.5 0 0 0 .5-2.9V9.9A1.5 1.5 0 0 0 12.5 7z"/><circle cx="12" cy="19" r=".5"/></svg>\n
   │                                                         <span class="hidden xl:inline">Mặt cắt ngang</span>\n
   │                                                     </div>\n
   │                                                                                                     </a>\n
   │                                                                                             </li>\n
   │                                                                                     <li  class="group relative">\n
   │                                                 <a class="flex items-center justify-between px-4 py-2 text-sm text-slate-300 hover:text-white hover:bg-slate-700 rounded transition "\n
   │                                                     href="http://localhost/geographical/list-monitoring">\n
   │                                                    <div class="flex items-center gap-2">\n
   │                                                         <svg class="lucide w-5 h-5 mr-2" xmlns="http://www.w3.org/2000/svg" fill="none" stroke="currentColor" stroke-width="2" stroke-linecap="round" stroke-linejoin="round" viewBox="0 0 24 24"><path d="M12 22a10 10 0 1 0-10-10a10.011 10.011 0 0 0 10 10z"/><path d="M12.5 7h-1a1.5 1.5 0 0 0-1.5 1.5v6A1.5 1.5 0 0 0 11.5 16h1a1.5 1.5 0 0 0 .5-2.9V9.9A1.5 1.5 0 0 0 12.5 7z"/><circle cx="12" cy="19" r=".5"/></svg>\n
   │                                                         <span class="hidden xl:inline">Mốc quan trắc</span>\n
   │                                                     </div>\n
   │                                                                                                     </a>\n
   │                                                                                             </li>\n
   │                                                                             </ul>\n
   │                                                             </li>\n
   │                                                                                                 <li>\n
   │                                 <a class="flex items-center justify-between px-4 py-3 hover:bg-white hover:text-black text-white transition rounded cursor-pointer "\n
   │                                     href="http://localhost/map">\n
   │                                     \n
   │                                     <div class="flex items-center gap-2" title="Bản Đồ">\n
   │                                         <div title="Bản Đồ"><svg xmlns="http://www.w3.org/2000/svg" width="24" height="24" viewBox="0 0 24 24" fill="none" stroke="currentColor" stroke-width="2" stroke-linecap="round" stroke-linejoin="round" class="lucide lucide-map-icon lucide-map"><path d="M14.106 5.553a2 2 0 0 0 1.788 0l3.659-1.83A1 1 0 0 1 21 4.619v12.764a1 1 0 0 1-.553.894l-4.553 2.277a2 2 0 0 1-1.788 0l-4.212-2.106a2 2 0 0 0-1.788 0l-3.659 1.83A1 1 0 0 1 3 19.381V6.618a1 1 0 0 1 .553-.894l4.553-2.277a2 2 0 0 1 1.788 0z"/><path d="M15 5.764v15"/><path d="M9 3.236v15"/></svg></div>\n
   │                                         <span class="hidden xl:inline" >Bản Đồ</span>\n
   │                                     </div>\n
   │ \n
   │                                                                     </a>\n
   │                                                             </li>\n
   │                                                                                                 <li>\n
   │                                 <a class="flex items-center justify-between px-4 py-3 hover:bg-white hover:text-black text-white transition rounded cursor-pointer "\n
   │                                     href="http://localhost/chat">\n
   │                                     \n
   │                                     <div class="flex items-center gap-2" title="Tham gia cộng đồng">\n
   │                                         <div title="Tham gia cộng đồng"><svg xmlns="http://www.w3.org/2000/svg" width="24" height="24" viewBox="0 0 24 24" fill="none" stroke="currentColor" stroke-width="2" stroke-linecap="round" stroke-linejoin="round" class="lucide lucide-message-circle-icon lucide-message-circle"><path d="M7.9 20A9 9 0 1 0 4 16.1L2 22Z"/></svg></div>\n
   │                                         <span class="hidden xl:inline" >Tham gia cộng đồng</span>\n
   │                                     </div>\n
   │ \n
   │                                                                     </a>\n
   │                                                             </li>\n
   │                                                                                                 <li>\n
   │                                 <a class="flex items-center justify-between px-4 py-3 hover:bg-white hover:text-black text-white transition rounded cursor-pointer "\n
   │                                     href="http://localhost/incident-report">\n
   │                                     \n
   │                                     <div class="flex items-center gap-2" title="Báo cáo sự cố">\n
   │                                         <div title="Báo cáo sự cố"><svg xmlns="http://www.w3.org/2000/svg" width="24" height="24" viewBox="0 0 24 24" fill="none" stroke="currentColor" stroke-width="2" stroke-linecap="round" stroke-linejoin="round" class="lucide lucide-message-square-warning-icon lucide-message-square-warning"><path d="M21 15a2 2 0 0 1-2 2H7l-4 4V5a2 2 0 0 1 2-2h14a2 2 0 0 1 2 2z"/><path d="M12 7v2"/><path d="M12 13h.01"/></svg></div>\n
   │                                         <span class="hidden xl:inline" >Báo cáo sự cố</span>\n
   │                                     </div>\n
   │ \n
   │                                                                     </a>\n
   │                                                             </li>\n
   │                                                                 \n
   │                                 </ul>\n
   │             </nav>\n
   │             <div class="md:max-w-auto overflow-x-hidden overflow-y-auto max-h-[100vh] min-w-0 max-w-full flex-1 rounded-[30px] bg-slate-100 px-4 pb-10 before:block before:h-px before:w-full before:content-[''] md:px-[22px]">\n
   │                 <div class="relative sticky top-0 z-2 flex items-center h-[68px] px-4 border-b border-slate-100 bg-slate-100">\n
   │   \n
   │                     <div class="mr-auto"> \n
   │                        <div class="rounded-[8px] overflow-hidden w-[200px] md:w-[325px] h-[40px] bg-[#1E3A8A] border-[2px] border-[#133086] shadow-[0_2px_6px_rgba(0,0,0,0.1)] flex items-center justify-center">\n
   │                   \n
   │                     <iframe src="https://thoitiet247.vn/widget/embed/ca-mau?style=6&day=7&td=%232e0000&ntd=%231e3a8a&mvb=%23000205&mv=%231e3a8a&mdk=%23000000&htd=true" \n
   │                         id="widgeturl" class = "w-[200px] md:w-[325px]" height="55px" scrolling="no" frameborder="0" allowtransparency="true" style="border:none;overflow:hidden;"></iframe><!-- End thoitiet.app widget -->\n
   │                     </div>\n
   │ \n
   │                     </div>\n
   │                     \n
   │                     <div class="relative flex items-center gap-2">\n
   │                                                 \n
   │                             <div class="relative mr-4">\n
   │                                 <a href="javascript:void(0)" onclick="openNotification()" class="relative">\n
   │                                     <svg xmlns="http://www.w3.org/2000/svg" width="24" height="24" viewBox="0 0 24 24" fill="none" stroke="#dfc207" stroke-width="2" stroke-linecap="round" stroke-linejoin="round" class="lucide lucide-bell-icon lucide-bell"><path d="M10.268 21a2 2 0 0 0 3.464 0"/><path d="M3.262 15.326A1 1 0 0 0 4 17h16a1 1 0 0 0 .74-1.673C19.41 13.956 18 12.499 18 8A6 6 0 0 0 6 8c0 4.499-1.411 5.956-2.738 7.326"/></svg>\n
   │ \n
   │                                     <!-- Badge đỏ số lượng -->\n
   │                                                                     </a>\n
   │                                 \n
   │ \n
   │                                 <!-- Dropdown thông báo -->\n
   │                                 <div class="absolute right-0 mt-2 w-80 bg-white border rounded shadow z-50 hidden" id="notification-dropdown">\n
   │                                     <ul class="divide-y divide-gray-100 max-h-80 overflow-y-auto">\n
   │                                                                                     <li class="p-3 text-sm text-gray-500">Không có thông báo nào</li>\n
   │                                                                             </ul>\n
   │                                 </div>\n
   │                             </div>\n
   │ \n
   │                             <button type="button" style="all: unset" id="user-menu-button" aria-expanded="false">\n
   │                                 <svg class="lucide w-5 h-5 mr-2" xmlns="http://www.w3.org/2000/svg" fill="none" stroke="currentColor" stroke-width="2" stroke-linecap="round" stroke-linejoin="round" viewBox="0 0 24 24"><circle cx="12" cy="12" r="10"/><path d="M16 16a4 4 0 0 0-8 0v2a4 4 0 0 0 8 0z"/><circle cx="12" cy="9" r="3"/></svg>\n
   │                             </button>\n
   │ \n
   │                             <div class="hidden absolute right-0 mt-2 w-48 z-1 text-base bg-white divide-y divide-gray-100 rounded-lg shadow-lg" id="user-dropdown">\n
   │                                 <div class="px-4 py-3">\n
   │                                     <span class="block text-sm text-gray-900">Tên: Elian Hartmann</span>\n
   │                                     <span class="block text-sm text-gray-500 truncate">Tên đăng nhập: linwood86</span>\n
   │                                 </div>\n
   │                                 <ul class="py-2" aria-labelledby="user-menu-button">\n
   │                                     <li>\n
   │                                         <a href="http://localhost/edit-profile" class="block px-4 py-2 text-sm text-gray-700 hover:bg-gray-100">Hồ sơ</a>\n
   │                                     </li>\n
   │                                    \n
   │                                     <li>\n
   │                                         <a href="http://localhost/logout" class="block px-4 py-2 text-sm text-gray-700 hover:bg-gray-100">Đăng xuất</a>\n
   │                                     </li>\n
   │                                 </ul>\n
   │                             </div>\n
   │                         \n
   │                                             </div>\n
   │                 </div>\n
   │                 \n
   │                 \n
   │     <div class="grid grid-cols-12 gap-6">\n
   │         <div class="col-span-12 2xl:col-span-12">\n
   │             <div class="grid grid-cols-12 gap-6">\n
   │                 \n
   │                 <div class="col-span-12 mt-5">\n
   │                     <div class="intro-y flex h-10 items-center">\n
   │                         <h2 class="flex items-center mr-5 uppercase text-lg font-medium">\n
   │                             <svg class="lucide w-5 h-5 mr-2" xmlns="http://www.w3.org/2000/svg" fill="none" stroke="currentColor" stroke-width="2" stroke-linecap="round" stroke-linejoin="round" viewBox="0 0 24 24"><rect width="8" height="4" x="8" y="2" rx="1" ry="1"/><path d="M16 4h2a2 2 0 0 1 2 2v14a2 2 0 0 1-2 2H6a2 2 0 0 1-2-2V6a2 2 0 0 1 2-2h2"/><path d="M9 14h6"/></svg>\n
   │                             Báo Cáo Tổng Hợp <a href="/list-district">...</a>\n
   │ \n
   │                         </h2>\n
   │                         <a class="ml-auto flex items-center text-primary" href="/">\n
   │                             <svg class="lucide w-5 h-5 mr-2" xmlns="http://www.w3.org/2000/svg" fill="none" stroke="currentColor" stroke-width="2" stroke-linecap="round" stroke-linejoin="round" viewBox="0 0 24 24"><path d="M21 12a9 9 0 0 0-9-9 9.75 9.75 0 0 0-6.74 2.74L3 8"/><path d="M3 3v5h5"/><path d="M3 12a9 9 0 0 0 9 9 9.75 9.75 0 0 0 6.74-2.74L21 16"/><path d="M16 16h5v5"/></svg>\n
   │                             Tải lại dữ liệu\n
   │                         </a>\n
   │                     </div>\n
   │                     <div class="mt-5 grid grid-cols-12 gap-6">\n
   │                         <div class="intro-y col-span-12 sm:col-span-6 xl:col-span-4 ">\n
   │                             <div>\n
   │                                 <div\n
   │                                     class="box p-5 bg-gradient-to-r from-rose-500 to-purple-500 text-white rounded-lg shadow-lg">\n
   │                                     \n
   │                                     <div class="flex items-center gap-6">\n
   │                                         <svg class="lucide w-5 h-5 mr-2" xmlns="http://www.w3.org/2000/svg" fill="none" stroke="currentColor" stroke-width="2" stroke-linecap="round" stroke-linejoin="round" viewBox="0 0 24 24"><path d="M16.5 6.5a4.5 4.5 0 0 1 4.5 4.5a4.5 4.5 0 0 1-4.5 4.5H12l3-6H9a3 3 0 0 1-3-3a3 3 0 0 1 .88-2.12A4.49 4.49 0 0 1 12.5 6h1"/></svg>   \n
   │                                         <span class="text-2xl font-bold tracking-wide">BÃO, ÁP THẤP</span>\n
   │                                     </div>\n
   │                                     \n
   │                                     <div class="mt-6 grid grid-cols-2 gap-4">\n
   │                                         <div class="flex items-center gap-2">\n
   │                                             <svg class="lucide w-5 h-5 mr-2" xmlns="http://www.w3.org/2000/svg" fill="none" stroke="currentColor" stroke-width="2" stroke-linecap="round" stroke-linejoin="round" viewBox="0 0 24 24"><polyline points="9 18 15 12 9 6"/></svg>\n
   │                                             <a href="http://localhost/construction/list-storm"\n
   │                                                 class="text-xl hover:text-gray-500 transition-all">\n
   │                                                 Tổng số công trình\n
   │                                             </a>\n
   │                                         </div>\n
   │                                                                                     <div class="text-center text-xl font-semibold text-red-500">\n
   │                                                 Không có dữ liệu\n
   │                                             </div>\n
   │                                         \n
   │                                         <div class="flex items-center gap-2">\n
   │                                             <svg class="lucide w-5 h-5 mr-2" xmlns="http://www.w3.org/2000/svg" fill="none" stroke="currentColor" stroke-width="2" stroke-linecap="round" stroke-linejoin="round" viewBox="0 0 24 24"><polyline points="9 18 15 12 9 6"/></svg>\n
   │                                             <a href="http://localhost/calamity/list-storm"\n
   │                                                 class="text-xl hover:text-gray-500 transition-all">\n
   │                                                 Số lượng thiên tai\n
   │                                             </a>\n
   │                                         </div>\n
   │                                                                                     <div class="text-center text-xl font-semibold text-red-500">\n
   │                                                 Không có dữ liệu\n
   │                                             </div>\n
   │                                                                             </div>\n
   │                                 </div>\n
   │ \n
   │                             </div>\n
   │                         </div>\n
   │                         <div class="intro-y col-span-12 sm:col-span-6 xl:col-span-4">\n
   │                                 <div\n
   │                                     class="box p-5 bg-gradient-to-r from-purple-500 to-blue-500 text-white rounded-lg shadow-lg">\n
   │                                     \n
   │                                     <div class="flex items-center gap-6">\n
   │                                         <svg class="lucide w-5 h-5 mr-2" xmlns="http://www.w3.org/2000/svg" fill="none" stroke="currentColor" stroke-width="2" stroke-linecap="round" stroke-linejoin="round" viewBox="0 0 24 24"><path d="M10.29 3.86a1.5 1.5 0 0 1 3.42 0l6.36 14.28A1.5 1.5 0 0 1 18.21 21H5.79a1.5 1.5 0 0 1-1.36-2.14z"/></svg>\n
   │                                         <span class="text-2xl font-bold tracking-wide">NGẬP LỤT</span>\n
   │                                     </div>\n
   │                                     \n
   │                                     <div class="mt-6 grid grid-cols-2 gap-4">\n
   │                                         <div class="flex items-center gap-2">\n
   │                                             <svg class="lucide w-5 h-5 mr-2" xmlns="http://www.w3.org/2000/svg" fill="none" stroke="currentColor" stroke-width="2" stroke-linecap="round" stroke-linejoin="round" viewBox="0 0 24 24"><polyline points="9 18 15 12 9 6"/></svg>\n
   │                                             <a href="http://localhost/construction/list-flooding"\n
   │                                                 class="text-xl hover:text-gray-500 transition-all">\n
   │                                                 Tổng số công trình\n
   │                                             </a>\n
   │                                         </div>\n
   │                                                                                     <div class="text-center text-xl font-semibold">\n
   │                                                 0\n
   │                                             </div>\n
   │                                         \n
   │                                         <div class="flex items-center gap-2">\n
   │                                             <svg class="lucide w-5 h-5 mr-2" xmlns="http://www.w3.org/2000/svg" fill="none" stroke="currentColor" stroke-width="2" stroke-linecap="round" stroke-linejoin="round" viewBox="0 0 24 24"><polyline points="9 18 15 12 9 6"/></svg>\n
   │                                             <a href="http://localhost/calamity/list-flooding"\n
   │                                                 class="text-xl hover:text-gray-500 transition-all">\n
   │                                                 Số lượng thiên tai\n
   │                                             </a>\n
   │                                         </div>\n
   │                                                                                     <div class="text-center text-white text-xl font-semibold">\n
   │                                                 1\n
   │                                             </div>\n
   │                                                                             </div>\n
   │                                 </div>\n
   │                         </div>\n
   │                         <div class="intro-y col-span-12 sm:col-span-6 xl:col-span-4">\n
   │                             \n
   │                                 <div\n
   │                                     class="box p-5 bg-gradient-to-r from-blue-500 to-indigo-500 text-white rounded-lg shadow-lg">\n
   │                                \n
   │                                     <div class="flex items-center gap-6">\n
   │                                         <svg class="lucide w-5 h-5 mr-2" xmlns="http://www.w3.org/2000/svg" fill="none" stroke="currentColor" stroke-width="2" stroke-linecap="round" stroke-linejoin="round" viewBox="0 0 24 24"><path d="M16.5 6.5a4.5 4.5 0 0 1 4.5 4.5a4.5 4.5 0 0 1-4.5 4.5H12l3-6H9a3 3 0 0 1-3-3a3 3 0 0 1 .88-2.12A4.49 4.49 0 0 1 12.5 6h1"/><path d="M16.5 16v2m-3-2v2m-3-2v2m6-6v2m-3-2v2m-3-2v2"/></svg>\n
   │                                         <span class="text-2xl font-bold tracking-wide">SẠT LỞ</span>\n
   │                                     </div>\n
   │                                    \n
   │                                     <div class="mt-6 grid grid-cols-2 gap-4">\n
   │                                         <div class="flex items-center gap-2">\n
   │                                             <svg class="lucide w-5 h-5 mr-2" xmlns="http://www.w3.org/2000/svg" fill="none" stroke="currentColor" stroke-width="2" stroke-linecap="round" stroke-linejoin="round" viewBox="0 0 24 24"><polyline points="9 18 15 12 9 6"/></svg>\n
   │                                             <a href="http://localhost/construction/list-river-bank"\n
   │                                                 class=" text-xl hover:text-gray-500 transition-all">\n
   │                                                 Tổng số công trình\n
   │                                             </a>\n
   │                                         </div>\n
   │                                                                                     <div class="text-center text-xl font-semibold">\n
   │                                                 0\n
   │                                             </div>\n
   │                                         \n
   │                                         <div class="flex items-center gap-2">\n
   │                                             <svg class="lucide w-5 h-5 mr-2" xmlns="http://www.w3.org/2000/svg" fill="none" stroke="currentColor" stroke-width="2" stroke-linecap="round" stroke-linejoin="round" viewBox="0 0 24 24"><polyline points="9 18 15 12 9 6"/></svg>\n
   │                                             <a href="http://localhost/calamity/list-river-bank"\n
   │                                                 class="text-xl hover:text-gray-500 transition-all">\n
   │                                                 Số lượng thiên tai\n
   │                                             </a>\n
   │                                         </div>\n
   │                                                                                     <div class="text-center text-xl font-semibold">\n
   │                                                 0\n
   │                                             </div>\n
   │                                                                             </div>\n
   │                                 </div>\n
   │                         </div>\n
   │                     </div>\n
   │                 </div>\n
   │                 \n
   │                 <div class="col-span-12 xl:col-span-5 flex flex-col mt-5">\n
   │                     <div class="intro-y flex h-10 items-center">\n
   │                         \n
   │                         <h2 class="flex items-center mr-5 uppercase text-lg font-medium">\n
   │                             <svg class="lucide w-5 h-5 mr-2" xmlns="http://www.w3.org/2000/svg" fill="none" stroke="currentColor" stroke-width="2" stroke-linecap="round" stroke-linejoin="round" viewBox="0 0 24 24"><path d="M4 6h16"/><path d="M4 12h16"/><path d="M4 18h16"/><circle cx="10" cy="6" r="2"/><circle cx="10" cy="12" r="2"/><circle cx="10" cy="18" r="2"/></svg>\n
   │                             Dữ Liệu Mới Nhất\n
   │                         </h2>\n
   │                     </div>\n
   │                     <div class="mt-3 flex-1 space-y-3">\n
   │                                                     <div class="intro-y bg-white shadow-sm hover:shadow-md transition-shadow duration-200 border border-gray-100 rounded-xl">\n
   │ \n
   │                                 <a href="/" class="block">\n
   │                                     <div class="box zoom-in mb-3 flex items-center px-5 py-5">\n
   │                                      \n
   │                                         <div class="h-10 w-10 flex items-center justify-center rounded-md bg-primary/20">\n
   │                                             <svg xmlns="http://www.w3.org/2000/svg" width="24" height="24" viewBox="0 0 24 24" fill="none" stroke="currentColor" stroke-width="2" stroke-linecap="round" stroke-linejoin="round" class="lucide lucide-shield-alert-icon lucide-shield-alert"><path d="M20 13c0 5-3.5 7.5-7.66 8.95a1 1 0 0 1-.67-.01C7.5 20.5 4 18 4 13V6a1 1 0 0 1 1-1c2 0 4.5-1.2 6.24-2.72a1.17 1.17 0 0 1 1.52 0C14.51 3.81 17 5 19 5a1 1 0 0 1 1 1z"/><path d="M12 8v4"/><path d="M12 16h.01"/></svg>\n
   │                                         </div>\n
   │                                       \n
   │                                         <div class="ml-4 flex-1 min-w-0">\n
   │                                                                                                                                     </div>\n
   │ \n
   │                                         <div\n
   │                                             class="rounded-full bg-success px-3 py-1 text-xs font-medium text-white whitespace-nowrap">\n
   │                                             2025-07-13 09:49:58\n
   │                                         </div>\n
   │                                     </div>\n
   │                                 </a>\n
   │                             </div>\n
   │                                             </div>\n
   │                 </div>\n
   │                \n
   │                                <div class="col-span-12 p-4 xl:col-span-7 flex flex-col ">\n
   │ \n
   │                     <div class="intro-y flex h-10 items-center">\n
   │                         <h2 class="flex items-center mr-5 gap-x-2 uppercase text-lg font-medium">\n
   │                             <svg xmlns="http://www.w3.org/2000/svg" width="24" height="24" viewBox="0 0 24 24" fill="none" stroke="currentColor" stroke-width="2" stroke-linecap="round" stroke-linejoin="round" class="lucide lucide-chart-pie-icon lucide-chart-pie"><path d="M21 12c.552 0 1.005-.449.95-.998a10 10 0 0 0-8.953-8.951c-.55-.055-.998.398-.998.95v8a1 1 0 0 0 1 1z"/><path d="M21.21 15.89A10 10 0 1 1 8 2.83"/></svg>\n
   │                             Biểu Đồ Thiên Tai\n
   │                         </h2>\n
   │                     </div>\n
   │                     <div class="intro-y box mt-3 p-5 flex flex-1 items-center bg-white border border-gray-100 rounded-2xl justify-center">\n
   │                        \n
   │                         <div class="w-2/3 flex flex-col items-center justify-center h-full">\n
   │                             <div id="disaster-chart" class="h-[370px] w-full"></div>\n
   │                             <p class="mt-2 text-center text-sm text-gray-600">Biểu đồ thể hiện số lượng thiên tai theo loại\n
   │                                 hình thiên tai</p>\n
   │                         </div>\n
   │                        \n
   │                         <div class="w-1/3 pl-3 flex flex-col justify-center gap-2">\n
   │                                                                                                                                     <div class="flex items-center">\n
   │                                         <div class="mr-2 h-2 w-2 rounded-full"\n
   │                                             style="background-color: #2563eb;"></div>\n
   │                                         <span class="truncate text-lg font-medium">Sạt Lở</span>\n
   │                                         <span class="ml-auto font-semibold text-lg">0%</span>\n
   │                                     </div>\n
   │                                                                                                         <div class="flex items-center">\n
   │                                         <div class="mr-2 h-2 w-2 rounded-full"\n
   │                                             style="background-color: #f59e0b;"></div>\n
   │                                         <span class="truncate text-lg font-medium">Ngập Lụt</span>\n
   │                                         <span class="ml-auto font-semibold text-lg">0%</span>\n
   │                                     </div>\n
   │                                                                                                         <div class="flex items-center">\n
   │                                         <div class="mr-2 h-2 w-2 rounded-full"\n
   │                                             style="background-color: #ef4444;"></div>\n
   │                                         <span class="truncate text-lg font-medium">Bão</span>\n
   │                                         <span class="ml-auto font-semibold text-lg">0%</span>\n
   │                                     </div>\n
   │                                                                                     </div>\n
   │                     </div>\n
   │                 </div>\n
   │                 \n
   │                 <div class="col-span-12 xl:col-span-12 flex flex-col mt-4">\n
   │                     <div class="intro-y flex h-10 items-center">\n
   │                         <h2 class="flex items-center mr-5 uppercase text-lg font-medium">\n
   │                             <svg class="lucide w-5 h-5 mr-2" xmlns="http://www.w3.org/2000/svg" fill="none" stroke="currentColor" stroke-width="2" stroke-linecap="round" stroke-linejoin="round" viewBox="0 0 24 24"><path d="M21 10a9 9 0 1 1-18 0a9 9 0 0 1 18 0z"/><circle cx="12" cy="10" r="3"/></svg>\n
   │                             Bản Đồ Cảnh Báo Thiên Tai 7 Ngày Gần Nhất\n
   │                         </h2>\n
   │                     </div>\n
   │                     <div class="intro-y flex items-center flex-wrap gap-x-4 mt-4">\n
   │                         \n
   │                                                \n
   │                         <div class="flex flex-wrap gap-x-4">\n
   │                                                             <label class="flex items-center space-x-2">\n
   │                                     <input type="checkbox" id="toggle-sat-lo"\n
   │                                         class="form-checkbox h-5 w-5 text-blue-600" checked>\n
   │                                     <span>Sạt Lở</span>\n
   │                                 </label>\n
   │                                                             <label class="flex items-center space-x-2">\n
   │                                     <input type="checkbox" id="toggle-ngap-lut"\n
   │                                         class="form-checkbox h-5 w-5 text-blue-600" checked>\n
   │                                     <span>Ngập Lụt</span>\n
   │                                 </label>\n
   │                                                             <label class="flex items-center space-x-2">\n
   │                                     <input type="checkbox" id="toggle-bao"\n
   │                                         class="form-checkbox h-5 w-5 text-blue-600" checked>\n
   │                                     <span>Bão</span>\n
   │                                 </label>\n
   │                                                     </div>\n
   │                     </div>\n
   │                    \n
   │                     <div class="intro-y box mt-4 p-5 flex flex-col items-center justify-center space-y-4">\n
   │                         <div id="map" class="w-full h-[500px] md:h-[700px] rounded-lg border shadow-lg"></div>\n
   │                     </div>\n
   │                 </div>\n
   │                 \n
   │                 <div class="col-span-12 xl:col-span-12 flex flex-col mt-5">\n
   │                     <div class="intro-y flex h-10 items-center">\n
   │                         <h2 class="flex items-center mr-5 uppercase text-lg font-medium">\n
   │                             <svg class="lucide w-5 h-5 mr-2" xmlns="http://www.w3.org/2000/svg" fill="none" stroke="currentColor" stroke-width="2" stroke-linecap="round" stroke-linejoin="round" viewBox="0 0 24 24"><path d="M21 10a9 9 0 1 1-18 0a9 9 0 0 1 18 0z"/><circle cx="12" cy="10" r="3"/></svg>\n
   │                             Bản Đồ Thời Tiết\n
   │                         </h2>\n
   │                     </div>\n
   │                     <div class="intro-y box mt-4 p-5 flex flex-1 items-center justify-center">\n
   │                         <iframe src="https://vrain.vn/52/overview?public_map=windy" width="100%" height="700px"\n
   │                             class="rounded-lg shadow-lg border" allowfullscreen>\n
   │                         </iframe>\n
   │                     </div>\n
   │                    \n
   │                 </div>\n
   │                 <div class="col-span-12 xl:col-span-12 mt-5">\n
   │                 \n
   │                 <div class="flex flex-col xl:flex-row gap-5">\n
   │                     \n
   │                     <div class="bg-white shadow rounded-lg p-4 sm:p-6 xl:p-8 w-full xl:w-1/2">\n
   │                         <div class="flex items-center">\n
   │                             <div class="flex-shrink-0">\n
   │                             <span class="text-2xl sm:text-3xl leading-none font-bold text-gray-900">0</span>\n
   │                             <h3 class="text-base font-normal text-gray-500">Người dân quan tâm thiên tai</h3>\n
   │                             </div>\n
   │                             \n
   │                             </div>\n
   │                         </div>\n
   │                     </div>\n
   │                 </div>\n
   │             </div>\n
   │             </div>\n
   │ \n
   │             </div>\n
   │         </div>\n
   │         <div\n
   │     data-tw-backdrop=""\n
   │     aria-hidden="true"\n
   │     tabindex="-1"\n
   │     id="large-modal-size-preview" class="modal group bg-black/60 transition-[visibility,opacity] w-screen h-screen fixed left-0 top-0 [&amp;:not(.show)]:duration-[0s,0.2s] [&amp;:not(.show)]:delay-[0.2s,0s] [&amp;:not(.show)]:invisible [&amp;:not(.show)]:opacity-0 [&amp;.show]:visible [&amp;.show]:opacity-100 [&amp;.show]:duration-[0s,0.4s]"\n
   │ ><div\n
   │     data-tw-merge\n
   │     class="w-[90%] mx-auto bg-white relative rounded-md shadow-md transition-[margin-top,transform] duration-[0.4s,0.3s] -mt-16 group-[.show]:mt-16 group-[.modal-static]:scale-[1.05]    sm:w-[600px] lg:w-[900px] p-5"\n
   │ ><form action="http://localhost/guest-disaster-subscribe" method="POST">\n
   │ \n
   │                     <input type="hidden" name="_token" value="3bRVB1mq5e4qYVM6JvWsNqiUY147B2r9udpOHCYd" autocomplete="off">                    <div class="mb-4">\n
   │                         <label for="name" class="block text-sm font-medium text-gray-700 mb-1">Tên của bạn</label>\n
   │                         <input type="text" name="name" id="name" required\n
   │                             class="w-full border border-gray-300 rounded-md px-3 py-2 text-sm">\n
   │                     </div>\n
   │ \n
   │                     <div class="mb-4">\n
   │                         <label for="email" class="block text-sm font-medium text-gray-700 mb-1">Email nhận thông tin</label>\n
   │                         <input type="email" name="email" id="email"\n
   │                             class="w-full border border-gray-300 rounded-md px-3 py-2 text-sm">\n
   │                             \n
   │                     </div>\n
   │                     <div class="text-right">\n
   │                         <button type="submit"\n
   │                             class="bg-blue-600 hover:bg-blue-700 text-white text-sm font-medium px-4 py-2 rounded-md">\n
   │                             Đăng ký\n
   │                         </button>\n
   │                     </div>\n
   │             </form></div></div>\n
   │ \n
   │     </div>\n
   │             </div>\n
   │         </div>\n
   │     </div>\n
   │ \n
   │ </body>\n
   │ \n
   │ </html>\n
   │ \n
   │ <script>\n
   │     function openNotification() {\n
   │         console.log('openNotification');\n
   │         const dropdown = document.getElementById('notification-dropdown');\n
   │         if (dropdown) {\n
   │             dropdown.classList.toggle('hidden');\n
   │             \n
   │             // Nếu dropdown đang hiển thị, đánh dấu tất cả thông báo đã đọc\n
   │             if (!dropdown.classList.contains('hidden')) {\n
   │                 markNotificationsAsRead();\n
   │             }\n
   │         }\n
   │     }\n
   │ \n
   │     function markNotificationsAsRead() {\n
   │         // Gửi request để đánh dấu thông báo đã đọc\n
   │         fetch('/mark-notifications-as-read', {\n
   │             method: 'POST',\n
   │             headers: {\n
   │                 'X-CSRF-TOKEN': document.querySelector('meta[name="csrf-token"]').getAttribute('content'),\n
   │                 'Content-Type': 'application/json',\n
   │             },\n
   │         })\n
   │         .then(response => response.json())\n
   │         .then(data => {\n
   │             if (data.success) {\n
   │                 // Ẩn badge số lượng thông báo\n
   │                 const badge = document.getElementById('notification-badge');\n
   │                 if (badge) {\n
   │                     badge.style.display = 'none';\n
   │                 }\n
   │             }\n
   │         })\n
   │         .catch(error => {\n
   │             console.error('Error marking notifications as read:', error);\n
   │         });\n
   │     }\n
   │ \n
   │     function markNotificationAsRead(notificationId, element) {\n
   │         // Gửi request để đánh dấu một thông báo cụ thể đã đọc\n
   │         fetch('/mark-notification-as-read', {\n
   │             method: 'POST',\n
   │             headers: {\n
   │                 'X-CSRF-TOKEN': document.querySelector('meta[name="csrf-token"]').getAttribute('content'),\n
   │                 'Content-Type': 'application/json',\n
   │             },\n
   │             body: JSON.stringify({\n
   │                 notification_id: notificationId\n
   │             })\n
   │         })\n
   │         .then(response => response.json())\n
   │         .then(data => {\n
   │             if (data.success) {\n
   │                 // Cập nhật giao diện\n
   │                 element.classList.remove('bg-blue-50', 'border-l-4', 'border-blue-500');\n
   │                 element.classList.add('bg-white');\n
   │                 \n
   │                 // Cập nhật màu text\n
   │                 const titleElement = element.querySelector('.font-semibold');\n
   │                 const messageElement = element.querySelector('.text-blue-700');\n
   │                 if (titleElement) titleElement.classList.remove('text-blue-900');\n
   │                 if (messageElement) messageElement.classList.remove('text-blue-700');\n
   │                 \n
   │                 // Ẩn dot xanh\n
   │                 const dotElement = element.querySelector('.bg-blue-500');\n
   │                 if (dotElement) dotElement.style.display = 'none';\n
   │                 \n
   │                 // Cập nhật badge số lượng\n
   │                 updateNotificationBadge();\n
   │             }\n
   │         })\n
   │         .catch(error => {\n
   │             console.error('Error marking notification as read:', error);\n
   │         });\n
   │     }\n
   │ \n
   │     function updateNotificationBadge() {\n
   │         // Đếm số thông báo chưa đọc còn lại\n
   │         const unreadItems = document.querySelectorAll('.bg-blue-50');\n
   │         const badge = document.getElementById('notification-badge');\n
   │         \n
   │         if (badge) {\n
   │             if (unreadItems.length === 0) {\n
   │                 badge.style.display = 'none';\n
   │             } else {\n
   │                 badge.textContent = unreadItems.length;\n
   │                 badge.style.display = 'inline-block';\n
   │             }\n
   │         }\n
   │     }\n
   │ \n
   │     document.addEventListener("DOMContentLoaded", function () {\n
   │         const toggles = document.querySelectorAll('.toggle-submenu');\n
   │ \n
   │         toggles.forEach(toggle => {\n
   │             toggle.addEventListener('click', function (e) {\n
   │                 e.preventDefault();\n
   │                 const submenu = this.nextElementSibling;\n
   │ \n
   │                 document.querySelectorAll('.submenu').forEach(sm => {\n
   │                     if (sm !== submenu) sm.classList.add('hidden');\n
   │                 });\n
   │ \n
   │                 if (submenu && submenu.classList.contains('submenu')) {\n
   │                     submenu.classList.toggle('hidden');\n
   │                 }\n
   │             });\n
   │         });\n
   │         \n
   │         const btn = document.getElementById('user-menu-button');\n
   │         const dropdown = document.getElementById('user-dropdown');\n
   │ \n
   │         if (btn && dropdown) {\n
   │             btn.addEventListener('click', function (e) {\n
   │                 e.stopPropagation();\n
   │                 dropdown.classList.toggle('hidden');\n
   │             });\n
   │ \n
   │             document.addEventListener('click', function (e) {\n
   │                 if (!dropdown.classList.contains('hidden') &&\n
   │                     !dropdown.contains(e.target) &&\n
   │                     !btn.contains(e.target)) {\n
   │                     dropdown.classList.add('hidden');\n
   │                 }\n
   │             });\n
   │         }\n
   │ \n
   │         // Thêm event listener để đóng dropdown thông báo khi click ra ngoài\n
   │         document.addEventListener('click', function (e) {\n
   │             const notificationDropdown = document.getElementById('notification-dropdown');\n
   │             const notificationButton = document.querySelector('[onclick="openNotification()"]');\n
   │             \n
   │             if (notificationDropdown && !notificationDropdown.classList.contains('hidden') &&\n
   │                 !notificationDropdown.contains(e.target) &&\n
   │                 !notificationButton.contains(e.target)) {\n
   │                 notificationDropdown.classList.add('hidden');\n
   │             }\n
   │         });\n
   │     });\n
   │ </script>\n
   │ ' [UTF-8](length: 128421) contains "Recent Calamity" [ASCII](length: 15).
   │
   │ D:\DO_AN_TOT_NGHIEP\doan_calamity_manager\vendor\laravel\framework\src\Illuminate\Testing\TestResponseAssert.php:45
   │ D:\DO_AN_TOT_NGHIEP\doan_calamity_manager\vendor\laravel\framework\src\Illuminate\Testing\TestResponse.php:686
   │ D:\DO_AN_TOT_NGHIEP\doan_calamity_manager\tests\Feature\DashboardTest.php:40
   │
 ✘ Authenticated user can send chat message
   │
   │ Illuminate\Database\QueryException: SQLSTATE[23000]: Integrity constraint violation: 19 NOT NULL constraint failed: messages.file (Connection: sqlite, SQL: insert into "messages" ("message", "sender_name", "updated_at", "created_at") values (Test message, Ms. Aubrey Mills III, 2025-07-13 09:49:58, 2025-07-13 09:49:58))
   │
   │ D:\DO_AN_TOT_NGHIEP\doan_calamity_manager\vendor\laravel\framework\src\Illuminate\Database\Connection.php:822
   │ D:\DO_AN_TOT_NGHIEP\doan_calamity_manager\vendor\laravel\framework\src\Illuminate\Database\Connection.php:776
   │ D:\DO_AN_TOT_NGHIEP\doan_calamity_manager\vendor\laravel\framework\src\Illuminate\Database\Connection.php:557
   │ D:\DO_AN_TOT_NGHIEP\doan_calamity_manager\vendor\laravel\framework\src\Illuminate\Database\Connection.php:521
   │ D:\DO_AN_TOT_NGHIEP\doan_calamity_manager\vendor\laravel\framework\src\Illuminate\Database\Query\Processors\Processor.php:32
   │ D:\DO_AN_TOT_NGHIEP\doan_calamity_manager\vendor\laravel\framework\src\Illuminate\Database\Query\Builder.php:3796
   │ D:\DO_AN_TOT_NGHIEP\doan_calamity_manager\vendor\laravel\framework\src\Illuminate\Database\Eloquent\Builder.php:2205
   │ D:\DO_AN_TOT_NGHIEP\doan_calamity_manager\vendor\laravel\framework\src\Illuminate\Database\Eloquent\Model.php:1410
   │ D:\DO_AN_TOT_NGHIEP\doan_calamity_manager\vendor\laravel\framework\src\Illuminate\Database\Eloquent\Model.php:1375
   │ D:\DO_AN_TOT_NGHIEP\doan_calamity_manager\vendor\laravel\framework\src\Illuminate\Database\Eloquent\Model.php:1214
   │ D:\DO_AN_TOT_NGHIEP\doan_calamity_manager\app\Http\Controllers\ChatController.php:32
   │ D:\DO_AN_TOT_NGHIEP\doan_calamity_manager\vendor\laravel\framework\src\Illuminate\Routing\Controller.php:54
   │ D:\DO_AN_TOT_NGHIEP\doan_calamity_manager\vendor\laravel\framework\src\Illuminate\Routing\ControllerDispatcher.php:43
   │ D:\DO_AN_TOT_NGHIEP\doan_calamity_manager\vendor\laravel\framework\src\Illuminate\Routing\Route.php:265
   │ D:\DO_AN_TOT_NGHIEP\doan_calamity_manager\vendor\laravel\framework\src\Illuminate\Routing\Route.php:211
   │ D:\DO_AN_TOT_NGHIEP\doan_calamity_manager\vendor\laravel\framework\src\Illuminate\Routing\Router.php:808
   │ D:\DO_AN_TOT_NGHIEP\doan_calamity_manager\vendor\laravel\framework\src\Illuminate\Pipeline\Pipeline.php:169
   │ D:\DO_AN_TOT_NGHIEP\doan_calamity_manager\vendor\laravel\framework\src\Illuminate\Routing\Middleware\SubstituteBindings.php:50
   │ D:\DO_AN_TOT_NGHIEP\doan_calamity_manager\vendor\laravel\framework\src\Illuminate\Pipeline\Pipeline.php:208
   │ D:\DO_AN_TOT_NGHIEP\doan_calamity_manager\vendor\laravel\framework\src\Illuminate\Foundation\Http\Middleware\VerifyCsrfToken.php:87
   │ D:\DO_AN_TOT_NGHIEP\doan_calamity_manager\vendor\laravel\framework\src\Illuminate\Pipeline\Pipeline.php:208
   │ D:\DO_AN_TOT_NGHIEP\doan_calamity_manager\vendor\laravel\framework\src\Illuminate\View\Middleware\ShareErrorsFromSession.php:48
   │ D:\DO_AN_TOT_NGHIEP\doan_calamity_manager\vendor\laravel\framework\src\Illuminate\Pipeline\Pipeline.php:208
   │ D:\DO_AN_TOT_NGHIEP\doan_calamity_manager\vendor\laravel\framework\src\Illuminate\Session\Middleware\StartSession.php:120
   │ D:\DO_AN_TOT_NGHIEP\doan_calamity_manager\vendor\laravel\framework\src\Illuminate\Session\Middleware\StartSession.php:63
   │ D:\DO_AN_TOT_NGHIEP\doan_calamity_manager\vendor\laravel\framework\src\Illuminate\Pipeline\Pipeline.php:208
   │ D:\DO_AN_TOT_NGHIEP\doan_calamity_manager\vendor\laravel\framework\src\Illuminate\Cookie\Middleware\AddQueuedCookiesToResponse.php:36
   │ D:\DO_AN_TOT_NGHIEP\doan_calamity_manager\vendor\laravel\framework\src\Illuminate\Pipeline\Pipeline.php:208
   │ D:\DO_AN_TOT_NGHIEP\doan_calamity_manager\vendor\laravel\framework\src\Illuminate\Cookie\Middleware\EncryptCookies.php:74
   │ D:\DO_AN_TOT_NGHIEP\doan_calamity_manager\vendor\laravel\framework\src\Illuminate\Pipeline\Pipeline.php:208
   │ D:\DO_AN_TOT_NGHIEP\doan_calamity_manager\vendor\laravel\framework\src\Illuminate\Pipeline\Pipeline.php:126
   │ D:\DO_AN_TOT_NGHIEP\doan_calamity_manager\vendor\laravel\framework\src\Illuminate\Routing\Router.php:807
   │ D:\DO_AN_TOT_NGHIEP\doan_calamity_manager\vendor\laravel\framework\src\Illuminate\Routing\Router.php:786
   │ D:\DO_AN_TOT_NGHIEP\doan_calamity_manager\vendor\laravel\framework\src\Illuminate\Routing\Router.php:750
   │ D:\DO_AN_TOT_NGHIEP\doan_calamity_manager\vendor\laravel\framework\src\Illuminate\Routing\Router.php:739
   │ D:\DO_AN_TOT_NGHIEP\doan_calamity_manager\vendor\laravel\framework\src\Illuminate\Foundation\Http\Kernel.php:200
   │ D:\DO_AN_TOT_NGHIEP\doan_calamity_manager\vendor\laravel\framework\src\Illuminate\Pipeline\Pipeline.php:169
   │ D:\DO_AN_TOT_NGHIEP\doan_calamity_manager\vendor\laravel\framework\src\Illuminate\Foundation\Http\Middleware\TransformsRequest.php:21
   │ D:\DO_AN_TOT_NGHIEP\doan_calamity_manager\vendor\laravel\framework\src\Illuminate\Foundation\Http\Middleware\ConvertEmptyStringsToNull.php:31
   │ D:\DO_AN_TOT_NGHIEP\doan_calamity_manager\vendor\laravel\framework\src\Illuminate\Pipeline\Pipeline.php:208
   │ D:\DO_AN_TOT_NGHIEP\doan_calamity_manager\vendor\laravel\framework\src\Illuminate\Foundation\Http\Middleware\TransformsRequest.php:21
   │ D:\DO_AN_TOT_NGHIEP\doan_calamity_manager\vendor\laravel\framework\src\Illuminate\Foundation\Http\Middleware\TrimStrings.php:51
   │ D:\DO_AN_TOT_NGHIEP\doan_calamity_manager\vendor\laravel\framework\src\Illuminate\Pipeline\Pipeline.php:208
   │ D:\DO_AN_TOT_NGHIEP\doan_calamity_manager\vendor\laravel\framework\src\Illuminate\Http\Middleware\ValidatePostSize.php:27
   │ D:\DO_AN_TOT_NGHIEP\doan_calamity_manager\vendor\laravel\framework\src\Illuminate\Pipeline\Pipeline.php:208
   │ D:\DO_AN_TOT_NGHIEP\doan_calamity_manager\vendor\laravel\framework\src\Illuminate\Foundation\Http\Middleware\PreventRequestsDuringMaintenance.php:109
   │ D:\DO_AN_TOT_NGHIEP\doan_calamity_manager\vendor\laravel\framework\src\Illuminate\Pipeline\Pipeline.php:208
   │ D:\DO_AN_TOT_NGHIEP\doan_calamity_manager\vendor\laravel\framework\src\Illuminate\Http\Middleware\HandleCors.php:48
   │ D:\DO_AN_TOT_NGHIEP\doan_calamity_manager\vendor\laravel\framework\src\Illuminate\Pipeline\Pipeline.php:208
   │ D:\DO_AN_TOT_NGHIEP\doan_calamity_manager\vendor\laravel\framework\src\Illuminate\Http\Middleware\TrustProxies.php:58
   │ D:\DO_AN_TOT_NGHIEP\doan_calamity_manager\vendor\laravel\framework\src\Illuminate\Pipeline\Pipeline.php:208
   │ D:\DO_AN_TOT_NGHIEP\doan_calamity_manager\vendor\laravel\framework\src\Illuminate\Foundation\Http\Middleware\InvokeDeferredCallbacks.php:22
   │ D:\DO_AN_TOT_NGHIEP\doan_calamity_manager\vendor\laravel\framework\src\Illuminate\Pipeline\Pipeline.php:208
   │ D:\DO_AN_TOT_NGHIEP\doan_calamity_manager\vendor\laravel\framework\src\Illuminate\Http\Middleware\ValidatePathEncoding.php:26
   │ D:\DO_AN_TOT_NGHIEP\doan_calamity_manager\vendor\laravel\framework\src\Illuminate\Pipeline\Pipeline.php:208
   │ D:\DO_AN_TOT_NGHIEP\doan_calamity_manager\vendor\laravel\framework\src\Illuminate\Pipeline\Pipeline.php:126
   │ D:\DO_AN_TOT_NGHIEP\doan_calamity_manager\vendor\laravel\framework\src\Illuminate\Foundation\Http\Kernel.php:175
   │ D:\DO_AN_TOT_NGHIEP\doan_calamity_manager\vendor\laravel\framework\src\Illuminate\Foundation\Http\Kernel.php:144
   │ D:\DO_AN_TOT_NGHIEP\doan_calamity_manager\vendor\laravel\framework\src\Illuminate\Foundation\Testing\Concerns\MakesHttpRequests.php:607
   │ D:\DO_AN_TOT_NGHIEP\doan_calamity_manager\vendor\laravel\framework\src\Illuminate\Foundation\Testing\Concerns\MakesHttpRequests.php:397
   │ D:\DO_AN_TOT_NGHIEP\doan_calamity_manager\tests\Feature\DashboardTest.php:48
   │
 ✘ Guest can send chat message
   │
   │ Illuminate\Database\QueryException: SQLSTATE[23000]: Integrity constraint violation: 19 NOT NULL constraint failed: messages.file (Connection: sqlite, SQL: insert into "messages" ("message", "sender_name", "updated_at", "created_at") values (Guest message, Người dân #1, 2025-07-13 09:49:59, 2025-07-13 09:49:59))
   │
   │ D:\DO_AN_TOT_NGHIEP\doan_calamity_manager\vendor\laravel\framework\src\Illuminate\Database\Connection.php:822
   │ D:\DO_AN_TOT_NGHIEP\doan_calamity_manager\vendor\laravel\framework\src\Illuminate\Database\Connection.php:776
   │ D:\DO_AN_TOT_NGHIEP\doan_calamity_manager\vendor\laravel\framework\src\Illuminate\Database\Connection.php:557
   │ D:\DO_AN_TOT_NGHIEP\doan_calamity_manager\vendor\laravel\framework\src\Illuminate\Database\Connection.php:521
   │ D:\DO_AN_TOT_NGHIEP\doan_calamity_manager\vendor\laravel\framework\src\Illuminate\Database\Query\Processors\Processor.php:32
   │ D:\DO_AN_TOT_NGHIEP\doan_calamity_manager\vendor\laravel\framework\src\Illuminate\Database\Query\Builder.php:3796
   │ D:\DO_AN_TOT_NGHIEP\doan_calamity_manager\vendor\laravel\framework\src\Illuminate\Database\Eloquent\Builder.php:2205
   │ D:\DO_AN_TOT_NGHIEP\doan_calamity_manager\vendor\laravel\framework\src\Illuminate\Database\Eloquent\Model.php:1410
   │ D:\DO_AN_TOT_NGHIEP\doan_calamity_manager\vendor\laravel\framework\src\Illuminate\Database\Eloquent\Model.php:1375
   │ D:\DO_AN_TOT_NGHIEP\doan_calamity_manager\vendor\laravel\framework\src\Illuminate\Database\Eloquent\Model.php:1214
   │ D:\DO_AN_TOT_NGHIEP\doan_calamity_manager\app\Http\Controllers\ChatController.php:32
   │ D:\DO_AN_TOT_NGHIEP\doan_calamity_manager\vendor\laravel\framework\src\Illuminate\Routing\Controller.php:54
   │ D:\DO_AN_TOT_NGHIEP\doan_calamity_manager\vendor\laravel\framework\src\Illuminate\Routing\ControllerDispatcher.php:43
   │ D:\DO_AN_TOT_NGHIEP\doan_calamity_manager\vendor\laravel\framework\src\Illuminate\Routing\Route.php:265
   │ D:\DO_AN_TOT_NGHIEP\doan_calamity_manager\vendor\laravel\framework\src\Illuminate\Routing\Route.php:211
   │ D:\DO_AN_TOT_NGHIEP\doan_calamity_manager\vendor\laravel\framework\src\Illuminate\Routing\Router.php:808
   │ D:\DO_AN_TOT_NGHIEP\doan_calamity_manager\vendor\laravel\framework\src\Illuminate\Pipeline\Pipeline.php:169
   │ D:\DO_AN_TOT_NGHIEP\doan_calamity_manager\vendor\laravel\framework\src\Illuminate\Routing\Middleware\SubstituteBindings.php:50
   │ D:\DO_AN_TOT_NGHIEP\doan_calamity_manager\vendor\laravel\framework\src\Illuminate\Pipeline\Pipeline.php:208
   │ D:\DO_AN_TOT_NGHIEP\doan_calamity_manager\vendor\laravel\framework\src\Illuminate\Foundation\Http\Middleware\VerifyCsrfToken.php:87
   │ D:\DO_AN_TOT_NGHIEP\doan_calamity_manager\vendor\laravel\framework\src\Illuminate\Pipeline\Pipeline.php:208
   │ D:\DO_AN_TOT_NGHIEP\doan_calamity_manager\vendor\laravel\framework\src\Illuminate\View\Middleware\ShareErrorsFromSession.php:48
   │ D:\DO_AN_TOT_NGHIEP\doan_calamity_manager\vendor\laravel\framework\src\Illuminate\Pipeline\Pipeline.php:208
   │ D:\DO_AN_TOT_NGHIEP\doan_calamity_manager\vendor\laravel\framework\src\Illuminate\Session\Middleware\StartSession.php:120
   │ D:\DO_AN_TOT_NGHIEP\doan_calamity_manager\vendor\laravel\framework\src\Illuminate\Session\Middleware\StartSession.php:63
   │ D:\DO_AN_TOT_NGHIEP\doan_calamity_manager\vendor\laravel\framework\src\Illuminate\Pipeline\Pipeline.php:208
   │ D:\DO_AN_TOT_NGHIEP\doan_calamity_manager\vendor\laravel\framework\src\Illuminate\Cookie\Middleware\AddQueuedCookiesToResponse.php:36
   │ D:\DO_AN_TOT_NGHIEP\doan_calamity_manager\vendor\laravel\framework\src\Illuminate\Pipeline\Pipeline.php:208
   │ D:\DO_AN_TOT_NGHIEP\doan_calamity_manager\vendor\laravel\framework\src\Illuminate\Cookie\Middleware\EncryptCookies.php:74
   │ D:\DO_AN_TOT_NGHIEP\doan_calamity_manager\vendor\laravel\framework\src\Illuminate\Pipeline\Pipeline.php:208
   │ D:\DO_AN_TOT_NGHIEP\doan_calamity_manager\vendor\laravel\framework\src\Illuminate\Pipeline\Pipeline.php:126
   │ D:\DO_AN_TOT_NGHIEP\doan_calamity_manager\vendor\laravel\framework\src\Illuminate\Routing\Router.php:807
   │ D:\DO_AN_TOT_NGHIEP\doan_calamity_manager\vendor\laravel\framework\src\Illuminate\Routing\Router.php:786
   │ D:\DO_AN_TOT_NGHIEP\doan_calamity_manager\vendor\laravel\framework\src\Illuminate\Routing\Router.php:750
   │ D:\DO_AN_TOT_NGHIEP\doan_calamity_manager\vendor\laravel\framework\src\Illuminate\Routing\Router.php:739
   │ D:\DO_AN_TOT_NGHIEP\doan_calamity_manager\vendor\laravel\framework\src\Illuminate\Foundation\Http\Kernel.php:200
   │ D:\DO_AN_TOT_NGHIEP\doan_calamity_manager\vendor\laravel\framework\src\Illuminate\Pipeline\Pipeline.php:169
   │ D:\DO_AN_TOT_NGHIEP\doan_calamity_manager\vendor\laravel\framework\src\Illuminate\Foundation\Http\Middleware\TransformsRequest.php:21
   │ D:\DO_AN_TOT_NGHIEP\doan_calamity_manager\vendor\laravel\framework\src\Illuminate\Foundation\Http\Middleware\ConvertEmptyStringsToNull.php:31
   │ D:\DO_AN_TOT_NGHIEP\doan_calamity_manager\vendor\laravel\framework\src\Illuminate\Pipeline\Pipeline.php:208
   │ D:\DO_AN_TOT_NGHIEP\doan_calamity_manager\vendor\laravel\framework\src\Illuminate\Foundation\Http\Middleware\TransformsRequest.php:21
   │ D:\DO_AN_TOT_NGHIEP\doan_calamity_manager\vendor\laravel\framework\src\Illuminate\Foundation\Http\Middleware\TrimStrings.php:51
   │ D:\DO_AN_TOT_NGHIEP\doan_calamity_manager\vendor\laravel\framework\src\Illuminate\Pipeline\Pipeline.php:208
   │ D:\DO_AN_TOT_NGHIEP\doan_calamity_manager\vendor\laravel\framework\src\Illuminate\Http\Middleware\ValidatePostSize.php:27
   │ D:\DO_AN_TOT_NGHIEP\doan_calamity_manager\vendor\laravel\framework\src\Illuminate\Pipeline\Pipeline.php:208
   │ D:\DO_AN_TOT_NGHIEP\doan_calamity_manager\vendor\laravel\framework\src\Illuminate\Foundation\Http\Middleware\PreventRequestsDuringMaintenance.php:109
   │ D:\DO_AN_TOT_NGHIEP\doan_calamity_manager\vendor\laravel\framework\src\Illuminate\Pipeline\Pipeline.php:208
   │ D:\DO_AN_TOT_NGHIEP\doan_calamity_manager\vendor\laravel\framework\src\Illuminate\Http\Middleware\HandleCors.php:48
   │ D:\DO_AN_TOT_NGHIEP\doan_calamity_manager\vendor\laravel\framework\src\Illuminate\Pipeline\Pipeline.php:208
   │ D:\DO_AN_TOT_NGHIEP\doan_calamity_manager\vendor\laravel\framework\src\Illuminate\Http\Middleware\TrustProxies.php:58
   │ D:\DO_AN_TOT_NGHIEP\doan_calamity_manager\vendor\laravel\framework\src\Illuminate\Pipeline\Pipeline.php:208
   │ D:\DO_AN_TOT_NGHIEP\doan_calamity_manager\vendor\laravel\framework\src\Illuminate\Foundation\Http\Middleware\InvokeDeferredCallbacks.php:22
   │ D:\DO_AN_TOT_NGHIEP\doan_calamity_manager\vendor\laravel\framework\src\Illuminate\Pipeline\Pipeline.php:208
   │ D:\DO_AN_TOT_NGHIEP\doan_calamity_manager\vendor\laravel\framework\src\Illuminate\Http\Middleware\ValidatePathEncoding.php:26
   │ D:\DO_AN_TOT_NGHIEP\doan_calamity_manager\vendor\laravel\framework\src\Illuminate\Pipeline\Pipeline.php:208
   │ D:\DO_AN_TOT_NGHIEP\doan_calamity_manager\vendor\laravel\framework\src\Illuminate\Pipeline\Pipeline.php:126
   │ D:\DO_AN_TOT_NGHIEP\doan_calamity_manager\vendor\laravel\framework\src\Illuminate\Foundation\Http\Kernel.php:175
   │ D:\DO_AN_TOT_NGHIEP\doan_calamity_manager\vendor\laravel\framework\src\Illuminate\Foundation\Http\Kernel.php:144
   │ D:\DO_AN_TOT_NGHIEP\doan_calamity_manager\vendor\laravel\framework\src\Illuminate\Foundation\Testing\Concerns\MakesHttpRequests.php:607
   │ D:\DO_AN_TOT_NGHIEP\doan_calamity_manager\vendor\laravel\framework\src\Illuminate\Foundation\Testing\Concerns\MakesHttpRequests.php:397
   │ D:\DO_AN_TOT_NGHIEP\doan_calamity_manager\tests\Feature\DashboardTest.php:61
   │
 ✘ Chat page displays messages
   │
   │ BadMethodCallException: Call to undefined method App\Models\Message::factory()
   │
   │ D:\DO_AN_TOT_NGHIEP\doan_calamity_manager\vendor\laravel\framework\src\Illuminate\Support\Traits\ForwardsCalls.php:67
   │ D:\DO_AN_TOT_NGHIEP\doan_calamity_manager\vendor\laravel\framework\src\Illuminate\Support\Traits\ForwardsCalls.php:36
   │ D:\DO_AN_TOT_NGHIEP\doan_calamity_manager\vendor\laravel\framework\src\Illuminate\Database\Eloquent\Model.php:2496
   │ D:\DO_AN_TOT_NGHIEP\doan_calamity_manager\vendor\laravel\framework\src\Illuminate\Database\Eloquent\Model.php:2512
   │ D:\DO_AN_TOT_NGHIEP\doan_calamity_manager\tests\Feature\DashboardTest.php:73
   │
 ✘ Notification mark as read
   │
   │ Error: Class "App\Models\Notification" not found
   │
   │ D:\DO_AN_TOT_NGHIEP\doan_calamity_manager\tests\Feature\DashboardTest.php:89
   │
 ✘ Single notification mark as read
   │
   │ Error: Class "App\Models\Notification" not found
   │
   │ D:\DO_AN_TOT_NGHIEP\doan_calamity_manager\tests\Feature\DashboardTest.php:111
   │

Email Verification (Tests\Feature\Auth\EmailVerification)
 ✘ Email verification screen can be rendered
   │
   │ Illuminate\Database\QueryException: SQLSTATE[HY000]: General error: 1 table users has no column named email_verified_at (Connection: sqlite, SQL: insert into "users" ("full_name", "user_name", "email", "password", "is_master", "email_verified_at", "updated_at", "created_at") values (Rocky Grant, mabelle15, hill.freddy@example.com, $2y$04$waWsBJVOLPlJAFeMduemG.R8M95gV/IbPO1ydBQaHNwZnW3L.9vk2, 0, ?, 2025-07-13 09:49:55, 2025-07-13 09:49:55))
   │
   │ D:\DO_AN_TOT_NGHIEP\doan_calamity_manager\vendor\laravel\framework\src\Illuminate\Database\Connection.php:822
   │ D:\DO_AN_TOT_NGHIEP\doan_calamity_manager\vendor\laravel\framework\src\Illuminate\Database\Connection.php:776
   │ D:\DO_AN_TOT_NGHIEP\doan_calamity_manager\vendor\laravel\framework\src\Illuminate\Database\Connection.php:557
   │ D:\DO_AN_TOT_NGHIEP\doan_calamity_manager\vendor\laravel\framework\src\Illuminate\Database\Connection.php:521
   │ D:\DO_AN_TOT_NGHIEP\doan_calamity_manager\vendor\laravel\framework\src\Illuminate\Database\Query\Processors\Processor.php:32
   │ D:\DO_AN_TOT_NGHIEP\doan_calamity_manager\vendor\laravel\framework\src\Illuminate\Database\Query\Builder.php:3796
   │ D:\DO_AN_TOT_NGHIEP\doan_calamity_manager\vendor\laravel\framework\src\Illuminate\Database\Eloquent\Builder.php:2205
   │ D:\DO_AN_TOT_NGHIEP\doan_calamity_manager\vendor\laravel\framework\src\Illuminate\Database\Eloquent\Model.php:1410
   │ D:\DO_AN_TOT_NGHIEP\doan_calamity_manager\vendor\laravel\framework\src\Illuminate\Database\Eloquent\Model.php:1375
   │ D:\DO_AN_TOT_NGHIEP\doan_calamity_manager\vendor\laravel\framework\src\Illuminate\Database\Eloquent\Model.php:1214
   │ D:\DO_AN_TOT_NGHIEP\doan_calamity_manager\vendor\laravel\framework\src\Illuminate\Database\Eloquent\Factories\Factory.php:350
   │ D:\DO_AN_TOT_NGHIEP\doan_calamity_manager\vendor\laravel\framework\src\Illuminate\Collections\Traits\EnumeratesValues.php:271
   │ D:\DO_AN_TOT_NGHIEP\doan_calamity_manager\vendor\laravel\framework\src\Illuminate\Database\Eloquent\Factories\Factory.php:345
   │ D:\DO_AN_TOT_NGHIEP\doan_calamity_manager\vendor\laravel\framework\src\Illuminate\Database\Eloquent\Factories\Factory.php:301
   │ D:\DO_AN_TOT_NGHIEP\doan_calamity_manager\tests\Feature\Auth\EmailVerificationTest.php:18
   │
 ✘ Email can be verified
   │
   │ Illuminate\Database\QueryException: SQLSTATE[HY000]: General error: 1 table users has no column named email_verified_at (Connection: sqlite, SQL: insert into "users" ("full_name", "user_name", "email", "password", "is_master", "email_verified_at", "updated_at", "created_at") values (Prof. Janice White MD, halvorson.nathan, elda.lowe@example.org, $2y$04$waWsBJVOLPlJAFeMduemG.R8M95gV/IbPO1ydBQaHNwZnW3L.9vk2, 0, ?, 2025-07-13 09:49:55, 2025-07-13 09:49:55))
   │
   │ D:\DO_AN_TOT_NGHIEP\doan_calamity_manager\vendor\laravel\framework\src\Illuminate\Database\Connection.php:822
   │ D:\DO_AN_TOT_NGHIEP\doan_calamity_manager\vendor\laravel\framework\src\Illuminate\Database\Connection.php:776
   │ D:\DO_AN_TOT_NGHIEP\doan_calamity_manager\vendor\laravel\framework\src\Illuminate\Database\Connection.php:557
   │ D:\DO_AN_TOT_NGHIEP\doan_calamity_manager\vendor\laravel\framework\src\Illuminate\Database\Connection.php:521
   │ D:\DO_AN_TOT_NGHIEP\doan_calamity_manager\vendor\laravel\framework\src\Illuminate\Database\Query\Processors\Processor.php:32
   │ D:\DO_AN_TOT_NGHIEP\doan_calamity_manager\vendor\laravel\framework\src\Illuminate\Database\Query\Builder.php:3796
   │ D:\DO_AN_TOT_NGHIEP\doan_calamity_manager\vendor\laravel\framework\src\Illuminate\Database\Eloquent\Builder.php:2205
   │ D:\DO_AN_TOT_NGHIEP\doan_calamity_manager\vendor\laravel\framework\src\Illuminate\Database\Eloquent\Model.php:1410
   │ D:\DO_AN_TOT_NGHIEP\doan_calamity_manager\vendor\laravel\framework\src\Illuminate\Database\Eloquent\Model.php:1375
   │ D:\DO_AN_TOT_NGHIEP\doan_calamity_manager\vendor\laravel\framework\src\Illuminate\Database\Eloquent\Model.php:1214
   │ D:\DO_AN_TOT_NGHIEP\doan_calamity_manager\vendor\laravel\framework\src\Illuminate\Database\Eloquent\Factories\Factory.php:350
   │ D:\DO_AN_TOT_NGHIEP\doan_calamity_manager\vendor\laravel\framework\src\Illuminate\Collections\Traits\EnumeratesValues.php:271
   │ D:\DO_AN_TOT_NGHIEP\doan_calamity_manager\vendor\laravel\framework\src\Illuminate\Database\Eloquent\Factories\Factory.php:345
   │ D:\DO_AN_TOT_NGHIEP\doan_calamity_manager\vendor\laravel\framework\src\Illuminate\Database\Eloquent\Factories\Factory.php:301
   │ D:\DO_AN_TOT_NGHIEP\doan_calamity_manager\tests\Feature\Auth\EmailVerificationTest.php:27
   │
 ✘ Email is not verified with invalid hash
   │
   │ Illuminate\Database\QueryException: SQLSTATE[HY000]: General error: 1 table users has no column named email_verified_at (Connection: sqlite, SQL: insert into "users" ("full_name", "user_name", "email", "password", "is_master", "email_verified_at", "updated_at", "created_at") values (Alberto Parisian, rau.andrew, bosco.melissa@example.net, $2y$04$waWsBJVOLPlJAFeMduemG.R8M95gV/IbPO1ydBQaHNwZnW3L.9vk2, 1, ?, 2025-07-13 09:49:55, 2025-07-13 09:49:55))
   │
   │ D:\DO_AN_TOT_NGHIEP\doan_calamity_manager\vendor\laravel\framework\src\Illuminate\Database\Connection.php:822
   │ D:\DO_AN_TOT_NGHIEP\doan_calamity_manager\vendor\laravel\framework\src\Illuminate\Database\Connection.php:776
   │ D:\DO_AN_TOT_NGHIEP\doan_calamity_manager\vendor\laravel\framework\src\Illuminate\Database\Connection.php:557
   │ D:\DO_AN_TOT_NGHIEP\doan_calamity_manager\vendor\laravel\framework\src\Illuminate\Database\Connection.php:521
   │ D:\DO_AN_TOT_NGHIEP\doan_calamity_manager\vendor\laravel\framework\src\Illuminate\Database\Query\Processors\Processor.php:32
   │ D:\DO_AN_TOT_NGHIEP\doan_calamity_manager\vendor\laravel\framework\src\Illuminate\Database\Query\Builder.php:3796
   │ D:\DO_AN_TOT_NGHIEP\doan_calamity_manager\vendor\laravel\framework\src\Illuminate\Database\Eloquent\Builder.php:2205
   │ D:\DO_AN_TOT_NGHIEP\doan_calamity_manager\vendor\laravel\framework\src\Illuminate\Database\Eloquent\Model.php:1410
   │ D:\DO_AN_TOT_NGHIEP\doan_calamity_manager\vendor\laravel\framework\src\Illuminate\Database\Eloquent\Model.php:1375
   │ D:\DO_AN_TOT_NGHIEP\doan_calamity_manager\vendor\laravel\framework\src\Illuminate\Database\Eloquent\Model.php:1214
   │ D:\DO_AN_TOT_NGHIEP\doan_calamity_manager\vendor\laravel\framework\src\Illuminate\Database\Eloquent\Factories\Factory.php:350
   │ D:\DO_AN_TOT_NGHIEP\doan_calamity_manager\vendor\laravel\framework\src\Illuminate\Collections\Traits\EnumeratesValues.php:271
   │ D:\DO_AN_TOT_NGHIEP\doan_calamity_manager\vendor\laravel\framework\src\Illuminate\Database\Eloquent\Factories\Factory.php:345
   │ D:\DO_AN_TOT_NGHIEP\doan_calamity_manager\vendor\laravel\framework\src\Illuminate\Database\Eloquent\Factories\Factory.php:301
   │ D:\DO_AN_TOT_NGHIEP\doan_calamity_manager\tests\Feature\Auth\EmailVerificationTest.php:46
   │

Example (Tests\Feature\Example)
 ✘ The application returns a successful response
   │
   │ Expected response status code [200] but received 500.
   │ Failed asserting that 500 is identical to 200.
   │
   │ The following exception occurred during the last request:
   │
   │ PDOException: SQLSTATE[HY000]: General error: 1 no such table: type_of_calamities in D:\DO_AN_TOT_NGHIEP\doan_calamity_manager\vendor\laravel\framework\src\Illuminate\Database\Connection.php:404
   │ Stack trace:
   │ #0 D:\DO_AN_TOT_NGHIEP\doan_calamity_manager\vendor\laravel\framework\src\Illuminate\Database\Connection.php(404): PDO->prepare()
   │ #1 D:\DO_AN_TOT_NGHIEP\doan_calamity_manager\vendor\laravel\framework\src\Illuminate\Database\Connection.php(809): Illuminate\Database\Connection->Illuminate\Database\{closure}()
   │ #2 D:\DO_AN_TOT_NGHIEP\doan_calamity_manager\vendor\laravel\framework\src\Illuminate\Database\Connection.php(776): Illuminate\Database\Connection->runQueryCallback()
   │ #3 D:\DO_AN_TOT_NGHIEP\doan_calamity_manager\vendor\laravel\framework\src\Illuminate\Database\Connection.php(395): Illuminate\Database\Connection->run()
   │ #4 D:\DO_AN_TOT_NGHIEP\doan_calamity_manager\vendor\laravel\framework\src\Illuminate\Database\Query\Builder.php(3131): Illuminate\Database\Connection->select()
   │ #5 D:\DO_AN_TOT_NGHIEP\doan_calamity_manager\vendor\laravel\framework\src\Illuminate\Database\Query\Builder.php(3116): Illuminate\Database\Query\Builder->runSelect()
   │ #6 D:\DO_AN_TOT_NGHIEP\doan_calamity_manager\vendor\laravel\framework\src\Illuminate\Database\Query\Builder.php(3706): Illuminate\Database\Query\Builder->Illuminate\Database\Query\{closure}()
   │ #7 D:\DO_AN_TOT_NGHIEP\doan_calamity_manager\vendor\laravel\framework\src\Illuminate\Database\Query\Builder.php(3115): Illuminate\Database\Query\Builder->onceWithColumns()
   │ #8 D:\DO_AN_TOT_NGHIEP\doan_calamity_manager\vendor\laravel\framework\src\Illuminate\Database\Eloquent\Builder.php(872): Illuminate\Database\Query\Builder->get()
   │ #9 D:\DO_AN_TOT_NGHIEP\doan_calamity_manager\vendor\laravel\framework\src\Illuminate\Database\Eloquent\Builder.php(854): Illuminate\Database\Eloquent\Builder->getModels()
   │ #10 D:\DO_AN_TOT_NGHIEP\doan_calamity_manager\app\Http\Controllers\AdminController.php(26): Illuminate\Database\Eloquent\Builder->get()
   │ #11 D:\DO_AN_TOT_NGHIEP\doan_calamity_manager\vendor\laravel\framework\src\Illuminate\Routing\Controller.php(54): App\Http\Controllers\AdminController->dashboard()
   │ #12 D:\DO_AN_TOT_NGHIEP\doan_calamity_manager\vendor\laravel\framework\src\Illuminate\Routing\ControllerDispatcher.php(43): Illuminate\Routing\Controller->callAction()
   │ #13 D:\DO_AN_TOT_NGHIEP\doan_calamity_manager\vendor\laravel\framework\src\Illuminate\Routing\Route.php(265): Illuminate\Routing\ControllerDispatcher->dispatch()
   │ #14 D:\DO_AN_TOT_NGHIEP\doan_calamity_manager\vendor\laravel\framework\src\Illuminate\Routing\Route.php(211): Illuminate\Routing\Route->runController()
   │ #15 D:\DO_AN_TOT_NGHIEP\doan_calamity_manager\vendor\laravel\framework\src\Illuminate\Routing\Router.php(808): Illuminate\Routing\Route->run()
   │ #16 D:\DO_AN_TOT_NGHIEP\doan_calamity_manager\vendor\laravel\framework\src\Illuminate\Pipeline\Pipeline.php(169): Illuminate\Routing\Router->Illuminate\Routing\{closure}()
   │ #17 D:\DO_AN_TOT_NGHIEP\doan_calamity_manager\vendor\laravel\framework\src\Illuminate\Routing\Middleware\SubstituteBindings.php(50): Illuminate\Pipeline\Pipeline->Illuminate\Pipeline\{closure}()
   │ #18 D:\DO_AN_TOT_NGHIEP\doan_calamity_manager\vendor\laravel\framework\src\Illuminate\Pipeline\Pipeline.php(208): Illuminate\Routing\Middleware\SubstituteBindings->handle()
   │ #19 D:\DO_AN_TOT_NGHIEP\doan_calamity_manager\vendor\laravel\framework\src\Illuminate\Foundation\Http\Middleware\VerifyCsrfToken.php(87): Illuminate\Pipeline\Pipeline->Illuminate\Pipeline\{closure}()
   │ #20 D:\DO_AN_TOT_NGHIEP\doan_calamity_manager\vendor\laravel\framework\src\Illuminate\Pipeline\Pipeline.php(208): Illuminate\Foundation\Http\Middleware\VerifyCsrfToken->handle()
   │ #21 D:\DO_AN_TOT_NGHIEP\doan_calamity_manager\vendor\laravel\framework\src\Illuminate\View\Middleware\ShareErrorsFromSession.php(48): Illuminate\Pipeline\Pipeline->Illuminate\Pipeline\{closure}()
   │ #22 D:\DO_AN_TOT_NGHIEP\doan_calamity_manager\vendor\laravel\framework\src\Illuminate\Pipeline\Pipeline.php(208): Illuminate\View\Middleware\ShareErrorsFromSession->handle()
   │ #23 D:\DO_AN_TOT_NGHIEP\doan_calamity_manager\vendor\laravel\framework\src\Illuminate\Session\Middleware\StartSession.php(120): Illuminate\Pipeline\Pipeline->Illuminate\Pipeline\{closure}()
   │ #24 D:\DO_AN_TOT_NGHIEP\doan_calamity_manager\vendor\laravel\framework\src\Illuminate\Session\Middleware\StartSession.php(63): Illuminate\Session\Middleware\StartSession->handleStatefulRequest()
   │ #25 D:\DO_AN_TOT_NGHIEP\doan_calamity_manager\vendor\laravel\framework\src\Illuminate\Pipeline\Pipeline.php(208): Illuminate\Session\Middleware\StartSession->handle()
   │ #26 D:\DO_AN_TOT_NGHIEP\doan_calamity_manager\vendor\laravel\framework\src\Illuminate\Cookie\Middleware\AddQueuedCookiesToResponse.php(36): Illuminate\Pipeline\Pipeline->Illuminate\Pipeline\{closure}()
   │ #27 D:\DO_AN_TOT_NGHIEP\doan_calamity_manager\vendor\laravel\framework\src\Illuminate\Pipeline\Pipeline.php(208): Illuminate\Cookie\Middleware\AddQueuedCookiesToResponse->handle()
   │ #28 D:\DO_AN_TOT_NGHIEP\doan_calamity_manager\vendor\laravel\framework\src\Illuminate\Cookie\Middleware\EncryptCookies.php(74): Illuminate\Pipeline\Pipeline->Illuminate\Pipeline\{closure}()
   │ #29 D:\DO_AN_TOT_NGHIEP\doan_calamity_manager\vendor\laravel\framework\src\Illuminate\Pipeline\Pipeline.php(208): Illuminate\Cookie\Middleware\EncryptCookies->handle()
   │ #30 D:\DO_AN_TOT_NGHIEP\doan_calamity_manager\vendor\laravel\framework\src\Illuminate\Pipeline\Pipeline.php(126): Illuminate\Pipeline\Pipeline->Illuminate\Pipeline\{closure}()
   │ #31 D:\DO_AN_TOT_NGHIEP\doan_calamity_manager\vendor\laravel\framework\src\Illuminate\Routing\Router.php(807): Illuminate\Pipeline\Pipeline->then()
   │ #32 D:\DO_AN_TOT_NGHIEP\doan_calamity_manager\vendor\laravel\framework\src\Illuminate\Routing\Router.php(786): Illuminate\Routing\Router->runRouteWithinStack()
   │ #33 D:\DO_AN_TOT_NGHIEP\doan_calamity_manager\vendor\laravel\framework\src\Illuminate\Routing\Router.php(750): Illuminate\Routing\Router->runRoute()
   │ #34 D:\DO_AN_TOT_NGHIEP\doan_calamity_manager\vendor\laravel\framework\src\Illuminate\Routing\Router.php(739): Illuminate\Routing\Router->dispatchToRoute()
   │ #35 D:\DO_AN_TOT_NGHIEP\doan_calamity_manager\vendor\laravel\framework\src\Illuminate\Foundation\Http\Kernel.php(200): Illuminate\Routing\Router->dispatch()
   │ #36 D:\DO_AN_TOT_NGHIEP\doan_calamity_manager\vendor\laravel\framework\src\Illuminate\Pipeline\Pipeline.php(169): Illuminate\Foundation\Http\Kernel->Illuminate\Foundation\Http\{closure}()
   │ #37 D:\DO_AN_TOT_NGHIEP\doan_calamity_manager\vendor\laravel\framework\src\Illuminate\Foundation\Http\Middleware\TransformsRequest.php(21): Illuminate\Pipeline\Pipeline->Illuminate\Pipeline\{closure}()
   │ #38 D:\DO_AN_TOT_NGHIEP\doan_calamity_manager\vendor\laravel\framework\src\Illuminate\Foundation\Http\Middleware\ConvertEmptyStringsToNull.php(31): Illuminate\Foundation\Http\Middleware\TransformsRequest->handle()
   │ #39 D:\DO_AN_TOT_NGHIEP\doan_calamity_manager\vendor\laravel\framework\src\Illuminate\Pipeline\Pipeline.php(208): Illuminate\Foundation\Http\Middleware\ConvertEmptyStringsToNull->handle()
   │ #40 D:\DO_AN_TOT_NGHIEP\doan_calamity_manager\vendor\laravel\framework\src\Illuminate\Foundation\Http\Middleware\TransformsRequest.php(21): Illuminate\Pipeline\Pipeline->Illuminate\Pipeline\{closure}()
   │ #41 D:\DO_AN_TOT_NGHIEP\doan_calamity_manager\vendor\laravel\framework\src\Illuminate\Foundation\Http\Middleware\TrimStrings.php(51): Illuminate\Foundation\Http\Middleware\TransformsRequest->handle()
   │ #42 D:\DO_AN_TOT_NGHIEP\doan_calamity_manager\vendor\laravel\framework\src\Illuminate\Pipeline\Pipeline.php(208): Illuminate\Foundation\Http\Middleware\TrimStrings->handle()
   │ #43 D:\DO_AN_TOT_NGHIEP\doan_calamity_manager\vendor\laravel\framework\src\Illuminate\Http\Middleware\ValidatePostSize.php(27): Illuminate\Pipeline\Pipeline->Illuminate\Pipeline\{closure}()
   │ #44 D:\DO_AN_TOT_NGHIEP\doan_calamity_manager\vendor\laravel\framework\src\Illuminate\Pipeline\Pipeline.php(208): Illuminate\Http\Middleware\ValidatePostSize->handle()
   │ #45 D:\DO_AN_TOT_NGHIEP\doan_calamity_manager\vendor\laravel\framework\src\Illuminate\Foundation\Http\Middleware\PreventRequestsDuringMaintenance.php(109): Illuminate\Pipeline\Pipeline->Illuminate\Pipeline\{closure}()
   │ #46 D:\DO_AN_TOT_NGHIEP\doan_calamity_manager\vendor\laravel\framework\src\Illuminate\Pipeline\Pipeline.php(208): Illuminate\Foundation\Http\Middleware\PreventRequestsDuringMaintenance->handle()
   │ #47 D:\DO_AN_TOT_NGHIEP\doan_calamity_manager\vendor\laravel\framework\src\Illuminate\Http\Middleware\HandleCors.php(48): Illuminate\Pipeline\Pipeline->Illuminate\Pipeline\{closure}()
   │ #48 D:\DO_AN_TOT_NGHIEP\doan_calamity_manager\vendor\laravel\framework\src\Illuminate\Pipeline\Pipeline.php(208): Illuminate\Http\Middleware\HandleCors->handle()
   │ #49 D:\DO_AN_TOT_NGHIEP\doan_calamity_manager\vendor\laravel\framework\src\Illuminate\Http\Middleware\TrustProxies.php(58): Illuminate\Pipeline\Pipeline->Illuminate\Pipeline\{closure}()
   │ #50 D:\DO_AN_TOT_NGHIEP\doan_calamity_manager\vendor\laravel\framework\src\Illuminate\Pipeline\Pipeline.php(208): Illuminate\Http\Middleware\TrustProxies->handle()
   │ #51 D:\DO_AN_TOT_NGHIEP\doan_calamity_manager\vendor\laravel\framework\src\Illuminate\Foundation\Http\Middleware\InvokeDeferredCallbacks.php(22): Illuminate\Pipeline\Pipeline->Illuminate\Pipeline\{closure}()
   │ #52 D:\DO_AN_TOT_NGHIEP\doan_calamity_manager\vendor\laravel\framework\src\Illuminate\Pipeline\Pipeline.php(208): Illuminate\Foundation\Http\Middleware\InvokeDeferredCallbacks->handle()
   │ #53 D:\DO_AN_TOT_NGHIEP\doan_calamity_manager\vendor\laravel\framework\src\Illuminate\Http\Middleware\ValidatePathEncoding.php(26): Illuminate\Pipeline\Pipeline->Illuminate\Pipeline\{closure}()
   │ #54 D:\DO_AN_TOT_NGHIEP\doan_calamity_manager\vendor\laravel\framework\src\Illuminate\Pipeline\Pipeline.php(208): Illuminate\Http\Middleware\ValidatePathEncoding->handle()
   │ #55 D:\DO_AN_TOT_NGHIEP\doan_calamity_manager\vendor\laravel\framework\src\Illuminate\Pipeline\Pipeline.php(126): Illuminate\Pipeline\Pipeline->Illuminate\Pipeline\{closure}()
   │ #56 D:\DO_AN_TOT_NGHIEP\doan_calamity_manager\vendor\laravel\framework\src\Illuminate\Foundation\Http\Kernel.php(175): Illuminate\Pipeline\Pipeline->then()
   │ #57 D:\DO_AN_TOT_NGHIEP\doan_calamity_manager\vendor\laravel\framework\src\Illuminate\Foundation\Http\Kernel.php(144): Illuminate\Foundation\Http\Kernel->sendRequestThroughRouter()
   │ #58 D:\DO_AN_TOT_NGHIEP\doan_calamity_manager\vendor\laravel\framework\src\Illuminate\Foundation\Testing\Concerns\MakesHttpRequests.php(607): Illuminate\Foundation\Http\Kernel->handle()
   │ #59 D:\DO_AN_TOT_NGHIEP\doan_calamity_manager\vendor\laravel\framework\src\Illuminate\Foundation\Testing\Concerns\MakesHttpRequests.php(368): Illuminate\Foundation\Testing\TestCase->call()
   │ #60 D:\DO_AN_TOT_NGHIEP\doan_calamity_manager\tests\Feature\ExampleTest.php(15): Illuminate\Foundation\Testing\TestCase->get()
   │ #61 D:\DO_AN_TOT_NGHIEP\doan_calamity_manager\vendor\phpunit\phpunit\src\Framework\TestCase.php(1656): Tests\Feature\ExampleTest->test_the_application_returns_a_successful_response()
   │ #62 D:\DO_AN_TOT_NGHIEP\doan_calamity_manager\vendor\phpunit\phpunit\src\Framework\TestCase.php(514): PHPUnit\Framework\TestCase->runTest()
   │ #63 D:\DO_AN_TOT_NGHIEP\doan_calamity_manager\vendor\phpunit\phpunit\src\Framework\TestRunner\TestRunner.php(87): PHPUnit\Framework\TestCase->runBare()
   │ #64 D:\DO_AN_TOT_NGHIEP\doan_calamity_manager\vendor\phpunit\phpunit\src\Framework\TestCase.php(361): PHPUnit\Framework\TestRunner->run()
   │ #65 D:\DO_AN_TOT_NGHIEP\doan_calamity_manager\vendor\phpunit\phpunit\src\Framework\TestSuite.php(369): PHPUnit\Framework\TestCase->run()
   │ #66 D:\DO_AN_TOT_NGHIEP\doan_calamity_manager\vendor\phpunit\phpunit\src\Framework\TestSuite.php(369): PHPUnit\Framework\TestSuite->run()
   │ #67 D:\DO_AN_TOT_NGHIEP\doan_calamity_manager\vendor\phpunit\phpunit\src\Framework\TestSuite.php(369): PHPUnit\Framework\TestSuite->run()
   │ #68 D:\DO_AN_TOT_NGHIEP\doan_calamity_manager\vendor\phpunit\phpunit\src\TextUI\TestRunner.php(64): PHPUnit\Framework\TestSuite->run()
   │ #69 D:\DO_AN_TOT_NGHIEP\doan_calamity_manager\vendor\phpunit\phpunit\src\TextUI\Application.php(210): PHPUnit\TextUI\TestRunner->run()
   │ #70 D:\DO_AN_TOT_NGHIEP\doan_calamity_manager\vendor\phpunit\phpunit\phpunit(104): PHPUnit\TextUI\Application->run()
   │ #71 {main}
   │
   │ Next Illuminate\Database\QueryException: SQLSTATE[HY000]: General error: 1 no such table: type_of_calamities (Connection: sqlite, SQL: select "type_of_calamities".*, (select count(*) from "calamities" inner join "risk_levels" on "risk_levels"."id" = "calamities"."risk_level_id" where "type_of_calamities"."id" = "risk_levels"."type_of_calamity_id") as "calamities_count", (select count(*) from "constructions" inner join "risk_levels" on "risk_levels"."id" = "constructions"."risk_level_id" where "type_of_calamities"."id" = "risk_levels"."type_of_calamity_id") as "constructions_count" from "type_of_calamities") in D:\DO_AN_TOT_NGHIEP\doan_calamity_manager\vendor\laravel\framework\src\Illuminate\Database\Connection.php:822
   │ Stack trace:
   │ #0 D:\DO_AN_TOT_NGHIEP\doan_calamity_manager\vendor\laravel\framework\src\Illuminate\Database\Connection.php(776): Illuminate\Database\Connection->runQueryCallback()
   │ #1 D:\DO_AN_TOT_NGHIEP\doan_calamity_manager\vendor\laravel\framework\src\Illuminate\Database\Connection.php(395): Illuminate\Database\Connection->run()
   │ #2 D:\DO_AN_TOT_NGHIEP\doan_calamity_manager\vendor\laravel\framework\src\Illuminate\Database\Query\Builder.php(3131): Illuminate\Database\Connection->select()
   │ #3 D:\DO_AN_TOT_NGHIEP\doan_calamity_manager\vendor\laravel\framework\src\Illuminate\Database\Query\Builder.php(3116): Illuminate\Database\Query\Builder->runSelect()
   │ #4 D:\DO_AN_TOT_NGHIEP\doan_calamity_manager\vendor\laravel\framework\src\Illuminate\Database\Query\Builder.php(3706): Illuminate\Database\Query\Builder->Illuminate\Database\Query\{closure}()
   │ #5 D:\DO_AN_TOT_NGHIEP\doan_calamity_manager\vendor\laravel\framework\src\Illuminate\Database\Query\Builder.php(3115): Illuminate\Database\Query\Builder->onceWithColumns()
   │ #6 D:\DO_AN_TOT_NGHIEP\doan_calamity_manager\vendor\laravel\framework\src\Illuminate\Database\Eloquent\Builder.php(872): Illuminate\Database\Query\Builder->get()
   │ #7 D:\DO_AN_TOT_NGHIEP\doan_calamity_manager\vendor\laravel\framework\src\Illuminate\Database\Eloquent\Builder.php(854): Illuminate\Database\Eloquent\Builder->getModels()
   │ #8 D:\DO_AN_TOT_NGHIEP\doan_calamity_manager\app\Http\Controllers\AdminController.php(26): Illuminate\Database\Eloquent\Builder->get()
   │ #9 D:\DO_AN_TOT_NGHIEP\doan_calamity_manager\vendor\laravel\framework\src\Illuminate\Routing\Controller.php(54): App\Http\Controllers\AdminController->dashboard()
   │ #10 D:\DO_AN_TOT_NGHIEP\doan_calamity_manager\vendor\laravel\framework\src\Illuminate\Routing\ControllerDispatcher.php(43): Illuminate\Routing\Controller->callAction()
   │ #11 D:\DO_AN_TOT_NGHIEP\doan_calamity_manager\vendor\laravel\framework\src\Illuminate\Routing\Route.php(265): Illuminate\Routing\ControllerDispatcher->dispatch()
   │ #12 D:\DO_AN_TOT_NGHIEP\doan_calamity_manager\vendor\laravel\framework\src\Illuminate\Routing\Route.php(211): Illuminate\Routing\Route->runController()
   │ #13 D:\DO_AN_TOT_NGHIEP\doan_calamity_manager\vendor\laravel\framework\src\Illuminate\Routing\Router.php(808): Illuminate\Routing\Route->run()
   │ #14 D:\DO_AN_TOT_NGHIEP\doan_calamity_manager\vendor\laravel\framework\src\Illuminate\Pipeline\Pipeline.php(169): Illuminate\Routing\Router->Illuminate\Routing\{closure}()
   │ #15 D:\DO_AN_TOT_NGHIEP\doan_calamity_manager\vendor\laravel\framework\src\Illuminate\Routing\Middleware\SubstituteBindings.php(50): Illuminate\Pipeline\Pipeline->Illuminate\Pipeline\{closure}()
   │ #16 D:\DO_AN_TOT_NGHIEP\doan_calamity_manager\vendor\laravel\framework\src\Illuminate\Pipeline\Pipeline.php(208): Illuminate\Routing\Middleware\SubstituteBindings->handle()
   │ #17 D:\DO_AN_TOT_NGHIEP\doan_calamity_manager\vendor\laravel\framework\src\Illuminate\Foundation\Http\Middleware\VerifyCsrfToken.php(87): Illuminate\Pipeline\Pipeline->Illuminate\Pipeline\{closure}()
   │ #18 D:\DO_AN_TOT_NGHIEP\doan_calamity_manager\vendor\laravel\framework\src\Illuminate\Pipeline\Pipeline.php(208): Illuminate\Foundation\Http\Middleware\VerifyCsrfToken->handle()
   │ #19 D:\DO_AN_TOT_NGHIEP\doan_calamity_manager\vendor\laravel\framework\src\Illuminate\View\Middleware\ShareErrorsFromSession.php(48): Illuminate\Pipeline\Pipeline->Illuminate\Pipeline\{closure}()
   │ #20 D:\DO_AN_TOT_NGHIEP\doan_calamity_manager\vendor\laravel\framework\src\Illuminate\Pipeline\Pipeline.php(208): Illuminate\View\Middleware\ShareErrorsFromSession->handle()
   │ #21 D:\DO_AN_TOT_NGHIEP\doan_calamity_manager\vendor\laravel\framework\src\Illuminate\Session\Middleware\StartSession.php(120): Illuminate\Pipeline\Pipeline->Illuminate\Pipeline\{closure}()
   │ #22 D:\DO_AN_TOT_NGHIEP\doan_calamity_manager\vendor\laravel\framework\src\Illuminate\Session\Middleware\StartSession.php(63): Illuminate\Session\Middleware\StartSession->handleStatefulRequest()
   │ #23 D:\DO_AN_TOT_NGHIEP\doan_calamity_manager\vendor\laravel\framework\src\Illuminate\Pipeline\Pipeline.php(208): Illuminate\Session\Middleware\StartSession->handle()
   │ #24 D:\DO_AN_TOT_NGHIEP\doan_calamity_manager\vendor\laravel\framework\src\Illuminate\Cookie\Middleware\AddQueuedCookiesToResponse.php(36): Illuminate\Pipeline\Pipeline->Illuminate\Pipeline\{closure}()
   │ #25 D:\DO_AN_TOT_NGHIEP\doan_calamity_manager\vendor\laravel\framework\src\Illuminate\Pipeline\Pipeline.php(208): Illuminate\Cookie\Middleware\AddQueuedCookiesToResponse->handle()
   │ #26 D:\DO_AN_TOT_NGHIEP\doan_calamity_manager\vendor\laravel\framework\src\Illuminate\Cookie\Middleware\EncryptCookies.php(74): Illuminate\Pipeline\Pipeline->Illuminate\Pipeline\{closure}()
   │ #27 D:\DO_AN_TOT_NGHIEP\doan_calamity_manager\vendor\laravel\framework\src\Illuminate\Pipeline\Pipeline.php(208): Illuminate\Cookie\Middleware\EncryptCookies->handle()
   │ #28 D:\DO_AN_TOT_NGHIEP\doan_calamity_manager\vendor\laravel\framework\src\Illuminate\Pipeline\Pipeline.php(126): Illuminate\Pipeline\Pipeline->Illuminate\Pipeline\{closure}()
   │ #29 D:\DO_AN_TOT_NGHIEP\doan_calamity_manager\vendor\laravel\framework\src\Illuminate\Routing\Router.php(807): Illuminate\Pipeline\Pipeline->then()
   │ #30 D:\DO_AN_TOT_NGHIEP\doan_calamity_manager\vendor\laravel\framework\src\Illuminate\Routing\Router.php(786): Illuminate\Routing\Router->runRouteWithinStack()
   │ #31 D:\DO_AN_TOT_NGHIEP\doan_calamity_manager\vendor\laravel\framework\src\Illuminate\Routing\Router.php(750): Illuminate\Routing\Router->runRoute()
   │ #32 D:\DO_AN_TOT_NGHIEP\doan_calamity_manager\vendor\laravel\framework\src\Illuminate\Routing\Router.php(739): Illuminate\Routing\Router->dispatchToRoute()
   │ #33 D:\DO_AN_TOT_NGHIEP\doan_calamity_manager\vendor\laravel\framework\src\Illuminate\Foundation\Http\Kernel.php(200): Illuminate\Routing\Router->dispatch()
   │ #34 D:\DO_AN_TOT_NGHIEP\doan_calamity_manager\vendor\laravel\framework\src\Illuminate\Pipeline\Pipeline.php(169): Illuminate\Foundation\Http\Kernel->Illuminate\Foundation\Http\{closure}()
   │ #35 D:\DO_AN_TOT_NGHIEP\doan_calamity_manager\vendor\laravel\framework\src\Illuminate\Foundation\Http\Middleware\TransformsRequest.php(21): Illuminate\Pipeline\Pipeline->Illuminate\Pipeline\{closure}()
   │ #36 D:\DO_AN_TOT_NGHIEP\doan_calamity_manager\vendor\laravel\framework\src\Illuminate\Foundation\Http\Middleware\ConvertEmptyStringsToNull.php(31): Illuminate\Foundation\Http\Middleware\TransformsRequest->handle()
   │ #37 D:\DO_AN_TOT_NGHIEP\doan_calamity_manager\vendor\laravel\framework\src\Illuminate\Pipeline\Pipeline.php(208): Illuminate\Foundation\Http\Middleware\ConvertEmptyStringsToNull->handle()
   │ #38 D:\DO_AN_TOT_NGHIEP\doan_calamity_manager\vendor\laravel\framework\src\Illuminate\Foundation\Http\Middleware\TransformsRequest.php(21): Illuminate\Pipeline\Pipeline->Illuminate\Pipeline\{closure}()
   │ #39 D:\DO_AN_TOT_NGHIEP\doan_calamity_manager\vendor\laravel\framework\src\Illuminate\Foundation\Http\Middleware\TrimStrings.php(51): Illuminate\Foundation\Http\Middleware\TransformsRequest->handle()
   │ #40 D:\DO_AN_TOT_NGHIEP\doan_calamity_manager\vendor\laravel\framework\src\Illuminate\Pipeline\Pipeline.php(208): Illuminate\Foundation\Http\Middleware\TrimStrings->handle()
   │ #41 D:\DO_AN_TOT_NGHIEP\doan_calamity_manager\vendor\laravel\framework\src\Illuminate\Http\Middleware\ValidatePostSize.php(27): Illuminate\Pipeline\Pipeline->Illuminate\Pipeline\{closure}()
   │ #42 D:\DO_AN_TOT_NGHIEP\doan_calamity_manager\vendor\laravel\framework\src\Illuminate\Pipeline\Pipeline.php(208): Illuminate\Http\Middleware\ValidatePostSize->handle()
   │ #43 D:\DO_AN_TOT_NGHIEP\doan_calamity_manager\vendor\laravel\framework\src\Illuminate\Foundation\Http\Middleware\PreventRequestsDuringMaintenance.php(109): Illuminate\Pipeline\Pipeline->Illuminate\Pipeline\{closure}()
   │ #44 D:\DO_AN_TOT_NGHIEP\doan_calamity_manager\vendor\laravel\framework\src\Illuminate\Pipeline\Pipeline.php(208): Illuminate\Foundation\Http\Middleware\PreventRequestsDuringMaintenance->handle()
   │ #45 D:\DO_AN_TOT_NGHIEP\doan_calamity_manager\vendor\laravel\framework\src\Illuminate\Http\Middleware\HandleCors.php(48): Illuminate\Pipeline\Pipeline->Illuminate\Pipeline\{closure}()
   │ #46 D:\DO_AN_TOT_NGHIEP\doan_calamity_manager\vendor\laravel\framework\src\Illuminate\Pipeline\Pipeline.php(208): Illuminate\Http\Middleware\HandleCors->handle()
   │ #47 D:\DO_AN_TOT_NGHIEP\doan_calamity_manager\vendor\laravel\framework\src\Illuminate\Http\Middleware\TrustProxies.php(58): Illuminate\Pipeline\Pipeline->Illuminate\Pipeline\{closure}()
   │ #48 D:\DO_AN_TOT_NGHIEP\doan_calamity_manager\vendor\laravel\framework\src\Illuminate\Pipeline\Pipeline.php(208): Illuminate\Http\Middleware\TrustProxies->handle()
   │ #49 D:\DO_AN_TOT_NGHIEP\doan_calamity_manager\vendor\laravel\framework\src\Illuminate\Foundation\Http\Middleware\InvokeDeferredCallbacks.php(22): Illuminate\Pipeline\Pipeline->Illuminate\Pipeline\{closure}()
   │ #50 D:\DO_AN_TOT_NGHIEP\doan_calamity_manager\vendor\laravel\framework\src\Illuminate\Pipeline\Pipeline.php(208): Illuminate\Foundation\Http\Middleware\InvokeDeferredCallbacks->handle()
   │ #51 D:\DO_AN_TOT_NGHIEP\doan_calamity_manager\vendor\laravel\framework\src\Illuminate\Http\Middleware\ValidatePathEncoding.php(26): Illuminate\Pipeline\Pipeline->Illuminate\Pipeline\{closure}()
   │ #52 D:\DO_AN_TOT_NGHIEP\doan_calamity_manager\vendor\laravel\framework\src\Illuminate\Pipeline\Pipeline.php(208): Illuminate\Http\Middleware\ValidatePathEncoding->handle()
   │ #53 D:\DO_AN_TOT_NGHIEP\doan_calamity_manager\vendor\laravel\framework\src\Illuminate\Pipeline\Pipeline.php(126): Illuminate\Pipeline\Pipeline->Illuminate\Pipeline\{closure}()
   │ #54 D:\DO_AN_TOT_NGHIEP\doan_calamity_manager\vendor\laravel\framework\src\Illuminate\Foundation\Http\Kernel.php(175): Illuminate\Pipeline\Pipeline->then()
   │ #55 D:\DO_AN_TOT_NGHIEP\doan_calamity_manager\vendor\laravel\framework\src\Illuminate\Foundation\Http\Kernel.php(144): Illuminate\Foundation\Http\Kernel->sendRequestThroughRouter()
   │ #56 D:\DO_AN_TOT_NGHIEP\doan_calamity_manager\vendor\laravel\framework\src\Illuminate\Foundation\Testing\Concerns\MakesHttpRequests.php(607): Illuminate\Foundation\Http\Kernel->handle()
   │ #57 D:\DO_AN_TOT_NGHIEP\doan_calamity_manager\vendor\laravel\framework\src\Illuminate\Foundation\Testing\Concerns\MakesHttpRequests.php(368): Illuminate\Foundation\Testing\TestCase->call()
   │ #58 D:\DO_AN_TOT_NGHIEP\doan_calamity_manager\tests\Feature\ExampleTest.php(15): Illuminate\Foundation\Testing\TestCase->get()
   │ #59 D:\DO_AN_TOT_NGHIEP\doan_calamity_manager\vendor\phpunit\phpunit\src\Framework\TestCase.php(1656): Tests\Feature\ExampleTest->test_the_application_returns_a_successful_response()
   │ #60 D:\DO_AN_TOT_NGHIEP\doan_calamity_manager\vendor\phpunit\phpunit\src\Framework\TestCase.php(514): PHPUnit\Framework\TestCase->runTest()
   │ #61 D:\DO_AN_TOT_NGHIEP\doan_calamity_manager\vendor\phpunit\phpunit\src\Framework\TestRunner\TestRunner.php(87): PHPUnit\Framework\TestCase->runBare()
   │ #62 D:\DO_AN_TOT_NGHIEP\doan_calamity_manager\vendor\phpunit\phpunit\src\Framework\TestCase.php(361): PHPUnit\Framework\TestRunner->run()
   │ #63 D:\DO_AN_TOT_NGHIEP\doan_calamity_manager\vendor\phpunit\phpunit\src\Framework\TestSuite.php(369): PHPUnit\Framework\TestCase->run()
   │ #64 D:\DO_AN_TOT_NGHIEP\doan_calamity_manager\vendor\phpunit\phpunit\src\Framework\TestSuite.php(369): PHPUnit\Framework\TestSuite->run()
   │ #65 D:\DO_AN_TOT_NGHIEP\doan_calamity_manager\vendor\phpunit\phpunit\src\Framework\TestSuite.php(369): PHPUnit\Framework\TestSuite->run()
   │ #66 D:\DO_AN_TOT_NGHIEP\doan_calamity_manager\vendor\phpunit\phpunit\src\TextUI\TestRunner.php(64): PHPUnit\Framework\TestSuite->run()
   │ #67 D:\DO_AN_TOT_NGHIEP\doan_calamity_manager\vendor\phpunit\phpunit\src\TextUI\Application.php(210): PHPUnit\TextUI\TestRunner->run()
   │ #68 D:\DO_AN_TOT_NGHIEP\doan_calamity_manager\vendor\phpunit\phpunit\phpunit(104): PHPUnit\TextUI\Application->run()
   │ #69 {main}
   │
   │ ----------------------------------------------------------------------------------
   │
   │ SQLSTATE[HY000]: General error: 1 no such table: type_of_calamities (Connection: sqlite, SQL: select "type_of_calamities".*, (select count(*) from "calamities" inner join "risk_levels" on "risk_levels"."id" = "calamities"."risk_level_id" where "type_of_calamities"."id" = "risk_levels"."type_of_calamity_id") as "calamities_count", (select count(*) from "constructions" inner join "risk_levels" on "risk_levels"."id" = "constructions"."risk_level_id" where "type_of_calamities"."id" = "risk_levels"."type_of_calamity_id") as "constructions_count" from "type_of_calamities")
   │
   │ D:\DO_AN_TOT_NGHIEP\doan_calamity_manager\vendor\laravel\framework\src\Illuminate\Testing\TestResponseAssert.php:45
   │ D:\DO_AN_TOT_NGHIEP\doan_calamity_manager\vendor\laravel\framework\src\Illuminate\Testing\TestResponse.php:174
   │ D:\DO_AN_TOT_NGHIEP\doan_calamity_manager\tests\Feature\ExampleTest.php:17
   │

Example (Tests\Unit\Example)
 ✔ That true is true

Incident Report (Tests\Feature\IncidentReport)
 ✔ Guest can view incident report page
 ✔ Guest can view create incident report page
 ✔ Guest can create incident report
 ✔ Incident report requires required fields
 ✔ Authenticated user can delete incident report
 ✘ Authenticated user can delete multiple incident reports
   │
   │ Illuminate\Database\UniqueConstraintViolationException: SQLSTATE[23000]: Integrity constraint violation: 19 UNIQUE constraint failed: type_of_calamities.slug (Connection: sqlite, SQL: insert into "type_of_calamities" ("name", "slug", "description", "updated_at", "created_at") values (Ngập lụt, ngap-lut, Eum maxime dolores fuga ut dolorem ut., 2025-07-13 09:50:00, 2025-07-13 09:50:00))
   │
   │ D:\DO_AN_TOT_NGHIEP\doan_calamity_manager\vendor\laravel\framework\src\Illuminate\Database\Connection.php:817
   │ D:\DO_AN_TOT_NGHIEP\doan_calamity_manager\vendor\laravel\framework\src\Illuminate\Database\Connection.php:776
   │ D:\DO_AN_TOT_NGHIEP\doan_calamity_manager\vendor\laravel\framework\src\Illuminate\Database\Connection.php:557
   │ D:\DO_AN_TOT_NGHIEP\doan_calamity_manager\vendor\laravel\framework\src\Illuminate\Database\Connection.php:521
   │ D:\DO_AN_TOT_NGHIEP\doan_calamity_manager\vendor\laravel\framework\src\Illuminate\Database\Query\Processors\Processor.php:32
   │ D:\DO_AN_TOT_NGHIEP\doan_calamity_manager\vendor\laravel\framework\src\Illuminate\Database\Query\Builder.php:3796
   │ D:\DO_AN_TOT_NGHIEP\doan_calamity_manager\vendor\laravel\framework\src\Illuminate\Database\Eloquent\Builder.php:2205
   │ D:\DO_AN_TOT_NGHIEP\doan_calamity_manager\vendor\laravel\framework\src\Illuminate\Database\Eloquent\Model.php:1410
   │ D:\DO_AN_TOT_NGHIEP\doan_calamity_manager\vendor\laravel\framework\src\Illuminate\Database\Eloquent\Model.php:1375
   │ D:\DO_AN_TOT_NGHIEP\doan_calamity_manager\vendor\laravel\framework\src\Illuminate\Database\Eloquent\Model.php:1214
   │ D:\DO_AN_TOT_NGHIEP\doan_calamity_manager\vendor\laravel\framework\src\Illuminate\Database\Eloquent\Factories\Factory.php:350
   │ D:\DO_AN_TOT_NGHIEP\doan_calamity_manager\vendor\laravel\framework\src\Illuminate\Collections\Traits\EnumeratesValues.php:271
   │ D:\DO_AN_TOT_NGHIEP\doan_calamity_manager\vendor\laravel\framework\src\Illuminate\Database\Eloquent\Factories\Factory.php:345
   │ D:\DO_AN_TOT_NGHIEP\doan_calamity_manager\vendor\laravel\framework\src\Illuminate\Database\Eloquent\Factories\Factory.php:301
   │ D:\DO_AN_TOT_NGHIEP\doan_calamity_manager\vendor\laravel\framework\src\Illuminate\Database\Eloquent\Factories\Factory.php:496
   │ D:\DO_AN_TOT_NGHIEP\doan_calamity_manager\vendor\laravel\framework\src\Illuminate\Collections\Arr.php:749
   │ D:\DO_AN_TOT_NGHIEP\doan_calamity_manager\vendor\laravel\framework\src\Illuminate\Collections\Collection.php:809
   │ D:\DO_AN_TOT_NGHIEP\doan_calamity_manager\vendor\laravel\framework\src\Illuminate\Database\Eloquent\Factories\Factory.php:491
   │ D:\DO_AN_TOT_NGHIEP\doan_calamity_manager\vendor\laravel\framework\src\Illuminate\Database\Eloquent\Factories\Factory.php:445
   │ D:\DO_AN_TOT_NGHIEP\doan_calamity_manager\vendor\laravel\framework\src\Illuminate\Database\Eloquent\Factories\Factory.php:429
   │ D:\DO_AN_TOT_NGHIEP\doan_calamity_manager\vendor\laravel\framework\src\Illuminate\Database\Eloquent\Concerns\GuardsAttributes.php:151
   │ D:\DO_AN_TOT_NGHIEP\doan_calamity_manager\vendor\laravel\framework\src\Illuminate\Database\Eloquent\Factories\Factory.php:428
   │ D:\DO_AN_TOT_NGHIEP\doan_calamity_manager\vendor\laravel\framework\src\Illuminate\Database\Eloquent\Factories\Factory.php:402
   │ D:\DO_AN_TOT_NGHIEP\doan_calamity_manager\vendor\laravel\framework\src\Illuminate\Database\Eloquent\Factories\Factory.php:298
   │ D:\DO_AN_TOT_NGHIEP\doan_calamity_manager\vendor\laravel\framework\src\Illuminate\Database\Eloquent\Factories\Factory.php:496
   │ D:\DO_AN_TOT_NGHIEP\doan_calamity_manager\vendor\laravel\framework\src\Illuminate\Collections\Arr.php:749
   │ D:\DO_AN_TOT_NGHIEP\doan_calamity_manager\vendor\laravel\framework\src\Illuminate\Collections\Collection.php:809
   │ D:\DO_AN_TOT_NGHIEP\doan_calamity_manager\vendor\laravel\framework\src\Illuminate\Database\Eloquent\Factories\Factory.php:491
   │ D:\DO_AN_TOT_NGHIEP\doan_calamity_manager\vendor\laravel\framework\src\Illuminate\Database\Eloquent\Factories\Factory.php:445
   │ D:\DO_AN_TOT_NGHIEP\doan_calamity_manager\vendor\laravel\framework\src\Illuminate\Database\Eloquent\Factories\Factory.php:429
   │ D:\DO_AN_TOT_NGHIEP\doan_calamity_manager\vendor\laravel\framework\src\Illuminate\Database\Eloquent\Concerns\GuardsAttributes.php:157
   │ D:\DO_AN_TOT_NGHIEP\doan_calamity_manager\vendor\laravel\framework\src\Illuminate\Database\Eloquent\Factories\Factory.php:428
   │ D:\DO_AN_TOT_NGHIEP\doan_calamity_manager\vendor\laravel\framework\src\Illuminate\Database\Eloquent\Factories\Factory.php:412
   │ D:\DO_AN_TOT_NGHIEP\doan_calamity_manager\vendor\laravel\framework\src\Illuminate\Database\Eloquent\Factories\Factory.php:411
   │ D:\DO_AN_TOT_NGHIEP\doan_calamity_manager\vendor\laravel\framework\src\Illuminate\Database\Eloquent\Factories\Factory.php:298
   │ D:\DO_AN_TOT_NGHIEP\doan_calamity_manager\tests\Feature\IncidentReportTest.php:81
   │
 ✘ Can get sub type of calamities
   │
   │ Unable to find JSON fragment: 
   │
   │ [{"id":1}]
   │
   │ within
   │
   │ [[]].
   │ Failed asserting that false is true.
   │
   │ D:\DO_AN_TOT_NGHIEP\doan_calamity_manager\vendor\laravel\framework\src\Illuminate\Testing\AssertableJsonString.php:144
   │ D:\DO_AN_TOT_NGHIEP\doan_calamity_manager\vendor\laravel\framework\src\Illuminate\Testing\TestResponse.php:924
   │ D:\DO_AN_TOT_NGHIEP\doan_calamity_manager\tests\Feature\IncidentReportTest.php:105
   │
 ✔ Can get communes by district
 ✘ Incident report list displays data
   │
   │ Failed asserting that '<!DOCTYPE html>\n
   │ <html class="opacity-0" lang="vi">\n
   │ \n
   │ <head>\n
   │     <meta charset="utf-8">\n
   │     <meta name="csrf-token" content="tR7agWSvrtwvrmGE8YsSIYpa1IZrkCXTwMmiqMGe">\n
   │     <meta name="viewport" content="width=device-width, initial-scale=1">\n
   │     <meta name="author" content="LEFT4CODE">\n
   │     \n
   │     \n
   │     <script type="module" src="http://[::1]:5173/@vite/client"></script><script type="module" src="http://[::1]:5173/resources/js/vendors/dom.js"></script>    \n
   │     \n
   │     <script type="module" src="http://[::1]:5173/@vite/client"></script><script type="module" src="http://[::1]:5173/resources/js/components/base/theme-color.js"></script>    <script type="module" src="http://[::1]:5173/@vite/client"></script><link rel="stylesheet" href="http://[::1]:5173/resources/css/app.css" /><script type="module" src="http://[::1]:5173/resources/js/app.js"></script>\n
   │     <script>\r\n
   │ \r\n
   │     document.addEventListener("DOMContentLoaded", function() {\r\n
   │         const calamitySelect = document.getElementById("type_of_calamity_id"); \r\n
   │         const subTypeOfCalamitySelect = document.querySelector("#sub-type-of-calamity-select"); \r\n
   │         \r\n
   │         if (calamitySelect && subTypeOfCalamitySelect) {\r\n
   │             calamitySelect.addEventListener("change", function() {\r\n
   │                 const calamityId = calamitySelect.value;\r\n
   │                 \r\n
   │                \r\n
   │                 subTypeOfCalamitySelect.innerHTML = `<option value="">--Chọn thiên tai phụ--</option>`;\r\n
   │                 \r\n
   │                 if (!calamityId || calamityId === '--Chọn thiên tai--') {\r\n
   │                     return;\r\n
   │                 }\r\n
   │                 \r\n
   │                 const subTypeUrl = `http://localhost/get-sub-type-of-calamities?calamity_id=${calamityId}`;\r\n
   │                 \r\n
   │                 fetch(subTypeUrl)\r\n
   │                 .then(res => res.json())\r\n
   │                 .then(data => {\r\n
   │                     subTypeOfCalamitySelect.innerHTML = `<option value="">--Chọn thiên tai phụ--</option>`;\r\n
   │                     data.forEach(item => {\r\n
   │                         const option = document.createElement("option");\r\n
   │                         option.value = item.id;\r\n
   │                         option.textContent = item.name;\r\n
   │                         subTypeOfCalamitySelect.appendChild(option);\r\n
   │                     });\r\n
   │                 })\r\n
   │                 .catch(error => {\r\n
   │                     console.error("Lỗi khi tải loại hình thiên tai:", error);\r\n
   │                 });\r\n
   │             });\r\n
   │         }\r\n
   │     });\r\n
   │ \r\n
   │     let map1, marker;\r\n
   │ \r\n
   │     function initMap() {\r\n
   │         map1 = new google.maps.Map(document.getElementById('map1'), {\r\n
   │             center: { lat: 9.176, lng: 105.15 },\r\n
   │             zoom: 10\r\n
   │         });\r\n
   │ \r\n
   │         marker = new google.maps.Marker({\r\n
   │             position: { lat: 9.176, lng: 105.15 },\r\n
   │             map: map1,\r\n
   │             draggable: true\r\n
   │         });\r\n
   │ \r\n
   │         marker.addListener("dragend", function(event) {\r\n
   │             const coordinatesElement = document.getElementById("coordinates");\r\n
   │             if (coordinatesElement) {\r\n
   │                 coordinatesElement.value = event.latLng.lat().toFixed(6) + ", " + event.latLng.lng().toFixed(6);\r\n
   │             }\r\n
   │         });\r\n
   │ \r\n
   │         map1.addListener("click", function(event) {\r\n
   │             let lat = event.latLng.lat().toFixed(6);\r\n
   │             let lng = event.latLng.lng().toFixed(6);\r\n
   │ \r\n
   │             const coordinatesElement = document.getElementById("coordinates");\r\n
   │             if (coordinatesElement) {\r\n
   │                 coordinatesElement.value = lat + ", " + lng;\r\n
   │             }\r\n
   │             marker.setPosition(event.latLng);\r\n
   │         });\r\n
   │ \r\n
   │         const getCurrentLocationBtn = document.getElementById("get-current-location");\r\n
   │         if (getCurrentLocationBtn) {\r\n
   │             getCurrentLocationBtn.addEventListener("click", function () {\r\n
   │                 if (navigator.geolocation) {\r\n
   │                     navigator.geolocation.getCurrentPosition(\r\n
   │                         function (position) {\r\n
   │                             const lat = position.coords.latitude;\r\n
   │                             const lng = position.coords.longitude;\r\n
   │ \r\n
   │                             const currentLocation = { lat: lat, lng: lng };\r\n
   │                             map1.setCenter(currentLocation);\r\n
   │                             map1.setZoom(15);\r\n
   │                             marker.setPosition(currentLocation);\r\n
   │ \r\n
   │                             const coordinatesElement = document.getElementById("coordinates");\r\n
   │                             if (coordinatesElement) {\r\n
   │                                 coordinatesElement.value = lat.toFixed(6) + ", " + lng.toFixed(6);\r\n
   │                             }\r\n
   │                         },\r\n
   │                         function (error) {\r\n
   │                             switch (error.code) {\r\n
   │                                 case error.PERMISSION_DENIED:\r\n
   │                                     alert("Bạn đã từ chối chia sẻ vị trí.");\r\n
   │                                     break;\r\n
   │                                 case error.POSITION_UNAVAILABLE:\r\n
   │                                     alert("Không thể xác định vị trí.");\r\n
   │                                     break;\r\n
   │                                 case error.TIMEOUT:\r\n
   │                                     alert("Yêu cầu vị trí quá thời gian.");\r\n
   │                                     break;\r\n
   │                                 default:\r\n
   │                                     alert("Lỗi không xác định.");\r\n
   │                                     break;\r\n
   │                             }\r\n
   │                         }\r\n
   │                     );\r\n
   │                 } else {\r\n
   │                     alert("Trình duyệt không hỗ trợ lấy vị trí.");\r\n
   │                 }\r\n
   │             });\r\n
   │         }\r\n
   │     }\r\n
   │ \r\n
   │     function updateMapFromInput() {\r\n
   │         const coordinatesElement = document.getElementById("coordinates");\r\n
   │         if (!coordinatesElement) return;\r\n
   │         \r\n
   │         let inputVal = coordinatesElement.value.trim();\r\n
   │         let coords = inputVal.split(",");\r\n
   │ \r\n
   │         if (coords.length === 2) {\r\n
   │             let lat = parseFloat(coords[0]);\r\n
   │             let lng = parseFloat(coords[1]);\r\n
   │ \r\n
   │             if (!isNaN(lat) && !isNaN(lng) && lat >= -90 && lat <= 90 && lng >= -180 && lng <= 180) {\r\n
   │                 let newLocation = { lat: lat, lng: lng };\r\n
   │                 map1.setCenter(newLocation);\r\n
   │                 map1.setZoom(15);\r\n
   │                 marker.setPosition(newLocation);\r\n
   │             }\r\n
   │         }\r\n
   │     }\r\n
   │     function openVideoModal(videoUrl) {\r\n
   │         document.getElementById('videoSource').src = videoUrl;\r\n
   │         document.getElementById('videoPlayer').load();\r\n
   │         document.getElementById('videoModal').classList.remove('hidden');\r\n
   │     }\r\n
   │     document.addEventListener("DOMContentLoaded", function() {\r\n
   │         const videoModal = document.getElementById("videoModal");\r\n
   │         const videoPlayer = document.getElementById("videoPlayer");\r\n
   │        \r\n
   │         videoModal.addEventListener("click", function(event) {\r\n
   │             if (event.target === videoModal) {\r\n
   │                 videoModal.classList.add("hidden");\r\n
   │                 videoPlayer.pause();\r\n
   │             }\r\n
   │         });\r\n
   │     });\r\n
   │     function openImageModal(src) {\r\n
   │         const modal = document.getElementById('imageModal');\r\n
   │         const img = document.getElementById('imagePreview');\r\n
   │         img.src = src;\r\n
   │         modal.classList.remove('hidden');\r\n
   │     }\r\n
   │ \r\n
   │     function closeImageModal() {\r\n
   │         const modal = document.getElementById('imageModal');\r\n
   │         modal.classList.add('hidden');\r\n
   │         document.getElementById('imagePreview').src = ''; \r\n
   │     }\r\n
   │    \r\n
   │ </script>\r\n
   │ <script async\r\n
   │         src="https://maps.googleapis.com/maps/api/js?key=AIzaSyDMhd9dHKpWfJ57Ndv2alnxEcSvP_-_uN8&libraries=places&callback=initMap">\r\n
   │     </script>\r\n
   │ \r\n
   │ </head>\n
   │ \n
   │ <body style="background-color: #1E3A8A;">\n
   │ \n
   │     <div class=" px-5 sm:px-8 py-5 ">\n
   │         <div class="mobile-menu hidden lg:hidden fixed inset-0 bg-slate-900 text-white z-50 overflow-y-auto" style="background-color: #1E3A8A;">\n
   │     \n
   │     <div class="flex h-[70px] items-center px-4 sm:px-8 justify-between border-b border-slate-700 lg:hidden">\n
   │         <a href="http://localhost" class="flex items-center gap-2">\n
   │             <span class="font-semibold text-lg">Quản lý thiên tai</span>\n
   │         </a>\n
   │         <span role="button" class="mobile-menu-close cursor-pointer"\n
   │       onclick="document.querySelector('.mobile-menu')?.classList.add('hidden')">\n
   │     <svg class="lucide w-5 h-5 mr-2" xmlns="http://www.w3.org/2000/svg" fill="none" stroke="currentColor" stroke-width="2" stroke-linecap="round" stroke-linejoin="round" viewBox="0 0 24 24"><circle cx="12" cy="12" r="10"/><path d="M15 9l-6 6m0-6l6 6"/></svg>\n
   │     </span>\n
   │ \n
   │     </div>\n
   │ \n
   │     <ul class="py-4 px-4 space-y-2">\n
   │                                                         <li>\n
   │                         <a class="flex items-center justify-between px-4 py-3 hover:bg-slate-700 rounded transition "\n
   │                            href="http://localhost">\n
   │                             <div class="flex items-center gap-2">\n
   │                                 <svg class="lucide w-5 h-5 mr-2" xmlns="http://www.w3.org/2000/svg" fill="none" stroke="currentColor" stroke-width="2" stroke-linecap="round" stroke-linejoin="round" viewBox="0 0 24 24"><path d="M12 22a10 10 0 1 0-10-10a10.011 10.011 0 0 0 10 10z"/><path d="M12.5 7h-1a1.5 1.5 0 0 0-1.5 1.5v6A1.5 1.5 0 0 0 11.5 16h1a1.5 1.5 0 0 0 .5-2.9V9.9A1.5 1.5 0 0 0 12.5 7z"/><circle cx="12" cy="19" r=".5"/></svg>\n
   │                                 <span>Tổng Quan</span>\n
   │                             </div>\n
   │                                                     </a>\n
   │ \n
   │                                             </li>\n
   │                                                                 <li>\n
   │                         <a class="flex items-center justify-between px-4 py-3 hover:bg-slate-700 rounded transition toggle-submenu"\n
   │                            href="javascript:;">\n
   │                             <div class="flex items-center gap-2">\n
   │                                 <svg class="lucide w-5 h-5 mr-2" xmlns="http://www.w3.org/2000/svg" fill="none" stroke="currentColor" stroke-width="2" stroke-linecap="round" stroke-linejoin="round" viewBox="0 0 24 24"><path d="M3 9l9-7l9 7v11a2 2 0 0 1-2 2H5a2 2 0 0 1-2-2V9z"/><polyline points="9 22 9 12 15 12 15 22"/></svg>\n
   │                                 <span>Địa Điểm</span>\n
   │                             </div>\n
   │                                                             <svg class="lucide w-5 h-5 mr-2" xmlns="http://www.w3.org/2000/svg" fill="none" stroke="currentColor" stroke-width="2" stroke-linecap="round" stroke-linejoin="round" viewBox="0 0 24 24"><path d="M6 9l6 6l6-6"/></svg>\n
   │                                                     </a>\n
   │ \n
   │                                                     <ul class="submenu ml-4 mt-1 hidden space-y-1">\n
   │                                                                     <li>\n
   │                                         <a class="flex items-center justify-between px-4 py-2 text-sm hover:bg-slate-700 rounded transition "\n
   │                                            href="http://localhost/list-city">\n
   │                                             <div class="flex items-center gap-2">\n
   │                                                 <svg class="lucide w-5 h-5 mr-2" xmlns="http://www.w3.org/2000/svg" fill="none" stroke="currentColor" stroke-width="2" stroke-linecap="round" stroke-linejoin="round" viewBox="0 0 24 24"><path d="M12 22a10 10 0 1 0-10-10a10.011 10.011 0 0 0 10 10z"/><path d="M12.5 7h-1a1.5 1.5 0 0 0-1.5 1.5v6A1.5 1.5 0 0 0 11.5 16h1a1.5 1.5 0 0 0 .5-2.9V9.9A1.5 1.5 0 0 0 12.5 7z"/><circle cx="12" cy="19" r=".5"/></svg>\n
   │                                                 <span>Tỉnh-Thành</span>\n
   │                                             </div>\n
   │                                                                                     </a>\n
   │ \n
   │                                                                             </li>\n
   │                                                                     <li>\n
   │                                         <a class="flex items-center justify-between px-4 py-2 text-sm hover:bg-slate-700 rounded transition "\n
   │                                            href="http://localhost/list-district">\n
   │                                             <div class="flex items-center gap-2">\n
   │                                                 <svg class="lucide w-5 h-5 mr-2" xmlns="http://www.w3.org/2000/svg" fill="none" stroke="currentColor" stroke-width="2" stroke-linecap="round" stroke-linejoin="round" viewBox="0 0 24 24"><path d="M12 22a10 10 0 1 0-10-10a10.011 10.011 0 0 0 10 10z"/><path d="M12.5 7h-1a1.5 1.5 0 0 0-1.5 1.5v6A1.5 1.5 0 0 0 11.5 16h1a1.5 1.5 0 0 0 .5-2.9V9.9A1.5 1.5 0 0 0 12.5 7z"/><circle cx="12" cy="19" r=".5"/></svg>\n
   │                                                 <span>Quận-Huyện</span>\n
   │                                             </div>\n
   │                                                                                     </a>\n
   │ \n
   │                                                                             </li>\n
   │                                                                     <li>\n
   │                                         <a class="flex items-center justify-between px-4 py-2 text-sm hover:bg-slate-700 rounded transition "\n
   │                                            href="http://localhost/list-commune">\n
   │                                             <div class="flex items-center gap-2">\n
   │                                                 <svg class="lucide w-5 h-5 mr-2" xmlns="http://www.w3.org/2000/svg" fill="none" stroke="currentColor" stroke-width="2" stroke-linecap="round" stroke-linejoin="round" viewBox="0 0 24 24"><path d="M12 22a10 10 0 1 0-10-10a10.011 10.011 0 0 0 10 10z"/><path d="M12.5 7h-1a1.5 1.5 0 0 0-1.5 1.5v6A1.5 1.5 0 0 0 11.5 16h1a1.5 1.5 0 0 0 .5-2.9V9.9A1.5 1.5 0 0 0 12.5 7z"/><circle cx="12" cy="19" r=".5"/></svg>\n
   │                                                 <span>Phường-Xã</span>\n
   │                                             </div>\n
   │                                                                                     </a>\n
   │ \n
   │                                                                             </li>\n
   │                                                             </ul>\n
   │                                             </li>\n
   │                                                                 <li>\n
   │                         <a class="flex items-center justify-between px-4 py-3 hover:bg-slate-700 rounded transition toggle-submenu"\n
   │                            href="javascript:;">\n
   │                             <div class="flex items-center gap-2">\n
   │                                 <svg class="lucide w-5 h-5 mr-2" xmlns="http://www.w3.org/2000/svg" fill="none" stroke="currentColor" stroke-width="2" stroke-linecap="round" stroke-linejoin="round" viewBox="0 0 24 24"><path d="M16 21v-2a4 4 0 0 0-8 0v2"/><circle cx="12" cy="7" r="4"/><path d="M20.88 18.5A3.5 3.5 0 0 1 17.5 22H6.5a3.5 3.5 0 0 1-3.38-2.5"/></svg>\n
   │                                 <span>Loại Thiên Tai</span>\n
   │                             </div>\n
   │                                                             <svg class="lucide w-5 h-5 mr-2" xmlns="http://www.w3.org/2000/svg" fill="none" stroke="currentColor" stroke-width="2" stroke-linecap="round" stroke-linejoin="round" viewBox="0 0 24 24"><path d="M6 9l6 6l6-6"/></svg>\n
   │                                                     </a>\n
   │ \n
   │                                                     <ul class="submenu ml-4 mt-1 hidden space-y-1">\n
   │                                                                     <li>\n
   │                                         <a class="flex items-center justify-between px-4 py-2 text-sm hover:bg-slate-700 rounded transition "\n
   │                                            href="http://localhost/list-type-of-calamity">\n
   │                                             <div class="flex items-center gap-2">\n
   │                                                 <svg class="lucide w-5 h-5 mr-2" xmlns="http://www.w3.org/2000/svg" fill="none" stroke="currentColor" stroke-width="2" stroke-linecap="round" stroke-linejoin="round" viewBox="0 0 24 24"><path d="M12 22a10 10 0 1 0-10-10a10.011 10.011 0 0 0 10 10z"/><path d="M12.5 7h-1a1.5 1.5 0 0 0-1.5 1.5v6A1.5 1.5 0 0 0 11.5 16h1a1.5 1.5 0 0 0 .5-2.9V9.9A1.5 1.5 0 0 0 12.5 7z"/><circle cx="12" cy="19" r=".5"/></svg>\n
   │                                                 <span>Loại Thiên Tai</span>\n
   │                                             </div>\n
   │                                                                                     </a>\n
   │ \n
   │                                                                             </li>\n
   │                                                                     <li>\n
   │                                         <a class="flex items-center justify-between px-4 py-2 text-sm hover:bg-slate-700 rounded transition "\n
   │                                            href="http://localhost/list-sub-type-of-calamity">\n
   │                                             <div class="flex items-center gap-2">\n
   │                                                 <svg class="lucide w-5 h-5 mr-2" xmlns="http://www.w3.org/2000/svg" fill="none" stroke="currentColor" stroke-width="2" stroke-linecap="round" stroke-linejoin="round" viewBox="0 0 24 24"><path d="M12 22a10 10 0 1 0-10-10a10.011 10.011 0 0 0 10 10z"/><path d="M12.5 7h-1a1.5 1.5 0 0 0-1.5 1.5v6A1.5 1.5 0 0 0 11.5 16h1a1.5 1.5 0 0 0 .5-2.9V9.9A1.5 1.5 0 0 0 12.5 7z"/><circle cx="12" cy="19" r=".5"/></svg>\n
   │                                                 <span>Loại Thiên Tai Phụ</span>\n
   │                                             </div>\n
   │                                                                                     </a>\n
   │ \n
   │                                                                             </li>\n
   │                                                                     <li>\n
   │                                         <a class="flex items-center justify-between px-4 py-2 text-sm hover:bg-slate-700 rounded transition "\n
   │                                            href="http://localhost/list-risk-level">\n
   │                                             <div class="flex items-center gap-2">\n
   │                                                 <svg class="lucide w-5 h-5 mr-2" xmlns="http://www.w3.org/2000/svg" fill="none" stroke="currentColor" stroke-width="2" stroke-linecap="round" stroke-linejoin="round" viewBox="0 0 24 24"><path d="M12 22a10 10 0 1 0-10-10a10.011 10.011 0 0 0 10 10z"/><path d="M12.5 7h-1a1.5 1.5 0 0 0-1.5 1.5v6A1.5 1.5 0 0 0 11.5 16h1a1.5 1.5 0 0 0 .5-2.9V9.9A1.5 1.5 0 0 0 12.5 7z"/><circle cx="12" cy="19" r=".5"/></svg>\n
   │                                                 <span>Cấp Độ Thiên Tai</span>\n
   │                                             </div>\n
   │                                                                                     </a>\n
   │ \n
   │                                                                             </li>\n
   │                                                                     <li>\n
   │                                         <a class="flex items-center justify-between px-4 py-2 text-sm hover:bg-slate-700 rounded transition "\n
   │                                            href="http://localhost/list-type-of-construction">\n
   │                                             <div class="flex items-center gap-2">\n
   │                                                 <svg class="lucide w-5 h-5 mr-2" xmlns="http://www.w3.org/2000/svg" fill="none" stroke="currentColor" stroke-width="2" stroke-linecap="round" stroke-linejoin="round" viewBox="0 0 24 24"><path d="M12 22a10 10 0 1 0-10-10a10.011 10.011 0 0 0 10 10z"/><path d="M12.5 7h-1a1.5 1.5 0 0 0-1.5 1.5v6A1.5 1.5 0 0 0 11.5 16h1a1.5 1.5 0 0 0 .5-2.9V9.9A1.5 1.5 0 0 0 12.5 7z"/><circle cx="12" cy="19" r=".5"/></svg>\n
   │                                                 <span>Loại Công Trình</span>\n
   │                                             </div>\n
   │                                                                                     </a>\n
   │ \n
   │                                                                             </li>\n
   │                                                                     <li>\n
   │                                         <a class="flex items-center justify-between px-4 py-2 text-sm hover:bg-slate-700 rounded transition "\n
   │                                            href="http://localhost/list-scenarios">\n
   │                                             <div class="flex items-center gap-2">\n
   │                                                 <svg class="lucide w-5 h-5 mr-2" xmlns="http://www.w3.org/2000/svg" fill="none" stroke="currentColor" stroke-width="2" stroke-linecap="round" stroke-linejoin="round" viewBox="0 0 24 24"><path d="M12 22a10 10 0 1 0-10-10a10.011 10.011 0 0 0 10 10z"/><path d="M12.5 7h-1a1.5 1.5 0 0 0-1.5 1.5v6A1.5 1.5 0 0 0 11.5 16h1a1.5 1.5 0 0 0 .5-2.9V9.9A1.5 1.5 0 0 0 12.5 7z"/><circle cx="12" cy="19" r=".5"/></svg>\n
   │                                                 <span>Phương Án Ứng Phó</span>\n
   │                                             </div>\n
   │                                                                                     </a>\n
   │ \n
   │                                                                             </li>\n
   │                                                             </ul>\n
   │                                             </li>\n
   │                                                                 <li>\n
   │                         <a class="flex items-center justify-between px-4 py-3 hover:bg-slate-700 rounded transition toggle-submenu"\n
   │                            href="javascript:;">\n
   │                             <div class="flex items-center gap-2">\n
   │                                 <svg class="lucide w-5 h-5 mr-2" xmlns="http://www.w3.org/2000/svg" fill="none" stroke="currentColor" stroke-width="2" stroke-linecap="round" stroke-linejoin="round" viewBox="0 0 24 24"><path d="M16 21v-2a4 4 0 0 0-8 0v2"/><circle cx="12" cy="7" r="4"/><path d="M20.88 18.5A3.5 3.5 0 0 1 17.5 22H6.5a3.5 3.5 0 0 1-3.38-2.5"/></svg>\n
   │                                 <span>Dữ Liệu Thiên Tai</span>\n
   │                             </div>\n
   │                                                             <svg class="lucide w-5 h-5 mr-2" xmlns="http://www.w3.org/2000/svg" fill="none" stroke="currentColor" stroke-width="2" stroke-linecap="round" stroke-linejoin="round" viewBox="0 0 24 24"><path d="M6 9l6 6l6-6"/></svg>\n
   │                                                     </a>\n
   │ \n
   │                                                     <ul class="submenu ml-4 mt-1 hidden space-y-1">\n
   │                                                                     <li>\n
   │                                         <a class="flex items-center justify-between px-4 py-2 text-sm hover:bg-slate-700 rounded transition "\n
   │                                            href="http://localhost/calamity/list-river-bank">\n
   │                                             <div class="flex items-center gap-2">\n
   │                                                 <svg class="lucide w-5 h-5 mr-2" xmlns="http://www.w3.org/2000/svg" fill="none" stroke="currentColor" stroke-width="2" stroke-linecap="round" stroke-linejoin="round" viewBox="0 0 24 24"><path d="M12 22a10 10 0 1 0-10-10a10.011 10.011 0 0 0 10 10z"/><path d="M12.5 7h-1a1.5 1.5 0 0 0-1.5 1.5v6A1.5 1.5 0 0 0 11.5 16h1a1.5 1.5 0 0 0 .5-2.9V9.9A1.5 1.5 0 0 0 12.5 7z"/><circle cx="12" cy="19" r=".5"/></svg>\n
   │                                                 <span>Sạt Lở</span>\n
   │                                             </div>\n
   │                                                                                     </a>\n
   │ \n
   │                                                                             </li>\n
   │                                                                     <li>\n
   │                                         <a class="flex items-center justify-between px-4 py-2 text-sm hover:bg-slate-700 rounded transition "\n
   │                                            href="http://localhost/calamity/list-flooding">\n
   │                                             <div class="flex items-center gap-2">\n
   │                                                 <svg class="lucide w-5 h-5 mr-2" xmlns="http://www.w3.org/2000/svg" fill="none" stroke="currentColor" stroke-width="2" stroke-linecap="round" stroke-linejoin="round" viewBox="0 0 24 24"><path d="M12 22a10 10 0 1 0-10-10a10.011 10.011 0 0 0 10 10z"/><path d="M12.5 7h-1a1.5 1.5 0 0 0-1.5 1.5v6A1.5 1.5 0 0 0 11.5 16h1a1.5 1.5 0 0 0 .5-2.9V9.9A1.5 1.5 0 0 0 12.5 7z"/><circle cx="12" cy="19" r=".5"/></svg>\n
   │                                                 <span>Ngập Lụt</span>\n
   │                                             </div>\n
   │                                                                                     </a>\n
   │ \n
   │                                                                             </li>\n
   │                                                                     <li>\n
   │                                         <a class="flex items-center justify-between px-4 py-2 text-sm hover:bg-slate-700 rounded transition "\n
   │                                            href="http://localhost/calamity/list-storm">\n
   │                                             <div class="flex items-center gap-2">\n
   │                                                 <svg class="lucide w-5 h-5 mr-2" xmlns="http://www.w3.org/2000/svg" fill="none" stroke="currentColor" stroke-width="2" stroke-linecap="round" stroke-linejoin="round" viewBox="0 0 24 24"><path d="M12 22a10 10 0 1 0-10-10a10.011 10.011 0 0 0 10 10z"/><path d="M12.5 7h-1a1.5 1.5 0 0 0-1.5 1.5v6A1.5 1.5 0 0 0 11.5 16h1a1.5 1.5 0 0 0 .5-2.9V9.9A1.5 1.5 0 0 0 12.5 7z"/><circle cx="12" cy="19" r=".5"/></svg>\n
   │                                                 <span>Bão và ATNĐ</span>\n
   │                                             </div>\n
   │                                                                                     </a>\n
   │ \n
   │                                                                             </li>\n
   │                                                             </ul>\n
   │                                             </li>\n
   │                                                                 <li>\n
   │                         <a class="flex items-center justify-between px-4 py-3 hover:bg-slate-700 rounded transition toggle-submenu"\n
   │                            href="javascript:;">\n
   │                             <div class="flex items-center gap-2">\n
   │                                 <svg xmlns="http://www.w3.org/2000/svg" width="24" height="24" viewBox="0 0 24 24" fill="none" stroke="currentColor" stroke-width="2" stroke-linecap="round" stroke-linejoin="round" class="lucide lucide-construction-icon lucide-construction"><rect x="2" y="6" width="20" height="8" rx="1"/><path d="M17 14v7"/><path d="M7 14v7"/><path d="M17 3v3"/><path d="M7 3v3"/><path d="M10 14 2.3 6.3"/><path d="m14 6 7.7 7.7"/><path d="m8 6 8 8"/></svg>\n
   │                                 <span>Công Trình PCTT</span>\n
   │                             </div>\n
   │                                                             <svg class="lucide w-5 h-5 mr-2" xmlns="http://www.w3.org/2000/svg" fill="none" stroke="currentColor" stroke-width="2" stroke-linecap="round" stroke-linejoin="round" viewBox="0 0 24 24"><path d="M6 9l6 6l6-6"/></svg>\n
   │                                                     </a>\n
   │ \n
   │                                                     <ul class="submenu ml-4 mt-1 hidden space-y-1">\n
   │                                                                     <li>\n
   │                                         <a class="flex items-center justify-between px-4 py-2 text-sm hover:bg-slate-700 rounded transition "\n
   │                                            href="http://localhost/construction/list-river-bank">\n
   │                                             <div class="flex items-center gap-2">\n
   │                                                 <svg class="lucide w-5 h-5 mr-2" xmlns="http://www.w3.org/2000/svg" fill="none" stroke="currentColor" stroke-width="2" stroke-linecap="round" stroke-linejoin="round" viewBox="0 0 24 24"><path d="M12 22a10 10 0 1 0-10-10a10.011 10.011 0 0 0 10 10z"/><path d="M12.5 7h-1a1.5 1.5 0 0 0-1.5 1.5v6A1.5 1.5 0 0 0 11.5 16h1a1.5 1.5 0 0 0 .5-2.9V9.9A1.5 1.5 0 0 0 12.5 7z"/><circle cx="12" cy="19" r=".5"/></svg>\n
   │                                                 <span>Sạt Lở</span>\n
   │                                             </div>\n
   │                                                                                     </a>\n
   │ \n
   │                                                                             </li>\n
   │                                                                     <li>\n
   │                                         <a class="flex items-center justify-between px-4 py-2 text-sm hover:bg-slate-700 rounded transition "\n
   │                                            href="http://localhost/construction/list-flooding">\n
   │                                             <div class="flex items-center gap-2">\n
   │                                                 <svg class="lucide w-5 h-5 mr-2" xmlns="http://www.w3.org/2000/svg" fill="none" stroke="currentColor" stroke-width="2" stroke-linecap="round" stroke-linejoin="round" viewBox="0 0 24 24"><path d="M12 22a10 10 0 1 0-10-10a10.011 10.011 0 0 0 10 10z"/><path d="M12.5 7h-1a1.5 1.5 0 0 0-1.5 1.5v6A1.5 1.5 0 0 0 11.5 16h1a1.5 1.5 0 0 0 .5-2.9V9.9A1.5 1.5 0 0 0 12.5 7z"/><circle cx="12" cy="19" r=".5"/></svg>\n
   │                                                 <span>Ngập Lụt</span>\n
   │                                             </div>\n
   │                                                                                     </a>\n
   │ \n
   │                                                                             </li>\n
   │                                                                     <li>\n
   │                                         <a class="flex items-center justify-between px-4 py-2 text-sm hover:bg-slate-700 rounded transition "\n
   │                                            href="http://localhost/construction/list-storm">\n
   │                                             <div class="flex items-center gap-2">\n
   │                                                 <svg class="lucide w-5 h-5 mr-2" xmlns="http://www.w3.org/2000/svg" fill="none" stroke="currentColor" stroke-width="2" stroke-linecap="round" stroke-linejoin="round" viewBox="0 0 24 24"><path d="M12 22a10 10 0 1 0-10-10a10.011 10.011 0 0 0 10 10z"/><path d="M12.5 7h-1a1.5 1.5 0 0 0-1.5 1.5v6A1.5 1.5 0 0 0 11.5 16h1a1.5 1.5 0 0 0 .5-2.9V9.9A1.5 1.5 0 0 0 12.5 7z"/><circle cx="12" cy="19" r=".5"/></svg>\n
   │                                                 <span>Bão và ATNĐ</span>\n
   │                                             </div>\n
   │                                                                                     </a>\n
   │ \n
   │                                                                             </li>\n
   │                                                             </ul>\n
   │                                             </li>\n
   │                                                                 <li>\n
   │                         <a class="flex items-center justify-between px-4 py-3 hover:bg-slate-700 rounded transition toggle-submenu"\n
   │                            href="javascript:;">\n
   │                             <div class="flex items-center gap-2">\n
   │                                 <svg class="lucide w-5 h-5 mr-2" xmlns="http://www.w3.org/2000/svg" fill="none" stroke="currentColor" stroke-width="2" stroke-linecap="round" stroke-linejoin="round" viewBox="0 0 24 24"><path d="M16 21v-2a4 4 0 0 0-8 0v2"/><circle cx="12" cy="7" r="4"/><path d="M20.88 18.5A3.5 3.5 0 0 1 17.5 22H6.5a3.5 3.5 0 0 1-3.38-2.5"/></svg>\n
   │                                 <span>Địa danh hành chính</span>\n
   │                             </div>\n
   │                                                             <svg class="lucide w-5 h-5 mr-2" xmlns="http://www.w3.org/2000/svg" fill="none" stroke="currentColor" stroke-width="2" stroke-linecap="round" stroke-linejoin="round" viewBox="0 0 24 24"><path d="M6 9l6 6l6-6"/></svg>\n
   │                                                     </a>\n
   │ \n
   │                                                     <ul class="submenu ml-4 mt-1 hidden space-y-1">\n
   │                                                                     <li>\n
   │                                         <a class="flex items-center justify-between px-4 py-2 text-sm hover:bg-slate-700 rounded transition "\n
   │                                            href="http://localhost/administrative/list-school">\n
   │                                             <div class="flex items-center gap-2">\n
   │                                                 <svg xmlns="http://www.w3.org/2000/svg" width="24" height="24" viewBox="0 0 24 24" fill="none" stroke="currentColor" stroke-width="2" stroke-linecap="round" stroke-linejoin="round" class="lucide lucide-school-icon lucide-school"><path d="M14 22v-4a2 2 0 1 0-4 0v4"/><path d="m18 10 3.447 1.724a1 1 0 0 1 .553.894V20a2 2 0 0 1-2 2H4a2 2 0 0 1-2-2v-7.382a1 1 0 0 1 .553-.894L6 10"/><path d="M18 5v17"/><path d="m4 6 7.106-3.553a2 2 0 0 1 1.788 0L20 6"/><path d="M6 5v17"/><circle cx="12" cy="9" r="2"/></svg>\n
   │                                                 <span>Trường Học</span>\n
   │                                             </div>\n
   │                                                                                     </a>\n
   │ \n
   │                                                                             </li>\n
   │                                                                     <li>\n
   │                                         <a class="flex items-center justify-between px-4 py-2 text-sm hover:bg-slate-700 rounded transition "\n
   │                                            href="http://localhost/administrative/list-medical">\n
   │                                             <div class="flex items-center gap-2">\n
   │                                                 <svg xmlns="http://www.w3.org/2000/svg" width="24" height="24" viewBox="0 0 24 24" fill="none" stroke="currentColor" stroke-width="2" stroke-linecap="round" stroke-linejoin="round" class="lucide lucide-hospital-icon lucide-hospital"><path d="M12 6v4"/><path d="M14 14h-4"/><path d="M14 18h-4"/><path d="M14 8h-4"/><path d="M18 12h2a2 2 0 0 1 2 2v6a2 2 0 0 1-2 2H4a2 2 0 0 1-2-2v-9a2 2 0 0 1 2-2h2"/><path d="M18 22V4a2 2 0 0 0-2-2H8a2 2 0 0 0-2 2v18"/></svg>\n
   │                                                 <span>Địa Điểm Y Tế</span>\n
   │                                             </div>\n
   │                                                                                     </a>\n
   │ \n
   │                                                                             </li>\n
   │                                                                     <li>\n
   │                                         <a class="flex items-center justify-between px-4 py-2 text-sm hover:bg-slate-700 rounded transition "\n
   │                                            href="http://localhost/administrative/list-center">\n
   │                                             <div class="flex items-center gap-2">\n
   │                                                 <svg xmlns="http://www.w3.org/2000/svg" width="24" height="24" viewBox="0 0 24 24" fill="none" stroke="currentColor" stroke-width="2" stroke-linecap="round" stroke-linejoin="round" class="lucide lucide-university-icon lucide-university"><path d="M14 21v-3a2 2 0 0 0-4 0v3"/><path d="M18 12h.01"/><path d="M18 16h.01"/><path d="M22 7a1 1 0 0 0-1-1h-2a2 2 0 0 1-1.143-.359L13.143 2.36a2 2 0 0 0-2.286-.001L6.143 5.64A2 2 0 0 1 5 6H3a1 1 0 0 0-1 1v12a2 2 0 0 0 2 2h16a2 2 0 0 0 2-2z"/><path d="M6 12h.01"/><path d="M6 16h.01"/><circle cx="12" cy="10" r="2"/></svg>\n
   │                                                 <span>TTHC và Khác</span>\n
   │                                             </div>\n
   │                                                                                     </a>\n
   │ \n
   │                                                                             </li>\n
   │                                                             </ul>\n
   │                                             </li>\n
   │                                                                 <li>\n
   │                         <a class="flex items-center justify-between px-4 py-3 hover:bg-slate-700 rounded transition toggle-submenu"\n
   │                            href="javascript:;">\n
   │                             <div class="flex items-center gap-2">\n
   │                                 <svg class="lucide w-5 h-5 mr-2" xmlns="http://www.w3.org/2000/svg" fill="none" stroke="currentColor" stroke-width="2" stroke-linecap="round" stroke-linejoin="round" viewBox="0 0 24 24"><path d="M16 21v-2a4 4 0 0 0-8 0v2"/><circle cx="12" cy="7" r="4"/><path d="M20.88 18.5A3.5 3.5 0 0 1 17.5 22H6.5a3.5 3.5 0 0 1-3.38-2.5"/></svg>\n
   │                                 <span>Dữ Liệu Khác</span>\n
   │                             </div>\n
   │                                                             <svg class="lucide w-5 h-5 mr-2" xmlns="http://www.w3.org/2000/svg" fill="none" stroke="currentColor" stroke-width="2" stroke-linecap="round" stroke-linejoin="round" viewBox="0 0 24 24"><path d="M6 9l6 6l6-6"/></svg>\n
   │                                                     </a>\n
   │ \n
   │                                                     <ul class="submenu ml-4 mt-1 hidden space-y-1">\n
   │                                                                     <li>\n
   │                                         <a class="flex items-center justify-between px-4 py-2 text-sm hover:bg-slate-700 rounded transition "\n
   │                                            href="http://localhost/geographical/list-erosion">\n
   │                                             <div class="flex items-center gap-2">\n
   │                                                 <svg class="lucide w-5 h-5 mr-2" xmlns="http://www.w3.org/2000/svg" fill="none" stroke="currentColor" stroke-width="2" stroke-linecap="round" stroke-linejoin="round" viewBox="0 0 24 24"><path d="M12 22a10 10 0 1 0-10-10a10.011 10.011 0 0 0 10 10z"/><path d="M12.5 7h-1a1.5 1.5 0 0 0-1.5 1.5v6A1.5 1.5 0 0 0 11.5 16h1a1.5 1.5 0 0 0 .5-2.9V9.9A1.5 1.5 0 0 0 12.5 7z"/><circle cx="12" cy="19" r=".5"/></svg>\n
   │                                                 <span>Khu vực xói, bồi</span>\n
   │                                             </div>\n
   │                                                                                     </a>\n
   │ \n
   │                                                                             </li>\n
   │                                                                     <li>\n
   │                                         <a class="flex items-center justify-between px-4 py-2 text-sm hover:bg-slate-700 rounded transition "\n
   │                                            href="http://localhost/geographical/list-shoreline">\n
   │                                             <div class="flex items-center gap-2">\n
   │                                                 <svg class="lucide w-5 h-5 mr-2" xmlns="http://www.w3.org/2000/svg" fill="none" stroke="currentColor" stroke-width="2" stroke-linecap="round" stroke-linejoin="round" viewBox="0 0 24 24"><path d="M12 22a10 10 0 1 0-10-10a10.011 10.011 0 0 0 10 10z"/><path d="M12.5 7h-1a1.5 1.5 0 0 0-1.5 1.5v6A1.5 1.5 0 0 0 11.5 16h1a1.5 1.5 0 0 0 .5-2.9V9.9A1.5 1.5 0 0 0 12.5 7z"/><circle cx="12" cy="19" r=".5"/></svg>\n
   │                                                 <span>Lịch sử đường bờ</span>\n
   │                                             </div>\n
   │                                                                                     </a>\n
   │ \n
   │                                                                             </li>\n
   │                                                                     <li>\n
   │                                         <a class="flex items-center justify-between px-4 py-2 text-sm hover:bg-slate-700 rounded transition "\n
   │                                            href="http://localhost/geographical/list-cross-section">\n
   │                                             <div class="flex items-center gap-2">\n
   │                                                 <svg class="lucide w-5 h-5 mr-2" xmlns="http://www.w3.org/2000/svg" fill="none" stroke="currentColor" stroke-width="2" stroke-linecap="round" stroke-linejoin="round" viewBox="0 0 24 24"><path d="M12 22a10 10 0 1 0-10-10a10.011 10.011 0 0 0 10 10z"/><path d="M12.5 7h-1a1.5 1.5 0 0 0-1.5 1.5v6A1.5 1.5 0 0 0 11.5 16h1a1.5 1.5 0 0 0 .5-2.9V9.9A1.5 1.5 0 0 0 12.5 7z"/><circle cx="12" cy="19" r=".5"/></svg>\n
   │                                                 <span>Mặt cắt ngang</span>\n
   │                                             </div>\n
   │                                                                                     </a>\n
   │ \n
   │                                                                             </li>\n
   │                                                                     <li>\n
   │                                         <a class="flex items-center justify-between px-4 py-2 text-sm hover:bg-slate-700 rounded transition "\n
   │                                            href="http://localhost/geographical/list-monitoring">\n
   │                                             <div class="flex items-center gap-2">\n
   │                                                 <svg class="lucide w-5 h-5 mr-2" xmlns="http://www.w3.org/2000/svg" fill="none" stroke="currentColor" stroke-width="2" stroke-linecap="round" stroke-linejoin="round" viewBox="0 0 24 24"><path d="M12 22a10 10 0 1 0-10-10a10.011 10.011 0 0 0 10 10z"/><path d="M12.5 7h-1a1.5 1.5 0 0 0-1.5 1.5v6A1.5 1.5 0 0 0 11.5 16h1a1.5 1.5 0 0 0 .5-2.9V9.9A1.5 1.5 0 0 0 12.5 7z"/><circle cx="12" cy="19" r=".5"/></svg>\n
   │                                                 <span>Mốc quan trắc</span>\n
   │                                             </div>\n
   │                                                                                     </a>\n
   │ \n
   │                                                                             </li>\n
   │                                                             </ul>\n
   │                                             </li>\n
   │                                                                 <li>\n
   │                         <a class="flex items-center justify-between px-4 py-3 hover:bg-slate-700 rounded transition "\n
   │                            href="http://localhost/map">\n
   │                             <div class="flex items-center gap-2">\n
   │                                 <svg xmlns="http://www.w3.org/2000/svg" width="24" height="24" viewBox="0 0 24 24" fill="none" stroke="currentColor" stroke-width="2" stroke-linecap="round" stroke-linejoin="round" class="lucide lucide-map-icon lucide-map"><path d="M14.106 5.553a2 2 0 0 0 1.788 0l3.659-1.83A1 1 0 0 1 21 4.619v12.764a1 1 0 0 1-.553.894l-4.553 2.277a2 2 0 0 1-1.788 0l-4.212-2.106a2 2 0 0 0-1.788 0l-3.659 1.83A1 1 0 0 1 3 19.381V6.618a1 1 0 0 1 .553-.894l4.553-2.277a2 2 0 0 1 1.788 0z"/><path d="M15 5.764v15"/><path d="M9 3.236v15"/></svg>\n
   │                                 <span>Bản Đồ</span>\n
   │                             </div>\n
   │                                                     </a>\n
   │ \n
   │                                             </li>\n
   │                                                                 <li>\n
   │                         <a class="flex items-center justify-between px-4 py-3 hover:bg-slate-700 rounded transition "\n
   │                            href="http://localhost/chat">\n
   │                             <div class="flex items-center gap-2">\n
   │                                 <svg xmlns="http://www.w3.org/2000/svg" width="24" height="24" viewBox="0 0 24 24" fill="none" stroke="currentColor" stroke-width="2" stroke-linecap="round" stroke-linejoin="round" class="lucide lucide-message-circle-icon lucide-message-circle"><path d="M7.9 20A9 9 0 1 0 4 16.1L2 22Z"/></svg>\n
   │                                 <span>Tham gia cộng đồng</span>\n
   │                             </div>\n
   │                                                     </a>\n
   │ \n
   │                                             </li>\n
   │                                                                 <li>\n
   │                         <a class="flex items-center justify-between px-4 py-3 hover:bg-slate-700 rounded transition "\n
   │                            href="http://localhost/incident-report">\n
   │                             <div class="flex items-center gap-2">\n
   │                                 <svg xmlns="http://www.w3.org/2000/svg" width="24" height="24" viewBox="0 0 24 24" fill="none" stroke="currentColor" stroke-width="2" stroke-linecap="round" stroke-linejoin="round" class="lucide lucide-message-square-warning-icon lucide-message-square-warning"><path d="M21 15a2 2 0 0 1-2 2H7l-4 4V5a2 2 0 0 1 2-2h14a2 2 0 0 1 2 2z"/><path d="M12 7v2"/><path d="M12 13h.01"/></svg>\n
   │                                 <span>Báo cáo sự cố</span>\n
   │                             </div>\n
   │                                                     </a>\n
   │ \n
   │                                             </li>\n
   │                                         </ul>\n
   │ </div>\n
   │ \n
   │ <div class="flex h-[10px] items-center px-3 sm:px-8 md:hidden" >\n
   │     <a class="mr-auto flex" href="http://localhost">\n
   │         <img class="w-6" src="http://[::1]:5173/resources/images/logo.svg" alt="Logo" />\n
   │     </a>\n
   │     <a class="mobile-menu-toggler text-white" href="#" onclick="document.querySelector('.mobile-menu')?.classList.remove('hidden')">\n
   │         <svg xmlns="http://www.w3.org/2000/svg" width="24" height="24" viewBox="0 0 24 24" fill="none" stroke="currentColor" stroke-width="2" stroke-linecap="round" stroke-linejoin="round" class="lucide lucide-square-menu-icon lucide-square-menu"><rect width="18" height="18" x="3" y="3" rx="2"/><path d="M7 8h10"/><path d="M7 12h10"/><path d="M7 16h10"/></svg>\n
   │     </a>\n
   │ </div>\n
   │ \n
   │ \n
   │ \n
   │         <div class="mt-7 flex md:mt-0">\n
   │             <nav class=" hidden w-[80px] overflow-x-hidden pb-16 pr-5 md:block xl:w-[230px]">\n
   │                 <a class="intro-x flex items-center pl-5 pt-4" href="/">\n
   │                     <span class=" lg:text-2xl xl:text-3xl  font-bold uppercase text-transparent bg-clip-text bg-gradient-to-r from-sky-400 to-emerald-600">Quản lý thiên tai</span>\n
   │                 </a>\n
   │                 <div class=" my-3"></div>\n
   │                 <ul >\n
   │                                                                                             <li>\n
   │                                 <a class="flex items-center justify-between px-4 py-3 hover:bg-white hover:text-black text-white transition rounded cursor-pointer "\n
   │                                     href="http://localhost">\n
   │                                     \n
   │                                     <div class="flex items-center gap-2" title="Tổng Quan">\n
   │                                         <div title="Tổng Quan"><svg class="lucide w-5 h-5 mr-2" xmlns="http://www.w3.org/2000/svg" fill="none" stroke="currentColor" stroke-width="2" stroke-linecap="round" stroke-linejoin="round" viewBox="0 0 24 24"><path d="M12 22a10 10 0 1 0-10-10a10.011 10.011 0 0 0 10 10z"/><path d="M12.5 7h-1a1.5 1.5 0 0 0-1.5 1.5v6A1.5 1.5 0 0 0 11.5 16h1a1.5 1.5 0 0 0 .5-2.9V9.9A1.5 1.5 0 0 0 12.5 7z"/><circle cx="12" cy="19" r=".5"/></svg></div>\n
   │                                         <span class="hidden xl:inline" >Tổng Quan</span>\n
   │                                     </div>\n
   │ \n
   │                                                                     </a>\n
   │                                                             </li>\n
   │                                                                                                 <li>\n
   │                                 <a class="flex items-center justify-between px-4 py-3 hover:bg-white hover:text-black text-white transition rounded cursor-pointer toggle-submenu"\n
   │                                     href="javascript:;">\n
   │                                     \n
   │                                     <div class="flex items-center gap-2" title="Địa Điểm">\n
   │                                         <div title="Địa Điểm"><svg class="lucide w-5 h-5 mr-2" xmlns="http://www.w3.org/2000/svg" fill="none" stroke="currentColor" stroke-width="2" stroke-linecap="round" stroke-linejoin="round" viewBox="0 0 24 24"><path d="M3 9l9-7l9 7v11a2 2 0 0 1-2 2H5a2 2 0 0 1-2-2V9z"/><polyline points="9 22 9 12 15 12 15 22"/></svg></div>\n
   │                                         <span class="hidden xl:inline" >Địa Điểm</span>\n
   │                                     </div>\n
   │ \n
   │                                                                             <span class="hidden xl:inline"><svg class="lucide w-5 h-5 mr-2" xmlns="http://www.w3.org/2000/svg" fill="none" stroke="currentColor" stroke-width="2" stroke-linecap="round" stroke-linejoin="round" viewBox="0 0 24 24"><path d="M6 9l6 6l6-6"/></svg></span>\n
   │                                                                     </a>\n
   │                                                                     <ul class="submenu ml-6 mt-1 hidden">\n
   │                                                                                     <li  class="group relative">\n
   │                                                 <a class="flex items-center justify-between px-4 py-2 text-sm text-slate-300 hover:text-white hover:bg-slate-700 rounded transition "\n
   │                                                     href="http://localhost/list-city">\n
   │                                                    <div class="flex items-center gap-2">\n
   │                                                         <svg class="lucide w-5 h-5 mr-2" xmlns="http://www.w3.org/2000/svg" fill="none" stroke="currentColor" stroke-width="2" stroke-linecap="round" stroke-linejoin="round" viewBox="0 0 24 24"><path d="M12 22a10 10 0 1 0-10-10a10.011 10.011 0 0 0 10 10z"/><path d="M12.5 7h-1a1.5 1.5 0 0 0-1.5 1.5v6A1.5 1.5 0 0 0 11.5 16h1a1.5 1.5 0 0 0 .5-2.9V9.9A1.5 1.5 0 0 0 12.5 7z"/><circle cx="12" cy="19" r=".5"/></svg>\n
   │                                                         <span class="hidden xl:inline">Tỉnh-Thành</span>\n
   │                                                     </div>\n
   │                                                                                                     </a>\n
   │                                                                                             </li>\n
   │                                                                                     <li  class="group relative">\n
   │                                                 <a class="flex items-center justify-between px-4 py-2 text-sm text-slate-300 hover:text-white hover:bg-slate-700 rounded transition "\n
   │                                                     href="http://localhost/list-district">\n
   │                                                    <div class="flex items-center gap-2">\n
   │                                                         <svg class="lucide w-5 h-5 mr-2" xmlns="http://www.w3.org/2000/svg" fill="none" stroke="currentColor" stroke-width="2" stroke-linecap="round" stroke-linejoin="round" viewBox="0 0 24 24"><path d="M12 22a10 10 0 1 0-10-10a10.011 10.011 0 0 0 10 10z"/><path d="M12.5 7h-1a1.5 1.5 0 0 0-1.5 1.5v6A1.5 1.5 0 0 0 11.5 16h1a1.5 1.5 0 0 0 .5-2.9V9.9A1.5 1.5 0 0 0 12.5 7z"/><circle cx="12" cy="19" r=".5"/></svg>\n
   │                                                         <span class="hidden xl:inline">Quận-Huyện</span>\n
   │                                                     </div>\n
   │                                                                                                     </a>\n
   │                                                                                             </li>\n
   │                                                                                     <li  class="group relative">\n
   │                                                 <a class="flex items-center justify-between px-4 py-2 text-sm text-slate-300 hover:text-white hover:bg-slate-700 rounded transition "\n
   │                                                     href="http://localhost/list-commune">\n
   │                                                    <div class="flex items-center gap-2">\n
   │                                                         <svg class="lucide w-5 h-5 mr-2" xmlns="http://www.w3.org/2000/svg" fill="none" stroke="currentColor" stroke-width="2" stroke-linecap="round" stroke-linejoin="round" viewBox="0 0 24 24"><path d="M12 22a10 10 0 1 0-10-10a10.011 10.011 0 0 0 10 10z"/><path d="M12.5 7h-1a1.5 1.5 0 0 0-1.5 1.5v6A1.5 1.5 0 0 0 11.5 16h1a1.5 1.5 0 0 0 .5-2.9V9.9A1.5 1.5 0 0 0 12.5 7z"/><circle cx="12" cy="19" r=".5"/></svg>\n
   │                                                         <span class="hidden xl:inline">Phường-Xã</span>\n
   │                                                     </div>\n
   │                                                                                                     </a>\n
   │                                                                                             </li>\n
   │                                                                             </ul>\n
   │                                                             </li>\n
   │                                                                                                 <li>\n
   │                                 <a class="flex items-center justify-between px-4 py-3 hover:bg-white hover:text-black text-white transition rounded cursor-pointer toggle-submenu"\n
   │                                     href="javascript:;">\n
   │                                     \n
   │                                     <div class="flex items-center gap-2" title="Loại Thiên Tai">\n
   │                                         <div title="Loại Thiên Tai"><svg class="lucide w-5 h-5 mr-2" xmlns="http://www.w3.org/2000/svg" fill="none" stroke="currentColor" stroke-width="2" stroke-linecap="round" stroke-linejoin="round" viewBox="0 0 24 24"><path d="M16 21v-2a4 4 0 0 0-8 0v2"/><circle cx="12" cy="7" r="4"/><path d="M20.88 18.5A3.5 3.5 0 0 1 17.5 22H6.5a3.5 3.5 0 0 1-3.38-2.5"/></svg></div>\n
   │                                         <span class="hidden xl:inline" >Loại Thiên Tai</span>\n
   │                                     </div>\n
   │ \n
   │                                                                             <span class="hidden xl:inline"><svg class="lucide w-5 h-5 mr-2" xmlns="http://www.w3.org/2000/svg" fill="none" stroke="currentColor" stroke-width="2" stroke-linecap="round" stroke-linejoin="round" viewBox="0 0 24 24"><path d="M6 9l6 6l6-6"/></svg></span>\n
   │                                                                     </a>\n
   │                                                                     <ul class="submenu ml-6 mt-1 hidden">\n
   │                                                                                     <li  class="group relative">\n
   │                                                 <a class="flex items-center justify-between px-4 py-2 text-sm text-slate-300 hover:text-white hover:bg-slate-700 rounded transition "\n
   │                                                     href="http://localhost/list-type-of-calamity">\n
   │                                                    <div class="flex items-center gap-2">\n
   │                                                         <svg class="lucide w-5 h-5 mr-2" xmlns="http://www.w3.org/2000/svg" fill="none" stroke="currentColor" stroke-width="2" stroke-linecap="round" stroke-linejoin="round" viewBox="0 0 24 24"><path d="M12 22a10 10 0 1 0-10-10a10.011 10.011 0 0 0 10 10z"/><path d="M12.5 7h-1a1.5 1.5 0 0 0-1.5 1.5v6A1.5 1.5 0 0 0 11.5 16h1a1.5 1.5 0 0 0 .5-2.9V9.9A1.5 1.5 0 0 0 12.5 7z"/><circle cx="12" cy="19" r=".5"/></svg>\n
   │                                                         <span class="hidden xl:inline">Loại Thiên Tai</span>\n
   │                                                     </div>\n
   │                                                                                                     </a>\n
   │                                                                                             </li>\n
   │                                                                                     <li  class="group relative">\n
   │                                                 <a class="flex items-center justify-between px-4 py-2 text-sm text-slate-300 hover:text-white hover:bg-slate-700 rounded transition "\n
   │                                                     href="http://localhost/list-sub-type-of-calamity">\n
   │                                                    <div class="flex items-center gap-2">\n
   │                                                         <svg class="lucide w-5 h-5 mr-2" xmlns="http://www.w3.org/2000/svg" fill="none" stroke="currentColor" stroke-width="2" stroke-linecap="round" stroke-linejoin="round" viewBox="0 0 24 24"><path d="M12 22a10 10 0 1 0-10-10a10.011 10.011 0 0 0 10 10z"/><path d="M12.5 7h-1a1.5 1.5 0 0 0-1.5 1.5v6A1.5 1.5 0 0 0 11.5 16h1a1.5 1.5 0 0 0 .5-2.9V9.9A1.5 1.5 0 0 0 12.5 7z"/><circle cx="12" cy="19" r=".5"/></svg>\n
   │                                                         <span class="hidden xl:inline">Loại Thiên Tai Phụ</span>\n
   │                                                     </div>\n
   │                                                                                                     </a>\n
   │                                                                                             </li>\n
   │                                                                                     <li  class="group relative">\n
   │                                                 <a class="flex items-center justify-between px-4 py-2 text-sm text-slate-300 hover:text-white hover:bg-slate-700 rounded transition "\n
   │                                                     href="http://localhost/list-risk-level">\n
   │                                                    <div class="flex items-center gap-2">\n
   │                                                         <svg class="lucide w-5 h-5 mr-2" xmlns="http://www.w3.org/2000/svg" fill="none" stroke="currentColor" stroke-width="2" stroke-linecap="round" stroke-linejoin="round" viewBox="0 0 24 24"><path d="M12 22a10 10 0 1 0-10-10a10.011 10.011 0 0 0 10 10z"/><path d="M12.5 7h-1a1.5 1.5 0 0 0-1.5 1.5v6A1.5 1.5 0 0 0 11.5 16h1a1.5 1.5 0 0 0 .5-2.9V9.9A1.5 1.5 0 0 0 12.5 7z"/><circle cx="12" cy="19" r=".5"/></svg>\n
   │                                                         <span class="hidden xl:inline">Cấp Độ Thiên Tai</span>\n
   │                                                     </div>\n
   │                                                                                                     </a>\n
   │                                                                                             </li>\n
   │                                                                                     <li  class="group relative">\n
   │                                                 <a class="flex items-center justify-between px-4 py-2 text-sm text-slate-300 hover:text-white hover:bg-slate-700 rounded transition "\n
   │                                                     href="http://localhost/list-type-of-construction">\n
   │                                                    <div class="flex items-center gap-2">\n
   │                                                         <svg class="lucide w-5 h-5 mr-2" xmlns="http://www.w3.org/2000/svg" fill="none" stroke="currentColor" stroke-width="2" stroke-linecap="round" stroke-linejoin="round" viewBox="0 0 24 24"><path d="M12 22a10 10 0 1 0-10-10a10.011 10.011 0 0 0 10 10z"/><path d="M12.5 7h-1a1.5 1.5 0 0 0-1.5 1.5v6A1.5 1.5 0 0 0 11.5 16h1a1.5 1.5 0 0 0 .5-2.9V9.9A1.5 1.5 0 0 0 12.5 7z"/><circle cx="12" cy="19" r=".5"/></svg>\n
   │                                                         <span class="hidden xl:inline">Loại Công Trình</span>\n
   │                                                     </div>\n
   │                                                                                                     </a>\n
   │                                                                                             </li>\n
   │                                                                                     <li  class="group relative">\n
   │                                                 <a class="flex items-center justify-between px-4 py-2 text-sm text-slate-300 hover:text-white hover:bg-slate-700 rounded transition "\n
   │                                                     href="http://localhost/list-scenarios">\n
   │                                                    <div class="flex items-center gap-2">\n
   │                                                         <svg class="lucide w-5 h-5 mr-2" xmlns="http://www.w3.org/2000/svg" fill="none" stroke="currentColor" stroke-width="2" stroke-linecap="round" stroke-linejoin="round" viewBox="0 0 24 24"><path d="M12 22a10 10 0 1 0-10-10a10.011 10.011 0 0 0 10 10z"/><path d="M12.5 7h-1a1.5 1.5 0 0 0-1.5 1.5v6A1.5 1.5 0 0 0 11.5 16h1a1.5 1.5 0 0 0 .5-2.9V9.9A1.5 1.5 0 0 0 12.5 7z"/><circle cx="12" cy="19" r=".5"/></svg>\n
   │                                                         <span class="hidden xl:inline">Phương Án Ứng Phó</span>\n
   │                                                     </div>\n
   │                                                                                                     </a>\n
   │                                                                                             </li>\n
   │                                                                             </ul>\n
   │                                                             </li>\n
   │                                                                                                 <li>\n
   │                                 <a class="flex items-center justify-between px-4 py-3 hover:bg-white hover:text-black text-white transition rounded cursor-pointer toggle-submenu"\n
   │                                     href="javascript:;">\n
   │                                     \n
   │                                     <div class="flex items-center gap-2" title="Dữ Liệu Thiên Tai">\n
   │                                         <div title="Dữ Liệu Thiên Tai"><svg class="lucide w-5 h-5 mr-2" xmlns="http://www.w3.org/2000/svg" fill="none" stroke="currentColor" stroke-width="2" stroke-linecap="round" stroke-linejoin="round" viewBox="0 0 24 24"><path d="M16 21v-2a4 4 0 0 0-8 0v2"/><circle cx="12" cy="7" r="4"/><path d="M20.88 18.5A3.5 3.5 0 0 1 17.5 22H6.5a3.5 3.5 0 0 1-3.38-2.5"/></svg></div>\n
   │                                         <span class="hidden xl:inline" >Dữ Liệu Thiên Tai</span>\n
   │                                     </div>\n
   │ \n
   │                                                                             <span class="hidden xl:inline"><svg class="lucide w-5 h-5 mr-2" xmlns="http://www.w3.org/2000/svg" fill="none" stroke="currentColor" stroke-width="2" stroke-linecap="round" stroke-linejoin="round" viewBox="0 0 24 24"><path d="M6 9l6 6l6-6"/></svg></span>\n
   │                                                                     </a>\n
   │                                                                     <ul class="submenu ml-6 mt-1 hidden">\n
   │                                                                                     <li  class="group relative">\n
   │                                                 <a class="flex items-center justify-between px-4 py-2 text-sm text-slate-300 hover:text-white hover:bg-slate-700 rounded transition "\n
   │                                                     href="http://localhost/calamity/list-river-bank">\n
   │                                                    <div class="flex items-center gap-2">\n
   │                                                         <svg class="lucide w-5 h-5 mr-2" xmlns="http://www.w3.org/2000/svg" fill="none" stroke="currentColor" stroke-width="2" stroke-linecap="round" stroke-linejoin="round" viewBox="0 0 24 24"><path d="M12 22a10 10 0 1 0-10-10a10.011 10.011 0 0 0 10 10z"/><path d="M12.5 7h-1a1.5 1.5 0 0 0-1.5 1.5v6A1.5 1.5 0 0 0 11.5 16h1a1.5 1.5 0 0 0 .5-2.9V9.9A1.5 1.5 0 0 0 12.5 7z"/><circle cx="12" cy="19" r=".5"/></svg>\n
   │                                                         <span class="hidden xl:inline">Sạt Lở</span>\n
   │                                                     </div>\n
   │                                                                                                     </a>\n
   │                                                                                             </li>\n
   │                                                                                     <li  class="group relative">\n
   │                                                 <a class="flex items-center justify-between px-4 py-2 text-sm text-slate-300 hover:text-white hover:bg-slate-700 rounded transition "\n
   │                                                     href="http://localhost/calamity/list-flooding">\n
   │                                                    <div class="flex items-center gap-2">\n
   │                                                         <svg class="lucide w-5 h-5 mr-2" xmlns="http://www.w3.org/2000/svg" fill="none" stroke="currentColor" stroke-width="2" stroke-linecap="round" stroke-linejoin="round" viewBox="0 0 24 24"><path d="M12 22a10 10 0 1 0-10-10a10.011 10.011 0 0 0 10 10z"/><path d="M12.5 7h-1a1.5 1.5 0 0 0-1.5 1.5v6A1.5 1.5 0 0 0 11.5 16h1a1.5 1.5 0 0 0 .5-2.9V9.9A1.5 1.5 0 0 0 12.5 7z"/><circle cx="12" cy="19" r=".5"/></svg>\n
   │                                                         <span class="hidden xl:inline">Ngập Lụt</span>\n
   │                                                     </div>\n
   │                                                                                                     </a>\n
   │                                                                                             </li>\n
   │                                                                                     <li  class="group relative">\n
   │                                                 <a class="flex items-center justify-between px-4 py-2 text-sm text-slate-300 hover:text-white hover:bg-slate-700 rounded transition "\n
   │                                                     href="http://localhost/calamity/list-storm">\n
   │                                                    <div class="flex items-center gap-2">\n
   │                                                         <svg class="lucide w-5 h-5 mr-2" xmlns="http://www.w3.org/2000/svg" fill="none" stroke="currentColor" stroke-width="2" stroke-linecap="round" stroke-linejoin="round" viewBox="0 0 24 24"><path d="M12 22a10 10 0 1 0-10-10a10.011 10.011 0 0 0 10 10z"/><path d="M12.5 7h-1a1.5 1.5 0 0 0-1.5 1.5v6A1.5 1.5 0 0 0 11.5 16h1a1.5 1.5 0 0 0 .5-2.9V9.9A1.5 1.5 0 0 0 12.5 7z"/><circle cx="12" cy="19" r=".5"/></svg>\n
   │                                                         <span class="hidden xl:inline">Bão và ATNĐ</span>\n
   │                                                     </div>\n
   │                                                                                                     </a>\n
   │                                                                                             </li>\n
   │                                                                             </ul>\n
   │                                                             </li>\n
   │                                                                                                 <li>\n
   │                                 <a class="flex items-center justify-between px-4 py-3 hover:bg-white hover:text-black text-white transition rounded cursor-pointer toggle-submenu"\n
   │                                     href="javascript:;">\n
   │                                     \n
   │                                     <div class="flex items-center gap-2" title="Công Trình PCTT">\n
   │                                         <div title="Công Trình PCTT"><svg xmlns="http://www.w3.org/2000/svg" width="24" height="24" viewBox="0 0 24 24" fill="none" stroke="currentColor" stroke-width="2" stroke-linecap="round" stroke-linejoin="round" class="lucide lucide-construction-icon lucide-construction"><rect x="2" y="6" width="20" height="8" rx="1"/><path d="M17 14v7"/><path d="M7 14v7"/><path d="M17 3v3"/><path d="M7 3v3"/><path d="M10 14 2.3 6.3"/><path d="m14 6 7.7 7.7"/><path d="m8 6 8 8"/></svg></div>\n
   │                                         <span class="hidden xl:inline" >Công Trình PCTT</span>\n
   │                                     </div>\n
   │ \n
   │                                                                             <span class="hidden xl:inline"><svg class="lucide w-5 h-5 mr-2" xmlns="http://www.w3.org/2000/svg" fill="none" stroke="currentColor" stroke-width="2" stroke-linecap="round" stroke-linejoin="round" viewBox="0 0 24 24"><path d="M6 9l6 6l6-6"/></svg></span>\n
   │                                                                     </a>\n
   │                                                                     <ul class="submenu ml-6 mt-1 hidden">\n
   │                                                                                     <li  class="group relative">\n
   │                                                 <a class="flex items-center justify-between px-4 py-2 text-sm text-slate-300 hover:text-white hover:bg-slate-700 rounded transition "\n
   │                                                     href="http://localhost/construction/list-river-bank">\n
   │                                                    <div class="flex items-center gap-2">\n
   │                                                         <svg class="lucide w-5 h-5 mr-2" xmlns="http://www.w3.org/2000/svg" fill="none" stroke="currentColor" stroke-width="2" stroke-linecap="round" stroke-linejoin="round" viewBox="0 0 24 24"><path d="M12 22a10 10 0 1 0-10-10a10.011 10.011 0 0 0 10 10z"/><path d="M12.5 7h-1a1.5 1.5 0 0 0-1.5 1.5v6A1.5 1.5 0 0 0 11.5 16h1a1.5 1.5 0 0 0 .5-2.9V9.9A1.5 1.5 0 0 0 12.5 7z"/><circle cx="12" cy="19" r=".5"/></svg>\n
   │                                                         <span class="hidden xl:inline">Sạt Lở</span>\n
   │                                                     </div>\n
   │                                                                                                     </a>\n
   │                                                                                             </li>\n
   │                                                                                     <li  class="group relative">\n
   │                                                 <a class="flex items-center justify-between px-4 py-2 text-sm text-slate-300 hover:text-white hover:bg-slate-700 rounded transition "\n
   │                                                     href="http://localhost/construction/list-flooding">\n
   │                                                    <div class="flex items-center gap-2">\n
   │                                                         <svg class="lucide w-5 h-5 mr-2" xmlns="http://www.w3.org/2000/svg" fill="none" stroke="currentColor" stroke-width="2" stroke-linecap="round" stroke-linejoin="round" viewBox="0 0 24 24"><path d="M12 22a10 10 0 1 0-10-10a10.011 10.011 0 0 0 10 10z"/><path d="M12.5 7h-1a1.5 1.5 0 0 0-1.5 1.5v6A1.5 1.5 0 0 0 11.5 16h1a1.5 1.5 0 0 0 .5-2.9V9.9A1.5 1.5 0 0 0 12.5 7z"/><circle cx="12" cy="19" r=".5"/></svg>\n
   │                                                         <span class="hidden xl:inline">Ngập Lụt</span>\n
   │                                                     </div>\n
   │                                                                                                     </a>\n
   │                                                                                             </li>\n
   │                                                                                     <li  class="group relative">\n
   │                                                 <a class="flex items-center justify-between px-4 py-2 text-sm text-slate-300 hover:text-white hover:bg-slate-700 rounded transition "\n
   │                                                     href="http://localhost/construction/list-storm">\n
   │                                                    <div class="flex items-center gap-2">\n
   │                                                         <svg class="lucide w-5 h-5 mr-2" xmlns="http://www.w3.org/2000/svg" fill="none" stroke="currentColor" stroke-width="2" stroke-linecap="round" stroke-linejoin="round" viewBox="0 0 24 24"><path d="M12 22a10 10 0 1 0-10-10a10.011 10.011 0 0 0 10 10z"/><path d="M12.5 7h-1a1.5 1.5 0 0 0-1.5 1.5v6A1.5 1.5 0 0 0 11.5 16h1a1.5 1.5 0 0 0 .5-2.9V9.9A1.5 1.5 0 0 0 12.5 7z"/><circle cx="12" cy="19" r=".5"/></svg>\n
   │                                                         <span class="hidden xl:inline">Bão và ATNĐ</span>\n
   │                                                     </div>\n
   │                                                                                                     </a>\n
   │                                                                                             </li>\n
   │                                                                             </ul>\n
   │                                                             </li>\n
   │                                                                                                 <li>\n
   │                                 <a class="flex items-center justify-between px-4 py-3 hover:bg-white hover:text-black text-white transition rounded cursor-pointer toggle-submenu"\n
   │                                     href="javascript:;">\n
   │                                     \n
   │                                     <div class="flex items-center gap-2" title="Địa danh hành chính">\n
   │                                         <div title="Địa danh hành chính"><svg class="lucide w-5 h-5 mr-2" xmlns="http://www.w3.org/2000/svg" fill="none" stroke="currentColor" stroke-width="2" stroke-linecap="round" stroke-linejoin="round" viewBox="0 0 24 24"><path d="M16 21v-2a4 4 0 0 0-8 0v2"/><circle cx="12" cy="7" r="4"/><path d="M20.88 18.5A3.5 3.5 0 0 1 17.5 22H6.5a3.5 3.5 0 0 1-3.38-2.5"/></svg></div>\n
   │                                         <span class="hidden xl:inline" >Địa danh hành chính</span>\n
   │                                     </div>\n
   │ \n
   │                                                                             <span class="hidden xl:inline"><svg class="lucide w-5 h-5 mr-2" xmlns="http://www.w3.org/2000/svg" fill="none" stroke="currentColor" stroke-width="2" stroke-linecap="round" stroke-linejoin="round" viewBox="0 0 24 24"><path d="M6 9l6 6l6-6"/></svg></span>\n
   │                                                                     </a>\n
   │                                                                     <ul class="submenu ml-6 mt-1 hidden">\n
   │                                                                                     <li  class="group relative">\n
   │                                                 <a class="flex items-center justify-between px-4 py-2 text-sm text-slate-300 hover:text-white hover:bg-slate-700 rounded transition "\n
   │                                                     href="http://localhost/administrative/list-school">\n
   │                                                    <div class="flex items-center gap-2">\n
   │                                                         <svg xmlns="http://www.w3.org/2000/svg" width="24" height="24" viewBox="0 0 24 24" fill="none" stroke="currentColor" stroke-width="2" stroke-linecap="round" stroke-linejoin="round" class="lucide lucide-school-icon lucide-school"><path d="M14 22v-4a2 2 0 1 0-4 0v4"/><path d="m18 10 3.447 1.724a1 1 0 0 1 .553.894V20a2 2 0 0 1-2 2H4a2 2 0 0 1-2-2v-7.382a1 1 0 0 1 .553-.894L6 10"/><path d="M18 5v17"/><path d="m4 6 7.106-3.553a2 2 0 0 1 1.788 0L20 6"/><path d="M6 5v17"/><circle cx="12" cy="9" r="2"/></svg>\n
   │                                                         <span class="hidden xl:inline">Trường Học</span>\n
   │                                                     </div>\n
   │                                                                                                     </a>\n
   │                                                                                             </li>\n
   │                                                                                     <li  class="group relative">\n
   │                                                 <a class="flex items-center justify-between px-4 py-2 text-sm text-slate-300 hover:text-white hover:bg-slate-700 rounded transition "\n
   │                                                     href="http://localhost/administrative/list-medical">\n
   │                                                    <div class="flex items-center gap-2">\n
   │                                                         <svg xmlns="http://www.w3.org/2000/svg" width="24" height="24" viewBox="0 0 24 24" fill="none" stroke="currentColor" stroke-width="2" stroke-linecap="round" stroke-linejoin="round" class="lucide lucide-hospital-icon lucide-hospital"><path d="M12 6v4"/><path d="M14 14h-4"/><path d="M14 18h-4"/><path d="M14 8h-4"/><path d="M18 12h2a2 2 0 0 1 2 2v6a2 2 0 0 1-2 2H4a2 2 0 0 1-2-2v-9a2 2 0 0 1 2-2h2"/><path d="M18 22V4a2 2 0 0 0-2-2H8a2 2 0 0 0-2 2v18"/></svg>\n
   │                                                         <span class="hidden xl:inline">Địa Điểm Y Tế</span>\n
   │                                                     </div>\n
   │                                                                                                     </a>\n
   │                                                                                             </li>\n
   │                                                                                     <li  class="group relative">\n
   │                                                 <a class="flex items-center justify-between px-4 py-2 text-sm text-slate-300 hover:text-white hover:bg-slate-700 rounded transition "\n
   │                                                     href="http://localhost/administrative/list-center">\n
   │                                                    <div class="flex items-center gap-2">\n
   │                                                         <svg xmlns="http://www.w3.org/2000/svg" width="24" height="24" viewBox="0 0 24 24" fill="none" stroke="currentColor" stroke-width="2" stroke-linecap="round" stroke-linejoin="round" class="lucide lucide-university-icon lucide-university"><path d="M14 21v-3a2 2 0 0 0-4 0v3"/><path d="M18 12h.01"/><path d="M18 16h.01"/><path d="M22 7a1 1 0 0 0-1-1h-2a2 2 0 0 1-1.143-.359L13.143 2.36a2 2 0 0 0-2.286-.001L6.143 5.64A2 2 0 0 1 5 6H3a1 1 0 0 0-1 1v12a2 2 0 0 0 2 2h16a2 2 0 0 0 2-2z"/><path d="M6 12h.01"/><path d="M6 16h.01"/><circle cx="12" cy="10" r="2"/></svg>\n
   │                                                         <span class="hidden xl:inline">TTHC và Khác</span>\n
   │                                                     </div>\n
   │                                                                                                     </a>\n
   │                                                                                             </li>\n
   │                                                                             </ul>\n
   │                                                             </li>\n
   │                                                                                                 <li>\n
   │                                 <a class="flex items-center justify-between px-4 py-3 hover:bg-white hover:text-black text-white transition rounded cursor-pointer toggle-submenu"\n
   │                                     href="javascript:;">\n
   │                                     \n
   │                                     <div class="flex items-center gap-2" title="Dữ Liệu Khác">\n
   │                                         <div title="Dữ Liệu Khác"><svg class="lucide w-5 h-5 mr-2" xmlns="http://www.w3.org/2000/svg" fill="none" stroke="currentColor" stroke-width="2" stroke-linecap="round" stroke-linejoin="round" viewBox="0 0 24 24"><path d="M16 21v-2a4 4 0 0 0-8 0v2"/><circle cx="12" cy="7" r="4"/><path d="M20.88 18.5A3.5 3.5 0 0 1 17.5 22H6.5a3.5 3.5 0 0 1-3.38-2.5"/></svg></div>\n
   │                                         <span class="hidden xl:inline" >Dữ Liệu Khác</span>\n
   │                                     </div>\n
   │ \n
   │                                                                             <span class="hidden xl:inline"><svg class="lucide w-5 h-5 mr-2" xmlns="http://www.w3.org/2000/svg" fill="none" stroke="currentColor" stroke-width="2" stroke-linecap="round" stroke-linejoin="round" viewBox="0 0 24 24"><path d="M6 9l6 6l6-6"/></svg></span>\n
   │                                                                     </a>\n
   │                                                                     <ul class="submenu ml-6 mt-1 hidden">\n
   │                                                                                     <li  class="group relative">\n
   │                                                 <a class="flex items-center justify-between px-4 py-2 text-sm text-slate-300 hover:text-white hover:bg-slate-700 rounded transition "\n
   │                                                     href="http://localhost/geographical/list-erosion">\n
   │                                                    <div class="flex items-center gap-2">\n
   │                                                         <svg class="lucide w-5 h-5 mr-2" xmlns="http://www.w3.org/2000/svg" fill="none" stroke="currentColor" stroke-width="2" stroke-linecap="round" stroke-linejoin="round" viewBox="0 0 24 24"><path d="M12 22a10 10 0 1 0-10-10a10.011 10.011 0 0 0 10 10z"/><path d="M12.5 7h-1a1.5 1.5 0 0 0-1.5 1.5v6A1.5 1.5 0 0 0 11.5 16h1a1.5 1.5 0 0 0 .5-2.9V9.9A1.5 1.5 0 0 0 12.5 7z"/><circle cx="12" cy="19" r=".5"/></svg>\n
   │                                                         <span class="hidden xl:inline">Khu vực xói, bồi</span>\n
   │                                                     </div>\n
   │                                                                                                     </a>\n
   │                                                                                             </li>\n
   │                                                                                     <li  class="group relative">\n
   │                                                 <a class="flex items-center justify-between px-4 py-2 text-sm text-slate-300 hover:text-white hover:bg-slate-700 rounded transition "\n
   │                                                     href="http://localhost/geographical/list-shoreline">\n
   │                                                    <div class="flex items-center gap-2">\n
   │                                                         <svg class="lucide w-5 h-5 mr-2" xmlns="http://www.w3.org/2000/svg" fill="none" stroke="currentColor" stroke-width="2" stroke-linecap="round" stroke-linejoin="round" viewBox="0 0 24 24"><path d="M12 22a10 10 0 1 0-10-10a10.011 10.011 0 0 0 10 10z"/><path d="M12.5 7h-1a1.5 1.5 0 0 0-1.5 1.5v6A1.5 1.5 0 0 0 11.5 16h1a1.5 1.5 0 0 0 .5-2.9V9.9A1.5 1.5 0 0 0 12.5 7z"/><circle cx="12" cy="19" r=".5"/></svg>\n
   │                                                         <span class="hidden xl:inline">Lịch sử đường bờ</span>\n
   │                                                     </div>\n
   │                                                                                                     </a>\n
   │                                                                                             </li>\n
   │                                                                                     <li  class="group relative">\n
   │                                                 <a class="flex items-center justify-between px-4 py-2 text-sm text-slate-300 hover:text-white hover:bg-slate-700 rounded transition "\n
   │                                                     href="http://localhost/geographical/list-cross-section">\n
   │                                                    <div class="flex items-center gap-2">\n
   │                                                         <svg class="lucide w-5 h-5 mr-2" xmlns="http://www.w3.org/2000/svg" fill="none" stroke="currentColor" stroke-width="2" stroke-linecap="round" stroke-linejoin="round" viewBox="0 0 24 24"><path d="M12 22a10 10 0 1 0-10-10a10.011 10.011 0 0 0 10 10z"/><path d="M12.5 7h-1a1.5 1.5 0 0 0-1.5 1.5v6A1.5 1.5 0 0 0 11.5 16h1a1.5 1.5 0 0 0 .5-2.9V9.9A1.5 1.5 0 0 0 12.5 7z"/><circle cx="12" cy="19" r=".5"/></svg>\n
   │                                                         <span class="hidden xl:inline">Mặt cắt ngang</span>\n
   │                                                     </div>\n
   │                                                                                                     </a>\n
   │                                                                                             </li>\n
   │                                                                                     <li  class="group relative">\n
   │                                                 <a class="flex items-center justify-between px-4 py-2 text-sm text-slate-300 hover:text-white hover:bg-slate-700 rounded transition "\n
   │                                                     href="http://localhost/geographical/list-monitoring">\n
   │                                                    <div class="flex items-center gap-2">\n
   │                                                         <svg class="lucide w-5 h-5 mr-2" xmlns="http://www.w3.org/2000/svg" fill="none" stroke="currentColor" stroke-width="2" stroke-linecap="round" stroke-linejoin="round" viewBox="0 0 24 24"><path d="M12 22a10 10 0 1 0-10-10a10.011 10.011 0 0 0 10 10z"/><path d="M12.5 7h-1a1.5 1.5 0 0 0-1.5 1.5v6A1.5 1.5 0 0 0 11.5 16h1a1.5 1.5 0 0 0 .5-2.9V9.9A1.5 1.5 0 0 0 12.5 7z"/><circle cx="12" cy="19" r=".5"/></svg>\n
   │                                                         <span class="hidden xl:inline">Mốc quan trắc</span>\n
   │                                                     </div>\n
   │                                                                                                     </a>\n
   │                                                                                             </li>\n
   │                                                                             </ul>\n
   │                                                             </li>\n
   │                                                                                                 <li>\n
   │                                 <a class="flex items-center justify-between px-4 py-3 hover:bg-white hover:text-black text-white transition rounded cursor-pointer "\n
   │                                     href="http://localhost/map">\n
   │                                     \n
   │                                     <div class="flex items-center gap-2" title="Bản Đồ">\n
   │                                         <div title="Bản Đồ"><svg xmlns="http://www.w3.org/2000/svg" width="24" height="24" viewBox="0 0 24 24" fill="none" stroke="currentColor" stroke-width="2" stroke-linecap="round" stroke-linejoin="round" class="lucide lucide-map-icon lucide-map"><path d="M14.106 5.553a2 2 0 0 0 1.788 0l3.659-1.83A1 1 0 0 1 21 4.619v12.764a1 1 0 0 1-.553.894l-4.553 2.277a2 2 0 0 1-1.788 0l-4.212-2.106a2 2 0 0 0-1.788 0l-3.659 1.83A1 1 0 0 1 3 19.381V6.618a1 1 0 0 1 .553-.894l4.553-2.277a2 2 0 0 1 1.788 0z"/><path d="M15 5.764v15"/><path d="M9 3.236v15"/></svg></div>\n
   │                                         <span class="hidden xl:inline" >Bản Đồ</span>\n
   │                                     </div>\n
   │ \n
   │                                                                     </a>\n
   │                                                             </li>\n
   │                                                                                                 <li>\n
   │                                 <a class="flex items-center justify-between px-4 py-3 hover:bg-white hover:text-black text-white transition rounded cursor-pointer "\n
   │                                     href="http://localhost/chat">\n
   │                                     \n
   │                                     <div class="flex items-center gap-2" title="Tham gia cộng đồng">\n
   │                                         <div title="Tham gia cộng đồng"><svg xmlns="http://www.w3.org/2000/svg" width="24" height="24" viewBox="0 0 24 24" fill="none" stroke="currentColor" stroke-width="2" stroke-linecap="round" stroke-linejoin="round" class="lucide lucide-message-circle-icon lucide-message-circle"><path d="M7.9 20A9 9 0 1 0 4 16.1L2 22Z"/></svg></div>\n
   │                                         <span class="hidden xl:inline" >Tham gia cộng đồng</span>\n
   │                                     </div>\n
   │ \n
   │                                                                     </a>\n
   │                                                             </li>\n
   │                                                                                                 <li>\n
   │                                 <a class="flex items-center justify-between px-4 py-3 hover:bg-white hover:text-black text-white transition rounded cursor-pointer "\n
   │                                     href="http://localhost/incident-report">\n
   │                                     \n
   │                                     <div class="flex items-center gap-2" title="Báo cáo sự cố">\n
   │                                         <div title="Báo cáo sự cố"><svg xmlns="http://www.w3.org/2000/svg" width="24" height="24" viewBox="0 0 24 24" fill="none" stroke="currentColor" stroke-width="2" stroke-linecap="round" stroke-linejoin="round" class="lucide lucide-message-square-warning-icon lucide-message-square-warning"><path d="M21 15a2 2 0 0 1-2 2H7l-4 4V5a2 2 0 0 1 2-2h14a2 2 0 0 1 2 2z"/><path d="M12 7v2"/><path d="M12 13h.01"/></svg></div>\n
   │                                         <span class="hidden xl:inline" >Báo cáo sự cố</span>\n
   │                                     </div>\n
   │ \n
   │                                                                     </a>\n
   │                                                             </li>\n
   │                                                                 \n
   │                                 </ul>\n
   │             </nav>\n
   │             <div class="md:max-w-auto overflow-x-hidden overflow-y-auto max-h-[100vh] min-w-0 max-w-full flex-1 rounded-[30px] bg-slate-100 px-4 pb-10 before:block before:h-px before:w-full before:content-[''] md:px-[22px]">\n
   │                 <div class="relative sticky top-0 z-2 flex items-center h-[68px] px-4 border-b border-slate-100 bg-slate-100">\n
   │   \n
   │                     <div class="mr-auto"> \n
   │                        <div class="rounded-[8px] overflow-hidden w-[200px] md:w-[325px] h-[40px] bg-[#1E3A8A] border-[2px] border-[#133086] shadow-[0_2px_6px_rgba(0,0,0,0.1)] flex items-center justify-center">\n
   │                   \n
   │                     <iframe src="https://thoitiet247.vn/widget/embed/ca-mau?style=6&day=7&td=%232e0000&ntd=%231e3a8a&mvb=%23000205&mv=%231e3a8a&mdk=%23000000&htd=true" \n
   │                         id="widgeturl" class = "w-[200px] md:w-[325px]" height="55px" scrolling="no" frameborder="0" allowtransparency="true" style="border:none;overflow:hidden;"></iframe><!-- End thoitiet.app widget -->\n
   │                     </div>\n
   │ \n
   │                     </div>\n
   │                     \n
   │                     <div class="relative flex items-center gap-2">\n
   │                         \n
   │                                                     <a href="http://localhost/login" class="text-sm text-gray-700 hover:underline">\n
   │                                 <button>Đăng nhập</button>\n
   │                             </a>\n
   │                                             </div>\n
   │                 </div>\n
   │                 \n
   │                 \r\n
   │ \r\n
   │ <form enctype="multipart/form-data" class="validate-form" action="http://localhost/create-incident-report" method="post">\r\n
   │     <input type="hidden" name="_token" value="tR7agWSvrtwvrmGE8YsSIYpa1IZrkCXTwMmiqMGe" autocomplete="off">    <div class="intro-y box">\r\n
   │         <div class="rounded-md border border-slate-200/60 p-5">\r\n
   │             <div\r\n
   │                 class="flex items-center border-b border-slate-200/60 pb-5 text-base font-medium">\r\n
   │                 Thông Tin Báo Cáo Thiên tai\r\n
   │             </div>\r\n
   │             <div class="mt-5 grid grid-cols-1 md:grid-cols-2 gap-6">\r\n
   │                 \r\n
   │                 <div>\r\n
   │                 \r\n
   │                     <div class="flex-col md:flex-row items-start pt-5 first:mt-0 first:pt-0"\r\n
   │                         formInline>\r\n
   │                         <label class="md:w-80">\r\n
   │                             <div class="text-left">\r\n
   │                                 <div class="flex items-center">\r\n
   │                                     <div class="font-medium">Tên người gửi thông báo</div>\r\n
   │                                     <div class="ml-2 text-red-500 text-xl font-bold">*</div>\r\n
   │                                 </div>\r\n
   │                             </div>\r\n
   │                         </label>\r\n
   │                         <div class="w-full">\r\n
   │                             <input name="reporter_name" id="reporter_name" type="text"\r\n
   │                                 placeholder="Tên người gửi" />\r\n
   │                                                     </div>\r\n
   │                     </div>\r\n
   │                  \r\n
   │                     <div class="flex-col md:flex-row items-start pt-5 first:mt-0 first:pt-0"\r\n
   │                         formInline>\r\n
   │                         <label class="md:w-80">\r\n
   │                             <div class="text-left">\r\n
   │                                 <div class="flex items-center">\r\n
   │                                     <div class="font-medium">Thiên Tai</div>\r\n
   │                                     <div class="ml-2 text-red-500 text-xl font-bold">*</div>\r\n
   │                                 </div>\r\n
   │                             </div>\r\n
   │                         </label>\r\n
   │                         <div class="w-full">\r\n
   │                             <select class="w-full" id="type_of_calamity_id"\r\n
   │                                 name="type_of_calamity_id">\r\n
   │                                 <option>--Chọn thiên tai--</option>\r\n
   │                                                                     <option value="1">\r\n
   │                                         Sạt lở bờ sông</option>\r\n
   │                                                             </select>\r\n
   │                                                     </div>\r\n
   │                     </div>\r\n
   │ \r\n
   │                     <div class="flex-col md:flex-row items-start pt-5 first:mt-0 first:pt-0"\r\n
   │                         formInline>\r\n
   │                         <label class="md:w-80">\r\n
   │                             <div class="text-left">\r\n
   │                                 <div class="flex items-center">\r\n
   │                                     <div class="font-medium">Bản đồ</div>\r\n
   │                                     <div class="ml-2 text-red-500 text-xl font-bold">*</div>\r\n
   │ \r\n
   │                                 </div>\r\n
   │                             </div>\r\n
   │                         </label>\r\n
   │                         <div class="w-full">\r\n
   │                             <div class="relative">\r\n
   │                                 <input type="text" id="coordinates" name="coordinates"\r\n
   │                                 placeholder="Nhập tọa độ (VD: 10.7769, 106.7009)"\r\n
   │                                 onblur="updateMapFromInput()"\r\n
   │                                  class="block w-full p-4 ps-10 text-sm text-gray-900 border border-gray-300 rounded-lg bg-gray-50 focus:ring-blue-500 focus:border-blue-500" />\r\n
   │                                 <button type="button" id="get-current-location" class="text-white absolute end-2.5 bottom-2.5 bg-blue-700 hover:bg-blue-800 focus:ring-4 focus:outline-none focus:ring-blue-300 font-medium rounded-lg text-sm px-4 py-2"><svg xmlns="http://www.w3.org/2000/svg" width="24" height="24" viewBox="0 0 24 24" fill="none" stroke="currentColor" stroke-width="2" stroke-linecap="round" stroke-linejoin="round" class="lucide lucide-map-pin-house-icon lucide-map-pin-house"><path d="M15 22a1 1 0 0 1-1-1v-4a1 1 0 0 1 .445-.832l3-2a1 1 0 0 1 1.11 0l3 2A1 1 0 0 1 22 17v4a1 1 0 0 1-1 1z"/><path d="M18 10a8 8 0 0 0-16 0c0 4.993 5.539 10.193 7.399 11.799a1 1 0 0 0 .601.2"/><path d="M18 22v-3"/><circle cx="10" cy="10" r="3"/></svg></button>\r\n
   │                             </div>\r\n
   │                         </div>\r\n
   │                     </div>\r\n
   │ \r\n
   │                     <div class="flex-col md:flex-row items-start pt-5 first:mt-0 first:pt-0"\r\n
   │                         formInline>\r\n
   │                         <label class="md:w-80">\r\n
   │                             <div class="text-left">\r\n
   │                                 <div class="flex items-center">\r\n
   │                                     <div class="font-medium">Xã</div>\r\n
   │                                     <div class="ml-2 text-red-500 text-xl font-bold">*</div>\r\n
   │ \r\n
   │                                 </div>\r\n
   │                             </div>\r\n
   │                         </label>\r\n
   │                         <div class="w-full">\r\n
   │                             <select class="w-full" id="commune_id" name="commune_id">\r\n
   │                                 <option value="">--Chọn Xã--</option>\r\n
   │                                                                     <option value="1">Alessandraburgh</option>\r\n
   │                                                             </select>\r\n
   │                         </div>\r\n
   │                     </div>\r\n
   │                 </div>\r\n
   │                \r\n
   │                 <div>\r\n
   │                     <div class="flex-col md:flex-row items-start pt-5 first:mt-0 first:pt-0"\r\n
   │                         formInline>\r\n
   │                         <label class="md:w-80">\r\n
   │                             <div class="text-left">\r\n
   │                                 <div class="flex items-center">\r\n
   │                                     <div class="font-medium">Số điện thoại</div>\r\n
   │                                     <div class="ml-2 text-red-500 text-xl font-bold">*</div>\r\n
   │                                 </div>\r\n
   │                             </div>\r\n
   │                         </label>\r\n
   │                         <div class="w-full">\r\n
   │                             <input name="contact_number" id="contact_number" type="text"\r\n
   │                                 placeholder="Số điện thoại" />\r\n
   │                                                     </div>\r\n
   │                     </div>\r\n
   │                    \r\n
   │                     <div class="flex-col md:flex-row items-start pt-5 first:mt-0 first:pt-0"\r\n
   │                         formInline>\r\n
   │                         <label class="md:w-80">\r\n
   │                             <div class="text-left">\r\n
   │                                 <div class="flex items-center">\r\n
   │                                     <div class="font-medium">Loại thiên tai phụ</div>\r\n
   │                                     <div class="ml-2 text-red-500 text-xl font-bold">*</div>\r\n
   │                                 </div>\r\n
   │                             </div>\r\n
   │                         </label>\r\n
   │                         <div class="w-full">\r\n
   │                             <select class="w-full" id="sub-type-of-calamity-select"\r\n
   │                                 name="sub_type_of_calamity_id">\r\n
   │                                 <option value="">--Chọn thiên tai phụ--</option>\r\n
   │                             </select>\r\n
   │                                                     </div>\r\n
   │                     </div>\r\n
   │                     <div class="flex-col md:flex-row items-start pt-5 first:mt-0 first:pt-0"\r\n
   │                         formInline>\r\n
   │                         <label class="md:w-80">\r\n
   │                             <div class="text-left">\r\n
   │                                 <div class="flex items-center">\r\n
   │                                     <div class="font-medium">Địa chỉ</div>\r\n
   │                                     <div class="ml-2 text-red-500 text-xl font-bold">*</div>\r\n
   │                                 </div>\r\n
   │                             </div>\r\n
   │                         </label>\r\n
   │                         <div class="w-full">\r\n
   │                             <input name="address" id="address" type="text"\r\n
   │                                 placeholder="Địa chỉ" />\r\n
   │                                                     </div>\r\n
   │                     </div>\r\n
   │                     <div class="flex-col md:flex-row items-start pt-5 first:mt-0 first:pt-0"\r\n
   │                         formInline>\r\n
   │                         <label class="md:w-80">\r\n
   │                             <div class="text-left">\r\n
   │                                 <div class="flex items-center">\r\n
   │                                     <div class="font-medium">Hình ảnh/Video mô tả</div>\r\n
   │                                     <div class="ml-2 text-red-500 text-xl font-bold">*</div>\r\n
   │                                 </div>\r\n
   │                             </div>\r\n
   │                         </label>\r\n
   │                         <div class="w-full">\r\n
   │                             <input type="file" name="attachment[]" id="attachment" accept="image/*,video/*,.pdf" multiple\r\n
   │                                             class="block w-full text-sm text-gray-900\r\n
   │                                             file:mr-2 file:py-1 file:px-3\r\n
   │                                             file:rounded file:border-0\r\n
   │                                             file:text-sm file:font-medium\r\n
   │                                             file:bg-blue-100 file:text-blue-700\r\n
   │                                             hover:file:bg-blue-200 border border-gray-300 rounded-md">\r\n
   │                             <p class="text-xs text-gray-500 mt-1">Có thể chọn nhiều file (hình ảnh, video, PDF)</p>\r\n
   │                             <div id="file-progress" class="hidden mt-2">\r\n
   │                                 <div class="w-full bg-gray-200 rounded-full h-2">\r\n
   │                                     <div id="progress-bar" class="bg-blue-600 h-2 rounded-full transition-all duration-300" style="width: 0%"></div>\r\n
   │                                 </div>\r\n
   │                                 <p id="progress-text" class="text-xs text-gray-600 mt-1">Đang tải file...</p>\r\n
   │                             </div>\r\n
   │                                                     </div>\r\n
   │                     </div>\r\n
   │                     \r\n
   │                 </div>\r\n
   │             </div>\r\n
   │             <div id="map1" class="rounded-lg border shadow-lg"\r\n
   │                 style="width: 100%; height: 400px; margin-top: 30px;"></div>\r\n
   │         </div>\r\n
   │     </div>\r\n
   │     \r\n
   │     <div class="mt-5 flex flex-col justify-end gap-2 md:flex-row">\r\n
   │         <a href="http://localhost/calamity/list-storm">\r\n
   │             <button type="button"\r\n
   │             class="text-gray-900 bg-white border border-gray-300 focus:outline-none hover:bg-gray-100 focus:ring-4 focus:ring-gray-100 font-medium rounded-lg text-sm px-5 py-2.5 me-2 mb-2">\r\n
   │             Huỷ Bỏ</button>\r\n
   │         </a>\r\n
   │         <button type="submit" class="text-white bg-blue-700 hover:bg-blue-800 focus:ring-4 focus:ring-blue-300 font-medium rounded-lg text-sm px-5 py-2.5 me-2 mb-2 focus:outline-none">\r\n
   │             Gửi\r\n
   │         </button>\r\n
   │     </div>\r\n
   │ </form>\r\n
   │ \r\n
   │ \r\n
   │ \r\n
   │             </div>\n
   │         </div>\n
   │     </div>\n
   │ \n
   │ </body>\n
   │ \n
   │ </html>\n
   │ \n
   │ <script>\n
   │     function openNotification() {\n
   │         console.log('openNotification');\n
   │         const dropdown = document.getElementById('notification-dropdown');\n
   │         if (dropdown) {\n
   │             dropdown.classList.toggle('hidden');\n
   │             \n
   │             // Nếu dropdown đang hiển thị, đánh dấu tất cả thông báo đã đọc\n
   │             if (!dropdown.classList.contains('hidden')) {\n
   │                 markNotificationsAsRead();\n
   │             }\n
   │         }\n
   │     }\n
   │ \n
   │     function markNotificationsAsRead() {\n
   │         // Gửi request để đánh dấu thông báo đã đọc\n
   │         fetch('/mark-notifications-as-read', {\n
   │             method: 'POST',\n
   │             headers: {\n
   │                 'X-CSRF-TOKEN': document.querySelector('meta[name="csrf-token"]').getAttribute('content'),\n
   │                 'Content-Type': 'application/json',\n
   │             },\n
   │         })\n
   │         .then(response => response.json())\n
   │         .then(data => {\n
   │             if (data.success) {\n
   │                 // Ẩn badge số lượng thông báo\n
   │                 const badge = document.getElementById('notification-badge');\n
   │                 if (badge) {\n
   │                     badge.style.display = 'none';\n
   │                 }\n
   │             }\n
   │         })\n
   │         .catch(error => {\n
   │             console.error('Error marking notifications as read:', error);\n
   │         });\n
   │     }\n
   │ \n
   │     function markNotificationAsRead(notificationId, element) {\n
   │         // Gửi request để đánh dấu một thông báo cụ thể đã đọc\n
   │         fetch('/mark-notification-as-read', {\n
   │             method: 'POST',\n
   │             headers: {\n
   │                 'X-CSRF-TOKEN': document.querySelector('meta[name="csrf-token"]').getAttribute('content'),\n
   │                 'Content-Type': 'application/json',\n
   │             },\n
   │             body: JSON.stringify({\n
   │                 notification_id: notificationId\n
   │             })\n
   │         })\n
   │         .then(response => response.json())\n
   │         .then(data => {\n
   │             if (data.success) {\n
   │                 // Cập nhật giao diện\n
   │                 element.classList.remove('bg-blue-50', 'border-l-4', 'border-blue-500');\n
   │                 element.classList.add('bg-white');\n
   │                 \n
   │                 // Cập nhật màu text\n
   │                 const titleElement = element.querySelector('.font-semibold');\n
   │                 const messageElement = element.querySelector('.text-blue-700');\n
   │                 if (titleElement) titleElement.classList.remove('text-blue-900');\n
   │                 if (messageElement) messageElement.classList.remove('text-blue-700');\n
   │                 \n
   │                 // Ẩn dot xanh\n
   │                 const dotElement = element.querySelector('.bg-blue-500');\n
   │                 if (dotElement) dotElement.style.display = 'none';\n
   │                 \n
   │                 // Cập nhật badge số lượng\n
   │                 updateNotificationBadge();\n
   │             }\n
   │         })\n
   │         .catch(error => {\n
   │             console.error('Error marking notification as read:', error);\n
   │         });\n
   │     }\n
   │ \n
   │     function updateNotificationBadge() {\n
   │         // Đếm số thông báo chưa đọc còn lại\n
   │         const unreadItems = document.querySelectorAll('.bg-blue-50');\n
   │         const badge = document.getElementById('notification-badge');\n
   │         \n
   │         if (badge) {\n
   │             if (unreadItems.length === 0) {\n
   │                 badge.style.display = 'none';\n
   │             } else {\n
   │                 badge.textContent = unreadItems.length;\n
   │                 badge.style.display = 'inline-block';\n
   │             }\n
   │         }\n
   │     }\n
   │ \n
   │     document.addEventListener("DOMContentLoaded", function () {\n
   │         const toggles = document.querySelectorAll('.toggle-submenu');\n
   │ \n
   │         toggles.forEach(toggle => {\n
   │             toggle.addEventListener('click', function (e) {\n
   │                 e.preventDefault();\n
   │                 const submenu = this.nextElementSibling;\n
   │ \n
   │                 document.querySelectorAll('.submenu').forEach(sm => {\n
   │                     if (sm !== submenu) sm.classList.add('hidden');\n
   │                 });\n
   │ \n
   │                 if (submenu && submenu.classList.contains('submenu')) {\n
   │                     submenu.classList.toggle('hidden');\n
   │                 }\n
   │             });\n
   │         });\n
   │         \n
   │         const btn = document.getElementById('user-menu-button');\n
   │         const dropdown = document.getElementById('user-dropdown');\n
   │ \n
   │         if (btn && dropdown) {\n
   │             btn.addEventListener('click', function (e) {\n
   │                 e.stopPropagation();\n
   │                 dropdown.classList.toggle('hidden');\n
   │             });\n
   │ \n
   │             document.addEventListener('click', function (e) {\n
   │                 if (!dropdown.classList.contains('hidden') &&\n
   │                     !dropdown.contains(e.target) &&\n
   │                     !btn.contains(e.target)) {\n
   │                     dropdown.classList.add('hidden');\n
   │                 }\n
   │             });\n
   │         }\n
   │ \n
   │         // Thêm event listener để đóng dropdown thông báo khi click ra ngoài\n
   │         document.addEventListener('click', function (e) {\n
   │             const notificationDropdown = document.getElementById('notification-dropdown');\n
   │             const notificationButton = document.querySelector('[onclick="openNotification()"]');\n
   │             \n
   │             if (notificationDropdown && !notificationDropdown.classList.contains('hidden') &&\n
   │                 !notificationDropdown.contains(e.target) &&\n
   │                 !notificationButton.contains(e.target)) {\n
   │                 notificationDropdown.classList.add('hidden');\n
   │             }\n
   │         });\n
   │     });\n
   │ </script>\n
   │ ' [UTF-8](length: 107838) contains "Test User" [ASCII](length: 9).
   │
   │ D:\DO_AN_TOT_NGHIEP\doan_calamity_manager\vendor\laravel\framework\src\Illuminate\Testing\TestResponseAssert.php:45
   │ D:\DO_AN_TOT_NGHIEP\doan_calamity_manager\vendor\laravel\framework\src\Illuminate\Testing\TestResponse.php:686
   │ D:\DO_AN_TOT_NGHIEP\doan_calamity_manager\tests\Feature\IncidentReportTest.php:126
   │
 ✘ Guest cannot delete incident reports
   │
   │ Failed asserting that two strings are equal.
   │ --- Expected
   │ +++ Actual
   │ @@ @@
   │ -'http://localhost/login'
   │ +'http://localhost'
   │
   │ D:\DO_AN_TOT_NGHIEP\doan_calamity_manager\vendor\laravel\framework\src\Illuminate\Testing\TestResponseAssert.php:45
   │ D:\DO_AN_TOT_NGHIEP\doan_calamity_manager\vendor\laravel\framework\src\Illuminate\Testing\TestResponse.php:408
   │ D:\DO_AN_TOT_NGHIEP\doan_calamity_manager\vendor\laravel\framework\src\Illuminate\Testing\TestResponse.php:205
   │ D:\DO_AN_TOT_NGHIEP\doan_calamity_manager\tests\Feature\IncidentReportTest.php:135
   │

Integration (Tests\Feature\Integration)
 ✘ Complete workflow from login to calamity management
   │
   │ Illuminate\Database\UniqueConstraintViolationException: SQLSTATE[23000]: Integrity constraint violation: 19 UNIQUE constraint failed: type_of_calamities.slug (Connection: sqlite, SQL: insert into "type_of_calamities" ("name", "slug", "description", "updated_at", "created_at") values (Bão, bao, Itaque nulla aut qui impedit vitae nostrum., 2025-07-13 09:50:00, 2025-07-13 09:50:00))
   │
   │ D:\DO_AN_TOT_NGHIEP\doan_calamity_manager\vendor\laravel\framework\src\Illuminate\Database\Connection.php:817
   │ D:\DO_AN_TOT_NGHIEP\doan_calamity_manager\vendor\laravel\framework\src\Illuminate\Database\Connection.php:776
   │ D:\DO_AN_TOT_NGHIEP\doan_calamity_manager\vendor\laravel\framework\src\Illuminate\Database\Connection.php:557
   │ D:\DO_AN_TOT_NGHIEP\doan_calamity_manager\vendor\laravel\framework\src\Illuminate\Database\Connection.php:521
   │ D:\DO_AN_TOT_NGHIEP\doan_calamity_manager\vendor\laravel\framework\src\Illuminate\Database\Query\Processors\Processor.php:32
   │ D:\DO_AN_TOT_NGHIEP\doan_calamity_manager\vendor\laravel\framework\src\Illuminate\Database\Query\Builder.php:3796
   │ D:\DO_AN_TOT_NGHIEP\doan_calamity_manager\vendor\laravel\framework\src\Illuminate\Database\Eloquent\Builder.php:2205
   │ D:\DO_AN_TOT_NGHIEP\doan_calamity_manager\vendor\laravel\framework\src\Illuminate\Database\Eloquent\Model.php:1410
   │ D:\DO_AN_TOT_NGHIEP\doan_calamity_manager\vendor\laravel\framework\src\Illuminate\Database\Eloquent\Model.php:1375
   │ D:\DO_AN_TOT_NGHIEP\doan_calamity_manager\vendor\laravel\framework\src\Illuminate\Database\Eloquent\Model.php:1214
   │ D:\DO_AN_TOT_NGHIEP\doan_calamity_manager\vendor\laravel\framework\src\Illuminate\Database\Eloquent\Factories\Factory.php:350
   │ D:\DO_AN_TOT_NGHIEP\doan_calamity_manager\vendor\laravel\framework\src\Illuminate\Collections\Traits\EnumeratesValues.php:271
   │ D:\DO_AN_TOT_NGHIEP\doan_calamity_manager\vendor\laravel\framework\src\Illuminate\Database\Eloquent\Factories\Factory.php:345
   │ D:\DO_AN_TOT_NGHIEP\doan_calamity_manager\vendor\laravel\framework\src\Illuminate\Database\Eloquent\Factories\Factory.php:301
   │ D:\DO_AN_TOT_NGHIEP\doan_calamity_manager\vendor\laravel\framework\src\Illuminate\Database\Eloquent\Factories\Factory.php:496
   │ D:\DO_AN_TOT_NGHIEP\doan_calamity_manager\vendor\laravel\framework\src\Illuminate\Collections\Arr.php:749
   │ D:\DO_AN_TOT_NGHIEP\doan_calamity_manager\vendor\laravel\framework\src\Illuminate\Collections\Collection.php:809
   │ D:\DO_AN_TOT_NGHIEP\doan_calamity_manager\vendor\laravel\framework\src\Illuminate\Database\Eloquent\Factories\Factory.php:491
   │ D:\DO_AN_TOT_NGHIEP\doan_calamity_manager\vendor\laravel\framework\src\Illuminate\Database\Eloquent\Factories\Factory.php:445
   │ D:\DO_AN_TOT_NGHIEP\doan_calamity_manager\vendor\laravel\framework\src\Illuminate\Database\Eloquent\Factories\Factory.php:429
   │ D:\DO_AN_TOT_NGHIEP\doan_calamity_manager\vendor\laravel\framework\src\Illuminate\Database\Eloquent\Concerns\GuardsAttributes.php:157
   │ D:\DO_AN_TOT_NGHIEP\doan_calamity_manager\vendor\laravel\framework\src\Illuminate\Database\Eloquent\Factories\Factory.php:428
   │ D:\DO_AN_TOT_NGHIEP\doan_calamity_manager\vendor\laravel\framework\src\Illuminate\Database\Eloquent\Factories\Factory.php:402
   │ D:\DO_AN_TOT_NGHIEP\doan_calamity_manager\vendor\laravel\framework\src\Illuminate\Database\Eloquent\Factories\Factory.php:298
   │ D:\DO_AN_TOT_NGHIEP\doan_calamity_manager\vendor\laravel\framework\src\Illuminate\Database\Eloquent\Factories\Factory.php:295
   │ D:\DO_AN_TOT_NGHIEP\doan_calamity_manager\tests\Feature\IntegrationTest.php:51
   │
 ✔ Guest can access public features
 ✔ Authentication flow
 ✔ Data relationships work correctly
 ✔ Search functionality
 ✔ Bulk operations

Password Confirmation (Tests\Feature\Auth\PasswordConfirmation)
 ✘ Confirm password screen can be rendered
   │
   │ Expected response status code [200] but received 404.
   │ Failed asserting that 404 is identical to 200.
   │
   │ D:\DO_AN_TOT_NGHIEP\doan_calamity_manager\vendor\laravel\framework\src\Illuminate\Testing\TestResponseAssert.php:45
   │ D:\DO_AN_TOT_NGHIEP\doan_calamity_manager\vendor\laravel\framework\src\Illuminate\Testing\TestResponse.php:174
   │ D:\DO_AN_TOT_NGHIEP\doan_calamity_manager\tests\Feature\Auth\PasswordConfirmationTest.php:19
   │
 ✘ Password can be confirmed
   │
   │ Expected response status code [201, 301, 302, 303, 307, 308] but received 404.
   │ Failed asserting that false is true.
   │
   │ D:\DO_AN_TOT_NGHIEP\doan_calamity_manager\vendor\laravel\framework\src\Illuminate\Testing\TestResponseAssert.php:45
   │ D:\DO_AN_TOT_NGHIEP\doan_calamity_manager\vendor\laravel\framework\src\Illuminate\Testing\TestResponse.php:199
   │ D:\DO_AN_TOT_NGHIEP\doan_calamity_manager\tests\Feature\Auth\PasswordConfirmationTest.php:30
   │
 ✘ Password is not confirmed with invalid password
   │
   │ Session is missing expected key [errors].
   │ Failed asserting that false is true.
   │
   │ D:\DO_AN_TOT_NGHIEP\doan_calamity_manager\vendor\laravel\framework\src\Illuminate\Testing\TestResponseAssert.php:45
   │ D:\DO_AN_TOT_NGHIEP\doan_calamity_manager\vendor\laravel\framework\src\Illuminate\Testing\TestResponse.php:1517
   │ D:\DO_AN_TOT_NGHIEP\doan_calamity_manager\vendor\laravel\framework\src\Illuminate\Testing\TestResponse.php:1594
   │ D:\DO_AN_TOT_NGHIEP\doan_calamity_manager\tests\Feature\Auth\PasswordConfirmationTest.php:42
   │

Password Reset (Tests\Feature\Auth\PasswordReset)
 ✘ Reset password link screen can be rendered
   │
   │ Expected response status code [200] but received 500.
   │ Failed asserting that 500 is identical to 200.
   │
   │ The following exception occurred during the last request:
   │
   │ InvalidArgumentException: View [auth.forgot-password] not found. in D:\DO_AN_TOT_NGHIEP\doan_calamity_manager\vendor\laravel\framework\src\Illuminate\View\FileViewFinder.php:138
   │ Stack trace:
   │ #0 D:\DO_AN_TOT_NGHIEP\doan_calamity_manager\vendor\laravel\framework\src\Illuminate\View\FileViewFinder.php(78): Illuminate\View\FileViewFinder->findInPaths()
   │ #1 D:\DO_AN_TOT_NGHIEP\doan_calamity_manager\vendor\laravel\framework\src\Illuminate\View\Factory.php(150): Illuminate\View\FileViewFinder->find()
   │ #2 D:\DO_AN_TOT_NGHIEP\doan_calamity_manager\vendor\laravel\framework\src\Illuminate\Foundation\helpers.php(1101): Illuminate\View\Factory->make()
   │ #3 D:\DO_AN_TOT_NGHIEP\doan_calamity_manager\app\Http\Controllers\Auth\PasswordResetLinkController.php(16): view()
   │ #4 D:\DO_AN_TOT_NGHIEP\doan_calamity_manager\vendor\laravel\framework\src\Illuminate\Routing\Controller.php(54): App\Http\Controllers\Auth\PasswordResetLinkController->create()
   │ #5 D:\DO_AN_TOT_NGHIEP\doan_calamity_manager\vendor\laravel\framework\src\Illuminate\Routing\ControllerDispatcher.php(43): Illuminate\Routing\Controller->callAction()
   │ #6 D:\DO_AN_TOT_NGHIEP\doan_calamity_manager\vendor\laravel\framework\src\Illuminate\Routing\Route.php(265): Illuminate\Routing\ControllerDispatcher->dispatch()
   │ #7 D:\DO_AN_TOT_NGHIEP\doan_calamity_manager\vendor\laravel\framework\src\Illuminate\Routing\Route.php(211): Illuminate\Routing\Route->runController()
   │ #8 D:\DO_AN_TOT_NGHIEP\doan_calamity_manager\vendor\laravel\framework\src\Illuminate\Routing\Router.php(808): Illuminate\Routing\Route->run()
   │ #9 D:\DO_AN_TOT_NGHIEP\doan_calamity_manager\vendor\laravel\framework\src\Illuminate\Pipeline\Pipeline.php(169): Illuminate\Routing\Router->Illuminate\Routing\{closure}()
   │ #10 D:\DO_AN_TOT_NGHIEP\doan_calamity_manager\vendor\laravel\framework\src\Illuminate\Auth\Middleware\RedirectIfAuthenticated.php(35): Illuminate\Pipeline\Pipeline->Illuminate\Pipeline\{closure}()
   │ #11 D:\DO_AN_TOT_NGHIEP\doan_calamity_manager\vendor\laravel\framework\src\Illuminate\Pipeline\Pipeline.php(208): Illuminate\Auth\Middleware\RedirectIfAuthenticated->handle()
   │ #12 D:\DO_AN_TOT_NGHIEP\doan_calamity_manager\vendor\laravel\framework\src\Illuminate\Routing\Middleware\SubstituteBindings.php(50): Illuminate\Pipeline\Pipeline->Illuminate\Pipeline\{closure}()
   │ #13 D:\DO_AN_TOT_NGHIEP\doan_calamity_manager\vendor\laravel\framework\src\Illuminate\Pipeline\Pipeline.php(208): Illuminate\Routing\Middleware\SubstituteBindings->handle()
   │ #14 D:\DO_AN_TOT_NGHIEP\doan_calamity_manager\vendor\laravel\framework\src\Illuminate\Foundation\Http\Middleware\VerifyCsrfToken.php(87): Illuminate\Pipeline\Pipeline->Illuminate\Pipeline\{closure}()
   │ #15 D:\DO_AN_TOT_NGHIEP\doan_calamity_manager\vendor\laravel\framework\src\Illuminate\Pipeline\Pipeline.php(208): Illuminate\Foundation\Http\Middleware\VerifyCsrfToken->handle()
   │ #16 D:\DO_AN_TOT_NGHIEP\doan_calamity_manager\vendor\laravel\framework\src\Illuminate\View\Middleware\ShareErrorsFromSession.php(48): Illuminate\Pipeline\Pipeline->Illuminate\Pipeline\{closure}()
   │ #17 D:\DO_AN_TOT_NGHIEP\doan_calamity_manager\vendor\laravel\framework\src\Illuminate\Pipeline\Pipeline.php(208): Illuminate\View\Middleware\ShareErrorsFromSession->handle()
   │ #18 D:\DO_AN_TOT_NGHIEP\doan_calamity_manager\vendor\laravel\framework\src\Illuminate\Session\Middleware\StartSession.php(120): Illuminate\Pipeline\Pipeline->Illuminate\Pipeline\{closure}()
   │ #19 D:\DO_AN_TOT_NGHIEP\doan_calamity_manager\vendor\laravel\framework\src\Illuminate\Session\Middleware\StartSession.php(63): Illuminate\Session\Middleware\StartSession->handleStatefulRequest()
   │ #20 D:\DO_AN_TOT_NGHIEP\doan_calamity_manager\vendor\laravel\framework\src\Illuminate\Pipeline\Pipeline.php(208): Illuminate\Session\Middleware\StartSession->handle()
   │ #21 D:\DO_AN_TOT_NGHIEP\doan_calamity_manager\vendor\laravel\framework\src\Illuminate\Cookie\Middleware\AddQueuedCookiesToResponse.php(36): Illuminate\Pipeline\Pipeline->Illuminate\Pipeline\{closure}()
   │ #22 D:\DO_AN_TOT_NGHIEP\doan_calamity_manager\vendor\laravel\framework\src\Illuminate\Pipeline\Pipeline.php(208): Illuminate\Cookie\Middleware\AddQueuedCookiesToResponse->handle()
   │ #23 D:\DO_AN_TOT_NGHIEP\doan_calamity_manager\vendor\laravel\framework\src\Illuminate\Cookie\Middleware\EncryptCookies.php(74): Illuminate\Pipeline\Pipeline->Illuminate\Pipeline\{closure}()
   │ #24 D:\DO_AN_TOT_NGHIEP\doan_calamity_manager\vendor\laravel\framework\src\Illuminate\Pipeline\Pipeline.php(208): Illuminate\Cookie\Middleware\EncryptCookies->handle()
   │ #25 D:\DO_AN_TOT_NGHIEP\doan_calamity_manager\vendor\laravel\framework\src\Illuminate\Pipeline\Pipeline.php(126): Illuminate\Pipeline\Pipeline->Illuminate\Pipeline\{closure}()
   │ #26 D:\DO_AN_TOT_NGHIEP\doan_calamity_manager\vendor\laravel\framework\src\Illuminate\Routing\Router.php(807): Illuminate\Pipeline\Pipeline->then()
   │ #27 D:\DO_AN_TOT_NGHIEP\doan_calamity_manager\vendor\laravel\framework\src\Illuminate\Routing\Router.php(786): Illuminate\Routing\Router->runRouteWithinStack()
   │ #28 D:\DO_AN_TOT_NGHIEP\doan_calamity_manager\vendor\laravel\framework\src\Illuminate\Routing\Router.php(750): Illuminate\Routing\Router->runRoute()
   │ #29 D:\DO_AN_TOT_NGHIEP\doan_calamity_manager\vendor\laravel\framework\src\Illuminate\Routing\Router.php(739): Illuminate\Routing\Router->dispatchToRoute()
   │ #30 D:\DO_AN_TOT_NGHIEP\doan_calamity_manager\vendor\laravel\framework\src\Illuminate\Foundation\Http\Kernel.php(200): Illuminate\Routing\Router->dispatch()
   │ #31 D:\DO_AN_TOT_NGHIEP\doan_calamity_manager\vendor\laravel\framework\src\Illuminate\Pipeline\Pipeline.php(169): Illuminate\Foundation\Http\Kernel->Illuminate\Foundation\Http\{closure}()
   │ #32 D:\DO_AN_TOT_NGHIEP\doan_calamity_manager\vendor\laravel\framework\src\Illuminate\Foundation\Http\Middleware\TransformsRequest.php(21): Illuminate\Pipeline\Pipeline->Illuminate\Pipeline\{closure}()
   │ #33 D:\DO_AN_TOT_NGHIEP\doan_calamity_manager\vendor\laravel\framework\src\Illuminate\Foundation\Http\Middleware\ConvertEmptyStringsToNull.php(31): Illuminate\Foundation\Http\Middleware\TransformsRequest->handle()
   │ #34 D:\DO_AN_TOT_NGHIEP\doan_calamity_manager\vendor\laravel\framework\src\Illuminate\Pipeline\Pipeline.php(208): Illuminate\Foundation\Http\Middleware\ConvertEmptyStringsToNull->handle()
   │ #35 D:\DO_AN_TOT_NGHIEP\doan_calamity_manager\vendor\laravel\framework\src\Illuminate\Foundation\Http\Middleware\TransformsRequest.php(21): Illuminate\Pipeline\Pipeline->Illuminate\Pipeline\{closure}()
   │ #36 D:\DO_AN_TOT_NGHIEP\doan_calamity_manager\vendor\laravel\framework\src\Illuminate\Foundation\Http\Middleware\TrimStrings.php(51): Illuminate\Foundation\Http\Middleware\TransformsRequest->handle()
   │ #37 D:\DO_AN_TOT_NGHIEP\doan_calamity_manager\vendor\laravel\framework\src\Illuminate\Pipeline\Pipeline.php(208): Illuminate\Foundation\Http\Middleware\TrimStrings->handle()
   │ #38 D:\DO_AN_TOT_NGHIEP\doan_calamity_manager\vendor\laravel\framework\src\Illuminate\Http\Middleware\ValidatePostSize.php(27): Illuminate\Pipeline\Pipeline->Illuminate\Pipeline\{closure}()
   │ #39 D:\DO_AN_TOT_NGHIEP\doan_calamity_manager\vendor\laravel\framework\src\Illuminate\Pipeline\Pipeline.php(208): Illuminate\Http\Middleware\ValidatePostSize->handle()
   │ #40 D:\DO_AN_TOT_NGHIEP\doan_calamity_manager\vendor\laravel\framework\src\Illuminate\Foundation\Http\Middleware\PreventRequestsDuringMaintenance.php(109): Illuminate\Pipeline\Pipeline->Illuminate\Pipeline\{closure}()
   │ #41 D:\DO_AN_TOT_NGHIEP\doan_calamity_manager\vendor\laravel\framework\src\Illuminate\Pipeline\Pipeline.php(208): Illuminate\Foundation\Http\Middleware\PreventRequestsDuringMaintenance->handle()
   │ #42 D:\DO_AN_TOT_NGHIEP\doan_calamity_manager\vendor\laravel\framework\src\Illuminate\Http\Middleware\HandleCors.php(48): Illuminate\Pipeline\Pipeline->Illuminate\Pipeline\{closure}()
   │ #43 D:\DO_AN_TOT_NGHIEP\doan_calamity_manager\vendor\laravel\framework\src\Illuminate\Pipeline\Pipeline.php(208): Illuminate\Http\Middleware\HandleCors->handle()
   │ #44 D:\DO_AN_TOT_NGHIEP\doan_calamity_manager\vendor\laravel\framework\src\Illuminate\Http\Middleware\TrustProxies.php(58): Illuminate\Pipeline\Pipeline->Illuminate\Pipeline\{closure}()
   │ #45 D:\DO_AN_TOT_NGHIEP\doan_calamity_manager\vendor\laravel\framework\src\Illuminate\Pipeline\Pipeline.php(208): Illuminate\Http\Middleware\TrustProxies->handle()
   │ #46 D:\DO_AN_TOT_NGHIEP\doan_calamity_manager\vendor\laravel\framework\src\Illuminate\Foundation\Http\Middleware\InvokeDeferredCallbacks.php(22): Illuminate\Pipeline\Pipeline->Illuminate\Pipeline\{closure}()
   │ #47 D:\DO_AN_TOT_NGHIEP\doan_calamity_manager\vendor\laravel\framework\src\Illuminate\Pipeline\Pipeline.php(208): Illuminate\Foundation\Http\Middleware\InvokeDeferredCallbacks->handle()
   │ #48 D:\DO_AN_TOT_NGHIEP\doan_calamity_manager\vendor\laravel\framework\src\Illuminate\Http\Middleware\ValidatePathEncoding.php(26): Illuminate\Pipeline\Pipeline->Illuminate\Pipeline\{closure}()
   │ #49 D:\DO_AN_TOT_NGHIEP\doan_calamity_manager\vendor\laravel\framework\src\Illuminate\Pipeline\Pipeline.php(208): Illuminate\Http\Middleware\ValidatePathEncoding->handle()
   │ #50 D:\DO_AN_TOT_NGHIEP\doan_calamity_manager\vendor\laravel\framework\src\Illuminate\Pipeline\Pipeline.php(126): Illuminate\Pipeline\Pipeline->Illuminate\Pipeline\{closure}()
   │ #51 D:\DO_AN_TOT_NGHIEP\doan_calamity_manager\vendor\laravel\framework\src\Illuminate\Foundation\Http\Kernel.php(175): Illuminate\Pipeline\Pipeline->then()
   │ #52 D:\DO_AN_TOT_NGHIEP\doan_calamity_manager\vendor\laravel\framework\src\Illuminate\Foundation\Http\Kernel.php(144): Illuminate\Foundation\Http\Kernel->sendRequestThroughRouter()
   │ #53 D:\DO_AN_TOT_NGHIEP\doan_calamity_manager\vendor\laravel\framework\src\Illuminate\Foundation\Testing\Concerns\MakesHttpRequests.php(607): Illuminate\Foundation\Http\Kernel->handle()
   │ #54 D:\DO_AN_TOT_NGHIEP\doan_calamity_manager\vendor\laravel\framework\src\Illuminate\Foundation\Testing\Concerns\MakesHttpRequests.php(368): Illuminate\Foundation\Testing\TestCase->call()
   │ #55 D:\DO_AN_TOT_NGHIEP\doan_calamity_manager\tests\Feature\Auth\PasswordResetTest.php(17): Illuminate\Foundation\Testing\TestCase->get()
   │ #56 D:\DO_AN_TOT_NGHIEP\doan_calamity_manager\vendor\phpunit\phpunit\src\Framework\TestCase.php(1656): Tests\Feature\Auth\PasswordResetTest->test_reset_password_link_screen_can_be_rendered()
   │ #57 D:\DO_AN_TOT_NGHIEP\doan_calamity_manager\vendor\phpunit\phpunit\src\Framework\TestCase.php(514): PHPUnit\Framework\TestCase->runTest()
   │ #58 D:\DO_AN_TOT_NGHIEP\doan_calamity_manager\vendor\phpunit\phpunit\src\Framework\TestRunner\TestRunner.php(87): PHPUnit\Framework\TestCase->runBare()
   │ #59 D:\DO_AN_TOT_NGHIEP\doan_calamity_manager\vendor\phpunit\phpunit\src\Framework\TestCase.php(361): PHPUnit\Framework\TestRunner->run()
   │ #60 D:\DO_AN_TOT_NGHIEP\doan_calamity_manager\vendor\phpunit\phpunit\src\Framework\TestSuite.php(369): PHPUnit\Framework\TestCase->run()
   │ #61 D:\DO_AN_TOT_NGHIEP\doan_calamity_manager\vendor\phpunit\phpunit\src\Framework\TestSuite.php(369): PHPUnit\Framework\TestSuite->run()
   │ #62 D:\DO_AN_TOT_NGHIEP\doan_calamity_manager\vendor\phpunit\phpunit\src\Framework\TestSuite.php(369): PHPUnit\Framework\TestSuite->run()
   │ #63 D:\DO_AN_TOT_NGHIEP\doan_calamity_manager\vendor\phpunit\phpunit\src\TextUI\TestRunner.php(64): PHPUnit\Framework\TestSuite->run()
   │ #64 D:\DO_AN_TOT_NGHIEP\doan_calamity_manager\vendor\phpunit\phpunit\src\TextUI\Application.php(210): PHPUnit\TextUI\TestRunner->run()
   │ #65 D:\DO_AN_TOT_NGHIEP\doan_calamity_manager\vendor\phpunit\phpunit\phpunit(104): PHPUnit\TextUI\Application->run()
   │ #66 {main}
   │
   │ ----------------------------------------------------------------------------------
   │
   │ View [auth.forgot-password] not found.
   │
   │ D:\DO_AN_TOT_NGHIEP\doan_calamity_manager\vendor\laravel\framework\src\Illuminate\Testing\TestResponseAssert.php:45
   │ D:\DO_AN_TOT_NGHIEP\doan_calamity_manager\vendor\laravel\framework\src\Illuminate\Testing\TestResponse.php:174
   │ D:\DO_AN_TOT_NGHIEP\doan_calamity_manager\tests\Feature\Auth\PasswordResetTest.php:19
   │
 ✘ Reset password link can be requested
   │
   │ The expected [Illuminate\Auth\Notifications\ResetPassword] notification was not sent.
   │ Failed asserting that false is true.
   │
   │ D:\DO_AN_TOT_NGHIEP\doan_calamity_manager\vendor\laravel\framework\src\Illuminate\Support\Testing\Fakes\NotificationFake.php:89
   │ D:\DO_AN_TOT_NGHIEP\doan_calamity_manager\vendor\laravel\framework\src\Illuminate\Support\Facades\Facade.php:361
   │ D:\DO_AN_TOT_NGHIEP\doan_calamity_manager\tests\Feature\Auth\PasswordResetTest.php:30
   │
 ✘ Reset password screen can be rendered
   │
   │ The expected [Illuminate\Auth\Notifications\ResetPassword] notification was not sent.
   │ Failed asserting that false is true.
   │
   │ D:\DO_AN_TOT_NGHIEP\doan_calamity_manager\vendor\laravel\framework\src\Illuminate\Support\Testing\Fakes\NotificationFake.php:89
   │ D:\DO_AN_TOT_NGHIEP\doan_calamity_manager\vendor\laravel\framework\src\Illuminate\Support\Facades\Facade.php:361
   │ D:\DO_AN_TOT_NGHIEP\doan_calamity_manager\tests\Feature\Auth\PasswordResetTest.php:41
   │
 ✘ Password can be reset with valid token
   │
   │ The expected [Illuminate\Auth\Notifications\ResetPassword] notification was not sent.
   │ Failed asserting that false is true.
   │
   │ D:\DO_AN_TOT_NGHIEP\doan_calamity_manager\vendor\laravel\framework\src\Illuminate\Support\Testing\Fakes\NotificationFake.php:89
   │ D:\DO_AN_TOT_NGHIEP\doan_calamity_manager\vendor\laravel\framework\src\Illuminate\Support\Facades\Facade.php:361
   │ D:\DO_AN_TOT_NGHIEP\doan_calamity_manager\tests\Feature\Auth\PasswordResetTest.php:58
   │

Password Update (Tests\Feature\Auth\PasswordUpdate)
 ✘ Password can be updated
   │
   │ Expected response status code [201, 301, 302, 303, 307, 308] but received 404.
   │ Failed asserting that false is true.
   │
   │ D:\DO_AN_TOT_NGHIEP\doan_calamity_manager\vendor\laravel\framework\src\Illuminate\Testing\TestResponseAssert.php:45
   │ D:\DO_AN_TOT_NGHIEP\doan_calamity_manager\vendor\laravel\framework\src\Illuminate\Testing\TestResponse.php:199
   │ D:\DO_AN_TOT_NGHIEP\doan_calamity_manager\tests\Feature\Auth\PasswordUpdateTest.php:29
   │
 ✘ Correct password must be provided to update password
   │
   │ Session is missing expected key [errors].
   │ Failed asserting that false is true.
   │
   │ D:\DO_AN_TOT_NGHIEP\doan_calamity_manager\vendor\laravel\framework\src\Illuminate\Testing\TestResponseAssert.php:45
   │ D:\DO_AN_TOT_NGHIEP\doan_calamity_manager\vendor\laravel\framework\src\Illuminate\Testing\TestResponse.php:1517
   │ D:\DO_AN_TOT_NGHIEP\doan_calamity_manager\vendor\laravel\framework\src\Illuminate\Testing\TestResponse.php:1594
   │ D:\DO_AN_TOT_NGHIEP\doan_calamity_manager\vendor\laravel\framework\src\Illuminate\Testing\TestResponse.php:1688
   │ D:\DO_AN_TOT_NGHIEP\doan_calamity_manager\tests\Feature\Auth\PasswordUpdateTest.php:48
   │

Profile (Tests\Feature\Profile)
 ✘ Profile page is displayed
   │
   │ Expected response status code [200] but received 404.
   │ Failed asserting that 404 is identical to 200.
   │
   │ D:\DO_AN_TOT_NGHIEP\doan_calamity_manager\vendor\laravel\framework\src\Illuminate\Testing\TestResponseAssert.php:45
   │ D:\DO_AN_TOT_NGHIEP\doan_calamity_manager\vendor\laravel\framework\src\Illuminate\Testing\TestResponse.php:174
   │ D:\DO_AN_TOT_NGHIEP\doan_calamity_manager\vendor\laravel\framework\src\Illuminate\Testing\Concerns\AssertsStatusCodes.php:16
   │ D:\DO_AN_TOT_NGHIEP\doan_calamity_manager\tests\Feature\ProfileTest.php:21
   │
 ✘ Profile information can be updated
   │
   │ Expected response status code [201, 301, 302, 303, 307, 308] but received 404.
   │ Failed asserting that false is true.
   │
   │ D:\DO_AN_TOT_NGHIEP\doan_calamity_manager\vendor\laravel\framework\src\Illuminate\Testing\TestResponseAssert.php:45
   │ D:\DO_AN_TOT_NGHIEP\doan_calamity_manager\vendor\laravel\framework\src\Illuminate\Testing\TestResponse.php:199
   │ D:\DO_AN_TOT_NGHIEP\doan_calamity_manager\tests\Feature\ProfileTest.php:37
   │
 ✘ Email verification status is unchanged when the email address is unchanged
   │
   │ Expected response status code [201, 301, 302, 303, 307, 308] but received 404.
   │ Failed asserting that false is true.
   │
   │ D:\DO_AN_TOT_NGHIEP\doan_calamity_manager\vendor\laravel\framework\src\Illuminate\Testing\TestResponseAssert.php:45
   │ D:\DO_AN_TOT_NGHIEP\doan_calamity_manager\vendor\laravel\framework\src\Illuminate\Testing\TestResponse.php:199
   │ D:\DO_AN_TOT_NGHIEP\doan_calamity_manager\tests\Feature\ProfileTest.php:59
   │
 ✘ User can delete their account
   │
   │ Expected response status code [201, 301, 302, 303, 307, 308] but received 404.
   │ Failed asserting that false is true.
   │
   │ D:\DO_AN_TOT_NGHIEP\doan_calamity_manager\vendor\laravel\framework\src\Illuminate\Testing\TestResponseAssert.php:45
   │ D:\DO_AN_TOT_NGHIEP\doan_calamity_manager\vendor\laravel\framework\src\Illuminate\Testing\TestResponse.php:199
   │ D:\DO_AN_TOT_NGHIEP\doan_calamity_manager\tests\Feature\ProfileTest.php:76
   │
 ✘ Correct password must be provided to delete account
   │
   │ Session is missing expected key [errors].
   │ Failed asserting that false is true.
   │
   │ D:\DO_AN_TOT_NGHIEP\doan_calamity_manager\vendor\laravel\framework\src\Illuminate\Testing\TestResponseAssert.php:45
   │ D:\DO_AN_TOT_NGHIEP\doan_calamity_manager\vendor\laravel\framework\src\Illuminate\Testing\TestResponse.php:1517
   │ D:\DO_AN_TOT_NGHIEP\doan_calamity_manager\vendor\laravel\framework\src\Illuminate\Testing\TestResponse.php:1594
   │ D:\DO_AN_TOT_NGHIEP\doan_calamity_manager\vendor\laravel\framework\src\Illuminate\Testing\TestResponse.php:1688
   │ D:\DO_AN_TOT_NGHIEP\doan_calamity_manager\tests\Feature\ProfileTest.php:94
   │

Registration (Tests\Feature\Auth\Registration)
 ✘ Registration screen can be rendered
   │
   │ Expected response status code [200] but received 404.
   │ Failed asserting that 404 is identical to 200.
   │
   │ D:\DO_AN_TOT_NGHIEP\doan_calamity_manager\vendor\laravel\framework\src\Illuminate\Testing\TestResponseAssert.php:45
   │ D:\DO_AN_TOT_NGHIEP\doan_calamity_manager\vendor\laravel\framework\src\Illuminate\Testing\TestResponse.php:174
   │ D:\DO_AN_TOT_NGHIEP\doan_calamity_manager\tests\Feature\Auth\RegistrationTest.php:16
   │
 ✘ New users can register
   │
   │ The user is not authenticated
   │ Failed asserting that false is true.
   │
   │ D:\DO_AN_TOT_NGHIEP\doan_calamity_manager\vendor\laravel\framework\src\Illuminate\Foundation\Testing\Concerns\InteractsWithAuthentication.php:49
   │ D:\DO_AN_TOT_NGHIEP\doan_calamity_manager\tests\Feature\Auth\RegistrationTest.php:28
   │

Simple (Tests\Feature\Simple)
 ✔ Basic authentication
 ✔ User can logout
 ✔ Guest can access public pages

User Management (Tests\Feature\UserManagement)
 ✔ Authenticated user can view user list
 ✔ Authenticated user can view create user form
 ✔ Authenticated user can create new user
 ✔ Cannot create user with duplicate username
 ✔ Authenticated user can view edit user form
 ✔ Authenticated user can update user
 ✔ Authenticated user can delete user
 ✔ Authenticated user can delete multiple users
 ✔ Guest cannot access user management pages

ERRORS!
Tests: 89, Assertions: 175, Errors: 11, Failures: 24.
